-- Found ament_cmake: 1.3.14 (/opt/ros/humble/share/ament_cmake/cmake)
-- Found rclcpp: 16.0.19 (/opt/ros/humble/share/rclcpp/cmake)
-- Found rosidl_generator_c: 3.1.9 (/opt/ros/humble/share/rosidl_generator_c/cmake)
-- Found rosidl_adapter: 3.1.9 (/opt/ros/humble/share/rosidl_adapter/cmake)
-- Found rosidl_generator_cpp: 3.1.9 (/opt/ros/humble/share/rosidl_generator_cpp/cmake)
-- Using all available rosidl_typesupport_c: rosidl_typesupport_fastrtps_c;rosidl_typesupport_introspection_c
-- Using all available rosidl_typesupport_cpp: rosidl_typesupport_fastrtps_cpp;rosidl_typesupport_introspection_cpp
-- Found rmw_implementation_cmake: 6.1.2 (/opt/ros/humble/share/rmw_implementation_cmake/cmake)
-- Found rmw_cyclonedds_cpp: 1.3.4 (/opt/ros/humble/share/rmw_cyclonedds_cpp/cmake)
-- Using RMW implementation 'rmw_cyclonedds_cpp' as default
-- Found rclpy: 3.3.21 (/opt/ros/humble/share/rclpy/cmake)
-- Found sensor_msgs: 4.9.1 (/opt/ros/humble/share/sensor_msgs/cmake)
-- Found visualization_msgs: 4.9.1 (/opt/ros/humble/share/visualization_msgs/cmake)
-- Found ament_lint_auto: 0.12.15 (/opt/ros/humble/share/ament_lint_auto/cmake)
-- Added test 'flake8' to check Python code syntax and style conventions
-- Added test 'lint_cmake' to check CMake code style
-- Added test 'pep257' to check Python code against some of the docstring style conventions in PEP 257
-- Added test 'xmllint' to check XML markup files
-- Configuring done
-- Generating done
-- Build files have been written to: /home/ram/melfa_ros2/build/melfa_description
-- Install configuration: "Release"
-- Up-to-date: /home/ram/melfa_ros2/install/melfa_description/share/melfa_description/urdf
-- Up-to-date: /home/ram/melfa_ros2/install/melfa_description/share/melfa_description/urdf/rv4frl
-- Up-to-date: /home/ram/melfa_ros2/install/melfa_description/share/melfa_description/urdf/rv4frl/rv4frl_macro.xacro
-- Up-to-date: /home/ram/melfa_ros2/install/melfa_description/share/melfa_description/urdf/rv4frl/rv4frl.urdf
-- Up-to-date: /home/ram/melfa_ros2/install/melfa_description/share/melfa_description/urdf/rv4frl/rv4frl.urdf.xacro
-- Up-to-date: /home/ram/melfa_ros2/install/melfa_description/share/melfa_description/urdf/rv13frl
-- Up-to-date: /home/ram/melfa_ros2/install/melfa_description/share/melfa_description/urdf/rv13frl/rv13frl.urdf.xacro
-- Up-to-date: /home/ram/melfa_ros2/install/melfa_description/share/melfa_description/urdf/rv13frl/rv13frl.urdf
-- Up-to-date: /home/ram/melfa_ros2/install/melfa_description/share/melfa_description/urdf/rv13frl/rv13frl_macro.xacro
-- Up-to-date: /home/ram/melfa_ros2/install/melfa_description/share/melfa_description/urdf/rv5as
-- Up-to-date: /home/ram/melfa_ros2/install/melfa_description/share/melfa_description/urdf/rv5as/rv5as_macro.xacro
-- Up-to-date: /home/ram/melfa_ros2/install/melfa_description/share/melfa_description/urdf/rv5as/rv5as.urdf
-- Up-to-date: /home/ram/melfa_ros2/install/melfa_description/share/melfa_description/urdf/rv5as/rv5as.urdf.xacro
-- Up-to-date: /home/ram/melfa_ros2/install/melfa_description/share/melfa_description/urdf/rv80fr
-- Up-to-date: /home/ram/melfa_ros2/install/melfa_description/share/melfa_description/urdf/rv80fr/rv80fr_macro.xacro
-- Up-to-date: /home/ram/melfa_ros2/install/melfa_description/share/melfa_description/urdf/rv80fr/rv80fr.urdf.xacro
-- Up-to-date: /home/ram/melfa_ros2/install/melfa_description/share/melfa_description/urdf/rv80fr/rv80fr.urdf
-- Up-to-date: /home/ram/melfa_ros2/install/melfa_description/share/melfa_description/urdf/rh6frh5520
-- Up-to-date: /home/ram/melfa_ros2/install/melfa_description/share/melfa_description/urdf/rh6frh5520/rh6frh5520_macro.xacro
-- Up-to-date: /home/ram/melfa_ros2/install/melfa_description/share/melfa_description/urdf/rh6frh5520/rh6frh5520.urdf.xacro
-- Up-to-date: /home/ram/melfa_ros2/install/melfa_description/share/melfa_description/urdf/rh6frh5520/rh6frh5520.urdf
-- Up-to-date: /home/ram/melfa_ros2/install/melfa_description/share/melfa_description/urdf/rh6crh6020
-- Up-to-date: /home/ram/melfa_ros2/install/melfa_description/share/melfa_description/urdf/rh6crh6020/rh6crh6020.urdf
-- Up-to-date: /home/ram/melfa_ros2/install/melfa_description/share/melfa_description/urdf/rh6crh6020/rh6crh6020_macro.xacro
-- Up-to-date: /home/ram/melfa_ros2/install/melfa_description/share/melfa_description/urdf/rh6crh6020/rh6crh6020.urdf.xacro
-- Up-to-date: /home/ram/melfa_ros2/install/melfa_description/share/melfa_description/urdf/rv2fr
-- Up-to-date: /home/ram/melfa_ros2/install/melfa_description/share/melfa_description/urdf/rv2fr/rv2fr.urdf.xacro
-- Up-to-date: /home/ram/melfa_ros2/install/melfa_description/share/melfa_description/urdf/rv2fr/rv2fr.urdf
-- Up-to-date: /home/ram/melfa_ros2/install/melfa_description/share/melfa_description/urdf/rv2fr/rv2fr_macro.xacro
-- Up-to-date: /home/ram/melfa_ros2/install/melfa_description/share/melfa_description/urdf/rv4fr
-- Up-to-date: /home/ram/melfa_ros2/install/melfa_description/share/melfa_description/urdf/rv4fr/rv4fr_macro.xacro
-- Up-to-date: /home/ram/melfa_ros2/install/melfa_description/share/melfa_description/urdf/rv4fr/rv4fr.urdf
-- Up-to-date: /home/ram/melfa_ros2/install/melfa_description/share/melfa_description/urdf/rv4fr/rv4fr.urdf.xacro
-- Up-to-date: /home/ram/melfa_ros2/install/melfa_description/share/melfa_description/urdf/rv7frl
-- Up-to-date: /home/ram/melfa_ros2/install/melfa_description/share/melfa_description/urdf/rv7frl/rv7frl_macro.xacro
-- Up-to-date: /home/ram/melfa_ros2/install/melfa_description/share/melfa_description/urdf/rv7frl/rv7frl.urdf
-- Up-to-date: /home/ram/melfa_ros2/install/melfa_description/share/melfa_description/urdf/rv7frl/rv7frl.urdf.xacro
-- Up-to-date: /home/ram/melfa_ros2/install/melfa_description/share/melfa_description/urdf/rv8crl
-- Up-to-date: /home/ram/melfa_ros2/install/melfa_description/share/melfa_description/urdf/rv8crl/rv8crl_macro.xacro
-- Up-to-date: /home/ram/melfa_ros2/install/melfa_description/share/melfa_description/urdf/rv8crl/rv8crl.urdf.xacro
-- Up-to-date: /home/ram/melfa_ros2/install/melfa_description/share/melfa_description/urdf/rv8crl/rv8crl.urdf
-- Up-to-date: /home/ram/melfa_ros2/install/melfa_description/share/melfa_description/launch
-- Up-to-date: /home/ram/melfa_ros2/install/melfa_description/share/melfa_description/launch/view_rv13frl.launch.py
-- Up-to-date: /home/ram/melfa_ros2/install/melfa_description/share/melfa_description/launch/view_rh6crh6020.launch.py
-- Up-to-date: /home/ram/melfa_ros2/install/melfa_description/share/melfa_description/launch/view_rv8crl.launch.py
-- Up-to-date: /home/ram/melfa_ros2/install/melfa_description/share/melfa_description/launch/view_rv5as.launch.py
-- Up-to-date: /home/ram/melfa_ros2/install/melfa_description/share/melfa_description/launch/view_rv80fr.launch.py
-- Up-to-date: /home/ram/melfa_ros2/install/melfa_description/share/melfa_description/launch/view_rv2fr.launch.py
-- Up-to-date: /home/ram/melfa_ros2/install/melfa_description/share/melfa_description/launch/view_rh6frh5520.launch.py
-- Up-to-date: /home/ram/melfa_ros2/install/melfa_description/share/melfa_description/launch/view_rv7frl.launch.py
-- Up-to-date: /home/ram/melfa_ros2/install/melfa_description/share/melfa_description/launch/view_rv4frl.launch.py
-- Up-to-date: /home/ram/melfa_ros2/install/melfa_description/share/melfa_description/launch/view_rv4fr.launch.py
-- Up-to-date: /home/ram/melfa_ros2/install/melfa_description/share/melfa_description/config
-- Up-to-date: /home/ram/melfa_ros2/install/melfa_description/share/melfa_description/config/rv7frl_controllers.yaml
-- Up-to-date: /home/ram/melfa_ros2/install/melfa_description/share/melfa_description/config/rv13frl_controllers.yaml
-- Up-to-date: /home/ram/melfa_ros2/install/melfa_description/share/melfa_description/config/rv4fr_controllers.yaml
-- Up-to-date: /home/ram/melfa_ros2/install/melfa_description/share/melfa_description/config/rv80fr_controllers.yaml
-- Up-to-date: /home/ram/melfa_ros2/install/melfa_description/share/melfa_description/config/rh6crh6020_controllers.yaml
-- Up-to-date: /home/ram/melfa_ros2/install/melfa_description/share/melfa_description/config/rh6frh5520_controllers.yaml
-- Up-to-date: /home/ram/melfa_ros2/install/melfa_description/share/melfa_description/config/custom_io_params.yaml
-- Up-to-date: /home/ram/melfa_ros2/install/melfa_description/share/melfa_description/config/rv8crl_controllers.yaml
-- Up-to-date: /home/ram/melfa_ros2/install/melfa_description/share/melfa_description/config/rv5as_controllers.yaml
-- Up-to-date: /home/ram/melfa_ros2/install/melfa_description/share/melfa_description/config/initial_positions_rv.yaml
-- Up-to-date: /home/ram/melfa_ros2/install/melfa_description/share/melfa_description/config/initial_positions_rh6crh.yaml
-- Up-to-date: /home/ram/melfa_ros2/install/melfa_description/share/melfa_description/config/initial_positions_rh6frh.yaml
-- Up-to-date: /home/ram/melfa_ros2/install/melfa_description/share/melfa_description/config/rv2fr_controllers.yaml
-- Up-to-date: /home/ram/melfa_ros2/install/melfa_description/share/melfa_description/config/rv4frl_controllers.yaml
-- Up-to-date: /home/ram/melfa_ros2/install/melfa_description/share/melfa_description/ros2_control
-- Up-to-date: /home/ram/melfa_ros2/install/melfa_description/share/melfa_description/ros2_control/rv4fr.hardware.xacro
-- Up-to-date: /home/ram/melfa_ros2/install/melfa_description/share/melfa_description/ros2_control/rv2fr.hardware.xacro
-- Up-to-date: /home/ram/melfa_ros2/install/melfa_description/share/melfa_description/ros2_control/rh6frh5520.hardware.xacro
-- Up-to-date: /home/ram/melfa_ros2/install/melfa_description/share/melfa_description/ros2_control/rv4frl.hardware.xacro
-- Up-to-date: /home/ram/melfa_ros2/install/melfa_description/share/melfa_description/ros2_control/rv5as.hardware.xacro
-- Up-to-date: /home/ram/melfa_ros2/install/melfa_description/share/melfa_description/ros2_control/rv80fr.hardware.xacro
-- Up-to-date: /home/ram/melfa_ros2/install/melfa_description/share/melfa_description/ros2_control/rv13frl.hardware.xacro
-- Up-to-date: /home/ram/melfa_ros2/install/melfa_description/share/melfa_description/ros2_control/rv7frl.hardware.xacro
-- Up-to-date: /home/ram/melfa_ros2/install/melfa_description/share/melfa_description/ros2_control/rv8crl.hardware.xacro
-- Up-to-date: /home/ram/melfa_ros2/install/melfa_description/share/melfa_description/ros2_control/rh6crh6020.hardware.xacro
-- Up-to-date: /home/ram/melfa_ros2/install/melfa_description/share/melfa_description/rviz
-- Up-to-date: /home/ram/melfa_ros2/install/melfa_description/share/melfa_description/rviz/rv80fr.rviz
-- Up-to-date: /home/ram/melfa_ros2/install/melfa_description/share/melfa_description/rviz/rv13frl.rviz
-- Up-to-date: /home/ram/melfa_ros2/install/melfa_description/share/melfa_description/rviz/rv2fr.rviz
-- Up-to-date: /home/ram/melfa_ros2/install/melfa_description/share/melfa_description/rviz/rv4fr.rviz
-- Up-to-date: /home/ram/melfa_ros2/install/melfa_description/share/melfa_description/rviz/rv5as.rviz
-- Up-to-date: /home/ram/melfa_ros2/install/melfa_description/share/melfa_description/rviz/rv7frl.rviz
-- Up-to-date: /home/ram/melfa_ros2/install/melfa_description/share/melfa_description/rviz/rv4frl.rviz
-- Up-to-date: /home/ram/melfa_ros2/install/melfa_description/share/melfa_description/rviz/rh6frh5520.rviz
-- Up-to-date: /home/ram/melfa_ros2/install/melfa_description/share/melfa_description/rviz/rv8crl.rviz
-- Up-to-date: /home/ram/melfa_ros2/install/melfa_description/share/melfa_description/rviz/rh6crh6020.rviz
-- Up-to-date: /home/ram/melfa_ros2/install/melfa_description/share/melfa_description/meshes
-- Up-to-date: /home/ram/melfa_ros2/install/melfa_description/share/melfa_description/meshes/rv4frl
-- Up-to-date: /home/ram/melfa_ros2/install/melfa_description/share/melfa_description/meshes/rv4frl/hand_flange.STL
-- Up-to-date: /home/ram/melfa_ros2/install/melfa_description/share/melfa_description/meshes/rv4frl/upper_arm.STL
-- Up-to-date: /home/ram/melfa_ros2/install/melfa_description/share/melfa_description/meshes/rv4frl/forearm.STL
-- Up-to-date: /home/ram/melfa_ros2/install/melfa_description/share/melfa_description/meshes/rv4frl/wrist.STL
-- Up-to-date: /home/ram/melfa_ros2/install/melfa_description/share/melfa_description/meshes/rv4frl/elbow.STL
-- Up-to-date: /home/ram/melfa_ros2/install/melfa_description/share/melfa_description/meshes/rv4frl/shoulder.STL
-- Up-to-date: /home/ram/melfa_ros2/install/melfa_description/share/melfa_description/meshes/rv4frl/base.STL
-- Up-to-date: /home/ram/melfa_ros2/install/melfa_description/share/melfa_description/meshes/rv13frl
-- Up-to-date: /home/ram/melfa_ros2/install/melfa_description/share/melfa_description/meshes/rv13frl/hand_flange.STL
-- Up-to-date: /home/ram/melfa_ros2/install/melfa_description/share/melfa_description/meshes/rv13frl/upper_arm.STL
-- Up-to-date: /home/ram/melfa_ros2/install/melfa_description/share/melfa_description/meshes/rv13frl/forearm.STL
-- Up-to-date: /home/ram/melfa_ros2/install/melfa_description/share/melfa_description/meshes/rv13frl/wrist.STL
-- Up-to-date: /home/ram/melfa_ros2/install/melfa_description/share/melfa_description/meshes/rv13frl/elbow.STL
-- Up-to-date: /home/ram/melfa_ros2/install/melfa_description/share/melfa_description/meshes/rv13frl/shoulder.STL
-- Up-to-date: /home/ram/melfa_ros2/install/melfa_description/share/melfa_description/meshes/rv13frl/base.STL
-- Up-to-date: /home/ram/melfa_ros2/install/melfa_description/share/melfa_description/meshes/rv5as
-- Up-to-date: /home/ram/melfa_ros2/install/melfa_description/share/melfa_description/meshes/rv5as/hand_flange.STL
-- Up-to-date: /home/ram/melfa_ros2/install/melfa_description/share/melfa_description/meshes/rv5as/upper_arm.STL
-- Up-to-date: /home/ram/melfa_ros2/install/melfa_description/share/melfa_description/meshes/rv5as/forearm.STL
-- Up-to-date: /home/ram/melfa_ros2/install/melfa_description/share/melfa_description/meshes/rv5as/wrist.STL
-- Up-to-date: /home/ram/melfa_ros2/install/melfa_description/share/melfa_description/meshes/rv5as/elbow.STL
-- Up-to-date: /home/ram/melfa_ros2/install/melfa_description/share/melfa_description/meshes/rv5as/shoulder.STL
-- Up-to-date: /home/ram/melfa_ros2/install/melfa_description/share/melfa_description/meshes/rv5as/base.STL
-- Up-to-date: /home/ram/melfa_ros2/install/melfa_description/share/melfa_description/meshes/rh6frh5520
-- Up-to-date: /home/ram/melfa_ros2/install/melfa_description/share/melfa_description/meshes/rh6frh5520/no2arm.STL
-- Up-to-date: /home/ram/melfa_ros2/install/melfa_description/share/melfa_description/meshes/rh6frh5520/shaft.STL
-- Up-to-date: /home/ram/melfa_ros2/install/melfa_description/share/melfa_description/meshes/rh6frh5520/no1arm.STL
-- Up-to-date: /home/ram/melfa_ros2/install/melfa_description/share/melfa_description/meshes/rh6frh5520/base.STL
-- Up-to-date: /home/ram/melfa_ros2/install/melfa_description/share/melfa_description/meshes/rh6crh6020
-- Up-to-date: /home/ram/melfa_ros2/install/melfa_description/share/melfa_description/meshes/rh6crh6020/no2arm.STL
-- Up-to-date: /home/ram/melfa_ros2/install/melfa_description/share/melfa_description/meshes/rh6crh6020/shaft.STL
-- Up-to-date: /home/ram/melfa_ros2/install/melfa_description/share/melfa_description/meshes/rh6crh6020/no1arm.STL
-- Up-to-date: /home/ram/melfa_ros2/install/melfa_description/share/melfa_description/meshes/rh6crh6020/base.STL
-- Up-to-date: /home/ram/melfa_ros2/install/melfa_description/share/melfa_description/meshes/rv2fr
-- Up-to-date: /home/ram/melfa_ros2/install/melfa_description/share/melfa_description/meshes/rv2fr/hand_flange.STL
-- Up-to-date: /home/ram/melfa_ros2/install/melfa_description/share/melfa_description/meshes/rv2fr/upper_arm.STL
-- Up-to-date: /home/ram/melfa_ros2/install/melfa_description/share/melfa_description/meshes/rv2fr/forearm.STL
-- Up-to-date: /home/ram/melfa_ros2/install/melfa_description/share/melfa_description/meshes/rv2fr/wrist.STL
-- Up-to-date: /home/ram/melfa_ros2/install/melfa_description/share/melfa_description/meshes/rv2fr/elbow.STL
-- Up-to-date: /home/ram/melfa_ros2/install/melfa_description/share/melfa_description/meshes/rv2fr/shoulder.STL
-- Up-to-date: /home/ram/melfa_ros2/install/melfa_description/share/melfa_description/meshes/rv2fr/base.STL
-- Up-to-date: /home/ram/melfa_ros2/install/melfa_description/share/melfa_description/meshes/rv4fr
-- Up-to-date: /home/ram/melfa_ros2/install/melfa_description/share/melfa_description/meshes/rv4fr/hand_flange.STL
-- Up-to-date: /home/ram/melfa_ros2/install/melfa_description/share/melfa_description/meshes/rv4fr/upper_arm.STL
-- Up-to-date: /home/ram/melfa_ros2/install/melfa_description/share/melfa_description/meshes/rv4fr/forearm.STL
-- Up-to-date: /home/ram/melfa_ros2/install/melfa_description/share/melfa_description/meshes/rv4fr/wrist.STL
-- Up-to-date: /home/ram/melfa_ros2/install/melfa_description/share/melfa_description/meshes/rv4fr/elbow.STL
-- Up-to-date: /home/ram/melfa_ros2/install/melfa_description/share/melfa_description/meshes/rv4fr/shoulder.STL
-- Up-to-date: /home/ram/melfa_ros2/install/melfa_description/share/melfa_description/meshes/rv4fr/base.STL
-- Up-to-date: /home/ram/melfa_ros2/install/melfa_description/share/melfa_description/meshes/rv7frl
-- Up-to-date: /home/ram/melfa_ros2/install/melfa_description/share/melfa_description/meshes/rv7frl/hand_flange.STL
-- Up-to-date: /home/ram/melfa_ros2/install/melfa_description/share/melfa_description/meshes/rv7frl/upper_arm.STL
-- Up-to-date: /home/ram/melfa_ros2/install/melfa_description/share/melfa_description/meshes/rv7frl/forearm.STL
-- Up-to-date: /home/ram/melfa_ros2/install/melfa_description/share/melfa_description/meshes/rv7frl/wrist.STL
-- Up-to-date: /home/ram/melfa_ros2/install/melfa_description/share/melfa_description/meshes/rv7frl/elbow.STL
-- Up-to-date: /home/ram/melfa_ros2/install/melfa_description/share/melfa_description/meshes/rv7frl/shoulder.STL
-- Up-to-date: /home/ram/melfa_ros2/install/melfa_description/share/melfa_description/meshes/rv7frl/base.STL
-- Up-to-date: /home/ram/melfa_ros2/install/melfa_description/share/melfa_description/meshes/rv355080fr
-- Up-to-date: /home/ram/melfa_ros2/install/melfa_description/share/melfa_description/meshes/rv355080fr/hand_flange.STL
-- Up-to-date: /home/ram/melfa_ros2/install/melfa_description/share/melfa_description/meshes/rv355080fr/upper_arm.STL
-- Up-to-date: /home/ram/melfa_ros2/install/melfa_description/share/melfa_description/meshes/rv355080fr/forearm.STL
-- Up-to-date: /home/ram/melfa_ros2/install/melfa_description/share/melfa_description/meshes/rv355080fr/wrist.STL
-- Up-to-date: /home/ram/melfa_ros2/install/melfa_description/share/melfa_description/meshes/rv355080fr/elbow.STL
-- Up-to-date: /home/ram/melfa_ros2/install/melfa_description/share/melfa_description/meshes/rv355080fr/shoulder.STL
-- Up-to-date: /home/ram/melfa_ros2/install/melfa_description/share/melfa_description/meshes/rv355080fr/base.STL
-- Up-to-date: /home/ram/melfa_ros2/install/melfa_description/share/melfa_description/meshes/rv8crl
-- Up-to-date: /home/ram/melfa_ros2/install/melfa_description/share/melfa_description/meshes/rv8crl/hand_flange.STL
-- Up-to-date: /home/ram/melfa_ros2/install/melfa_description/share/melfa_description/meshes/rv8crl/upper_arm.STL
-- Up-to-date: /home/ram/melfa_ros2/install/melfa_description/share/melfa_description/meshes/rv8crl/forearm.STL
-- Up-to-date: /home/ram/melfa_ros2/install/melfa_description/share/melfa_description/meshes/rv8crl/wrist.STL
-- Up-to-date: /home/ram/melfa_ros2/install/melfa_description/share/melfa_description/meshes/rv8crl/elbow.STL
-- Up-to-date: /home/ram/melfa_ros2/install/melfa_description/share/melfa_description/meshes/rv8crl/shoulder.STL
-- Up-to-date: /home/ram/melfa_ros2/install/melfa_description/share/melfa_description/meshes/rv8crl/base.STL
-- Up-to-date: /home/ram/melfa_ros2/install/melfa_description/share/melfa_description/environment/melfa_description.dsv
-- Up-to-date: /home/ram/melfa_ros2/install/melfa_description/share/ament_index/resource_index/package_run_dependencies/melfa_description
-- Up-to-date: /home/ram/melfa_ros2/install/melfa_description/share/ament_index/resource_index/parent_prefix_path/melfa_description
-- Up-to-date: /home/ram/melfa_ros2/install/melfa_description/share/melfa_description/environment/ament_prefix_path.sh
-- Installing: /home/ram/melfa_ros2/install/melfa_description/share/melfa_description/environment/ament_prefix_path.dsv
-- Up-to-date: /home/ram/melfa_ros2/install/melfa_description/share/melfa_description/environment/path.sh
-- Installing: /home/ram/melfa_ros2/install/melfa_description/share/melfa_description/environment/path.dsv
-- Up-to-date: /home/ram/melfa_ros2/install/melfa_description/share/melfa_description/local_setup.bash
-- Up-to-date: /home/ram/melfa_ros2/install/melfa_description/share/melfa_description/local_setup.sh
-- Up-to-date: /home/ram/melfa_ros2/install/melfa_description/share/melfa_description/local_setup.zsh
-- Installing: /home/ram/melfa_ros2/install/melfa_description/share/melfa_description/local_setup.dsv
-- Installing: /home/ram/melfa_ros2/install/melfa_description/share/melfa_description/package.dsv
-- Up-to-date: /home/ram/melfa_ros2/install/melfa_description/share/ament_index/resource_index/packages/melfa_description
-- Up-to-date: /home/ram/melfa_ros2/install/melfa_description/share/melfa_description/cmake/melfa_descriptionConfig.cmake
-- Up-to-date: /home/ram/melfa_ros2/install/melfa_description/share/melfa_description/cmake/melfa_descriptionConfig-version.cmake
-- Up-to-date: /home/ram/melfa_ros2/install/melfa_description/share/melfa_description/package.xml
