[0.011s] Invoking command in '/home/ram/melfa_ros2/build/melfa_description': AMENT_PREFIX_PATH=/home/ram/melfa_ros2/install/xacro:${AMENT_PREFIX_PATH} CMAKE_PREFIX_PATH=/home/ram/melfa_ros2/install/xacro:/home/ram/cognipilot/cranium/install/synapse_ros:/home/ram/cognipilot/cranium/install/synapse_gz:/home/ram/cognipilot/cranium/install/synapse_tinyframe:/home/ram/cognipilot/cranium/install/synapse_protobuf:/home/ram/cognipilot/cranium/install/corti:/home/ram/cognipilot/cranium/install/synapse_msgs:/home/ram/cognipilot/cranium/install/dream_world:/home/ram/cognipilot/cranium/install/cerebri_bringup:/home/ram/cognipilot/cranium/install/b3rb_simulator:/home/ram/cognipilot/cranium/install/b3rb_desktop:/home/ram/cognipilot/cranium/install/b3rb_rviz:/home/ram/cognipilot/cranium/install/b3rb_nav2:/home/ram/cognipilot/cranium/install/b3rb_gz_resource:/home/ram/cognipilot/cranium/install/b3rb_gz_bringup:/home/ram/cognipilot/cranium/install/b3rb_description:/home/ram/cognipilot/electrode/install/electrode:/home/ram/cognipilot/cranium/install/b3rb_ros_line_follower:/opt/ros/humble PATH=/home/ram/melfa_ros2/install/xacro/bin:${PATH} PYTHONPATH=/home/ram/melfa_ros2/install/xacro/local/lib/python3.10/dist-packages:${PYTHONPATH} /usr/bin/cmake /home/ram/melfa_ros2/src/melfa_ros2_driver/melfa_description -DCMAKE_BUILD_TYPE=Release -DCMAKE_INSTALL_PREFIX=/home/ram/melfa_ros2/install/melfa_description
[0.020s] -- Found ament_cmake: 1.3.14 (/opt/ros/humble/share/ament_cmake/cmake)
[0.119s] -- Found rclcpp: 16.0.19 (/opt/ros/humble/share/rclcpp/cmake)
[0.150s] -- Found rosidl_generator_c: 3.1.9 (/opt/ros/humble/share/rosidl_generator_c/cmake)
[0.151s] -- Found rosidl_adapter: 3.1.9 (/opt/ros/humble/share/rosidl_adapter/cmake)
[0.155s] -- Found rosidl_generator_cpp: 3.1.9 (/opt/ros/humble/share/rosidl_generator_cpp/cmake)
[0.162s] -- Using all available rosidl_typesupport_c: rosidl_typesupport_fastrtps_c;rosidl_typesupport_introspection_c
[0.171s] -- Using all available rosidl_typesupport_cpp: rosidl_typesupport_fastrtps_cpp;rosidl_typesupport_introspection_cpp
[0.206s] -- Found rmw_implementation_cmake: 6.1.2 (/opt/ros/humble/share/rmw_implementation_cmake/cmake)
[0.208s] -- Found rmw_cyclonedds_cpp: 1.3.4 (/opt/ros/humble/share/rmw_cyclonedds_cpp/cmake)
[0.238s] -- Using RMW implementation 'rmw_cyclonedds_cpp' as default
[0.360s] -- Found rclpy: 3.3.21 (/opt/ros/humble/share/rclpy/cmake)
[0.360s] -- Found sensor_msgs: 4.9.1 (/opt/ros/humble/share/sensor_msgs/cmake)
[0.406s] -- Found visualization_msgs: 4.9.1 (/opt/ros/humble/share/visualization_msgs/cmake)
[0.448s] -- Found ament_lint_auto: 0.12.15 (/opt/ros/humble/share/ament_lint_auto/cmake)
[0.624s] -- Added test 'flake8' to check Python code syntax and style conventions
[0.626s] -- Added test 'lint_cmake' to check CMake code style
[0.631s] -- Added test 'pep257' to check Python code against some of the docstring style conventions in PEP 257
[0.638s] -- Added test 'xmllint' to check XML markup files
[0.640s] -- Configuring done
[0.652s] -- Generating done
[0.657s] -- Build files have been written to: /home/ram/melfa_ros2/build/melfa_description
[0.687s] Invoked command in '/home/ram/melfa_ros2/build/melfa_description' returned '0': AMENT_PREFIX_PATH=/home/ram/melfa_ros2/install/xacro:${AMENT_PREFIX_PATH} CMAKE_PREFIX_PATH=/home/ram/melfa_ros2/install/xacro:/home/ram/cognipilot/cranium/install/synapse_ros:/home/ram/cognipilot/cranium/install/synapse_gz:/home/ram/cognipilot/cranium/install/synapse_tinyframe:/home/ram/cognipilot/cranium/install/synapse_protobuf:/home/ram/cognipilot/cranium/install/corti:/home/ram/cognipilot/cranium/install/synapse_msgs:/home/ram/cognipilot/cranium/install/dream_world:/home/ram/cognipilot/cranium/install/cerebri_bringup:/home/ram/cognipilot/cranium/install/b3rb_simulator:/home/ram/cognipilot/cranium/install/b3rb_desktop:/home/ram/cognipilot/cranium/install/b3rb_rviz:/home/ram/cognipilot/cranium/install/b3rb_nav2:/home/ram/cognipilot/cranium/install/b3rb_gz_resource:/home/ram/cognipilot/cranium/install/b3rb_gz_bringup:/home/ram/cognipilot/cranium/install/b3rb_description:/home/ram/cognipilot/electrode/install/electrode:/home/ram/cognipilot/cranium/install/b3rb_ros_line_follower:/opt/ros/humble PATH=/home/ram/melfa_ros2/install/xacro/bin:${PATH} PYTHONPATH=/home/ram/melfa_ros2/install/xacro/local/lib/python3.10/dist-packages:${PYTHONPATH} /usr/bin/cmake /home/ram/melfa_ros2/src/melfa_ros2_driver/melfa_description -DCMAKE_BUILD_TYPE=Release -DCMAKE_INSTALL_PREFIX=/home/ram/melfa_ros2/install/melfa_description
[0.688s] Invoking command in '/home/ram/melfa_ros2/build/melfa_description': AMENT_PREFIX_PATH=/home/ram/melfa_ros2/install/xacro:${AMENT_PREFIX_PATH} CMAKE_PREFIX_PATH=/home/ram/melfa_ros2/install/xacro:/home/ram/cognipilot/cranium/install/synapse_ros:/home/ram/cognipilot/cranium/install/synapse_gz:/home/ram/cognipilot/cranium/install/synapse_tinyframe:/home/ram/cognipilot/cranium/install/synapse_protobuf:/home/ram/cognipilot/cranium/install/corti:/home/ram/cognipilot/cranium/install/synapse_msgs:/home/ram/cognipilot/cranium/install/dream_world:/home/ram/cognipilot/cranium/install/cerebri_bringup:/home/ram/cognipilot/cranium/install/b3rb_simulator:/home/ram/cognipilot/cranium/install/b3rb_desktop:/home/ram/cognipilot/cranium/install/b3rb_rviz:/home/ram/cognipilot/cranium/install/b3rb_nav2:/home/ram/cognipilot/cranium/install/b3rb_gz_resource:/home/ram/cognipilot/cranium/install/b3rb_gz_bringup:/home/ram/cognipilot/cranium/install/b3rb_description:/home/ram/cognipilot/electrode/install/electrode:/home/ram/cognipilot/cranium/install/b3rb_ros_line_follower:/opt/ros/humble PATH=/home/ram/melfa_ros2/install/xacro/bin:${PATH} PYTHONPATH=/home/ram/melfa_ros2/install/xacro/local/lib/python3.10/dist-packages:${PYTHONPATH} /usr/bin/cmake --build /home/ram/melfa_ros2/build/melfa_description -- -j16 -l16
[0.763s] Invoked command in '/home/ram/melfa_ros2/build/melfa_description' returned '0': AMENT_PREFIX_PATH=/home/ram/melfa_ros2/install/xacro:${AMENT_PREFIX_PATH} CMAKE_PREFIX_PATH=/home/ram/melfa_ros2/install/xacro:/home/ram/cognipilot/cranium/install/synapse_ros:/home/ram/cognipilot/cranium/install/synapse_gz:/home/ram/cognipilot/cranium/install/synapse_tinyframe:/home/ram/cognipilot/cranium/install/synapse_protobuf:/home/ram/cognipilot/cranium/install/corti:/home/ram/cognipilot/cranium/install/synapse_msgs:/home/ram/cognipilot/cranium/install/dream_world:/home/ram/cognipilot/cranium/install/cerebri_bringup:/home/ram/cognipilot/cranium/install/b3rb_simulator:/home/ram/cognipilot/cranium/install/b3rb_desktop:/home/ram/cognipilot/cranium/install/b3rb_rviz:/home/ram/cognipilot/cranium/install/b3rb_nav2:/home/ram/cognipilot/cranium/install/b3rb_gz_resource:/home/ram/cognipilot/cranium/install/b3rb_gz_bringup:/home/ram/cognipilot/cranium/install/b3rb_description:/home/ram/cognipilot/electrode/install/electrode:/home/ram/cognipilot/cranium/install/b3rb_ros_line_follower:/opt/ros/humble PATH=/home/ram/melfa_ros2/install/xacro/bin:${PATH} PYTHONPATH=/home/ram/melfa_ros2/install/xacro/local/lib/python3.10/dist-packages:${PYTHONPATH} /usr/bin/cmake --build /home/ram/melfa_ros2/build/melfa_description -- -j16 -l16
[0.764s] Invoking command in '/home/ram/melfa_ros2/build/melfa_description': AMENT_PREFIX_PATH=/home/ram/melfa_ros2/install/xacro:${AMENT_PREFIX_PATH} CMAKE_PREFIX_PATH=/home/ram/melfa_ros2/install/xacro:/home/ram/cognipilot/cranium/install/synapse_ros:/home/ram/cognipilot/cranium/install/synapse_gz:/home/ram/cognipilot/cranium/install/synapse_tinyframe:/home/ram/cognipilot/cranium/install/synapse_protobuf:/home/ram/cognipilot/cranium/install/corti:/home/ram/cognipilot/cranium/install/synapse_msgs:/home/ram/cognipilot/cranium/install/dream_world:/home/ram/cognipilot/cranium/install/cerebri_bringup:/home/ram/cognipilot/cranium/install/b3rb_simulator:/home/ram/cognipilot/cranium/install/b3rb_desktop:/home/ram/cognipilot/cranium/install/b3rb_rviz:/home/ram/cognipilot/cranium/install/b3rb_nav2:/home/ram/cognipilot/cranium/install/b3rb_gz_resource:/home/ram/cognipilot/cranium/install/b3rb_gz_bringup:/home/ram/cognipilot/cranium/install/b3rb_description:/home/ram/cognipilot/electrode/install/electrode:/home/ram/cognipilot/cranium/install/b3rb_ros_line_follower:/opt/ros/humble PATH=/home/ram/melfa_ros2/install/xacro/bin:${PATH} PYTHONPATH=/home/ram/melfa_ros2/install/xacro/local/lib/python3.10/dist-packages:${PYTHONPATH} /usr/bin/cmake --install /home/ram/melfa_ros2/build/melfa_description
[0.770s] -- Install configuration: "Release"
[0.771s] -- Up-to-date: /home/ram/melfa_ros2/install/melfa_description/share/melfa_description/urdf
[0.771s] -- Up-to-date: /home/ram/melfa_ros2/install/melfa_description/share/melfa_description/urdf/rv4frl
[0.771s] -- Up-to-date: /home/ram/melfa_ros2/install/melfa_description/share/melfa_description/urdf/rv4frl/rv4frl_macro.xacro
[0.771s] -- Up-to-date: /home/ram/melfa_ros2/install/melfa_description/share/melfa_description/urdf/rv4frl/rv4frl.urdf
[0.771s] -- Up-to-date: /home/ram/melfa_ros2/install/melfa_description/share/melfa_description/urdf/rv4frl/rv4frl.urdf.xacro
[0.772s] -- Up-to-date: /home/ram/melfa_ros2/install/melfa_description/share/melfa_description/urdf/rv13frl
[0.772s] -- Up-to-date: /home/ram/melfa_ros2/install/melfa_description/share/melfa_description/urdf/rv13frl/rv13frl.urdf.xacro
[0.772s] -- Up-to-date: /home/ram/melfa_ros2/install/melfa_description/share/melfa_description/urdf/rv13frl/rv13frl.urdf
[0.772s] -- Up-to-date: /home/ram/melfa_ros2/install/melfa_description/share/melfa_description/urdf/rv13frl/rv13frl_macro.xacro
[0.772s] -- Up-to-date: /home/ram/melfa_ros2/install/melfa_description/share/melfa_description/urdf/rv5as
[0.773s] -- Up-to-date: /home/ram/melfa_ros2/install/melfa_description/share/melfa_description/urdf/rv5as/rv5as_macro.xacro
[0.773s] -- Up-to-date: /home/ram/melfa_ros2/install/melfa_description/share/melfa_description/urdf/rv5as/rv5as.urdf
[0.773s] -- Up-to-date: /home/ram/melfa_ros2/install/melfa_description/share/melfa_description/urdf/rv5as/rv5as.urdf.xacro
[0.773s] -- Up-to-date: /home/ram/melfa_ros2/install/melfa_description/share/melfa_description/urdf/rv80fr
[0.773s] -- Up-to-date: /home/ram/melfa_ros2/install/melfa_description/share/melfa_description/urdf/rv80fr/rv80fr_macro.xacro
[0.773s] -- Up-to-date: /home/ram/melfa_ros2/install/melfa_description/share/melfa_description/urdf/rv80fr/rv80fr.urdf.xacro
[0.773s] -- Up-to-date: /home/ram/melfa_ros2/install/melfa_description/share/melfa_description/urdf/rv80fr/rv80fr.urdf
[0.773s] -- Up-to-date: /home/ram/melfa_ros2/install/melfa_description/share/melfa_description/urdf/rh6frh5520
[0.774s] -- Up-to-date: /home/ram/melfa_ros2/install/melfa_description/share/melfa_description/urdf/rh6frh5520/rh6frh5520_macro.xacro
[0.774s] -- Up-to-date: /home/ram/melfa_ros2/install/melfa_description/share/melfa_description/urdf/rh6frh5520/rh6frh5520.urdf.xacro
[0.774s] -- Up-to-date: /home/ram/melfa_ros2/install/melfa_description/share/melfa_description/urdf/rh6frh5520/rh6frh5520.urdf
[0.774s] -- Up-to-date: /home/ram/melfa_ros2/install/melfa_description/share/melfa_description/urdf/rh6crh6020
[0.774s] -- Up-to-date: /home/ram/melfa_ros2/install/melfa_description/share/melfa_description/urdf/rh6crh6020/rh6crh6020.urdf
[0.774s] -- Up-to-date: /home/ram/melfa_ros2/install/melfa_description/share/melfa_description/urdf/rh6crh6020/rh6crh6020_macro.xacro
[0.774s] -- Up-to-date: /home/ram/melfa_ros2/install/melfa_description/share/melfa_description/urdf/rh6crh6020/rh6crh6020.urdf.xacro
[0.774s] -- Up-to-date: /home/ram/melfa_ros2/install/melfa_description/share/melfa_description/urdf/rv2fr
[0.774s] -- Up-to-date: /home/ram/melfa_ros2/install/melfa_description/share/melfa_description/urdf/rv2fr/rv2fr.urdf.xacro
[0.774s] -- Up-to-date: /home/ram/melfa_ros2/install/melfa_description/share/melfa_description/urdf/rv2fr/rv2fr.urdf
[0.774s] -- Up-to-date: /home/ram/melfa_ros2/install/melfa_description/share/melfa_description/urdf/rv2fr/rv2fr_macro.xacro
[0.775s] -- Up-to-date: /home/ram/melfa_ros2/install/melfa_description/share/melfa_description/urdf/rv4fr
[0.775s] -- Up-to-date: /home/ram/melfa_ros2/install/melfa_description/share/melfa_description/urdf/rv4fr/rv4fr_macro.xacro
[0.775s] -- Up-to-date: /home/ram/melfa_ros2/install/melfa_description/share/melfa_description/urdf/rv4fr/rv4fr.urdf
[0.775s] -- Up-to-date: /home/ram/melfa_ros2/install/melfa_description/share/melfa_description/urdf/rv4fr/rv4fr.urdf.xacro
[0.775s] -- Up-to-date: /home/ram/melfa_ros2/install/melfa_description/share/melfa_description/urdf/rv7frl
[0.776s] -- Up-to-date: /home/ram/melfa_ros2/install/melfa_description/share/melfa_description/urdf/rv7frl/rv7frl_macro.xacro
[0.776s] -- Up-to-date: /home/ram/melfa_ros2/install/melfa_description/share/melfa_description/urdf/rv7frl/rv7frl.urdf
[0.776s] -- Up-to-date: /home/ram/melfa_ros2/install/melfa_description/share/melfa_description/urdf/rv7frl/rv7frl.urdf.xacro
[0.776s] -- Up-to-date: /home/ram/melfa_ros2/install/melfa_description/share/melfa_description/urdf/rv8crl
[0.776s] -- Up-to-date: /home/ram/melfa_ros2/install/melfa_description/share/melfa_description/urdf/rv8crl/rv8crl_macro.xacro
[0.776s] -- Up-to-date: /home/ram/melfa_ros2/install/melfa_description/share/melfa_description/urdf/rv8crl/rv8crl.urdf.xacro
[0.776s] -- Up-to-date: /home/ram/melfa_ros2/install/melfa_description/share/melfa_description/urdf/rv8crl/rv8crl.urdf
[0.777s] -- Up-to-date: /home/ram/melfa_ros2/install/melfa_description/share/melfa_description/launch
[0.777s] -- Up-to-date: /home/ram/melfa_ros2/install/melfa_description/share/melfa_description/launch/view_rv13frl.launch.py
[0.777s] -- Up-to-date: /home/ram/melfa_ros2/install/melfa_description/share/melfa_description/launch/view_rh6crh6020.launch.py
[0.777s] -- Up-to-date: /home/ram/melfa_ros2/install/melfa_description/share/melfa_description/launch/view_rv8crl.launch.py
[0.777s] -- Up-to-date: /home/ram/melfa_ros2/install/melfa_description/share/melfa_description/launch/view_rv5as.launch.py
[0.777s] -- Up-to-date: /home/ram/melfa_ros2/install/melfa_description/share/melfa_description/launch/view_rv80fr.launch.py
[0.777s] -- Up-to-date: /home/ram/melfa_ros2/install/melfa_description/share/melfa_description/launch/view_rv2fr.launch.py
[0.777s] -- Up-to-date: /home/ram/melfa_ros2/install/melfa_description/share/melfa_description/launch/view_rh6frh5520.launch.py
[0.777s] -- Up-to-date: /home/ram/melfa_ros2/install/melfa_description/share/melfa_description/launch/view_rv7frl.launch.py
[0.777s] -- Up-to-date: /home/ram/melfa_ros2/install/melfa_description/share/melfa_description/launch/view_rv4frl.launch.py
[0.777s] -- Up-to-date: /home/ram/melfa_ros2/install/melfa_description/share/melfa_description/launch/view_rv4fr.launch.py
[0.777s] -- Up-to-date: /home/ram/melfa_ros2/install/melfa_description/share/melfa_description/config
[0.777s] -- Up-to-date: /home/ram/melfa_ros2/install/melfa_description/share/melfa_description/config/rv7frl_controllers.yaml
[0.777s] -- Up-to-date: /home/ram/melfa_ros2/install/melfa_description/share/melfa_description/config/rv13frl_controllers.yaml
[0.777s] -- Up-to-date: /home/ram/melfa_ros2/install/melfa_description/share/melfa_description/config/rv4fr_controllers.yaml
[0.779s] -- Up-to-date: /home/ram/melfa_ros2/install/melfa_description/share/melfa_description/config/rv80fr_controllers.yaml
[0.780s] -- Up-to-date: /home/ram/melfa_ros2/install/melfa_description/share/melfa_description/config/rh6crh6020_controllers.yaml
[0.780s] -- Up-to-date: /home/ram/melfa_ros2/install/melfa_description/share/melfa_description/config/rh6frh5520_controllers.yaml
[0.780s] -- Up-to-date: /home/ram/melfa_ros2/install/melfa_description/share/melfa_description/config/custom_io_params.yaml
[0.780s] -- Up-to-date: /home/ram/melfa_ros2/install/melfa_description/share/melfa_description/config/rv8crl_controllers.yaml
[0.780s] -- Up-to-date: /home/ram/melfa_ros2/install/melfa_description/share/melfa_description/config/rv5as_controllers.yaml
[0.780s] -- Up-to-date: /home/ram/melfa_ros2/install/melfa_description/share/melfa_description/config/initial_positions_rv.yaml
[0.780s] -- Up-to-date: /home/ram/melfa_ros2/install/melfa_description/share/melfa_description/config/initial_positions_rh6crh.yaml
[0.780s] -- Up-to-date: /home/ram/melfa_ros2/install/melfa_description/share/melfa_description/config/initial_positions_rh6frh.yaml
[0.780s] -- Up-to-date: /home/ram/melfa_ros2/install/melfa_description/share/melfa_description/config/rv2fr_controllers.yaml
[0.780s] -- Up-to-date: /home/ram/melfa_ros2/install/melfa_description/share/melfa_description/config/rv4frl_controllers.yaml
[0.780s] -- Up-to-date: /home/ram/melfa_ros2/install/melfa_description/share/melfa_description/ros2_control
[0.780s] -- Up-to-date: /home/ram/melfa_ros2/install/melfa_description/share/melfa_description/ros2_control/rv4fr.hardware.xacro
[0.780s] -- Up-to-date: /home/ram/melfa_ros2/install/melfa_description/share/melfa_description/ros2_control/rv2fr.hardware.xacro
[0.780s] -- Up-to-date: /home/ram/melfa_ros2/install/melfa_description/share/melfa_description/ros2_control/rh6frh5520.hardware.xacro
[0.780s] -- Up-to-date: /home/ram/melfa_ros2/install/melfa_description/share/melfa_description/ros2_control/rv4frl.hardware.xacro
[0.781s] -- Up-to-date: /home/ram/melfa_ros2/install/melfa_description/share/melfa_description/ros2_control/rv5as.hardware.xacro
[0.781s] -- Up-to-date: /home/ram/melfa_ros2/install/melfa_description/share/melfa_description/ros2_control/rv80fr.hardware.xacro
[0.781s] -- Up-to-date: /home/ram/melfa_ros2/install/melfa_description/share/melfa_description/ros2_control/rv13frl.hardware.xacro
[0.781s] -- Up-to-date: /home/ram/melfa_ros2/install/melfa_description/share/melfa_description/ros2_control/rv7frl.hardware.xacro
[0.781s] -- Up-to-date: /home/ram/melfa_ros2/install/melfa_description/share/melfa_description/ros2_control/rv8crl.hardware.xacro
[0.781s] -- Up-to-date: /home/ram/melfa_ros2/install/melfa_description/share/melfa_description/ros2_control/rh6crh6020.hardware.xacro
[0.781s] -- Up-to-date: /home/ram/melfa_ros2/install/melfa_description/share/melfa_description/rviz
[0.781s] -- Up-to-date: /home/ram/melfa_ros2/install/melfa_description/share/melfa_description/rviz/rv80fr.rviz
[0.781s] -- Up-to-date: /home/ram/melfa_ros2/install/melfa_description/share/melfa_description/rviz/rv13frl.rviz
[0.781s] -- Up-to-date: /home/ram/melfa_ros2/install/melfa_description/share/melfa_description/rviz/rv2fr.rviz
[0.781s] -- Up-to-date: /home/ram/melfa_ros2/install/melfa_description/share/melfa_description/rviz/rv4fr.rviz
[0.781s] -- Up-to-date: /home/ram/melfa_ros2/install/melfa_description/share/melfa_description/rviz/rv5as.rviz
[0.781s] -- Up-to-date: /home/ram/melfa_ros2/install/melfa_description/share/melfa_description/rviz/rv7frl.rviz
[0.781s] -- Up-to-date: /home/ram/melfa_ros2/install/melfa_description/share/melfa_description/rviz/rv4frl.rviz
[0.781s] -- Up-to-date: /home/ram/melfa_ros2/install/melfa_description/share/melfa_description/rviz/rh6frh5520.rviz
[0.781s] -- Up-to-date: /home/ram/melfa_ros2/install/melfa_description/share/melfa_description/rviz/rv8crl.rviz
[0.784s] -- Up-to-date: /home/ram/melfa_ros2/install/melfa_description/share/melfa_description/rviz/rh6crh6020.rviz
[0.785s] -- Up-to-date: /home/ram/melfa_ros2/install/melfa_description/share/melfa_description/meshes
[0.785s] -- Up-to-date: /home/ram/melfa_ros2/install/melfa_description/share/melfa_description/meshes/rv4frl
[0.785s] -- Up-to-date: /home/ram/melfa_ros2/install/melfa_description/share/melfa_description/meshes/rv4frl/hand_flange.STL
[0.785s] -- Up-to-date: /home/ram/melfa_ros2/install/melfa_description/share/melfa_description/meshes/rv4frl/upper_arm.STL
[0.785s] -- Up-to-date: /home/ram/melfa_ros2/install/melfa_description/share/melfa_description/meshes/rv4frl/forearm.STL
[0.785s] -- Up-to-date: /home/ram/melfa_ros2/install/melfa_description/share/melfa_description/meshes/rv4frl/wrist.STL
[0.785s] -- Up-to-date: /home/ram/melfa_ros2/install/melfa_description/share/melfa_description/meshes/rv4frl/elbow.STL
[0.785s] -- Up-to-date: /home/ram/melfa_ros2/install/melfa_description/share/melfa_description/meshes/rv4frl/shoulder.STL
[0.785s] -- Up-to-date: /home/ram/melfa_ros2/install/melfa_description/share/melfa_description/meshes/rv4frl/base.STL
[0.785s] -- Up-to-date: /home/ram/melfa_ros2/install/melfa_description/share/melfa_description/meshes/rv13frl
[0.785s] -- Up-to-date: /home/ram/melfa_ros2/install/melfa_description/share/melfa_description/meshes/rv13frl/hand_flange.STL
[0.785s] -- Up-to-date: /home/ram/melfa_ros2/install/melfa_description/share/melfa_description/meshes/rv13frl/upper_arm.STL
[0.785s] -- Up-to-date: /home/ram/melfa_ros2/install/melfa_description/share/melfa_description/meshes/rv13frl/forearm.STL
[0.785s] -- Up-to-date: /home/ram/melfa_ros2/install/melfa_description/share/melfa_description/meshes/rv13frl/wrist.STL
[0.785s] -- Up-to-date: /home/ram/melfa_ros2/install/melfa_description/share/melfa_description/meshes/rv13frl/elbow.STL
[0.785s] -- Up-to-date: /home/ram/melfa_ros2/install/melfa_description/share/melfa_description/meshes/rv13frl/shoulder.STL
[0.785s] -- Up-to-date: /home/ram/melfa_ros2/install/melfa_description/share/melfa_description/meshes/rv13frl/base.STL
[0.786s] -- Up-to-date: /home/ram/melfa_ros2/install/melfa_description/share/melfa_description/meshes/rv5as
[0.786s] -- Up-to-date: /home/ram/melfa_ros2/install/melfa_description/share/melfa_description/meshes/rv5as/hand_flange.STL
[0.786s] -- Up-to-date: /home/ram/melfa_ros2/install/melfa_description/share/melfa_description/meshes/rv5as/upper_arm.STL
[0.786s] -- Up-to-date: /home/ram/melfa_ros2/install/melfa_description/share/melfa_description/meshes/rv5as/forearm.STL
[0.786s] -- Up-to-date: /home/ram/melfa_ros2/install/melfa_description/share/melfa_description/meshes/rv5as/wrist.STL
[0.786s] -- Up-to-date: /home/ram/melfa_ros2/install/melfa_description/share/melfa_description/meshes/rv5as/elbow.STL
[0.786s] -- Up-to-date: /home/ram/melfa_ros2/install/melfa_description/share/melfa_description/meshes/rv5as/shoulder.STL
[0.786s] -- Up-to-date: /home/ram/melfa_ros2/install/melfa_description/share/melfa_description/meshes/rv5as/base.STL
[0.786s] -- Up-to-date: /home/ram/melfa_ros2/install/melfa_description/share/melfa_description/meshes/rh6frh5520
[0.786s] -- Up-to-date: /home/ram/melfa_ros2/install/melfa_description/share/melfa_description/meshes/rh6frh5520/no2arm.STL
[0.786s] -- Up-to-date: /home/ram/melfa_ros2/install/melfa_description/share/melfa_description/meshes/rh6frh5520/shaft.STL
[0.786s] -- Up-to-date: /home/ram/melfa_ros2/install/melfa_description/share/melfa_description/meshes/rh6frh5520/no1arm.STL
[0.786s] -- Up-to-date: /home/ram/melfa_ros2/install/melfa_description/share/melfa_description/meshes/rh6frh5520/base.STL
[0.786s] -- Up-to-date: /home/ram/melfa_ros2/install/melfa_description/share/melfa_description/meshes/rh6crh6020
[0.786s] -- Up-to-date: /home/ram/melfa_ros2/install/melfa_description/share/melfa_description/meshes/rh6crh6020/no2arm.STL
[0.786s] -- Up-to-date: /home/ram/melfa_ros2/install/melfa_description/share/melfa_description/meshes/rh6crh6020/shaft.STL
[0.786s] -- Up-to-date: /home/ram/melfa_ros2/install/melfa_description/share/melfa_description/meshes/rh6crh6020/no1arm.STL
[0.786s] -- Up-to-date: /home/ram/melfa_ros2/install/melfa_description/share/melfa_description/meshes/rh6crh6020/base.STL
[0.787s] -- Up-to-date: /home/ram/melfa_ros2/install/melfa_description/share/melfa_description/meshes/rv2fr
[0.787s] -- Up-to-date: /home/ram/melfa_ros2/install/melfa_description/share/melfa_description/meshes/rv2fr/hand_flange.STL
[0.787s] -- Up-to-date: /home/ram/melfa_ros2/install/melfa_description/share/melfa_description/meshes/rv2fr/upper_arm.STL
[0.787s] -- Up-to-date: /home/ram/melfa_ros2/install/melfa_description/share/melfa_description/meshes/rv2fr/forearm.STL
[0.787s] -- Up-to-date: /home/ram/melfa_ros2/install/melfa_description/share/melfa_description/meshes/rv2fr/wrist.STL
[0.787s] -- Up-to-date: /home/ram/melfa_ros2/install/melfa_description/share/melfa_description/meshes/rv2fr/elbow.STL
[0.789s] -- Up-to-date: /home/ram/melfa_ros2/install/melfa_description/share/melfa_description/meshes/rv2fr/shoulder.STL
[0.789s] -- Up-to-date: /home/ram/melfa_ros2/install/melfa_description/share/melfa_description/meshes/rv2fr/base.STL
[0.789s] -- Up-to-date: /home/ram/melfa_ros2/install/melfa_description/share/melfa_description/meshes/rv4fr
[0.789s] -- Up-to-date: /home/ram/melfa_ros2/install/melfa_description/share/melfa_description/meshes/rv4fr/hand_flange.STL
[0.789s] -- Up-to-date: /home/ram/melfa_ros2/install/melfa_description/share/melfa_description/meshes/rv4fr/upper_arm.STL
[0.789s] -- Up-to-date: /home/ram/melfa_ros2/install/melfa_description/share/melfa_description/meshes/rv4fr/forearm.STL
[0.789s] -- Up-to-date: /home/ram/melfa_ros2/install/melfa_description/share/melfa_description/meshes/rv4fr/wrist.STL
[0.789s] -- Up-to-date: /home/ram/melfa_ros2/install/melfa_description/share/melfa_description/meshes/rv4fr/elbow.STL
[0.789s] -- Up-to-date: /home/ram/melfa_ros2/install/melfa_description/share/melfa_description/meshes/rv4fr/shoulder.STL
[0.789s] -- Up-to-date: /home/ram/melfa_ros2/install/melfa_description/share/melfa_description/meshes/rv4fr/base.STL
[0.789s] -- Up-to-date: /home/ram/melfa_ros2/install/melfa_description/share/melfa_description/meshes/rv7frl
[0.789s] -- Up-to-date: /home/ram/melfa_ros2/install/melfa_description/share/melfa_description/meshes/rv7frl/hand_flange.STL
[0.789s] -- Up-to-date: /home/ram/melfa_ros2/install/melfa_description/share/melfa_description/meshes/rv7frl/upper_arm.STL
[0.790s] -- Up-to-date: /home/ram/melfa_ros2/install/melfa_description/share/melfa_description/meshes/rv7frl/forearm.STL
[0.794s] -- Up-to-date: /home/ram/melfa_ros2/install/melfa_description/share/melfa_description/meshes/rv7frl/wrist.STL
[0.794s] -- Up-to-date: /home/ram/melfa_ros2/install/melfa_description/share/melfa_description/meshes/rv7frl/elbow.STL
[0.795s] -- Up-to-date: /home/ram/melfa_ros2/install/melfa_description/share/melfa_description/meshes/rv7frl/shoulder.STL
[0.795s] -- Up-to-date: /home/ram/melfa_ros2/install/melfa_description/share/melfa_description/meshes/rv7frl/base.STL
[0.795s] -- Up-to-date: /home/ram/melfa_ros2/install/melfa_description/share/melfa_description/meshes/rv355080fr
[0.795s] -- Up-to-date: /home/ram/melfa_ros2/install/melfa_description/share/melfa_description/meshes/rv355080fr/hand_flange.STL
[0.795s] -- Up-to-date: /home/ram/melfa_ros2/install/melfa_description/share/melfa_description/meshes/rv355080fr/upper_arm.STL
[0.795s] -- Up-to-date: /home/ram/melfa_ros2/install/melfa_description/share/melfa_description/meshes/rv355080fr/forearm.STL
[0.795s] -- Up-to-date: /home/ram/melfa_ros2/install/melfa_description/share/melfa_description/meshes/rv355080fr/wrist.STL
[0.795s] -- Up-to-date: /home/ram/melfa_ros2/install/melfa_description/share/melfa_description/meshes/rv355080fr/elbow.STL
[0.795s] -- Up-to-date: /home/ram/melfa_ros2/install/melfa_description/share/melfa_description/meshes/rv355080fr/shoulder.STL
[0.795s] -- Up-to-date: /home/ram/melfa_ros2/install/melfa_description/share/melfa_description/meshes/rv355080fr/base.STL
[0.795s] -- Up-to-date: /home/ram/melfa_ros2/install/melfa_description/share/melfa_description/meshes/rv8crl
[0.795s] -- Up-to-date: /home/ram/melfa_ros2/install/melfa_description/share/melfa_description/meshes/rv8crl/hand_flange.STL
[0.795s] -- Up-to-date: /home/ram/melfa_ros2/install/melfa_description/share/melfa_description/meshes/rv8crl/upper_arm.STL
[0.795s] -- Up-to-date: /home/ram/melfa_ros2/install/melfa_description/share/melfa_description/meshes/rv8crl/forearm.STL
[0.795s] -- Up-to-date: /home/ram/melfa_ros2/install/melfa_description/share/melfa_description/meshes/rv8crl/wrist.STL
[0.795s] -- Up-to-date: /home/ram/melfa_ros2/install/melfa_description/share/melfa_description/meshes/rv8crl/elbow.STL
[0.795s] -- Up-to-date: /home/ram/melfa_ros2/install/melfa_description/share/melfa_description/meshes/rv8crl/shoulder.STL
[0.795s] -- Up-to-date: /home/ram/melfa_ros2/install/melfa_description/share/melfa_description/meshes/rv8crl/base.STL
[0.795s] -- Up-to-date: /home/ram/melfa_ros2/install/melfa_description/share/melfa_description/environment/melfa_description.dsv
[0.796s] -- Up-to-date: /home/ram/melfa_ros2/install/melfa_description/share/ament_index/resource_index/package_run_dependencies/melfa_description
[0.796s] -- Up-to-date: /home/ram/melfa_ros2/install/melfa_description/share/ament_index/resource_index/parent_prefix_path/melfa_description
[0.796s] -- Up-to-date: /home/ram/melfa_ros2/install/melfa_description/share/melfa_description/environment/ament_prefix_path.sh
[0.796s] -- Installing: /home/ram/melfa_ros2/install/melfa_description/share/melfa_description/environment/ament_prefix_path.dsv
[0.796s] -- Up-to-date: /home/ram/melfa_ros2/install/melfa_description/share/melfa_description/environment/path.sh
[0.796s] -- Installing: /home/ram/melfa_ros2/install/melfa_description/share/melfa_description/environment/path.dsv
[0.796s] -- Up-to-date: /home/ram/melfa_ros2/install/melfa_description/share/melfa_description/local_setup.bash
[0.796s] -- Up-to-date: /home/ram/melfa_ros2/install/melfa_description/share/melfa_description/local_setup.sh
[0.796s] -- Up-to-date: /home/ram/melfa_ros2/install/melfa_description/share/melfa_description/local_setup.zsh
[0.796s] -- Installing: /home/ram/melfa_ros2/install/melfa_description/share/melfa_description/local_setup.dsv
[0.796s] -- Installing: /home/ram/melfa_ros2/install/melfa_description/share/melfa_description/package.dsv
[0.796s] -- Up-to-date: /home/ram/melfa_ros2/install/melfa_description/share/ament_index/resource_index/packages/melfa_description
[0.796s] -- Up-to-date: /home/ram/melfa_ros2/install/melfa_description/share/melfa_description/cmake/melfa_descriptionConfig.cmake
[0.796s] -- Up-to-date: /home/ram/melfa_ros2/install/melfa_description/share/melfa_description/cmake/melfa_descriptionConfig-version.cmake
[0.796s] -- Up-to-date: /home/ram/melfa_ros2/install/melfa_description/share/melfa_description/package.xml
[0.797s] Invoked command in '/home/ram/melfa_ros2/build/melfa_description' returned '0': AMENT_PREFIX_PATH=/home/ram/melfa_ros2/install/xacro:${AMENT_PREFIX_PATH} CMAKE_PREFIX_PATH=/home/ram/melfa_ros2/install/xacro:/home/ram/cognipilot/cranium/install/synapse_ros:/home/ram/cognipilot/cranium/install/synapse_gz:/home/ram/cognipilot/cranium/install/synapse_tinyframe:/home/ram/cognipilot/cranium/install/synapse_protobuf:/home/ram/cognipilot/cranium/install/corti:/home/ram/cognipilot/cranium/install/synapse_msgs:/home/ram/cognipilot/cranium/install/dream_world:/home/ram/cognipilot/cranium/install/cerebri_bringup:/home/ram/cognipilot/cranium/install/b3rb_simulator:/home/ram/cognipilot/cranium/install/b3rb_desktop:/home/ram/cognipilot/cranium/install/b3rb_rviz:/home/ram/cognipilot/cranium/install/b3rb_nav2:/home/ram/cognipilot/cranium/install/b3rb_gz_resource:/home/ram/cognipilot/cranium/install/b3rb_gz_bringup:/home/ram/cognipilot/cranium/install/b3rb_description:/home/ram/cognipilot/electrode/install/electrode:/home/ram/cognipilot/cranium/install/b3rb_ros_line_follower:/opt/ros/humble PATH=/home/ram/melfa_ros2/install/xacro/bin:${PATH} PYTHONPATH=/home/ram/melfa_ros2/install/xacro/local/lib/python3.10/dist-packages:${PYTHONPATH} /usr/bin/cmake --install /home/ram/melfa_ros2/build/melfa_description
