[0.011s] Invoking command in '/home/ram/melfa_ros2/build/melfa_rv8crl_moveit_config': AMENT_PREFIX_PATH=/home/ram/melfa_ros2/install/melfa_description:/home/ram/melfa_ros2/install/xacro:${AMENT_PREFIX_PATH} CMAKE_PREFIX_PATH=/home/ram/melfa_ros2/install/melfa_description:/home/ram/melfa_ros2/install/xacro:/home/ram/cognipilot/cranium/install/synapse_ros:/home/ram/cognipilot/cranium/install/synapse_gz:/home/ram/cognipilot/cranium/install/synapse_tinyframe:/home/ram/cognipilot/cranium/install/synapse_protobuf:/home/ram/cognipilot/cranium/install/corti:/home/ram/cognipilot/cranium/install/synapse_msgs:/home/ram/cognipilot/cranium/install/dream_world:/home/ram/cognipilot/cranium/install/cerebri_bringup:/home/ram/cognipilot/cranium/install/b3rb_simulator:/home/ram/cognipilot/cranium/install/b3rb_desktop:/home/ram/cognipilot/cranium/install/b3rb_rviz:/home/ram/cognipilot/cranium/install/b3rb_nav2:/home/ram/cognipilot/cranium/install/b3rb_gz_resource:/home/ram/cognipilot/cranium/install/b3rb_gz_bringup:/home/ram/cognipilot/cranium/install/b3rb_description:/home/ram/cognipilot/electrode/install/electrode:/home/ram/cognipilot/cranium/install/b3rb_ros_line_follower:/opt/ros/humble PATH=/home/ram/melfa_ros2/install/xacro/bin:${PATH} PYTHONPATH=/home/ram/melfa_ros2/install/xacro/local/lib/python3.10/dist-packages:${PYTHONPATH} /usr/bin/cmake /home/ram/melfa_ros2/src/melfa_ros2_driver/melfa_moveit_config/melfa_rv8crl_moveit_config -DCMAKE_BUILD_TYPE=Release -DCMAKE_INSTALL_PREFIX=/home/ram/melfa_ros2/install/melfa_rv8crl_moveit_config
[0.022s] -- Found ament_cmake: 1.3.14 (/opt/ros/humble/share/ament_cmake/cmake)
[0.133s] -- Found control_msgs: 4.9.0 (/opt/ros/humble/share/control_msgs/cmake)
[0.152s] -- Found rosidl_generator_c: 3.1.9 (/opt/ros/humble/share/rosidl_generator_c/cmake)
[0.153s] -- Found rosidl_adapter: 3.1.9 (/opt/ros/humble/share/rosidl_adapter/cmake)
[0.158s] -- Found rosidl_generator_cpp: 3.1.9 (/opt/ros/humble/share/rosidl_generator_cpp/cmake)
[0.164s] -- Using all available rosidl_typesupport_c: rosidl_typesupport_fastrtps_c;rosidl_typesupport_introspection_c
[0.173s] -- Using all available rosidl_typesupport_cpp: rosidl_typesupport_fastrtps_cpp;rosidl_typesupport_introspection_cpp
[0.251s] -- Found rclcpp: 16.0.19 (/opt/ros/humble/share/rclcpp/cmake)
[0.269s] -- Found rmw_implementation_cmake: 6.1.2 (/opt/ros/humble/share/rmw_implementation_cmake/cmake)
[0.270s] -- Found rmw_cyclonedds_cpp: 1.3.4 (/opt/ros/humble/share/rmw_cyclonedds_cpp/cmake)
[0.282s] -- Using RMW implementation 'rmw_cyclonedds_cpp' as default
[0.310s] -- Found rclcpp_action: 16.0.19 (/opt/ros/humble/share/rclcpp_action/cmake)
[0.315s] -- Found tf2_geometry_msgs: 0.25.20 (/opt/ros/humble/share/tf2_geometry_msgs/cmake)
[0.318s] -- Found eigen3_cmake_module: 0.1.1 (/opt/ros/humble/share/eigen3_cmake_module/cmake)
[0.319s] -- Ensuring Eigen3 include directory is part of orocos-kdl CMake target
[0.428s] -- Configuring done
[0.441s] -- Generating done
[0.445s] -- Build files have been written to: /home/ram/melfa_ros2/build/melfa_rv8crl_moveit_config
[0.451s] Invoked command in '/home/ram/melfa_ros2/build/melfa_rv8crl_moveit_config' returned '0': AMENT_PREFIX_PATH=/home/ram/melfa_ros2/install/melfa_description:/home/ram/melfa_ros2/install/xacro:${AMENT_PREFIX_PATH} CMAKE_PREFIX_PATH=/home/ram/melfa_ros2/install/melfa_description:/home/ram/melfa_ros2/install/xacro:/home/ram/cognipilot/cranium/install/synapse_ros:/home/ram/cognipilot/cranium/install/synapse_gz:/home/ram/cognipilot/cranium/install/synapse_tinyframe:/home/ram/cognipilot/cranium/install/synapse_protobuf:/home/ram/cognipilot/cranium/install/corti:/home/ram/cognipilot/cranium/install/synapse_msgs:/home/ram/cognipilot/cranium/install/dream_world:/home/ram/cognipilot/cranium/install/cerebri_bringup:/home/ram/cognipilot/cranium/install/b3rb_simulator:/home/ram/cognipilot/cranium/install/b3rb_desktop:/home/ram/cognipilot/cranium/install/b3rb_rviz:/home/ram/cognipilot/cranium/install/b3rb_nav2:/home/ram/cognipilot/cranium/install/b3rb_gz_resource:/home/ram/cognipilot/cranium/install/b3rb_gz_bringup:/home/ram/cognipilot/cranium/install/b3rb_description:/home/ram/cognipilot/electrode/install/electrode:/home/ram/cognipilot/cranium/install/b3rb_ros_line_follower:/opt/ros/humble PATH=/home/ram/melfa_ros2/install/xacro/bin:${PATH} PYTHONPATH=/home/ram/melfa_ros2/install/xacro/local/lib/python3.10/dist-packages:${PYTHONPATH} /usr/bin/cmake /home/ram/melfa_ros2/src/melfa_ros2_driver/melfa_moveit_config/melfa_rv8crl_moveit_config -DCMAKE_BUILD_TYPE=Release -DCMAKE_INSTALL_PREFIX=/home/ram/melfa_ros2/install/melfa_rv8crl_moveit_config
[0.453s] Invoking command in '/home/ram/melfa_ros2/build/melfa_rv8crl_moveit_config': AMENT_PREFIX_PATH=/home/ram/melfa_ros2/install/melfa_description:/home/ram/melfa_ros2/install/xacro:${AMENT_PREFIX_PATH} CMAKE_PREFIX_PATH=/home/ram/melfa_ros2/install/melfa_description:/home/ram/melfa_ros2/install/xacro:/home/ram/cognipilot/cranium/install/synapse_ros:/home/ram/cognipilot/cranium/install/synapse_gz:/home/ram/cognipilot/cranium/install/synapse_tinyframe:/home/ram/cognipilot/cranium/install/synapse_protobuf:/home/ram/cognipilot/cranium/install/corti:/home/ram/cognipilot/cranium/install/synapse_msgs:/home/ram/cognipilot/cranium/install/dream_world:/home/ram/cognipilot/cranium/install/cerebri_bringup:/home/ram/cognipilot/cranium/install/b3rb_simulator:/home/ram/cognipilot/cranium/install/b3rb_desktop:/home/ram/cognipilot/cranium/install/b3rb_rviz:/home/ram/cognipilot/cranium/install/b3rb_nav2:/home/ram/cognipilot/cranium/install/b3rb_gz_resource:/home/ram/cognipilot/cranium/install/b3rb_gz_bringup:/home/ram/cognipilot/cranium/install/b3rb_description:/home/ram/cognipilot/electrode/install/electrode:/home/ram/cognipilot/cranium/install/b3rb_ros_line_follower:/opt/ros/humble PATH=/home/ram/melfa_ros2/install/xacro/bin:${PATH} PYTHONPATH=/home/ram/melfa_ros2/install/xacro/local/lib/python3.10/dist-packages:${PYTHONPATH} /usr/bin/cmake --build /home/ram/melfa_ros2/build/melfa_rv8crl_moveit_config -- -j16 -l16
[0.492s] [35m[1mConsolidate compiler generated dependencies of target servo_keyboard_input[0m
[0.506s] [ 50%] [32mBuilding CXX object CMakeFiles/servo_keyboard_input.dir/src/servo_keyboard_input.cpp.o[0m
[4.744s] [100%] [32m[1mLinking CXX executable servo_keyboard_input[0m
[4.858s] [100%] Built target servo_keyboard_input
[4.870s] Invoked command in '/home/ram/melfa_ros2/build/melfa_rv8crl_moveit_config' returned '0': AMENT_PREFIX_PATH=/home/ram/melfa_ros2/install/melfa_description:/home/ram/melfa_ros2/install/xacro:${AMENT_PREFIX_PATH} CMAKE_PREFIX_PATH=/home/ram/melfa_ros2/install/melfa_description:/home/ram/melfa_ros2/install/xacro:/home/ram/cognipilot/cranium/install/synapse_ros:/home/ram/cognipilot/cranium/install/synapse_gz:/home/ram/cognipilot/cranium/install/synapse_tinyframe:/home/ram/cognipilot/cranium/install/synapse_protobuf:/home/ram/cognipilot/cranium/install/corti:/home/ram/cognipilot/cranium/install/synapse_msgs:/home/ram/cognipilot/cranium/install/dream_world:/home/ram/cognipilot/cranium/install/cerebri_bringup:/home/ram/cognipilot/cranium/install/b3rb_simulator:/home/ram/cognipilot/cranium/install/b3rb_desktop:/home/ram/cognipilot/cranium/install/b3rb_rviz:/home/ram/cognipilot/cranium/install/b3rb_nav2:/home/ram/cognipilot/cranium/install/b3rb_gz_resource:/home/ram/cognipilot/cranium/install/b3rb_gz_bringup:/home/ram/cognipilot/cranium/install/b3rb_description:/home/ram/cognipilot/electrode/install/electrode:/home/ram/cognipilot/cranium/install/b3rb_ros_line_follower:/opt/ros/humble PATH=/home/ram/melfa_ros2/install/xacro/bin:${PATH} PYTHONPATH=/home/ram/melfa_ros2/install/xacro/local/lib/python3.10/dist-packages:${PYTHONPATH} /usr/bin/cmake --build /home/ram/melfa_ros2/build/melfa_rv8crl_moveit_config -- -j16 -l16
[4.872s] Invoking command in '/home/ram/melfa_ros2/build/melfa_rv8crl_moveit_config': AMENT_PREFIX_PATH=/home/ram/melfa_ros2/install/melfa_description:/home/ram/melfa_ros2/install/xacro:${AMENT_PREFIX_PATH} CMAKE_PREFIX_PATH=/home/ram/melfa_ros2/install/melfa_description:/home/ram/melfa_ros2/install/xacro:/home/ram/cognipilot/cranium/install/synapse_ros:/home/ram/cognipilot/cranium/install/synapse_gz:/home/ram/cognipilot/cranium/install/synapse_tinyframe:/home/ram/cognipilot/cranium/install/synapse_protobuf:/home/ram/cognipilot/cranium/install/corti:/home/ram/cognipilot/cranium/install/synapse_msgs:/home/ram/cognipilot/cranium/install/dream_world:/home/ram/cognipilot/cranium/install/cerebri_bringup:/home/ram/cognipilot/cranium/install/b3rb_simulator:/home/ram/cognipilot/cranium/install/b3rb_desktop:/home/ram/cognipilot/cranium/install/b3rb_rviz:/home/ram/cognipilot/cranium/install/b3rb_nav2:/home/ram/cognipilot/cranium/install/b3rb_gz_resource:/home/ram/cognipilot/cranium/install/b3rb_gz_bringup:/home/ram/cognipilot/cranium/install/b3rb_description:/home/ram/cognipilot/electrode/install/electrode:/home/ram/cognipilot/cranium/install/b3rb_ros_line_follower:/opt/ros/humble PATH=/home/ram/melfa_ros2/install/xacro/bin:${PATH} PYTHONPATH=/home/ram/melfa_ros2/install/xacro/local/lib/python3.10/dist-packages:${PYTHONPATH} /usr/bin/cmake --install /home/ram/melfa_ros2/build/melfa_rv8crl_moveit_config
[4.885s] -- Install configuration: "Release"
[4.885s] -- Up-to-date: /home/ram/melfa_ros2/install/melfa_rv8crl_moveit_config/share/ament_index/resource_index/package_run_dependencies/melfa_rv8crl_moveit_config
[4.885s] -- Up-to-date: /home/ram/melfa_ros2/install/melfa_rv8crl_moveit_config/share/ament_index/resource_index/parent_prefix_path/melfa_rv8crl_moveit_config
[4.885s] -- Up-to-date: /home/ram/melfa_ros2/install/melfa_rv8crl_moveit_config/share/melfa_rv8crl_moveit_config/environment/ament_prefix_path.sh
[4.885s] -- Installing: /home/ram/melfa_ros2/install/melfa_rv8crl_moveit_config/share/melfa_rv8crl_moveit_config/environment/ament_prefix_path.dsv
[4.886s] -- Up-to-date: /home/ram/melfa_ros2/install/melfa_rv8crl_moveit_config/share/melfa_rv8crl_moveit_config/environment/path.sh
[4.886s] -- Installing: /home/ram/melfa_ros2/install/melfa_rv8crl_moveit_config/share/melfa_rv8crl_moveit_config/environment/path.dsv
[4.886s] -- Up-to-date: /home/ram/melfa_ros2/install/melfa_rv8crl_moveit_config/share/melfa_rv8crl_moveit_config/local_setup.bash
[4.886s] -- Up-to-date: /home/ram/melfa_ros2/install/melfa_rv8crl_moveit_config/share/melfa_rv8crl_moveit_config/local_setup.sh
[4.886s] -- Up-to-date: /home/ram/melfa_ros2/install/melfa_rv8crl_moveit_config/share/melfa_rv8crl_moveit_config/local_setup.zsh
[4.886s] -- Installing: /home/ram/melfa_ros2/install/melfa_rv8crl_moveit_config/share/melfa_rv8crl_moveit_config/local_setup.dsv
[4.886s] -- Installing: /home/ram/melfa_ros2/install/melfa_rv8crl_moveit_config/share/melfa_rv8crl_moveit_config/package.dsv
[4.887s] -- Up-to-date: /home/ram/melfa_ros2/install/melfa_rv8crl_moveit_config/share/ament_index/resource_index/packages/melfa_rv8crl_moveit_config
[4.887s] -- Up-to-date: /home/ram/melfa_ros2/install/melfa_rv8crl_moveit_config/share/melfa_rv8crl_moveit_config/cmake/melfa_rv8crl_moveit_configConfig.cmake
[4.887s] -- Up-to-date: /home/ram/melfa_ros2/install/melfa_rv8crl_moveit_config/share/melfa_rv8crl_moveit_config/cmake/melfa_rv8crl_moveit_configConfig-version.cmake
[4.887s] -- Up-to-date: /home/ram/melfa_ros2/install/melfa_rv8crl_moveit_config/share/melfa_rv8crl_moveit_config/package.xml
[4.888s] -- Up-to-date: /home/ram/melfa_ros2/install/melfa_rv8crl_moveit_config/share/melfa_rv8crl_moveit_config/launch
[4.888s] -- Up-to-date: /home/ram/melfa_ros2/install/melfa_rv8crl_moveit_config/share/melfa_rv8crl_moveit_config/launch/rv8crl_moveit.launch.py
[4.888s] -- Up-to-date: /home/ram/melfa_ros2/install/melfa_rv8crl_moveit_config/share/melfa_rv8crl_moveit_config/launch/moveit_rviz.launch.py
[4.888s] -- Up-to-date: /home/ram/melfa_ros2/install/melfa_rv8crl_moveit_config/share/melfa_rv8crl_moveit_config/launch/spawn_controllers.launch.py
[4.888s] -- Up-to-date: /home/ram/melfa_ros2/install/melfa_rv8crl_moveit_config/share/melfa_rv8crl_moveit_config/launch/setup_assistant.launch.py
[4.888s] -- Up-to-date: /home/ram/melfa_ros2/install/melfa_rv8crl_moveit_config/share/melfa_rv8crl_moveit_config/launch/static_virtual_joint_tfs.launch.py
[4.888s] -- Up-to-date: /home/ram/melfa_ros2/install/melfa_rv8crl_moveit_config/share/melfa_rv8crl_moveit_config/launch/demo.launch.py
[4.888s] -- Up-to-date: /home/ram/melfa_ros2/install/melfa_rv8crl_moveit_config/share/melfa_rv8crl_moveit_config/launch/warehouse_db.launch.py
[4.888s] -- Up-to-date: /home/ram/melfa_ros2/install/melfa_rv8crl_moveit_config/share/melfa_rv8crl_moveit_config/launch/move_group.launch.py
[4.888s] -- Up-to-date: /home/ram/melfa_ros2/install/melfa_rv8crl_moveit_config/share/melfa_rv8crl_moveit_config/launch/rsp.launch.py
[4.888s] -- Up-to-date: /home/ram/melfa_ros2/install/melfa_rv8crl_moveit_config/share/melfa_rv8crl_moveit_config/config
[4.888s] -- Up-to-date: /home/ram/melfa_ros2/install/melfa_rv8crl_moveit_config/share/melfa_rv8crl_moveit_config/config/rv8crl_servo.yaml
[4.888s] -- Up-to-date: /home/ram/melfa_ros2/install/melfa_rv8crl_moveit_config/share/melfa_rv8crl_moveit_config/config/rv8crl.srdf
[4.888s] -- Up-to-date: /home/ram/melfa_ros2/install/melfa_rv8crl_moveit_config/share/melfa_rv8crl_moveit_config/config/rv8crl.ros2_control.xacro
[4.889s] -- Up-to-date: /home/ram/melfa_ros2/install/melfa_rv8crl_moveit_config/share/melfa_rv8crl_moveit_config/config/ompl_planning.yaml
[4.889s] -- Up-to-date: /home/ram/melfa_ros2/install/melfa_rv8crl_moveit_config/share/melfa_rv8crl_moveit_config/config/moveit_controllers.yaml
[4.889s] -- Up-to-date: /home/ram/melfa_ros2/install/melfa_rv8crl_moveit_config/share/melfa_rv8crl_moveit_config/config/rv8crl_macro.srdf.xacro
[4.889s] -- Up-to-date: /home/ram/melfa_ros2/install/melfa_rv8crl_moveit_config/share/melfa_rv8crl_moveit_config/config/initial_positions.yaml
[4.889s] -- Up-to-date: /home/ram/melfa_ros2/install/melfa_rv8crl_moveit_config/share/melfa_rv8crl_moveit_config/config/moveit.rviz
[4.889s] -- Up-to-date: /home/ram/melfa_ros2/install/melfa_rv8crl_moveit_config/share/melfa_rv8crl_moveit_config/config/stomp_planning.yaml
[4.889s] -- Up-to-date: /home/ram/melfa_ros2/install/melfa_rv8crl_moveit_config/share/melfa_rv8crl_moveit_config/config/kinematics.yaml
[4.889s] -- Up-to-date: /home/ram/melfa_ros2/install/melfa_rv8crl_moveit_config/share/melfa_rv8crl_moveit_config/config/rv8crl.srdf.xacro
[4.889s] -- Up-to-date: /home/ram/melfa_ros2/install/melfa_rv8crl_moveit_config/share/melfa_rv8crl_moveit_config/config/rv8crl.urdf.xacro
[4.889s] -- Up-to-date: /home/ram/melfa_ros2/install/melfa_rv8crl_moveit_config/share/melfa_rv8crl_moveit_config/config/pilz_cartesian_limits.yaml
[4.889s] -- Up-to-date: /home/ram/melfa_ros2/install/melfa_rv8crl_moveit_config/share/melfa_rv8crl_moveit_config/config/joint_limits.yaml
[4.889s] -- Up-to-date: /home/ram/melfa_ros2/install/melfa_rv8crl_moveit_config/share/melfa_rv8crl_moveit_config/config/pilz_industrial_motion_planner_planning.yaml
[4.889s] -- Up-to-date: /home/ram/melfa_ros2/install/melfa_rv8crl_moveit_config/share/melfa_rv8crl_moveit_config/config/chomp_planning.yaml
[4.889s] -- Up-to-date: /home/ram/melfa_ros2/install/melfa_rv8crl_moveit_config/share/melfa_rv8crl_moveit_config/rviz
[4.890s] -- Up-to-date: /home/ram/melfa_ros2/install/melfa_rv8crl_moveit_config/share/melfa_rv8crl_moveit_config/rviz/rv8crl_moveit.rviz
[4.890s] -- Up-to-date: /home/ram/melfa_ros2/install/melfa_rv8crl_moveit_config/share/melfa_rv8crl_moveit_config/.setup_assistant
[4.890s] -- Installing: /home/ram/melfa_ros2/install/melfa_rv8crl_moveit_config/lib/melfa_rv8crl_moveit_config/servo_keyboard_input
[4.890s] -- Set runtime path of "/home/ram/melfa_ros2/install/melfa_rv8crl_moveit_config/lib/melfa_rv8crl_moveit_config/servo_keyboard_input" to ""
[4.893s] Invoked command in '/home/ram/melfa_ros2/build/melfa_rv8crl_moveit_config' returned '0': AMENT_PREFIX_PATH=/home/ram/melfa_ros2/install/melfa_description:/home/ram/melfa_ros2/install/xacro:${AMENT_PREFIX_PATH} CMAKE_PREFIX_PATH=/home/ram/melfa_ros2/install/melfa_description:/home/ram/melfa_ros2/install/xacro:/home/ram/cognipilot/cranium/install/synapse_ros:/home/ram/cognipilot/cranium/install/synapse_gz:/home/ram/cognipilot/cranium/install/synapse_tinyframe:/home/ram/cognipilot/cranium/install/synapse_protobuf:/home/ram/cognipilot/cranium/install/corti:/home/ram/cognipilot/cranium/install/synapse_msgs:/home/ram/cognipilot/cranium/install/dream_world:/home/ram/cognipilot/cranium/install/cerebri_bringup:/home/ram/cognipilot/cranium/install/b3rb_simulator:/home/ram/cognipilot/cranium/install/b3rb_desktop:/home/ram/cognipilot/cranium/install/b3rb_rviz:/home/ram/cognipilot/cranium/install/b3rb_nav2:/home/ram/cognipilot/cranium/install/b3rb_gz_resource:/home/ram/cognipilot/cranium/install/b3rb_gz_bringup:/home/ram/cognipilot/cranium/install/b3rb_description:/home/ram/cognipilot/electrode/install/electrode:/home/ram/cognipilot/cranium/install/b3rb_ros_line_follower:/opt/ros/humble PATH=/home/ram/melfa_ros2/install/xacro/bin:${PATH} PYTHONPATH=/home/ram/melfa_ros2/install/xacro/local/lib/python3.10/dist-packages:${PYTHONPATH} /usr/bin/cmake --install /home/ram/melfa_ros2/build/melfa_rv8crl_moveit_config
