[01m[K/home/ram/melfa_ros2/src/melfa_ros2_driver/melfa_driver/src/hardware_interface.cpp:[m[K In member function ‘[01m[Kvirtual hardware_interface::CallbackReturn melfa_driver::MELFAPositionHardwareInterface::on_activate(const rclcpp_lifecycle::State&)[m[K’:
[01m[K/home/ram/melfa_ros2/src/melfa_ros2_driver/melfa_driver/src/hardware_interface.cpp:205:76:[m[K [01;35m[Kwarning: [m[Kunused parameter ‘[01m[Kprevious_state[m[K’ [[01;35m[K-Wunused-parameter[m[K]
  205 | MELFAPositionHardwareInterface::on_activate([01;35m[Kconst rclcpp_lifecycle::State& previous_state[m[K)
      |                                             [01;35m[K~~~~~~~~~~~~~~~~~~~~~~~~~~~~~~~^~~~~~~~~~~~~~[m[K
[01m[K/home/ram/melfa_ros2/src/melfa_ros2_driver/melfa_driver/src/hardware_interface.cpp:[m[K In member function ‘[01m[Kvirtual hardware_interface::CallbackReturn melfa_driver::MELFAPositionHardwareInterface::on_deactivate(const rclcpp_lifecycle::State&)[m[K’:
[01m[K/home/ram/melfa_ros2/src/melfa_ros2_driver/melfa_driver/src/hardware_interface.cpp:364:78:[m[K [01;35m[Kwarning: [m[Kunused parameter ‘[01m[Kprevious_state[m[K’ [[01;35m[K-Wunused-parameter[m[K]
  364 | MELFAPositionHardwareInterface::on_deactivate([01;35m[Kconst rclcpp_lifecycle::State& previous_state[m[K)
      |                                               [01;35m[K~~~~~~~~~~~~~~~~~~~~~~~~~~~~~~~^~~~~~~~~~~~~~[m[K
[01m[K/home/ram/melfa_ros2/src/melfa_ros2_driver/melfa_driver/src/hardware_interface.cpp:[m[K In member function ‘[01m[Kvirtual hardware_interface::return_type melfa_driver::MELFAPositionHardwareInterface::read(const rclcpp::Time&, const rclcpp::Duration&)[m[K’:
[01m[K/home/ram/melfa_ros2/src/melfa_ros2_driver/melfa_driver/src/hardware_interface.cpp:527:90:[m[K [01;35m[Kwarning: [m[Kunused parameter ‘[01m[Ktime[m[K’ [[01;35m[K-Wunused-parameter[m[K]
  527 | hardware_interface::return_type MELFAPositionHardwareInterface::read([01;35m[Kconst rclcpp::Time& time[m[K,
      |                                                                      [01;35m[K~~~~~~~~~~~~~~~~~~~~^~~~[m[K
[01m[K/home/ram/melfa_ros2/src/melfa_ros2_driver/melfa_driver/src/hardware_interface.cpp:528:94:[m[K [01;35m[Kwarning: [m[Kunused parameter ‘[01m[Kperiod[m[K’ [[01;35m[K-Wunused-parameter[m[K]
  528 |                                                                      [01;35m[Kconst rclcpp::Duration& period[m[K)
      |                                                                      [01;35m[K~~~~~~~~~~~~~~~~~~~~~~~~^~~~~~[m[K
[01m[K/home/ram/melfa_ros2/src/melfa_ros2_driver/melfa_driver/src/hardware_interface.cpp:[m[K In member function ‘[01m[Kvirtual hardware_interface::return_type melfa_driver::MELFAPositionHardwareInterface::write(const rclcpp::Time&, const rclcpp::Duration&)[m[K’:
[01m[K/home/ram/melfa_ros2/src/melfa_ros2_driver/melfa_driver/src/hardware_interface.cpp:702:91:[m[K [01;35m[Kwarning: [m[Kunused parameter ‘[01m[Ktime[m[K’ [[01;35m[K-Wunused-parameter[m[K]
  702 | hardware_interface::return_type MELFAPositionHardwareInterface::write([01;35m[Kconst rclcpp::Time& time[m[K,
      |                                                                       [01;35m[K~~~~~~~~~~~~~~~~~~~~^~~~[m[K
[01m[K/home/ram/melfa_ros2/src/melfa_ros2_driver/melfa_driver/src/hardware_interface.cpp:703:95:[m[K [01;35m[Kwarning: [m[Kunused parameter ‘[01m[Kperiod[m[K’ [[01;35m[K-Wunused-parameter[m[K]
  703 |                                                                       [01;35m[Kconst rclcpp::Duration& period[m[K)
      |                                                                       [01;35m[K~~~~~~~~~~~~~~~~~~~~~~~~^~~~~~[m[K
