-- The C compiler identification is GNU 11.4.0
-- The CXX compiler identification is GNU 11.4.0
-- Detecting C compiler ABI info
-- Detecting C compiler ABI info - done
-- Check for working C compiler: /usr/lib/ccache/cc - skipped
-- Detecting C compile features
-- Detecting C compile features - done
-- Detecting CXX compiler ABI info
-- Detecting CXX compiler ABI info - done
-- Check for working CXX compiler: /usr/lib/ccache/c++ - skipped
-- Detecting CXX compile features
-- Detecting CXX compile features - done
-- Found ament_cmake: 1.3.14 (/opt/ros/humble/share/ament_cmake/cmake)
-- Found Python3: /usr/bin/python3 (found version "3.10.12") found components: Interpreter 
-- Found hardware_interface: 2.54.0 (/opt/ros/humble/share/hardware_interface/cmake)
-- Found rosidl_generator_c: 3.1.9 (/opt/ros/humble/share/rosidl_generator_c/cmake)
-- Found rosidl_adapter: 3.1.9 (/opt/ros/humble/share/rosidl_adapter/cmake)
-- Found rosidl_generator_cpp: 3.1.9 (/opt/ros/humble/share/rosidl_generator_cpp/cmake)
-- Using all available rosidl_typesupport_c: rosidl_typesupport_fastrtps_c;rosidl_typesupport_introspection_c
-- Using all available rosidl_typesupport_cpp: rosidl_typesupport_fastrtps_cpp;rosidl_typesupport_introspection_cpp
-- Found rmw_implementation_cmake: 6.1.2 (/opt/ros/humble/share/rmw_implementation_cmake/cmake)
-- Found rmw_cyclonedds_cpp: 1.3.4 (/opt/ros/humble/share/rmw_cyclonedds_cpp/cmake)
-- Using RMW implementation 'rmw_cyclonedds_cpp' as default
-- Looking for pthread.h
-- Looking for pthread.h - found
-- Performing Test CMAKE_HAVE_LIBC_PTHREAD
-- Performing Test CMAKE_HAVE_LIBC_PTHREAD - Success
-- Found Threads: TRUE  
-- Found generate_parameter_library: 0.7.4 (/opt/ros/humble/share/generate_parameter_library/cmake)
-- Found parameter_traits: 0.7.4 (/opt/ros/humble/share/parameter_traits/cmake)
-- Found yaml_cpp_vendor: 8.0.2 (/opt/ros/humble/share/yaml_cpp_vendor/cmake)
-- Found ament_lint_auto: 0.12.15 (/opt/ros/humble/share/ament_lint_auto/cmake)
-- Added test 'cppcheck' to perform static code analysis on C / C++ code
-- Configured cppcheck include dirs: /home/ram/melfa_ros2/src/melfa_ros2_driver/melfa_driver/include
-- Configured cppcheck exclude dirs and/or files: 
-- Added test 'lint_cmake' to check CMake code style
-- Added test 'uncrustify' to check C / C++ code style
-- Configured uncrustify additional arguments: 
-- Added test 'xmllint' to check XML markup files
-- Configuring done
-- Generating done
-- Build files have been written to: /home/ram/melfa_ros2/build/melfa_driver
[ 33%] [32mBuilding CXX object CMakeFiles/melfa_driver.dir/src/melfa_rt_exc.cpp.o[0m
[ 66%] [32mBuilding CXX object CMakeFiles/melfa_driver.dir/src/hardware_interface.cpp.o[0m
[01m[K/home/ram/melfa_ros2/src/melfa_ros2_driver/melfa_driver/src/hardware_interface.cpp:[m[K In member function ‘[01m[Kvirtual hardware_interface::CallbackReturn melfa_driver::MELFAPositionHardwareInterface::on_activate(const rclcpp_lifecycle::State&)[m[K’:
[01m[K/home/ram/melfa_ros2/src/melfa_ros2_driver/melfa_driver/src/hardware_interface.cpp:205:76:[m[K [01;35m[Kwarning: [m[Kunused parameter ‘[01m[Kprevious_state[m[K’ [[01;35m[K-Wunused-parameter[m[K]
  205 | MELFAPositionHardwareInterface::on_activate([01;35m[Kconst rclcpp_lifecycle::State& previous_state[m[K)
      |                                             [01;35m[K~~~~~~~~~~~~~~~~~~~~~~~~~~~~~~~^~~~~~~~~~~~~~[m[K
[01m[K/home/ram/melfa_ros2/src/melfa_ros2_driver/melfa_driver/src/hardware_interface.cpp:[m[K In member function ‘[01m[Kvirtual hardware_interface::CallbackReturn melfa_driver::MELFAPositionHardwareInterface::on_deactivate(const rclcpp_lifecycle::State&)[m[K’:
[01m[K/home/ram/melfa_ros2/src/melfa_ros2_driver/melfa_driver/src/hardware_interface.cpp:364:78:[m[K [01;35m[Kwarning: [m[Kunused parameter ‘[01m[Kprevious_state[m[K’ [[01;35m[K-Wunused-parameter[m[K]
  364 | MELFAPositionHardwareInterface::on_deactivate([01;35m[Kconst rclcpp_lifecycle::State& previous_state[m[K)
      |                                               [01;35m[K~~~~~~~~~~~~~~~~~~~~~~~~~~~~~~~^~~~~~~~~~~~~~[m[K
[01m[K/home/ram/melfa_ros2/src/melfa_ros2_driver/melfa_driver/src/hardware_interface.cpp:[m[K In member function ‘[01m[Kvirtual hardware_interface::return_type melfa_driver::MELFAPositionHardwareInterface::read(const rclcpp::Time&, const rclcpp::Duration&)[m[K’:
[01m[K/home/ram/melfa_ros2/src/melfa_ros2_driver/melfa_driver/src/hardware_interface.cpp:527:90:[m[K [01;35m[Kwarning: [m[Kunused parameter ‘[01m[Ktime[m[K’ [[01;35m[K-Wunused-parameter[m[K]
  527 | hardware_interface::return_type MELFAPositionHardwareInterface::read([01;35m[Kconst rclcpp::Time& time[m[K,
      |                                                                      [01;35m[K~~~~~~~~~~~~~~~~~~~~^~~~[m[K
[01m[K/home/ram/melfa_ros2/src/melfa_ros2_driver/melfa_driver/src/hardware_interface.cpp:528:94:[m[K [01;35m[Kwarning: [m[Kunused parameter ‘[01m[Kperiod[m[K’ [[01;35m[K-Wunused-parameter[m[K]
  528 |                                                                      [01;35m[Kconst rclcpp::Duration& period[m[K)
      |                                                                      [01;35m[K~~~~~~~~~~~~~~~~~~~~~~~~^~~~~~[m[K
[01m[K/home/ram/melfa_ros2/src/melfa_ros2_driver/melfa_driver/src/hardware_interface.cpp:[m[K In member function ‘[01m[Kvirtual hardware_interface::return_type melfa_driver::MELFAPositionHardwareInterface::write(const rclcpp::Time&, const rclcpp::Duration&)[m[K’:
[01m[K/home/ram/melfa_ros2/src/melfa_ros2_driver/melfa_driver/src/hardware_interface.cpp:702:91:[m[K [01;35m[Kwarning: [m[Kunused parameter ‘[01m[Ktime[m[K’ [[01;35m[K-Wunused-parameter[m[K]
  702 | hardware_interface::return_type MELFAPositionHardwareInterface::write([01;35m[Kconst rclcpp::Time& time[m[K,
      |                                                                       [01;35m[K~~~~~~~~~~~~~~~~~~~~^~~~[m[K
[01m[K/home/ram/melfa_ros2/src/melfa_ros2_driver/melfa_driver/src/hardware_interface.cpp:703:95:[m[K [01;35m[Kwarning: [m[Kunused parameter ‘[01m[Kperiod[m[K’ [[01;35m[K-Wunused-parameter[m[K]
  703 |                                                                       [01;35m[Kconst rclcpp::Duration& period[m[K)
      |                                                                       [01;35m[K~~~~~~~~~~~~~~~~~~~~~~~~^~~~~~[m[K
[100%] [32m[1mLinking CXX shared library libmelfa_driver.so[0m
[100%] Built target melfa_driver
-- Install configuration: ""
-- Installing: /home/ram/melfa_ros2/install/melfa_driver/share/melfa_driver/melfa_driver.xml
-- Installing: /home/ram/melfa_ros2/install/melfa_driver/lib/libmelfa_driver.so
-- Set runtime path of "/home/ram/melfa_ros2/install/melfa_driver/lib/libmelfa_driver.so" to ""
-- Installing: /home/ram/melfa_ros2/install/melfa_driver/include
-- Installing: /home/ram/melfa_ros2/install/melfa_driver/include/melfa_driver
-- Installing: /home/ram/melfa_ros2/install/melfa_driver/include/melfa_driver/rt_exc_def.hpp
-- Installing: /home/ram/melfa_ros2/install/melfa_driver/include/melfa_driver/melfa_rt_exc.hpp
-- Installing: /home/ram/melfa_ros2/install/melfa_driver/include/melfa_driver/hardware_interface.hpp
-- Installing: /home/ram/melfa_ros2/install/melfa_driver/include/melfa_driver/visibility_control.h
-- Installing: /home/ram/melfa_ros2/install/melfa_driver/share/melfa_driver/environment/library_path.sh
-- Installing: /home/ram/melfa_ros2/install/melfa_driver/share/melfa_driver/environment/library_path.dsv
-- Installing: /home/ram/melfa_ros2/install/melfa_driver/share/ament_index/resource_index/package_run_dependencies/melfa_driver
-- Installing: /home/ram/melfa_ros2/install/melfa_driver/share/ament_index/resource_index/parent_prefix_path/melfa_driver
-- Installing: /home/ram/melfa_ros2/install/melfa_driver/share/melfa_driver/environment/ament_prefix_path.sh
-- Installing: /home/ram/melfa_ros2/install/melfa_driver/share/melfa_driver/environment/ament_prefix_path.dsv
-- Installing: /home/ram/melfa_ros2/install/melfa_driver/share/melfa_driver/environment/path.sh
-- Installing: /home/ram/melfa_ros2/install/melfa_driver/share/melfa_driver/environment/path.dsv
-- Installing: /home/ram/melfa_ros2/install/melfa_driver/share/melfa_driver/local_setup.bash
-- Installing: /home/ram/melfa_ros2/install/melfa_driver/share/melfa_driver/local_setup.sh
-- Installing: /home/ram/melfa_ros2/install/melfa_driver/share/melfa_driver/local_setup.zsh
-- Installing: /home/ram/melfa_ros2/install/melfa_driver/share/melfa_driver/local_setup.dsv
-- Installing: /home/ram/melfa_ros2/install/melfa_driver/share/melfa_driver/package.dsv
-- Installing: /home/ram/melfa_ros2/install/melfa_driver/share/ament_index/resource_index/packages/melfa_driver
-- Installing: /home/ram/melfa_ros2/install/melfa_driver/share/ament_index/resource_index/hardware_interface__pluginlib__plugin/melfa_driver
-- Installing: /home/ram/melfa_ros2/install/melfa_driver/share/melfa_driver/cmake/ament_cmake_export_include_directories-extras.cmake
-- Installing: /home/ram/melfa_ros2/install/melfa_driver/share/melfa_driver/cmake/ament_cmake_export_libraries-extras.cmake
-- Installing: /home/ram/melfa_ros2/install/melfa_driver/share/melfa_driver/cmake/ament_cmake_export_dependencies-extras.cmake
-- Installing: /home/ram/melfa_ros2/install/melfa_driver/share/melfa_driver/cmake/melfa_driverConfig.cmake
-- Installing: /home/ram/melfa_ros2/install/melfa_driver/share/melfa_driver/cmake/melfa_driverConfig-version.cmake
-- Installing: /home/ram/melfa_ros2/install/melfa_driver/share/melfa_driver/package.xml
