[0.087s] Invoking command in '/home/ram/melfa_ros2/build/melfa_driver': AMENT_PREFIX_PATH=/home/ram/melfa_ros2/install/melfa_description:/home/ram/melfa_ros2/install/melfa_bringup:/home/ram/melfa_ros2/install/xacro:${AMENT_PREFIX_PATH} CMAKE_PREFIX_PATH=/home/ram/melfa_ros2/install/melfa_description:/home/ram/melfa_ros2/install/melfa_bringup:/home/ram/melfa_ros2/install/xacro:/home/ram/cognipilot/cranium/install/synapse_ros:/home/ram/cognipilot/cranium/install/synapse_gz:/home/ram/cognipilot/cranium/install/synapse_tinyframe:/home/ram/cognipilot/cranium/install/synapse_protobuf:/home/ram/cognipilot/cranium/install/corti:/home/ram/cognipilot/cranium/install/synapse_msgs:/home/ram/cognipilot/cranium/install/dream_world:/home/ram/cognipilot/cranium/install/cerebri_bringup:/home/ram/cognipilot/cranium/install/b3rb_simulator:/home/ram/cognipilot/cranium/install/b3rb_desktop:/home/ram/cognipilot/cranium/install/b3rb_rviz:/home/ram/cognipilot/cranium/install/b3rb_nav2:/home/ram/cognipilot/cranium/install/b3rb_gz_resource:/home/ram/cognipilot/cranium/install/b3rb_gz_bringup:/home/ram/cognipilot/cranium/install/b3rb_description:/home/ram/cognipilot/electrode/install/electrode:/home/ram/cognipilot/cranium/install/b3rb_ros_line_follower:/opt/ros/humble PATH=/home/ram/melfa_ros2/install/xacro/bin:${PATH} PYTHONPATH=/home/ram/melfa_ros2/install/xacro/local/lib/python3.10/dist-packages:${PYTHONPATH} /usr/bin/cmake /home/ram/melfa_ros2/src/melfa_ros2_driver/melfa_driver -DCMAKE_INSTALL_PREFIX=/home/ram/melfa_ros2/install/melfa_driver
[0.176s] -- The C compiler identification is GNU 11.4.0
[0.336s] -- The CXX compiler identification is GNU 11.4.0
[0.354s] -- Detecting C compiler ABI info
[0.482s] -- Detecting C compiler ABI info - done
[0.500s] -- Check for working C compiler: /usr/lib/ccache/cc - skipped
[0.500s] -- Detecting C compile features
[0.503s] -- Detecting C compile features - done
[0.508s] -- Detecting CXX compiler ABI info
[0.671s] -- Detecting CXX compiler ABI info - done
[0.686s] -- Check for working CXX compiler: /usr/lib/ccache/c++ - skipped
[0.686s] -- Detecting CXX compile features
[0.686s] -- Detecting CXX compile features - done
[0.692s] -- Found ament_cmake: 1.3.14 (/opt/ros/humble/share/ament_cmake/cmake)
[1.423s] -- Found Python3: /usr/bin/python3 (found version "3.10.12") found components: Interpreter 
[1.564s] -- Found hardware_interface: 2.54.0 (/opt/ros/humble/share/hardware_interface/cmake)
[1.625s] -- Found rosidl_generator_c: 3.1.9 (/opt/ros/humble/share/rosidl_generator_c/cmake)
[1.631s] -- Found rosidl_adapter: 3.1.9 (/opt/ros/humble/share/rosidl_adapter/cmake)
[1.639s] -- Found rosidl_generator_cpp: 3.1.9 (/opt/ros/humble/share/rosidl_generator_cpp/cmake)
[1.651s] -- Using all available rosidl_typesupport_c: rosidl_typesupport_fastrtps_c;rosidl_typesupport_introspection_c
[1.666s] -- Using all available rosidl_typesupport_cpp: rosidl_typesupport_fastrtps_cpp;rosidl_typesupport_introspection_cpp
[1.931s] -- Found rmw_implementation_cmake: 6.1.2 (/opt/ros/humble/share/rmw_implementation_cmake/cmake)
[1.934s] -- Found rmw_cyclonedds_cpp: 1.3.4 (/opt/ros/humble/share/rmw_cyclonedds_cpp/cmake)
[1.972s] -- Using RMW implementation 'rmw_cyclonedds_cpp' as default
[1.989s] -- Looking for pthread.h
[2.073s] -- Looking for pthread.h - found
[2.074s] -- Performing Test CMAKE_HAVE_LIBC_PTHREAD
[2.166s] -- Performing Test CMAKE_HAVE_LIBC_PTHREAD - Success
[2.167s] -- Found Threads: TRUE  
[2.240s] -- Found generate_parameter_library: 0.7.4 (/opt/ros/humble/share/generate_parameter_library/cmake)
[2.243s] -- Found parameter_traits: 0.7.4 (/opt/ros/humble/share/parameter_traits/cmake)
[2.277s] -- Found yaml_cpp_vendor: 8.0.2 (/opt/ros/humble/share/yaml_cpp_vendor/cmake)
[2.286s] -- Found ament_lint_auto: 0.12.15 (/opt/ros/humble/share/ament_lint_auto/cmake)
[2.428s] -- Added test 'cppcheck' to perform static code analysis on C / C++ code
[2.429s] -- Configured cppcheck include dirs: /home/ram/melfa_ros2/src/melfa_ros2_driver/melfa_driver/include
[2.429s] -- Configured cppcheck exclude dirs and/or files: 
[2.430s] -- Added test 'lint_cmake' to check CMake code style
[2.432s] -- Added test 'uncrustify' to check C / C++ code style
[2.432s] -- Configured uncrustify additional arguments: 
[2.432s] -- Added test 'xmllint' to check XML markup files
[2.433s] -- Configuring done
[2.443s] -- Generating done
[2.446s] -- Build files have been written to: /home/ram/melfa_ros2/build/melfa_driver
[2.461s] Invoked command in '/home/ram/melfa_ros2/build/melfa_driver' returned '0': AMENT_PREFIX_PATH=/home/ram/melfa_ros2/install/melfa_description:/home/ram/melfa_ros2/install/melfa_bringup:/home/ram/melfa_ros2/install/xacro:${AMENT_PREFIX_PATH} CMAKE_PREFIX_PATH=/home/ram/melfa_ros2/install/melfa_description:/home/ram/melfa_ros2/install/melfa_bringup:/home/ram/melfa_ros2/install/xacro:/home/ram/cognipilot/cranium/install/synapse_ros:/home/ram/cognipilot/cranium/install/synapse_gz:/home/ram/cognipilot/cranium/install/synapse_tinyframe:/home/ram/cognipilot/cranium/install/synapse_protobuf:/home/ram/cognipilot/cranium/install/corti:/home/ram/cognipilot/cranium/install/synapse_msgs:/home/ram/cognipilot/cranium/install/dream_world:/home/ram/cognipilot/cranium/install/cerebri_bringup:/home/ram/cognipilot/cranium/install/b3rb_simulator:/home/ram/cognipilot/cranium/install/b3rb_desktop:/home/ram/cognipilot/cranium/install/b3rb_rviz:/home/ram/cognipilot/cranium/install/b3rb_nav2:/home/ram/cognipilot/cranium/install/b3rb_gz_resource:/home/ram/cognipilot/cranium/install/b3rb_gz_bringup:/home/ram/cognipilot/cranium/install/b3rb_description:/home/ram/cognipilot/electrode/install/electrode:/home/ram/cognipilot/cranium/install/b3rb_ros_line_follower:/opt/ros/humble PATH=/home/ram/melfa_ros2/install/xacro/bin:${PATH} PYTHONPATH=/home/ram/melfa_ros2/install/xacro/local/lib/python3.10/dist-packages:${PYTHONPATH} /usr/bin/cmake /home/ram/melfa_ros2/src/melfa_ros2_driver/melfa_driver -DCMAKE_INSTALL_PREFIX=/home/ram/melfa_ros2/install/melfa_driver
[2.461s] Invoking command in '/home/ram/melfa_ros2/build/melfa_driver': AMENT_PREFIX_PATH=/home/ram/melfa_ros2/install/melfa_description:/home/ram/melfa_ros2/install/melfa_bringup:/home/ram/melfa_ros2/install/xacro:${AMENT_PREFIX_PATH} CMAKE_PREFIX_PATH=/home/ram/melfa_ros2/install/melfa_description:/home/ram/melfa_ros2/install/melfa_bringup:/home/ram/melfa_ros2/install/xacro:/home/ram/cognipilot/cranium/install/synapse_ros:/home/ram/cognipilot/cranium/install/synapse_gz:/home/ram/cognipilot/cranium/install/synapse_tinyframe:/home/ram/cognipilot/cranium/install/synapse_protobuf:/home/ram/cognipilot/cranium/install/corti:/home/ram/cognipilot/cranium/install/synapse_msgs:/home/ram/cognipilot/cranium/install/dream_world:/home/ram/cognipilot/cranium/install/cerebri_bringup:/home/ram/cognipilot/cranium/install/b3rb_simulator:/home/ram/cognipilot/cranium/install/b3rb_desktop:/home/ram/cognipilot/cranium/install/b3rb_rviz:/home/ram/cognipilot/cranium/install/b3rb_nav2:/home/ram/cognipilot/cranium/install/b3rb_gz_resource:/home/ram/cognipilot/cranium/install/b3rb_gz_bringup:/home/ram/cognipilot/cranium/install/b3rb_description:/home/ram/cognipilot/electrode/install/electrode:/home/ram/cognipilot/cranium/install/b3rb_ros_line_follower:/opt/ros/humble PATH=/home/ram/melfa_ros2/install/xacro/bin:${PATH} PYTHONPATH=/home/ram/melfa_ros2/install/xacro/local/lib/python3.10/dist-packages:${PYTHONPATH} /usr/bin/cmake --build /home/ram/melfa_ros2/build/melfa_driver -- -j16 -l16
[2.552s] [ 33%] [32mBuilding CXX object CMakeFiles/melfa_driver.dir/src/melfa_rt_exc.cpp.o[0m
[2.553s] [ 66%] [32mBuilding CXX object CMakeFiles/melfa_driver.dir/src/hardware_interface.cpp.o[0m
[7.437s] [01m[K/home/ram/melfa_ros2/src/melfa_ros2_driver/melfa_driver/src/hardware_interface.cpp:[m[K In member function ‘[01m[Kvirtual hardware_interface::CallbackReturn melfa_driver::MELFAPositionHardwareInterface::on_activate(const rclcpp_lifecycle::State&)[m[K’:
[7.437s] [01m[K/home/ram/melfa_ros2/src/melfa_ros2_driver/melfa_driver/src/hardware_interface.cpp:205:76:[m[K [01;35m[Kwarning: [m[Kunused parameter ‘[01m[Kprevious_state[m[K’ [[01;35m[K-Wunused-parameter[m[K]
[7.437s]   205 | MELFAPositionHardwareInterface::on_activate([01;35m[Kconst rclcpp_lifecycle::State& previous_state[m[K)
[7.437s]       |                                             [01;35m[K~~~~~~~~~~~~~~~~~~~~~~~~~~~~~~~^~~~~~~~~~~~~~[m[K
[7.438s] [01m[K/home/ram/melfa_ros2/src/melfa_ros2_driver/melfa_driver/src/hardware_interface.cpp:[m[K In member function ‘[01m[Kvirtual hardware_interface::CallbackReturn melfa_driver::MELFAPositionHardwareInterface::on_deactivate(const rclcpp_lifecycle::State&)[m[K’:
[7.438s] [01m[K/home/ram/melfa_ros2/src/melfa_ros2_driver/melfa_driver/src/hardware_interface.cpp:364:78:[m[K [01;35m[Kwarning: [m[Kunused parameter ‘[01m[Kprevious_state[m[K’ [[01;35m[K-Wunused-parameter[m[K]
[7.438s]   364 | MELFAPositionHardwareInterface::on_deactivate([01;35m[Kconst rclcpp_lifecycle::State& previous_state[m[K)
[7.438s]       |                                               [01;35m[K~~~~~~~~~~~~~~~~~~~~~~~~~~~~~~~^~~~~~~~~~~~~~[m[K
[7.438s] [01m[K/home/ram/melfa_ros2/src/melfa_ros2_driver/melfa_driver/src/hardware_interface.cpp:[m[K In member function ‘[01m[Kvirtual hardware_interface::return_type melfa_driver::MELFAPositionHardwareInterface::read(const rclcpp::Time&, const rclcpp::Duration&)[m[K’:
[7.438s] [01m[K/home/ram/melfa_ros2/src/melfa_ros2_driver/melfa_driver/src/hardware_interface.cpp:527:90:[m[K [01;35m[Kwarning: [m[Kunused parameter ‘[01m[Ktime[m[K’ [[01;35m[K-Wunused-parameter[m[K]
[7.438s]   527 | hardware_interface::return_type MELFAPositionHardwareInterface::read([01;35m[Kconst rclcpp::Time& time[m[K,
[7.438s]       |                                                                      [01;35m[K~~~~~~~~~~~~~~~~~~~~^~~~[m[K
[7.438s] [01m[K/home/ram/melfa_ros2/src/melfa_ros2_driver/melfa_driver/src/hardware_interface.cpp:528:94:[m[K [01;35m[Kwarning: [m[Kunused parameter ‘[01m[Kperiod[m[K’ [[01;35m[K-Wunused-parameter[m[K]
[7.438s]   528 |                                                                      [01;35m[Kconst rclcpp::Duration& period[m[K)
[7.438s]       |                                                                      [01;35m[K~~~~~~~~~~~~~~~~~~~~~~~~^~~~~~[m[K
[7.438s] [01m[K/home/ram/melfa_ros2/src/melfa_ros2_driver/melfa_driver/src/hardware_interface.cpp:[m[K In member function ‘[01m[Kvirtual hardware_interface::return_type melfa_driver::MELFAPositionHardwareInterface::write(const rclcpp::Time&, const rclcpp::Duration&)[m[K’:
[7.438s] [01m[K/home/ram/melfa_ros2/src/melfa_ros2_driver/melfa_driver/src/hardware_interface.cpp:702:91:[m[K [01;35m[Kwarning: [m[Kunused parameter ‘[01m[Ktime[m[K’ [[01;35m[K-Wunused-parameter[m[K]
[7.438s]   702 | hardware_interface::return_type MELFAPositionHardwareInterface::write([01;35m[Kconst rclcpp::Time& time[m[K,
[7.438s]       |                                                                       [01;35m[K~~~~~~~~~~~~~~~~~~~~^~~~[m[K
[7.438s] [01m[K/home/ram/melfa_ros2/src/melfa_ros2_driver/melfa_driver/src/hardware_interface.cpp:703:95:[m[K [01;35m[Kwarning: [m[Kunused parameter ‘[01m[Kperiod[m[K’ [[01;35m[K-Wunused-parameter[m[K]
[7.438s]   703 |                                                                       [01;35m[Kconst rclcpp::Duration& period[m[K)
[7.438s]       |                                                                       [01;35m[K~~~~~~~~~~~~~~~~~~~~~~~~^~~~~~[m[K
[7.446s] [100%] [32m[1mLinking CXX shared library libmelfa_driver.so[0m
[7.604s] [100%] Built target melfa_driver
[7.614s] Invoked command in '/home/ram/melfa_ros2/build/melfa_driver' returned '0': AMENT_PREFIX_PATH=/home/ram/melfa_ros2/install/melfa_description:/home/ram/melfa_ros2/install/melfa_bringup:/home/ram/melfa_ros2/install/xacro:${AMENT_PREFIX_PATH} CMAKE_PREFIX_PATH=/home/ram/melfa_ros2/install/melfa_description:/home/ram/melfa_ros2/install/melfa_bringup:/home/ram/melfa_ros2/install/xacro:/home/ram/cognipilot/cranium/install/synapse_ros:/home/ram/cognipilot/cranium/install/synapse_gz:/home/ram/cognipilot/cranium/install/synapse_tinyframe:/home/ram/cognipilot/cranium/install/synapse_protobuf:/home/ram/cognipilot/cranium/install/corti:/home/ram/cognipilot/cranium/install/synapse_msgs:/home/ram/cognipilot/cranium/install/dream_world:/home/ram/cognipilot/cranium/install/cerebri_bringup:/home/ram/cognipilot/cranium/install/b3rb_simulator:/home/ram/cognipilot/cranium/install/b3rb_desktop:/home/ram/cognipilot/cranium/install/b3rb_rviz:/home/ram/cognipilot/cranium/install/b3rb_nav2:/home/ram/cognipilot/cranium/install/b3rb_gz_resource:/home/ram/cognipilot/cranium/install/b3rb_gz_bringup:/home/ram/cognipilot/cranium/install/b3rb_description:/home/ram/cognipilot/electrode/install/electrode:/home/ram/cognipilot/cranium/install/b3rb_ros_line_follower:/opt/ros/humble PATH=/home/ram/melfa_ros2/install/xacro/bin:${PATH} PYTHONPATH=/home/ram/melfa_ros2/install/xacro/local/lib/python3.10/dist-packages:${PYTHONPATH} /usr/bin/cmake --build /home/ram/melfa_ros2/build/melfa_driver -- -j16 -l16
[7.615s] Invoking command in '/home/ram/melfa_ros2/build/melfa_driver': AMENT_PREFIX_PATH=/home/ram/melfa_ros2/install/melfa_description:/home/ram/melfa_ros2/install/melfa_bringup:/home/ram/melfa_ros2/install/xacro:${AMENT_PREFIX_PATH} CMAKE_PREFIX_PATH=/home/ram/melfa_ros2/install/melfa_description:/home/ram/melfa_ros2/install/melfa_bringup:/home/ram/melfa_ros2/install/xacro:/home/ram/cognipilot/cranium/install/synapse_ros:/home/ram/cognipilot/cranium/install/synapse_gz:/home/ram/cognipilot/cranium/install/synapse_tinyframe:/home/ram/cognipilot/cranium/install/synapse_protobuf:/home/ram/cognipilot/cranium/install/corti:/home/ram/cognipilot/cranium/install/synapse_msgs:/home/ram/cognipilot/cranium/install/dream_world:/home/ram/cognipilot/cranium/install/cerebri_bringup:/home/ram/cognipilot/cranium/install/b3rb_simulator:/home/ram/cognipilot/cranium/install/b3rb_desktop:/home/ram/cognipilot/cranium/install/b3rb_rviz:/home/ram/cognipilot/cranium/install/b3rb_nav2:/home/ram/cognipilot/cranium/install/b3rb_gz_resource:/home/ram/cognipilot/cranium/install/b3rb_gz_bringup:/home/ram/cognipilot/cranium/install/b3rb_description:/home/ram/cognipilot/electrode/install/electrode:/home/ram/cognipilot/cranium/install/b3rb_ros_line_follower:/opt/ros/humble PATH=/home/ram/melfa_ros2/install/xacro/bin:${PATH} PYTHONPATH=/home/ram/melfa_ros2/install/xacro/local/lib/python3.10/dist-packages:${PYTHONPATH} /usr/bin/cmake --install /home/ram/melfa_ros2/build/melfa_driver
[7.625s] -- Install configuration: ""
[7.625s] -- Installing: /home/ram/melfa_ros2/install/melfa_driver/share/melfa_driver/melfa_driver.xml
[7.625s] -- Installing: /home/ram/melfa_ros2/install/melfa_driver/lib/libmelfa_driver.so
[7.626s] -- Set runtime path of "/home/ram/melfa_ros2/install/melfa_driver/lib/libmelfa_driver.so" to ""
[7.627s] -- Installing: /home/ram/melfa_ros2/install/melfa_driver/include
[7.627s] -- Installing: /home/ram/melfa_ros2/install/melfa_driver/include/melfa_driver
[7.627s] -- Installing: /home/ram/melfa_ros2/install/melfa_driver/include/melfa_driver/rt_exc_def.hpp
[7.627s] -- Installing: /home/ram/melfa_ros2/install/melfa_driver/include/melfa_driver/melfa_rt_exc.hpp
[7.627s] -- Installing: /home/ram/melfa_ros2/install/melfa_driver/include/melfa_driver/hardware_interface.hpp
[7.627s] -- Installing: /home/ram/melfa_ros2/install/melfa_driver/include/melfa_driver/visibility_control.h
[7.627s] -- Installing: /home/ram/melfa_ros2/install/melfa_driver/share/melfa_driver/environment/library_path.sh
[7.627s] -- Installing: /home/ram/melfa_ros2/install/melfa_driver/share/melfa_driver/environment/library_path.dsv
[7.628s] -- Installing: /home/ram/melfa_ros2/install/melfa_driver/share/ament_index/resource_index/package_run_dependencies/melfa_driver
[7.628s] -- Installing: /home/ram/melfa_ros2/install/melfa_driver/share/ament_index/resource_index/parent_prefix_path/melfa_driver
[7.628s] -- Installing: /home/ram/melfa_ros2/install/melfa_driver/share/melfa_driver/environment/ament_prefix_path.sh
[7.628s] -- Installing: /home/ram/melfa_ros2/install/melfa_driver/share/melfa_driver/environment/ament_prefix_path.dsv
[7.628s] -- Installing: /home/ram/melfa_ros2/install/melfa_driver/share/melfa_driver/environment/path.sh
[7.628s] -- Installing: /home/ram/melfa_ros2/install/melfa_driver/share/melfa_driver/environment/path.dsv
[7.629s] -- Installing: /home/ram/melfa_ros2/install/melfa_driver/share/melfa_driver/local_setup.bash
[7.629s] -- Installing: /home/ram/melfa_ros2/install/melfa_driver/share/melfa_driver/local_setup.sh
[7.629s] -- Installing: /home/ram/melfa_ros2/install/melfa_driver/share/melfa_driver/local_setup.zsh
[7.629s] -- Installing: /home/ram/melfa_ros2/install/melfa_driver/share/melfa_driver/local_setup.dsv
[7.629s] -- Installing: /home/ram/melfa_ros2/install/melfa_driver/share/melfa_driver/package.dsv
[7.629s] -- Installing: /home/ram/melfa_ros2/install/melfa_driver/share/ament_index/resource_index/packages/melfa_driver
[7.629s] -- Installing: /home/ram/melfa_ros2/install/melfa_driver/share/ament_index/resource_index/hardware_interface__pluginlib__plugin/melfa_driver
[7.630s] -- Installing: /home/ram/melfa_ros2/install/melfa_driver/share/melfa_driver/cmake/ament_cmake_export_include_directories-extras.cmake
[7.630s] -- Installing: /home/ram/melfa_ros2/install/melfa_driver/share/melfa_driver/cmake/ament_cmake_export_libraries-extras.cmake
[7.630s] -- Installing: /home/ram/melfa_ros2/install/melfa_driver/share/melfa_driver/cmake/ament_cmake_export_dependencies-extras.cmake
[7.630s] -- Installing: /home/ram/melfa_ros2/install/melfa_driver/share/melfa_driver/cmake/melfa_driverConfig.cmake
[7.630s] -- Installing: /home/ram/melfa_ros2/install/melfa_driver/share/melfa_driver/cmake/melfa_driverConfig-version.cmake
[7.630s] -- Installing: /home/ram/melfa_ros2/install/melfa_driver/share/melfa_driver/package.xml
[7.633s] Invoked command in '/home/ram/melfa_ros2/build/melfa_driver' returned '0': AMENT_PREFIX_PATH=/home/ram/melfa_ros2/install/melfa_description:/home/ram/melfa_ros2/install/melfa_bringup:/home/ram/melfa_ros2/install/xacro:${AMENT_PREFIX_PATH} CMAKE_PREFIX_PATH=/home/ram/melfa_ros2/install/melfa_description:/home/ram/melfa_ros2/install/melfa_bringup:/home/ram/melfa_ros2/install/xacro:/home/ram/cognipilot/cranium/install/synapse_ros:/home/ram/cognipilot/cranium/install/synapse_gz:/home/ram/cognipilot/cranium/install/synapse_tinyframe:/home/ram/cognipilot/cranium/install/synapse_protobuf:/home/ram/cognipilot/cranium/install/corti:/home/ram/cognipilot/cranium/install/synapse_msgs:/home/ram/cognipilot/cranium/install/dream_world:/home/ram/cognipilot/cranium/install/cerebri_bringup:/home/ram/cognipilot/cranium/install/b3rb_simulator:/home/ram/cognipilot/cranium/install/b3rb_desktop:/home/ram/cognipilot/cranium/install/b3rb_rviz:/home/ram/cognipilot/cranium/install/b3rb_nav2:/home/ram/cognipilot/cranium/install/b3rb_gz_resource:/home/ram/cognipilot/cranium/install/b3rb_gz_bringup:/home/ram/cognipilot/cranium/install/b3rb_description:/home/ram/cognipilot/electrode/install/electrode:/home/ram/cognipilot/cranium/install/b3rb_ros_line_follower:/opt/ros/humble PATH=/home/ram/melfa_ros2/install/xacro/bin:${PATH} PYTHONPATH=/home/ram/melfa_ros2/install/xacro/local/lib/python3.10/dist-packages:${PYTHONPATH} /usr/bin/cmake --install /home/ram/melfa_ros2/build/melfa_driver
