[0.037s] Invoking command in '/home/ram/melfa_ros2/build/melfa_rh6frh5520_moveit_config': AMENT_PREFIX_PATH=/home/ram/melfa_ros2/install/melfa_description:/home/ram/melfa_ros2/install/xacro:${AMENT_PREFIX_PATH} CMAKE_PREFIX_PATH=/home/ram/melfa_ros2/install/melfa_description:/home/ram/melfa_ros2/install/xacro:/home/ram/cognipilot/cranium/install/synapse_ros:/home/ram/cognipilot/cranium/install/synapse_gz:/home/ram/cognipilot/cranium/install/synapse_tinyframe:/home/ram/cognipilot/cranium/install/synapse_protobuf:/home/ram/cognipilot/cranium/install/corti:/home/ram/cognipilot/cranium/install/synapse_msgs:/home/ram/cognipilot/cranium/install/dream_world:/home/ram/cognipilot/cranium/install/cerebri_bringup:/home/ram/cognipilot/cranium/install/b3rb_simulator:/home/ram/cognipilot/cranium/install/b3rb_desktop:/home/ram/cognipilot/cranium/install/b3rb_rviz:/home/ram/cognipilot/cranium/install/b3rb_nav2:/home/ram/cognipilot/cranium/install/b3rb_gz_resource:/home/ram/cognipilot/cranium/install/b3rb_gz_bringup:/home/ram/cognipilot/cranium/install/b3rb_description:/home/ram/cognipilot/electrode/install/electrode:/home/ram/cognipilot/cranium/install/b3rb_ros_line_follower:/opt/ros/humble PATH=/home/ram/melfa_ros2/install/xacro/bin:${PATH} PYTHONPATH=/home/ram/melfa_ros2/install/xacro/local/lib/python3.10/dist-packages:${PYTHONPATH} /usr/bin/cmake /home/ram/melfa_ros2/src/melfa_ros2_driver/melfa_moveit_config/melfa_rh6frh5520_moveit_config -DCMAKE_BUILD_TYPE=Release -DCMAKE_INSTALL_PREFIX=/home/ram/melfa_ros2/install/melfa_rh6frh5520_moveit_config
[0.055s] -- Found ament_cmake: 1.3.14 (/opt/ros/humble/share/ament_cmake/cmake)
[0.279s] -- Found control_msgs: 4.9.0 (/opt/ros/humble/share/control_msgs/cmake)
[0.314s] -- Found rosidl_generator_c: 3.1.9 (/opt/ros/humble/share/rosidl_generator_c/cmake)
[0.317s] -- Found rosidl_adapter: 3.1.9 (/opt/ros/humble/share/rosidl_adapter/cmake)
[0.324s] -- Found rosidl_generator_cpp: 3.1.9 (/opt/ros/humble/share/rosidl_generator_cpp/cmake)
[0.335s] -- Using all available rosidl_typesupport_c: rosidl_typesupport_fastrtps_c;rosidl_typesupport_introspection_c
[0.345s] -- Using all available rosidl_typesupport_cpp: rosidl_typesupport_fastrtps_cpp;rosidl_typesupport_introspection_cpp
[0.462s] -- Found rclcpp: 16.0.19 (/opt/ros/humble/share/rclcpp/cmake)
[0.480s] -- Found rmw_implementation_cmake: 6.1.2 (/opt/ros/humble/share/rmw_implementation_cmake/cmake)
[0.482s] -- Found rmw_cyclonedds_cpp: 1.3.4 (/opt/ros/humble/share/rmw_cyclonedds_cpp/cmake)
[0.496s] -- Using RMW implementation 'rmw_cyclonedds_cpp' as default
[0.528s] -- Found rclcpp_action: 16.0.19 (/opt/ros/humble/share/rclcpp_action/cmake)
[0.541s] -- Found tf2_geometry_msgs: 0.25.20 (/opt/ros/humble/share/tf2_geometry_msgs/cmake)
[0.549s] -- Found eigen3_cmake_module: 0.1.1 (/opt/ros/humble/share/eigen3_cmake_module/cmake)
[0.551s] -- Ensuring Eigen3 include directory is part of orocos-kdl CMake target
[0.678s] -- Configuring done
[0.691s] -- Generating done
[0.695s] -- Build files have been written to: /home/ram/melfa_ros2/build/melfa_rh6frh5520_moveit_config
[0.703s] Invoked command in '/home/ram/melfa_ros2/build/melfa_rh6frh5520_moveit_config' returned '0': AMENT_PREFIX_PATH=/home/ram/melfa_ros2/install/melfa_description:/home/ram/melfa_ros2/install/xacro:${AMENT_PREFIX_PATH} CMAKE_PREFIX_PATH=/home/ram/melfa_ros2/install/melfa_description:/home/ram/melfa_ros2/install/xacro:/home/ram/cognipilot/cranium/install/synapse_ros:/home/ram/cognipilot/cranium/install/synapse_gz:/home/ram/cognipilot/cranium/install/synapse_tinyframe:/home/ram/cognipilot/cranium/install/synapse_protobuf:/home/ram/cognipilot/cranium/install/corti:/home/ram/cognipilot/cranium/install/synapse_msgs:/home/ram/cognipilot/cranium/install/dream_world:/home/ram/cognipilot/cranium/install/cerebri_bringup:/home/ram/cognipilot/cranium/install/b3rb_simulator:/home/ram/cognipilot/cranium/install/b3rb_desktop:/home/ram/cognipilot/cranium/install/b3rb_rviz:/home/ram/cognipilot/cranium/install/b3rb_nav2:/home/ram/cognipilot/cranium/install/b3rb_gz_resource:/home/ram/cognipilot/cranium/install/b3rb_gz_bringup:/home/ram/cognipilot/cranium/install/b3rb_description:/home/ram/cognipilot/electrode/install/electrode:/home/ram/cognipilot/cranium/install/b3rb_ros_line_follower:/opt/ros/humble PATH=/home/ram/melfa_ros2/install/xacro/bin:${PATH} PYTHONPATH=/home/ram/melfa_ros2/install/xacro/local/lib/python3.10/dist-packages:${PYTHONPATH} /usr/bin/cmake /home/ram/melfa_ros2/src/melfa_ros2_driver/melfa_moveit_config/melfa_rh6frh5520_moveit_config -DCMAKE_BUILD_TYPE=Release -DCMAKE_INSTALL_PREFIX=/home/ram/melfa_ros2/install/melfa_rh6frh5520_moveit_config
[0.705s] Invoking command in '/home/ram/melfa_ros2/build/melfa_rh6frh5520_moveit_config': AMENT_PREFIX_PATH=/home/ram/melfa_ros2/install/melfa_description:/home/ram/melfa_ros2/install/xacro:${AMENT_PREFIX_PATH} CMAKE_PREFIX_PATH=/home/ram/melfa_ros2/install/melfa_description:/home/ram/melfa_ros2/install/xacro:/home/ram/cognipilot/cranium/install/synapse_ros:/home/ram/cognipilot/cranium/install/synapse_gz:/home/ram/cognipilot/cranium/install/synapse_tinyframe:/home/ram/cognipilot/cranium/install/synapse_protobuf:/home/ram/cognipilot/cranium/install/corti:/home/ram/cognipilot/cranium/install/synapse_msgs:/home/ram/cognipilot/cranium/install/dream_world:/home/ram/cognipilot/cranium/install/cerebri_bringup:/home/ram/cognipilot/cranium/install/b3rb_simulator:/home/ram/cognipilot/cranium/install/b3rb_desktop:/home/ram/cognipilot/cranium/install/b3rb_rviz:/home/ram/cognipilot/cranium/install/b3rb_nav2:/home/ram/cognipilot/cranium/install/b3rb_gz_resource:/home/ram/cognipilot/cranium/install/b3rb_gz_bringup:/home/ram/cognipilot/cranium/install/b3rb_description:/home/ram/cognipilot/electrode/install/electrode:/home/ram/cognipilot/cranium/install/b3rb_ros_line_follower:/opt/ros/humble PATH=/home/ram/melfa_ros2/install/xacro/bin:${PATH} PYTHONPATH=/home/ram/melfa_ros2/install/xacro/local/lib/python3.10/dist-packages:${PYTHONPATH} /usr/bin/cmake --build /home/ram/melfa_ros2/build/melfa_rh6frh5520_moveit_config -- -j16 -l16
[0.737s] [35m[1mConsolidate compiler generated dependencies of target servo_keyboard_input[0m
[0.768s] [ 50%] [32mBuilding CXX object CMakeFiles/servo_keyboard_input.dir/src/servo_keyboard_input.cpp.o[0m
[5.193s] [100%] [32m[1mLinking CXX executable servo_keyboard_input[0m
[5.318s] [100%] Built target servo_keyboard_input
[5.331s] Invoked command in '/home/ram/melfa_ros2/build/melfa_rh6frh5520_moveit_config' returned '0': AMENT_PREFIX_PATH=/home/ram/melfa_ros2/install/melfa_description:/home/ram/melfa_ros2/install/xacro:${AMENT_PREFIX_PATH} CMAKE_PREFIX_PATH=/home/ram/melfa_ros2/install/melfa_description:/home/ram/melfa_ros2/install/xacro:/home/ram/cognipilot/cranium/install/synapse_ros:/home/ram/cognipilot/cranium/install/synapse_gz:/home/ram/cognipilot/cranium/install/synapse_tinyframe:/home/ram/cognipilot/cranium/install/synapse_protobuf:/home/ram/cognipilot/cranium/install/corti:/home/ram/cognipilot/cranium/install/synapse_msgs:/home/ram/cognipilot/cranium/install/dream_world:/home/ram/cognipilot/cranium/install/cerebri_bringup:/home/ram/cognipilot/cranium/install/b3rb_simulator:/home/ram/cognipilot/cranium/install/b3rb_desktop:/home/ram/cognipilot/cranium/install/b3rb_rviz:/home/ram/cognipilot/cranium/install/b3rb_nav2:/home/ram/cognipilot/cranium/install/b3rb_gz_resource:/home/ram/cognipilot/cranium/install/b3rb_gz_bringup:/home/ram/cognipilot/cranium/install/b3rb_description:/home/ram/cognipilot/electrode/install/electrode:/home/ram/cognipilot/cranium/install/b3rb_ros_line_follower:/opt/ros/humble PATH=/home/ram/melfa_ros2/install/xacro/bin:${PATH} PYTHONPATH=/home/ram/melfa_ros2/install/xacro/local/lib/python3.10/dist-packages:${PYTHONPATH} /usr/bin/cmake --build /home/ram/melfa_ros2/build/melfa_rh6frh5520_moveit_config -- -j16 -l16
[5.333s] Invoking command in '/home/ram/melfa_ros2/build/melfa_rh6frh5520_moveit_config': AMENT_PREFIX_PATH=/home/ram/melfa_ros2/install/melfa_description:/home/ram/melfa_ros2/install/xacro:${AMENT_PREFIX_PATH} CMAKE_PREFIX_PATH=/home/ram/melfa_ros2/install/melfa_description:/home/ram/melfa_ros2/install/xacro:/home/ram/cognipilot/cranium/install/synapse_ros:/home/ram/cognipilot/cranium/install/synapse_gz:/home/ram/cognipilot/cranium/install/synapse_tinyframe:/home/ram/cognipilot/cranium/install/synapse_protobuf:/home/ram/cognipilot/cranium/install/corti:/home/ram/cognipilot/cranium/install/synapse_msgs:/home/ram/cognipilot/cranium/install/dream_world:/home/ram/cognipilot/cranium/install/cerebri_bringup:/home/ram/cognipilot/cranium/install/b3rb_simulator:/home/ram/cognipilot/cranium/install/b3rb_desktop:/home/ram/cognipilot/cranium/install/b3rb_rviz:/home/ram/cognipilot/cranium/install/b3rb_nav2:/home/ram/cognipilot/cranium/install/b3rb_gz_resource:/home/ram/cognipilot/cranium/install/b3rb_gz_bringup:/home/ram/cognipilot/cranium/install/b3rb_description:/home/ram/cognipilot/electrode/install/electrode:/home/ram/cognipilot/cranium/install/b3rb_ros_line_follower:/opt/ros/humble PATH=/home/ram/melfa_ros2/install/xacro/bin:${PATH} PYTHONPATH=/home/ram/melfa_ros2/install/xacro/local/lib/python3.10/dist-packages:${PYTHONPATH} /usr/bin/cmake --install /home/ram/melfa_ros2/build/melfa_rh6frh5520_moveit_config
[5.338s] -- Install configuration: "Release"
[5.338s] -- Up-to-date: /home/ram/melfa_ros2/install/melfa_rh6frh5520_moveit_config/share/ament_index/resource_index/package_run_dependencies/melfa_rh6frh5520_moveit_config
[5.338s] -- Up-to-date: /home/ram/melfa_ros2/install/melfa_rh6frh5520_moveit_config/share/ament_index/resource_index/parent_prefix_path/melfa_rh6frh5520_moveit_config
[5.338s] -- Up-to-date: /home/ram/melfa_ros2/install/melfa_rh6frh5520_moveit_config/share/melfa_rh6frh5520_moveit_config/environment/ament_prefix_path.sh
[5.338s] -- Installing: /home/ram/melfa_ros2/install/melfa_rh6frh5520_moveit_config/share/melfa_rh6frh5520_moveit_config/environment/ament_prefix_path.dsv
[5.338s] -- Up-to-date: /home/ram/melfa_ros2/install/melfa_rh6frh5520_moveit_config/share/melfa_rh6frh5520_moveit_config/environment/path.sh
[5.338s] -- Installing: /home/ram/melfa_ros2/install/melfa_rh6frh5520_moveit_config/share/melfa_rh6frh5520_moveit_config/environment/path.dsv
[5.339s] -- Up-to-date: /home/ram/melfa_ros2/install/melfa_rh6frh5520_moveit_config/share/melfa_rh6frh5520_moveit_config/local_setup.bash
[5.339s] -- Up-to-date: /home/ram/melfa_ros2/install/melfa_rh6frh5520_moveit_config/share/melfa_rh6frh5520_moveit_config/local_setup.sh
[5.339s] -- Up-to-date: /home/ram/melfa_ros2/install/melfa_rh6frh5520_moveit_config/share/melfa_rh6frh5520_moveit_config/local_setup.zsh
[5.339s] -- Installing: /home/ram/melfa_ros2/install/melfa_rh6frh5520_moveit_config/share/melfa_rh6frh5520_moveit_config/local_setup.dsv
[5.339s] -- Installing: /home/ram/melfa_ros2/install/melfa_rh6frh5520_moveit_config/share/melfa_rh6frh5520_moveit_config/package.dsv
[5.339s] -- Up-to-date: /home/ram/melfa_ros2/install/melfa_rh6frh5520_moveit_config/share/ament_index/resource_index/packages/melfa_rh6frh5520_moveit_config
[5.339s] -- Up-to-date: /home/ram/melfa_ros2/install/melfa_rh6frh5520_moveit_config/share/melfa_rh6frh5520_moveit_config/cmake/melfa_rh6frh5520_moveit_configConfig.cmake
[5.339s] -- Up-to-date: /home/ram/melfa_ros2/install/melfa_rh6frh5520_moveit_config/share/melfa_rh6frh5520_moveit_config/cmake/melfa_rh6frh5520_moveit_configConfig-version.cmake
[5.339s] -- Up-to-date: /home/ram/melfa_ros2/install/melfa_rh6frh5520_moveit_config/share/melfa_rh6frh5520_moveit_config/package.xml
[5.339s] -- Up-to-date: /home/ram/melfa_ros2/install/melfa_rh6frh5520_moveit_config/share/melfa_rh6frh5520_moveit_config/launch
[5.339s] -- Up-to-date: /home/ram/melfa_ros2/install/melfa_rh6frh5520_moveit_config/share/melfa_rh6frh5520_moveit_config/launch/rh6frh5520_moveit.launch.py
[5.339s] -- Up-to-date: /home/ram/melfa_ros2/install/melfa_rh6frh5520_moveit_config/share/melfa_rh6frh5520_moveit_config/launch/moveit_rviz.launch.py
[5.339s] -- Up-to-date: /home/ram/melfa_ros2/install/melfa_rh6frh5520_moveit_config/share/melfa_rh6frh5520_moveit_config/launch/spawn_controllers.launch.py
[5.339s] -- Up-to-date: /home/ram/melfa_ros2/install/melfa_rh6frh5520_moveit_config/share/melfa_rh6frh5520_moveit_config/launch/setup_assistant.launch.py
[5.339s] -- Up-to-date: /home/ram/melfa_ros2/install/melfa_rh6frh5520_moveit_config/share/melfa_rh6frh5520_moveit_config/launch/static_virtual_joint_tfs.launch.py
[5.339s] -- Up-to-date: /home/ram/melfa_ros2/install/melfa_rh6frh5520_moveit_config/share/melfa_rh6frh5520_moveit_config/launch/demo.launch.py
[5.340s] -- Up-to-date: /home/ram/melfa_ros2/install/melfa_rh6frh5520_moveit_config/share/melfa_rh6frh5520_moveit_config/launch/warehouse_db.launch.py
[5.340s] -- Up-to-date: /home/ram/melfa_ros2/install/melfa_rh6frh5520_moveit_config/share/melfa_rh6frh5520_moveit_config/launch/move_group.launch.py
[5.340s] -- Up-to-date: /home/ram/melfa_ros2/install/melfa_rh6frh5520_moveit_config/share/melfa_rh6frh5520_moveit_config/launch/rsp.launch.py
[5.340s] -- Up-to-date: /home/ram/melfa_ros2/install/melfa_rh6frh5520_moveit_config/share/melfa_rh6frh5520_moveit_config/config
[5.340s] -- Up-to-date: /home/ram/melfa_ros2/install/melfa_rh6frh5520_moveit_config/share/melfa_rh6frh5520_moveit_config/config/ompl_planning.yaml
[5.340s] -- Up-to-date: /home/ram/melfa_ros2/install/melfa_rh6frh5520_moveit_config/share/melfa_rh6frh5520_moveit_config/config/moveit_controllers.yaml
[5.340s] -- Up-to-date: /home/ram/melfa_ros2/install/melfa_rh6frh5520_moveit_config/share/melfa_rh6frh5520_moveit_config/config/rh6frh5520.ros2_control.xacro
[5.340s] -- Up-to-date: /home/ram/melfa_ros2/install/melfa_rh6frh5520_moveit_config/share/melfa_rh6frh5520_moveit_config/config/initial_positions.yaml
[5.340s] -- Up-to-date: /home/ram/melfa_ros2/install/melfa_rh6frh5520_moveit_config/share/melfa_rh6frh5520_moveit_config/config/rh6frh5520.srdf.xacro
[5.340s] -- Up-to-date: /home/ram/melfa_ros2/install/melfa_rh6frh5520_moveit_config/share/melfa_rh6frh5520_moveit_config/config/rh6frh5520.urdf.xacro
[5.340s] -- Up-to-date: /home/ram/melfa_ros2/install/melfa_rh6frh5520_moveit_config/share/melfa_rh6frh5520_moveit_config/config/moveit.rviz
[5.340s] -- Up-to-date: /home/ram/melfa_ros2/install/melfa_rh6frh5520_moveit_config/share/melfa_rh6frh5520_moveit_config/config/stomp_planning.yaml
[5.340s] -- Up-to-date: /home/ram/melfa_ros2/install/melfa_rh6frh5520_moveit_config/share/melfa_rh6frh5520_moveit_config/config/kinematics.yaml
[5.340s] -- Up-to-date: /home/ram/melfa_ros2/install/melfa_rh6frh5520_moveit_config/share/melfa_rh6frh5520_moveit_config/config/rh6frh5520_servo.yaml
[5.340s] -- Up-to-date: /home/ram/melfa_ros2/install/melfa_rh6frh5520_moveit_config/share/melfa_rh6frh5520_moveit_config/config/rh6frh5520_macro.srdf.xacro
[5.340s] -- Up-to-date: /home/ram/melfa_ros2/install/melfa_rh6frh5520_moveit_config/share/melfa_rh6frh5520_moveit_config/config/pilz_cartesian_limits.yaml
[5.340s] -- Up-to-date: /home/ram/melfa_ros2/install/melfa_rh6frh5520_moveit_config/share/melfa_rh6frh5520_moveit_config/config/rh6frh5520.srdf
[5.340s] -- Up-to-date: /home/ram/melfa_ros2/install/melfa_rh6frh5520_moveit_config/share/melfa_rh6frh5520_moveit_config/config/joint_limits.yaml
[5.340s] -- Up-to-date: /home/ram/melfa_ros2/install/melfa_rh6frh5520_moveit_config/share/melfa_rh6frh5520_moveit_config/config/pilz_industrial_motion_planner_planning.yaml
[5.340s] -- Up-to-date: /home/ram/melfa_ros2/install/melfa_rh6frh5520_moveit_config/share/melfa_rh6frh5520_moveit_config/config/chomp_planning.yaml
[5.340s] -- Up-to-date: /home/ram/melfa_ros2/install/melfa_rh6frh5520_moveit_config/share/melfa_rh6frh5520_moveit_config/rviz
[5.340s] -- Up-to-date: /home/ram/melfa_ros2/install/melfa_rh6frh5520_moveit_config/share/melfa_rh6frh5520_moveit_config/rviz/rh6frh5520_moveit.rviz
[5.340s] -- Up-to-date: /home/ram/melfa_ros2/install/melfa_rh6frh5520_moveit_config/share/melfa_rh6frh5520_moveit_config/.setup_assistant
[5.341s] -- Installing: /home/ram/melfa_ros2/install/melfa_rh6frh5520_moveit_config/lib/melfa_rh6frh5520_moveit_config/servo_keyboard_input
[5.341s] -- Set runtime path of "/home/ram/melfa_ros2/install/melfa_rh6frh5520_moveit_config/lib/melfa_rh6frh5520_moveit_config/servo_keyboard_input" to ""
[5.344s] Invoked command in '/home/ram/melfa_ros2/build/melfa_rh6frh5520_moveit_config' returned '0': AMENT_PREFIX_PATH=/home/ram/melfa_ros2/install/melfa_description:/home/ram/melfa_ros2/install/xacro:${AMENT_PREFIX_PATH} CMAKE_PREFIX_PATH=/home/ram/melfa_ros2/install/melfa_description:/home/ram/melfa_ros2/install/xacro:/home/ram/cognipilot/cranium/install/synapse_ros:/home/ram/cognipilot/cranium/install/synapse_gz:/home/ram/cognipilot/cranium/install/synapse_tinyframe:/home/ram/cognipilot/cranium/install/synapse_protobuf:/home/ram/cognipilot/cranium/install/corti:/home/ram/cognipilot/cranium/install/synapse_msgs:/home/ram/cognipilot/cranium/install/dream_world:/home/ram/cognipilot/cranium/install/cerebri_bringup:/home/ram/cognipilot/cranium/install/b3rb_simulator:/home/ram/cognipilot/cranium/install/b3rb_desktop:/home/ram/cognipilot/cranium/install/b3rb_rviz:/home/ram/cognipilot/cranium/install/b3rb_nav2:/home/ram/cognipilot/cranium/install/b3rb_gz_resource:/home/ram/cognipilot/cranium/install/b3rb_gz_bringup:/home/ram/cognipilot/cranium/install/b3rb_description:/home/ram/cognipilot/electrode/install/electrode:/home/ram/cognipilot/cranium/install/b3rb_ros_line_follower:/opt/ros/humble PATH=/home/ram/melfa_ros2/install/xacro/bin:${PATH} PYTHONPATH=/home/ram/melfa_ros2/install/xacro/local/lib/python3.10/dist-packages:${PYTHONPATH} /usr/bin/cmake --install /home/ram/melfa_ros2/build/melfa_rh6frh5520_moveit_config
