-- The C compiler identification is GNU 11.4.0
-- The CXX compiler identification is GNU 11.4.0
-- Detecting C compiler ABI info
-- Detecting C compiler ABI info - done
-- Check for working C compiler: /usr/lib/ccache/cc - skipped
-- Detecting C compile features
-- Detecting C compile features - done
-- Detecting CXX compiler ABI info
-- Detecting CXX compiler ABI info - done
-- Check for working CXX compiler: /usr/lib/ccache/c++ - skipped
-- Detecting CXX compile features
-- Detecting CXX compile features - done
-- Found ament_cmake: 1.3.14 (/opt/ros/humble/share/ament_cmake/cmake)
-- Found Python3: /usr/bin/python3 (found version "3.10.12") found components: Interpreter 
-- Found control_msgs: 4.9.0 (/opt/ros/humble/share/control_msgs/cmake)
-- Found rosidl_generator_c: 3.1.9 (/opt/ros/humble/share/rosidl_generator_c/cmake)
-- Found rosidl_adapter: 3.1.9 (/opt/ros/humble/share/rosidl_adapter/cmake)
-- Found rosidl_generator_cpp: 3.1.9 (/opt/ros/humble/share/rosidl_generator_cpp/cmake)
-- Using all available rosidl_typesupport_c: rosidl_typesupport_fastrtps_c;rosidl_typesupport_introspection_c
-- Using all available rosidl_typesupport_cpp: rosidl_typesupport_fastrtps_cpp;rosidl_typesupport_introspection_cpp
-- Found rclcpp: 16.0.19 (/opt/ros/humble/share/rclcpp/cmake)
-- Found rmw_implementation_cmake: 6.1.2 (/opt/ros/humble/share/rmw_implementation_cmake/cmake)
-- Found rmw_cyclonedds_cpp: 1.3.4 (/opt/ros/humble/share/rmw_cyclonedds_cpp/cmake)
-- Using RMW implementation 'rmw_cyclonedds_cpp' as default
-- Looking for pthread.h
-- Looking for pthread.h - found
-- Performing Test CMAKE_HAVE_LIBC_PTHREAD
-- Performing Test CMAKE_HAVE_LIBC_PTHREAD - Success
-- Found Threads: TRUE  
-- Found rclcpp_action: 16.0.19 (/opt/ros/humble/share/rclcpp_action/cmake)
-- Found tf2_geometry_msgs: 0.25.20 (/opt/ros/humble/share/tf2_geometry_msgs/cmake)
-- Found eigen3_cmake_module: 0.1.1 (/opt/ros/humble/share/eigen3_cmake_module/cmake)
-- Found Eigen3: TRUE (found version "3.4.0") 
-- Ensuring Eigen3 include directory is part of orocos-kdl CMake target
-- Configuring done
-- Generating done
-- Build files have been written to: /home/ram/melfa_ros2/build/melfa_rv80fr_moveit_config
[ 50%] [32mBuilding CXX object CMakeFiles/servo_keyboard_input.dir/src/servo_keyboard_input.cpp.o[0m
[100%] [32m[1mLinking CXX executable servo_keyboard_input[0m
[100%] Built target servo_keyboard_input
-- Install configuration: ""
-- Installing: /home/ram/melfa_ros2/install/melfa_rv80fr_moveit_config/share/ament_index/resource_index/package_run_dependencies/melfa_rv80fr_moveit_config
-- Installing: /home/ram/melfa_ros2/install/melfa_rv80fr_moveit_config/share/ament_index/resource_index/parent_prefix_path/melfa_rv80fr_moveit_config
-- Installing: /home/ram/melfa_ros2/install/melfa_rv80fr_moveit_config/share/melfa_rv80fr_moveit_config/environment/ament_prefix_path.sh
-- Installing: /home/ram/melfa_ros2/install/melfa_rv80fr_moveit_config/share/melfa_rv80fr_moveit_config/environment/ament_prefix_path.dsv
-- Installing: /home/ram/melfa_ros2/install/melfa_rv80fr_moveit_config/share/melfa_rv80fr_moveit_config/environment/path.sh
-- Installing: /home/ram/melfa_ros2/install/melfa_rv80fr_moveit_config/share/melfa_rv80fr_moveit_config/environment/path.dsv
-- Installing: /home/ram/melfa_ros2/install/melfa_rv80fr_moveit_config/share/melfa_rv80fr_moveit_config/local_setup.bash
-- Installing: /home/ram/melfa_ros2/install/melfa_rv80fr_moveit_config/share/melfa_rv80fr_moveit_config/local_setup.sh
-- Installing: /home/ram/melfa_ros2/install/melfa_rv80fr_moveit_config/share/melfa_rv80fr_moveit_config/local_setup.zsh
-- Installing: /home/ram/melfa_ros2/install/melfa_rv80fr_moveit_config/share/melfa_rv80fr_moveit_config/local_setup.dsv
-- Installing: /home/ram/melfa_ros2/install/melfa_rv80fr_moveit_config/share/melfa_rv80fr_moveit_config/package.dsv
-- Installing: /home/ram/melfa_ros2/install/melfa_rv80fr_moveit_config/share/ament_index/resource_index/packages/melfa_rv80fr_moveit_config
-- Installing: /home/ram/melfa_ros2/install/melfa_rv80fr_moveit_config/share/melfa_rv80fr_moveit_config/cmake/melfa_rv80fr_moveit_configConfig.cmake
-- Installing: /home/ram/melfa_ros2/install/melfa_rv80fr_moveit_config/share/melfa_rv80fr_moveit_config/cmake/melfa_rv80fr_moveit_configConfig-version.cmake
-- Installing: /home/ram/melfa_ros2/install/melfa_rv80fr_moveit_config/share/melfa_rv80fr_moveit_config/package.xml
-- Installing: /home/ram/melfa_ros2/install/melfa_rv80fr_moveit_config/share/melfa_rv80fr_moveit_config/launch
-- Installing: /home/ram/melfa_ros2/install/melfa_rv80fr_moveit_config/share/melfa_rv80fr_moveit_config/launch/moveit_rviz.launch.py
-- Installing: /home/ram/melfa_ros2/install/melfa_rv80fr_moveit_config/share/melfa_rv80fr_moveit_config/launch/spawn_controllers.launch.py
-- Installing: /home/ram/melfa_ros2/install/melfa_rv80fr_moveit_config/share/melfa_rv80fr_moveit_config/launch/setup_assistant.launch.py
-- Installing: /home/ram/melfa_ros2/install/melfa_rv80fr_moveit_config/share/melfa_rv80fr_moveit_config/launch/rv80fr_moveit.launch.py
-- Installing: /home/ram/melfa_ros2/install/melfa_rv80fr_moveit_config/share/melfa_rv80fr_moveit_config/launch/static_virtual_joint_tfs.launch.py
-- Installing: /home/ram/melfa_ros2/install/melfa_rv80fr_moveit_config/share/melfa_rv80fr_moveit_config/launch/demo.launch.py
-- Installing: /home/ram/melfa_ros2/install/melfa_rv80fr_moveit_config/share/melfa_rv80fr_moveit_config/launch/warehouse_db.launch.py
-- Installing: /home/ram/melfa_ros2/install/melfa_rv80fr_moveit_config/share/melfa_rv80fr_moveit_config/launch/move_group.launch.py
-- Installing: /home/ram/melfa_ros2/install/melfa_rv80fr_moveit_config/share/melfa_rv80fr_moveit_config/launch/rsp.launch.py
-- Installing: /home/ram/melfa_ros2/install/melfa_rv80fr_moveit_config/share/melfa_rv80fr_moveit_config/config
-- Installing: /home/ram/melfa_ros2/install/melfa_rv80fr_moveit_config/share/melfa_rv80fr_moveit_config/config/rv80fr.ros2_control.xacro
-- Installing: /home/ram/melfa_ros2/install/melfa_rv80fr_moveit_config/share/melfa_rv80fr_moveit_config/config/rv80fr_servo.yaml
-- Installing: /home/ram/melfa_ros2/install/melfa_rv80fr_moveit_config/share/melfa_rv80fr_moveit_config/config/rv80fr.srdf
-- Installing: /home/ram/melfa_ros2/install/melfa_rv80fr_moveit_config/share/melfa_rv80fr_moveit_config/config/ompl_planning.yaml
-- Installing: /home/ram/melfa_ros2/install/melfa_rv80fr_moveit_config/share/melfa_rv80fr_moveit_config/config/moveit_controllers.yaml
-- Installing: /home/ram/melfa_ros2/install/melfa_rv80fr_moveit_config/share/melfa_rv80fr_moveit_config/config/initial_positions.yaml
-- Installing: /home/ram/melfa_ros2/install/melfa_rv80fr_moveit_config/share/melfa_rv80fr_moveit_config/config/rv80fr.urdf.xacro
-- Installing: /home/ram/melfa_ros2/install/melfa_rv80fr_moveit_config/share/melfa_rv80fr_moveit_config/config/moveit.rviz
-- Installing: /home/ram/melfa_ros2/install/melfa_rv80fr_moveit_config/share/melfa_rv80fr_moveit_config/config/kinematics.yaml
-- Installing: /home/ram/melfa_ros2/install/melfa_rv80fr_moveit_config/share/melfa_rv80fr_moveit_config/config/pilz_cartesian_limits.yaml
-- Installing: /home/ram/melfa_ros2/install/melfa_rv80fr_moveit_config/share/melfa_rv80fr_moveit_config/config/rv80fr_macro.srdf.xacro
-- Installing: /home/ram/melfa_ros2/install/melfa_rv80fr_moveit_config/share/melfa_rv80fr_moveit_config/config/joint_limits.yaml
-- Installing: /home/ram/melfa_ros2/install/melfa_rv80fr_moveit_config/share/melfa_rv80fr_moveit_config/config/pilz_industrial_motion_planner_planning.yaml
-- Installing: /home/ram/melfa_ros2/install/melfa_rv80fr_moveit_config/share/melfa_rv80fr_moveit_config/config/chomp_planning.yaml
-- Installing: /home/ram/melfa_ros2/install/melfa_rv80fr_moveit_config/share/melfa_rv80fr_moveit_config/config/rv80fr.srdf.xacro
-- Installing: /home/ram/melfa_ros2/install/melfa_rv80fr_moveit_config/share/melfa_rv80fr_moveit_config/rviz
-- Installing: /home/ram/melfa_ros2/install/melfa_rv80fr_moveit_config/share/melfa_rv80fr_moveit_config/rviz/rv80fr_moveit.rviz
-- Installing: /home/ram/melfa_ros2/install/melfa_rv80fr_moveit_config/share/melfa_rv80fr_moveit_config/.setup_assistant
-- Installing: /home/ram/melfa_ros2/install/melfa_rv80fr_moveit_config/lib/melfa_rv80fr_moveit_config/servo_keyboard_input
-- Set runtime path of "/home/ram/melfa_ros2/install/melfa_rv80fr_moveit_config/lib/melfa_rv80fr_moveit_config/servo_keyboard_input" to ""
