[0.047s] Invoking command in '/home/ram/melfa_ros2/build/melfa_driver': AMENT_PREFIX_PATH=/home/ram/melfa_ros2/install/melfa_description:/home/ram/melfa_ros2/install/melfa_bringup:/home/ram/melfa_ros2/install/xacro:${AMENT_PREFIX_PATH} CMAKE_PREFIX_PATH=/home/ram/melfa_ros2/install/melfa_description:/home/ram/melfa_ros2/install/melfa_bringup:/home/ram/melfa_ros2/install/xacro:/home/ram/cognipilot/cranium/install/synapse_ros:/home/ram/cognipilot/cranium/install/synapse_gz:/home/ram/cognipilot/cranium/install/synapse_tinyframe:/home/ram/cognipilot/cranium/install/synapse_protobuf:/home/ram/cognipilot/cranium/install/corti:/home/ram/cognipilot/cranium/install/synapse_msgs:/home/ram/cognipilot/cranium/install/dream_world:/home/ram/cognipilot/cranium/install/cerebri_bringup:/home/ram/cognipilot/cranium/install/b3rb_simulator:/home/ram/cognipilot/cranium/install/b3rb_desktop:/home/ram/cognipilot/cranium/install/b3rb_rviz:/home/ram/cognipilot/cranium/install/b3rb_nav2:/home/ram/cognipilot/cranium/install/b3rb_gz_resource:/home/ram/cognipilot/cranium/install/b3rb_gz_bringup:/home/ram/cognipilot/cranium/install/b3rb_description:/home/ram/cognipilot/electrode/install/electrode:/home/ram/cognipilot/cranium/install/b3rb_ros_line_follower:/opt/ros/humble PATH=/home/ram/melfa_ros2/install/xacro/bin:${PATH} PYTHONPATH=/home/ram/melfa_ros2/install/xacro/local/lib/python3.10/dist-packages:${PYTHONPATH} /usr/bin/cmake /home/ram/melfa_ros2/src/melfa_ros2_driver/melfa_driver -DCMAKE_BUILD_TYPE=Release -DCMAKE_INSTALL_PREFIX=/home/ram/melfa_ros2/install/melfa_driver
[0.058s] -- Found ament_cmake: 1.3.14 (/opt/ros/humble/share/ament_cmake/cmake)
[0.264s] -- Found hardware_interface: 2.54.0 (/opt/ros/humble/share/hardware_interface/cmake)
[0.304s] -- Found rosidl_generator_c: 3.1.9 (/opt/ros/humble/share/rosidl_generator_c/cmake)
[0.307s] -- Found rosidl_adapter: 3.1.9 (/opt/ros/humble/share/rosidl_adapter/cmake)
[0.315s] -- Found rosidl_generator_cpp: 3.1.9 (/opt/ros/humble/share/rosidl_generator_cpp/cmake)
[0.328s] -- Using all available rosidl_typesupport_c: rosidl_typesupport_fastrtps_c;rosidl_typesupport_introspection_c
[0.345s] -- Using all available rosidl_typesupport_cpp: rosidl_typesupport_fastrtps_cpp;rosidl_typesupport_introspection_cpp
[0.587s] -- Found rmw_implementation_cmake: 6.1.2 (/opt/ros/humble/share/rmw_implementation_cmake/cmake)
[0.590s] -- Found rmw_cyclonedds_cpp: 1.3.4 (/opt/ros/humble/share/rmw_cyclonedds_cpp/cmake)
[0.610s] -- Using RMW implementation 'rmw_cyclonedds_cpp' as default
[0.646s] -- Found generate_parameter_library: 0.7.4 (/opt/ros/humble/share/generate_parameter_library/cmake)
[0.647s] -- Found parameter_traits: 0.7.4 (/opt/ros/humble/share/parameter_traits/cmake)
[0.657s] -- Found yaml_cpp_vendor: 8.0.2 (/opt/ros/humble/share/yaml_cpp_vendor/cmake)
[0.660s] -- Found ament_lint_auto: 0.12.15 (/opt/ros/humble/share/ament_lint_auto/cmake)
[0.757s] -- Added test 'cppcheck' to perform static code analysis on C / C++ code
[0.757s] -- Configured cppcheck include dirs: /home/ram/melfa_ros2/src/melfa_ros2_driver/melfa_driver/include
[0.757s] -- Configured cppcheck exclude dirs and/or files: 
[0.758s] -- Added test 'lint_cmake' to check CMake code style
[0.759s] -- Added test 'uncrustify' to check C / C++ code style
[0.759s] -- Configured uncrustify additional arguments: 
[0.759s] -- Added test 'xmllint' to check XML markup files
[0.763s] -- Configuring done
[0.780s] -- Generating done
[0.783s] -- Build files have been written to: /home/ram/melfa_ros2/build/melfa_driver
[0.789s] Invoked command in '/home/ram/melfa_ros2/build/melfa_driver' returned '0': AMENT_PREFIX_PATH=/home/ram/melfa_ros2/install/melfa_description:/home/ram/melfa_ros2/install/melfa_bringup:/home/ram/melfa_ros2/install/xacro:${AMENT_PREFIX_PATH} CMAKE_PREFIX_PATH=/home/ram/melfa_ros2/install/melfa_description:/home/ram/melfa_ros2/install/melfa_bringup:/home/ram/melfa_ros2/install/xacro:/home/ram/cognipilot/cranium/install/synapse_ros:/home/ram/cognipilot/cranium/install/synapse_gz:/home/ram/cognipilot/cranium/install/synapse_tinyframe:/home/ram/cognipilot/cranium/install/synapse_protobuf:/home/ram/cognipilot/cranium/install/corti:/home/ram/cognipilot/cranium/install/synapse_msgs:/home/ram/cognipilot/cranium/install/dream_world:/home/ram/cognipilot/cranium/install/cerebri_bringup:/home/ram/cognipilot/cranium/install/b3rb_simulator:/home/ram/cognipilot/cranium/install/b3rb_desktop:/home/ram/cognipilot/cranium/install/b3rb_rviz:/home/ram/cognipilot/cranium/install/b3rb_nav2:/home/ram/cognipilot/cranium/install/b3rb_gz_resource:/home/ram/cognipilot/cranium/install/b3rb_gz_bringup:/home/ram/cognipilot/cranium/install/b3rb_description:/home/ram/cognipilot/electrode/install/electrode:/home/ram/cognipilot/cranium/install/b3rb_ros_line_follower:/opt/ros/humble PATH=/home/ram/melfa_ros2/install/xacro/bin:${PATH} PYTHONPATH=/home/ram/melfa_ros2/install/xacro/local/lib/python3.10/dist-packages:${PYTHONPATH} /usr/bin/cmake /home/ram/melfa_ros2/src/melfa_ros2_driver/melfa_driver -DCMAKE_BUILD_TYPE=Release -DCMAKE_INSTALL_PREFIX=/home/ram/melfa_ros2/install/melfa_driver
[0.790s] Invoking command in '/home/ram/melfa_ros2/build/melfa_driver': AMENT_PREFIX_PATH=/home/ram/melfa_ros2/install/melfa_description:/home/ram/melfa_ros2/install/melfa_bringup:/home/ram/melfa_ros2/install/xacro:${AMENT_PREFIX_PATH} CMAKE_PREFIX_PATH=/home/ram/melfa_ros2/install/melfa_description:/home/ram/melfa_ros2/install/melfa_bringup:/home/ram/melfa_ros2/install/xacro:/home/ram/cognipilot/cranium/install/synapse_ros:/home/ram/cognipilot/cranium/install/synapse_gz:/home/ram/cognipilot/cranium/install/synapse_tinyframe:/home/ram/cognipilot/cranium/install/synapse_protobuf:/home/ram/cognipilot/cranium/install/corti:/home/ram/cognipilot/cranium/install/synapse_msgs:/home/ram/cognipilot/cranium/install/dream_world:/home/ram/cognipilot/cranium/install/cerebri_bringup:/home/ram/cognipilot/cranium/install/b3rb_simulator:/home/ram/cognipilot/cranium/install/b3rb_desktop:/home/ram/cognipilot/cranium/install/b3rb_rviz:/home/ram/cognipilot/cranium/install/b3rb_nav2:/home/ram/cognipilot/cranium/install/b3rb_gz_resource:/home/ram/cognipilot/cranium/install/b3rb_gz_bringup:/home/ram/cognipilot/cranium/install/b3rb_description:/home/ram/cognipilot/electrode/install/electrode:/home/ram/cognipilot/cranium/install/b3rb_ros_line_follower:/opt/ros/humble PATH=/home/ram/melfa_ros2/install/xacro/bin:${PATH} PYTHONPATH=/home/ram/melfa_ros2/install/xacro/local/lib/python3.10/dist-packages:${PYTHONPATH} /usr/bin/cmake --build /home/ram/melfa_ros2/build/melfa_driver -- -j16 -l16
[0.828s] [35m[1mConsolidate compiler generated dependencies of target melfa_driver[0m
[0.844s] [ 33%] [32mBuilding CXX object CMakeFiles/melfa_driver.dir/src/hardware_interface.cpp.o[0m
[0.846s] [ 66%] [32mBuilding CXX object CMakeFiles/melfa_driver.dir/src/melfa_rt_exc.cpp.o[0m
[4.693s] [01m[K/home/ram/melfa_ros2/src/melfa_ros2_driver/melfa_driver/src/hardware_interface.cpp:[m[K In member function ‘[01m[Kvirtual hardware_interface::CallbackReturn melfa_driver::MELFAPositionHardwareInterface::on_activate(const rclcpp_lifecycle::State&)[m[K’:
[4.693s] [01m[K/home/ram/melfa_ros2/src/melfa_ros2_driver/melfa_driver/src/hardware_interface.cpp:205:76:[m[K [01;35m[Kwarning: [m[Kunused parameter ‘[01m[Kprevious_state[m[K’ [[01;35m[K-Wunused-parameter[m[K]
[4.693s]   205 | MELFAPositionHardwareInterface::on_activate([01;35m[Kconst rclcpp_lifecycle::State& previous_state[m[K)
[4.693s]       |                                             [01;35m[K~~~~~~~~~~~~~~~~~~~~~~~~~~~~~~~^~~~~~~~~~~~~~[m[K
[4.693s] [01m[K/home/ram/melfa_ros2/src/melfa_ros2_driver/melfa_driver/src/hardware_interface.cpp:[m[K In member function ‘[01m[Kvirtual hardware_interface::CallbackReturn melfa_driver::MELFAPositionHardwareInterface::on_deactivate(const rclcpp_lifecycle::State&)[m[K’:
[4.693s] [01m[K/home/ram/melfa_ros2/src/melfa_ros2_driver/melfa_driver/src/hardware_interface.cpp:364:78:[m[K [01;35m[Kwarning: [m[Kunused parameter ‘[01m[Kprevious_state[m[K’ [[01;35m[K-Wunused-parameter[m[K]
[4.693s]   364 | MELFAPositionHardwareInterface::on_deactivate([01;35m[Kconst rclcpp_lifecycle::State& previous_state[m[K)
[4.693s]       |                                               [01;35m[K~~~~~~~~~~~~~~~~~~~~~~~~~~~~~~~^~~~~~~~~~~~~~[m[K
[4.693s] [01m[K/home/ram/melfa_ros2/src/melfa_ros2_driver/melfa_driver/src/hardware_interface.cpp:[m[K In member function ‘[01m[Kvirtual hardware_interface::return_type melfa_driver::MELFAPositionHardwareInterface::read(const rclcpp::Time&, const rclcpp::Duration&)[m[K’:
[4.693s] [01m[K/home/ram/melfa_ros2/src/melfa_ros2_driver/melfa_driver/src/hardware_interface.cpp:527:90:[m[K [01;35m[Kwarning: [m[Kunused parameter ‘[01m[Ktime[m[K’ [[01;35m[K-Wunused-parameter[m[K]
[4.693s]   527 | hardware_interface::return_type MELFAPositionHardwareInterface::read([01;35m[Kconst rclcpp::Time& time[m[K,
[4.693s]       |                                                                      [01;35m[K~~~~~~~~~~~~~~~~~~~~^~~~[m[K
[4.693s] [01m[K/home/ram/melfa_ros2/src/melfa_ros2_driver/melfa_driver/src/hardware_interface.cpp:528:94:[m[K [01;35m[Kwarning: [m[Kunused parameter ‘[01m[Kperiod[m[K’ [[01;35m[K-Wunused-parameter[m[K]
[4.693s]   528 |                                                                      [01;35m[Kconst rclcpp::Duration& period[m[K)
[4.693s]       |                                                                      [01;35m[K~~~~~~~~~~~~~~~~~~~~~~~~^~~~~~[m[K
[4.693s] [01m[K/home/ram/melfa_ros2/src/melfa_ros2_driver/melfa_driver/src/hardware_interface.cpp:[m[K In member function ‘[01m[Kvirtual hardware_interface::return_type melfa_driver::MELFAPositionHardwareInterface::write(const rclcpp::Time&, const rclcpp::Duration&)[m[K’:
[4.693s] [01m[K/home/ram/melfa_ros2/src/melfa_ros2_driver/melfa_driver/src/hardware_interface.cpp:702:91:[m[K [01;35m[Kwarning: [m[Kunused parameter ‘[01m[Ktime[m[K’ [[01;35m[K-Wunused-parameter[m[K]
[4.693s]   702 | hardware_interface::return_type MELFAPositionHardwareInterface::write([01;35m[Kconst rclcpp::Time& time[m[K,
[4.693s]       |                                                                       [01;35m[K~~~~~~~~~~~~~~~~~~~~^~~~[m[K
[4.694s] [01m[K/home/ram/melfa_ros2/src/melfa_ros2_driver/melfa_driver/src/hardware_interface.cpp:703:95:[m[K [01;35m[Kwarning: [m[Kunused parameter ‘[01m[Kperiod[m[K’ [[01;35m[K-Wunused-parameter[m[K]
[4.694s]   703 |                                                                       [01;35m[Kconst rclcpp::Duration& period[m[K)
[4.694s]       |                                                                       [01;35m[K~~~~~~~~~~~~~~~~~~~~~~~~^~~~~~[m[K
[4.701s] [100%] [32m[1mLinking CXX shared library libmelfa_driver.so[0m
[4.862s] [100%] Built target melfa_driver
[4.874s] Invoked command in '/home/ram/melfa_ros2/build/melfa_driver' returned '0': AMENT_PREFIX_PATH=/home/ram/melfa_ros2/install/melfa_description:/home/ram/melfa_ros2/install/melfa_bringup:/home/ram/melfa_ros2/install/xacro:${AMENT_PREFIX_PATH} CMAKE_PREFIX_PATH=/home/ram/melfa_ros2/install/melfa_description:/home/ram/melfa_ros2/install/melfa_bringup:/home/ram/melfa_ros2/install/xacro:/home/ram/cognipilot/cranium/install/synapse_ros:/home/ram/cognipilot/cranium/install/synapse_gz:/home/ram/cognipilot/cranium/install/synapse_tinyframe:/home/ram/cognipilot/cranium/install/synapse_protobuf:/home/ram/cognipilot/cranium/install/corti:/home/ram/cognipilot/cranium/install/synapse_msgs:/home/ram/cognipilot/cranium/install/dream_world:/home/ram/cognipilot/cranium/install/cerebri_bringup:/home/ram/cognipilot/cranium/install/b3rb_simulator:/home/ram/cognipilot/cranium/install/b3rb_desktop:/home/ram/cognipilot/cranium/install/b3rb_rviz:/home/ram/cognipilot/cranium/install/b3rb_nav2:/home/ram/cognipilot/cranium/install/b3rb_gz_resource:/home/ram/cognipilot/cranium/install/b3rb_gz_bringup:/home/ram/cognipilot/cranium/install/b3rb_description:/home/ram/cognipilot/electrode/install/electrode:/home/ram/cognipilot/cranium/install/b3rb_ros_line_follower:/opt/ros/humble PATH=/home/ram/melfa_ros2/install/xacro/bin:${PATH} PYTHONPATH=/home/ram/melfa_ros2/install/xacro/local/lib/python3.10/dist-packages:${PYTHONPATH} /usr/bin/cmake --build /home/ram/melfa_ros2/build/melfa_driver -- -j16 -l16
[4.875s] Invoking command in '/home/ram/melfa_ros2/build/melfa_driver': AMENT_PREFIX_PATH=/home/ram/melfa_ros2/install/melfa_description:/home/ram/melfa_ros2/install/melfa_bringup:/home/ram/melfa_ros2/install/xacro:${AMENT_PREFIX_PATH} CMAKE_PREFIX_PATH=/home/ram/melfa_ros2/install/melfa_description:/home/ram/melfa_ros2/install/melfa_bringup:/home/ram/melfa_ros2/install/xacro:/home/ram/cognipilot/cranium/install/synapse_ros:/home/ram/cognipilot/cranium/install/synapse_gz:/home/ram/cognipilot/cranium/install/synapse_tinyframe:/home/ram/cognipilot/cranium/install/synapse_protobuf:/home/ram/cognipilot/cranium/install/corti:/home/ram/cognipilot/cranium/install/synapse_msgs:/home/ram/cognipilot/cranium/install/dream_world:/home/ram/cognipilot/cranium/install/cerebri_bringup:/home/ram/cognipilot/cranium/install/b3rb_simulator:/home/ram/cognipilot/cranium/install/b3rb_desktop:/home/ram/cognipilot/cranium/install/b3rb_rviz:/home/ram/cognipilot/cranium/install/b3rb_nav2:/home/ram/cognipilot/cranium/install/b3rb_gz_resource:/home/ram/cognipilot/cranium/install/b3rb_gz_bringup:/home/ram/cognipilot/cranium/install/b3rb_description:/home/ram/cognipilot/electrode/install/electrode:/home/ram/cognipilot/cranium/install/b3rb_ros_line_follower:/opt/ros/humble PATH=/home/ram/melfa_ros2/install/xacro/bin:${PATH} PYTHONPATH=/home/ram/melfa_ros2/install/xacro/local/lib/python3.10/dist-packages:${PYTHONPATH} /usr/bin/cmake --install /home/ram/melfa_ros2/build/melfa_driver
[4.886s] -- Install configuration: "Release"
[4.886s] -- Up-to-date: /home/ram/melfa_ros2/install/melfa_driver/share/melfa_driver/melfa_driver.xml
[4.887s] -- Installing: /home/ram/melfa_ros2/install/melfa_driver/lib/libmelfa_driver.so
[4.888s] -- Set runtime path of "/home/ram/melfa_ros2/install/melfa_driver/lib/libmelfa_driver.so" to ""
[4.888s] -- Up-to-date: /home/ram/melfa_ros2/install/melfa_driver/include
[4.888s] -- Up-to-date: /home/ram/melfa_ros2/install/melfa_driver/include/melfa_driver
[4.888s] -- Up-to-date: /home/ram/melfa_ros2/install/melfa_driver/include/melfa_driver/rt_exc_def.hpp
[4.888s] -- Up-to-date: /home/ram/melfa_ros2/install/melfa_driver/include/melfa_driver/melfa_rt_exc.hpp
[4.888s] -- Up-to-date: /home/ram/melfa_ros2/install/melfa_driver/include/melfa_driver/hardware_interface.hpp
[4.888s] -- Up-to-date: /home/ram/melfa_ros2/install/melfa_driver/include/melfa_driver/visibility_control.h
[4.888s] -- Up-to-date: /home/ram/melfa_ros2/install/melfa_driver/share/melfa_driver/environment/library_path.sh
[4.888s] -- Installing: /home/ram/melfa_ros2/install/melfa_driver/share/melfa_driver/environment/library_path.dsv
[4.889s] -- Up-to-date: /home/ram/melfa_ros2/install/melfa_driver/share/ament_index/resource_index/package_run_dependencies/melfa_driver
[4.889s] -- Up-to-date: /home/ram/melfa_ros2/install/melfa_driver/share/ament_index/resource_index/parent_prefix_path/melfa_driver
[4.889s] -- Up-to-date: /home/ram/melfa_ros2/install/melfa_driver/share/melfa_driver/environment/ament_prefix_path.sh
[4.889s] -- Installing: /home/ram/melfa_ros2/install/melfa_driver/share/melfa_driver/environment/ament_prefix_path.dsv
[4.889s] -- Up-to-date: /home/ram/melfa_ros2/install/melfa_driver/share/melfa_driver/environment/path.sh
[4.889s] -- Installing: /home/ram/melfa_ros2/install/melfa_driver/share/melfa_driver/environment/path.dsv
[4.889s] -- Up-to-date: /home/ram/melfa_ros2/install/melfa_driver/share/melfa_driver/local_setup.bash
[4.889s] -- Up-to-date: /home/ram/melfa_ros2/install/melfa_driver/share/melfa_driver/local_setup.sh
[4.889s] -- Up-to-date: /home/ram/melfa_ros2/install/melfa_driver/share/melfa_driver/local_setup.zsh
[4.889s] -- Installing: /home/ram/melfa_ros2/install/melfa_driver/share/melfa_driver/local_setup.dsv
[4.889s] -- Installing: /home/ram/melfa_ros2/install/melfa_driver/share/melfa_driver/package.dsv
[4.889s] -- Up-to-date: /home/ram/melfa_ros2/install/melfa_driver/share/ament_index/resource_index/packages/melfa_driver
[4.889s] -- Up-to-date: /home/ram/melfa_ros2/install/melfa_driver/share/ament_index/resource_index/hardware_interface__pluginlib__plugin/melfa_driver
[4.889s] -- Up-to-date: /home/ram/melfa_ros2/install/melfa_driver/share/melfa_driver/cmake/ament_cmake_export_include_directories-extras.cmake
[4.889s] -- Up-to-date: /home/ram/melfa_ros2/install/melfa_driver/share/melfa_driver/cmake/ament_cmake_export_libraries-extras.cmake
[4.889s] -- Up-to-date: /home/ram/melfa_ros2/install/melfa_driver/share/melfa_driver/cmake/ament_cmake_export_dependencies-extras.cmake
[4.889s] -- Up-to-date: /home/ram/melfa_ros2/install/melfa_driver/share/melfa_driver/cmake/melfa_driverConfig.cmake
[4.890s] -- Up-to-date: /home/ram/melfa_ros2/install/melfa_driver/share/melfa_driver/cmake/melfa_driverConfig-version.cmake
[4.890s] -- Up-to-date: /home/ram/melfa_ros2/install/melfa_driver/share/melfa_driver/package.xml
[4.892s] Invoked command in '/home/ram/melfa_ros2/build/melfa_driver' returned '0': AMENT_PREFIX_PATH=/home/ram/melfa_ros2/install/melfa_description:/home/ram/melfa_ros2/install/melfa_bringup:/home/ram/melfa_ros2/install/xacro:${AMENT_PREFIX_PATH} CMAKE_PREFIX_PATH=/home/ram/melfa_ros2/install/melfa_description:/home/ram/melfa_ros2/install/melfa_bringup:/home/ram/melfa_ros2/install/xacro:/home/ram/cognipilot/cranium/install/synapse_ros:/home/ram/cognipilot/cranium/install/synapse_gz:/home/ram/cognipilot/cranium/install/synapse_tinyframe:/home/ram/cognipilot/cranium/install/synapse_protobuf:/home/ram/cognipilot/cranium/install/corti:/home/ram/cognipilot/cranium/install/synapse_msgs:/home/ram/cognipilot/cranium/install/dream_world:/home/ram/cognipilot/cranium/install/cerebri_bringup:/home/ram/cognipilot/cranium/install/b3rb_simulator:/home/ram/cognipilot/cranium/install/b3rb_desktop:/home/ram/cognipilot/cranium/install/b3rb_rviz:/home/ram/cognipilot/cranium/install/b3rb_nav2:/home/ram/cognipilot/cranium/install/b3rb_gz_resource:/home/ram/cognipilot/cranium/install/b3rb_gz_bringup:/home/ram/cognipilot/cranium/install/b3rb_description:/home/ram/cognipilot/electrode/install/electrode:/home/ram/cognipilot/cranium/install/b3rb_ros_line_follower:/opt/ros/humble PATH=/home/ram/melfa_ros2/install/xacro/bin:${PATH} PYTHONPATH=/home/ram/melfa_ros2/install/xacro/local/lib/python3.10/dist-packages:${PYTHONPATH} /usr/bin/cmake --install /home/ram/melfa_ros2/build/melfa_driver
