-- Found ament_cmake: 1.3.14 (/opt/ros/humble/share/ament_cmake/cmake)
-- Found rosidl_default_generators: 1.2.1 (/opt/ros/humble/share/rosidl_default_generators/cmake)
-- Using all available rosidl_typesupport_c: rosidl_typesupport_fastrtps_c;rosidl_typesupport_introspection_c
-- Found rosidl_adapter: 3.1.9 (/opt/ros/humble/share/rosidl_adapter/cmake)
-- Using all available rosidl_typesupport_cpp: rosidl_typesupport_fastrtps_cpp;rosidl_typesupport_introspection_cpp
-- Found ament_cmake_ros: 0.10.0 (/opt/ros/humble/share/ament_cmake_ros/cmake)
-- Using all available rosidl_typesupport_c: rosidl_typesupport_fastrtps_c;rosidl_typesupport_introspection_c
-- Using all available rosidl_typesupport_cpp: rosidl_typesupport_fastrtps_cpp;rosidl_typesupport_introspection_cpp
-- Found python_cmake_module: 0.10.0 (/opt/ros/humble/share/python_cmake_module/cmake)
-- Using PYTHON_EXECUTABLE: /usr/bin/python3
-- Using PYTHON_INCLUDE_DIRS: /usr/include/python3.10
-- Using PYTHON_LIBRARIES: /usr/lib/x86_64-linux-gnu/libpython3.10.so
-- Found ament_lint_auto: 0.12.15 (/opt/ros/humble/share/ament_lint_auto/cmake)
-- Added test 'lint_cmake' to check CMake code style
-- Added test 'xmllint' to check XML markup files
-- Configuring done
-- Generating done
-- Build files have been written to: /home/ram/melfa_ros2/build/melfa_msgs
[35m[1mConsolidate compiler generated dependencies of target melfa_msgs__rosidl_generator_c[0m
[  1%] Built target melfa_msgs__rs
[  2%] Built target melfa_msgs__cpp
[  4%] [32mBuilding C object CMakeFiles/melfa_msgs__rosidl_generator_c.dir/rosidl_generator_c/melfa_msgs/msg/detail/gpio_state__functions.c.o[0m
[  5%] [32mBuilding C object CMakeFiles/melfa_msgs__rosidl_generator_c.dir/rosidl_generator_c/melfa_msgs/srv/detail/gpio_configure__functions.c.o[0m
[  6%] [32mBuilding C object CMakeFiles/melfa_msgs__rosidl_generator_c.dir/rosidl_generator_c/melfa_msgs/msg/detail/control_mode__functions.c.o[0m
[  8%] [32mBuilding C object CMakeFiles/melfa_msgs__rosidl_generator_c.dir/rosidl_generator_c/melfa_msgs/msg/detail/controller_type__functions.c.o[0m
[  9%] [32mBuilding C object CMakeFiles/melfa_msgs__rosidl_generator_c.dir/rosidl_generator_c/melfa_msgs/srv/detail/mode_configure__functions.c.o[0m
[ 11%] [32mBuilding C object CMakeFiles/melfa_msgs__rosidl_generator_c.dir/rosidl_generator_c/melfa_msgs/msg/detail/gpio_command__functions.c.o[0m
[ 11%] Built target ament_cmake_python_copy_melfa_msgs
[35m[1mConsolidate compiler generated dependencies of target melfa_msgs__rosidl_typesupport_fastrtps_cpp[0m
[35m[1mConsolidate compiler generated dependencies of target melfa_msgs__rosidl_typesupport_cpp[0m
[35m[1mConsolidate compiler generated dependencies of target melfa_msgs__rosidl_typesupport_introspection_cpp[0m
[ 15%] [32mBuilding CXX object CMakeFiles/melfa_msgs__rosidl_typesupport_cpp.dir/rosidl_typesupport_cpp/melfa_msgs/msg/gpio_state__type_support.cpp.o[0m
[ 15%] [32mBuilding CXX object CMakeFiles/melfa_msgs__rosidl_typesupport_introspection_cpp.dir/rosidl_typesupport_introspection_cpp/melfa_msgs/srv/detail/mode_configure__type_support.cpp.o[0m
[ 15%] [32mBuilding CXX object CMakeFiles/melfa_msgs__rosidl_typesupport_introspection_cpp.dir/rosidl_typesupport_introspection_cpp/melfa_msgs/msg/detail/gpio_state__type_support.cpp.o[0m
[ 16%] [32mBuilding CXX object CMakeFiles/melfa_msgs__rosidl_typesupport_cpp.dir/rosidl_typesupport_cpp/melfa_msgs/srv/gpio_configure__type_support.cpp.o[0m
[ 18%] [32mBuilding CXX object CMakeFiles/melfa_msgs__rosidl_typesupport_fastrtps_cpp.dir/rosidl_typesupport_fastrtps_cpp/melfa_msgs/srv/detail/dds_fastrtps/gpio_configure__type_support.cpp.o[0m
[ 20%] [32mBuilding CXX object CMakeFiles/melfa_msgs__rosidl_typesupport_introspection_cpp.dir/rosidl_typesupport_introspection_cpp/melfa_msgs/msg/detail/gpio_command__type_support.cpp.o[0m
[ 20%] [32mBuilding CXX object CMakeFiles/melfa_msgs__rosidl_typesupport_cpp.dir/rosidl_typesupport_cpp/melfa_msgs/srv/mode_configure__type_support.cpp.o[0m
[ 22%] [32mBuilding CXX object CMakeFiles/melfa_msgs__rosidl_typesupport_introspection_cpp.dir/rosidl_typesupport_introspection_cpp/melfa_msgs/srv/detail/gpio_configure__type_support.cpp.o[0m
[ 23%] [32mBuilding CXX object CMakeFiles/melfa_msgs__rosidl_typesupport_cpp.dir/rosidl_typesupport_cpp/melfa_msgs/msg/gpio_command__type_support.cpp.o[0m
[ 26%] [32mBuilding CXX object CMakeFiles/melfa_msgs__rosidl_typesupport_fastrtps_cpp.dir/rosidl_typesupport_fastrtps_cpp/melfa_msgs/srv/detail/dds_fastrtps/mode_configure__type_support.cpp.o[0m
[ 26%] [32mBuilding CXX object CMakeFiles/melfa_msgs__rosidl_typesupport_cpp.dir/rosidl_typesupport_cpp/melfa_msgs/msg/controller_type__type_support.cpp.o[0m
[ 27%] [32mBuilding CXX object CMakeFiles/melfa_msgs__rosidl_typesupport_introspection_cpp.dir/rosidl_typesupport_introspection_cpp/melfa_msgs/msg/detail/controller_type__type_support.cpp.o[0m
[ 29%] [32mBuilding CXX object CMakeFiles/melfa_msgs__rosidl_typesupport_fastrtps_cpp.dir/rosidl_typesupport_fastrtps_cpp/melfa_msgs/msg/detail/dds_fastrtps/gpio_state__type_support.cpp.o[0m
[ 30%] [32mBuilding CXX object CMakeFiles/melfa_msgs__rosidl_typesupport_fastrtps_cpp.dir/rosidl_typesupport_fastrtps_cpp/melfa_msgs/msg/detail/dds_fastrtps/gpio_command__type_support.cpp.o[0m
[ 31%] [32m[1mLinking C shared library libmelfa_msgs__rosidl_generator_c.so[0m
running egg_info
writing melfa_msgs.egg-info/PKG-INFO
writing dependency_links to melfa_msgs.egg-info/dependency_links.txt
writing top-level names to melfa_msgs.egg-info/top_level.txt
[ 33%] Built target melfa_msgs__rosidl_generator_c
[ 34%] [32mBuilding CXX object CMakeFiles/melfa_msgs__rosidl_typesupport_cpp.dir/rosidl_typesupport_cpp/melfa_msgs/msg/control_mode__type_support.cpp.o[0m
reading manifest file 'melfa_msgs.egg-info/SOURCES.txt'
writing manifest file 'melfa_msgs.egg-info/SOURCES.txt'
[ 34%] Built target ament_cmake_python_build_melfa_msgs_egg
[ 36%] [32mBuilding CXX object CMakeFiles/melfa_msgs__rosidl_typesupport_fastrtps_cpp.dir/rosidl_typesupport_fastrtps_cpp/melfa_msgs/msg/detail/dds_fastrtps/controller_type__type_support.cpp.o[0m
[ 37%] [32mBuilding CXX object CMakeFiles/melfa_msgs__rosidl_typesupport_introspection_cpp.dir/rosidl_typesupport_introspection_cpp/melfa_msgs/msg/detail/control_mode__type_support.cpp.o[0m
[ 38%] [32mBuilding CXX object CMakeFiles/melfa_msgs__rosidl_typesupport_fastrtps_cpp.dir/rosidl_typesupport_fastrtps_cpp/melfa_msgs/msg/detail/dds_fastrtps/control_mode__type_support.cpp.o[0m
[35m[1mConsolidate compiler generated dependencies of target melfa_msgs__rosidl_typesupport_fastrtps_c[0m
[35m[1mConsolidate compiler generated dependencies of target melfa_msgs__rosidl_typesupport_introspection_c[0m
[ 40%] [32mBuilding CXX object CMakeFiles/melfa_msgs__rosidl_typesupport_fastrtps_c.dir/rosidl_typesupport_fastrtps_c/melfa_msgs/srv/detail/gpio_configure__type_support_c.cpp.o[0m
[ 41%] [32mBuilding C object CMakeFiles/melfa_msgs__rosidl_typesupport_introspection_c.dir/rosidl_typesupport_introspection_c/melfa_msgs/srv/detail/gpio_configure__type_support.c.o[0m
[ 43%] [32mBuilding CXX object CMakeFiles/melfa_msgs__rosidl_typesupport_fastrtps_c.dir/rosidl_typesupport_fastrtps_c/melfa_msgs/srv/detail/mode_configure__type_support_c.cpp.o[0m
[ 44%] [32mBuilding C object CMakeFiles/melfa_msgs__rosidl_typesupport_introspection_c.dir/rosidl_typesupport_introspection_c/melfa_msgs/srv/detail/mode_configure__type_support.c.o[0m
[35m[1mConsolidate compiler generated dependencies of target melfa_msgs__rosidl_typesupport_c[0m
[ 45%] [32mBuilding C object CMakeFiles/melfa_msgs__rosidl_typesupport_introspection_c.dir/rosidl_typesupport_introspection_c/melfa_msgs/msg/detail/gpio_state__type_support.c.o[0m
[ 47%] [32mBuilding CXX object CMakeFiles/melfa_msgs__rosidl_typesupport_c.dir/rosidl_typesupport_c/melfa_msgs/srv/gpio_configure__type_support.cpp.o[0m
[ 48%] [32mBuilding C object CMakeFiles/melfa_msgs__rosidl_typesupport_introspection_c.dir/rosidl_typesupport_introspection_c/melfa_msgs/msg/detail/gpio_command__type_support.c.o[0m
[ 50%] [32mBuilding CXX object CMakeFiles/melfa_msgs__rosidl_typesupport_c.dir/rosidl_typesupport_c/melfa_msgs/srv/mode_configure__type_support.cpp.o[0m
[ 51%] [32mBuilding CXX object CMakeFiles/melfa_msgs__rosidl_typesupport_c.dir/rosidl_typesupport_c/melfa_msgs/msg/gpio_state__type_support.cpp.o[0m
[ 52%] [32m[1mLinking CXX shared library libmelfa_msgs__rosidl_typesupport_cpp.so[0m
[ 54%] [32mBuilding C object CMakeFiles/melfa_msgs__rosidl_typesupport_introspection_c.dir/rosidl_typesupport_introspection_c/melfa_msgs/msg/detail/controller_type__type_support.c.o[0m
[ 55%] [32mBuilding CXX object CMakeFiles/melfa_msgs__rosidl_typesupport_c.dir/rosidl_typesupport_c/melfa_msgs/msg/gpio_command__type_support.cpp.o[0m
[ 56%] [32mBuilding CXX object CMakeFiles/melfa_msgs__rosidl_typesupport_c.dir/rosidl_typesupport_c/melfa_msgs/msg/controller_type__type_support.cpp.o[0m
[ 58%] [32mBuilding C object CMakeFiles/melfa_msgs__rosidl_typesupport_introspection_c.dir/rosidl_typesupport_introspection_c/melfa_msgs/msg/detail/control_mode__type_support.c.o[0m
[ 59%] [32mBuilding CXX object CMakeFiles/melfa_msgs__rosidl_typesupport_fastrtps_c.dir/rosidl_typesupport_fastrtps_c/melfa_msgs/msg/detail/gpio_state__type_support_c.cpp.o[0m
[ 61%] [32mBuilding CXX object CMakeFiles/melfa_msgs__rosidl_typesupport_c.dir/rosidl_typesupport_c/melfa_msgs/msg/control_mode__type_support.cpp.o[0m
[ 62%] [32mBuilding CXX object CMakeFiles/melfa_msgs__rosidl_typesupport_fastrtps_c.dir/rosidl_typesupport_fastrtps_c/melfa_msgs/msg/detail/gpio_command__type_support_c.cpp.o[0m
[ 63%] [32mBuilding CXX object CMakeFiles/melfa_msgs__rosidl_typesupport_fastrtps_c.dir/rosidl_typesupport_fastrtps_c/melfa_msgs/msg/detail/controller_type__type_support_c.cpp.o[0m
[ 65%] Built target melfa_msgs__rosidl_typesupport_cpp
[ 66%] [32mBuilding CXX object CMakeFiles/melfa_msgs__rosidl_typesupport_fastrtps_c.dir/rosidl_typesupport_fastrtps_c/melfa_msgs/msg/detail/control_mode__type_support_c.cpp.o[0m
[ 68%] [32m[1mLinking CXX shared library libmelfa_msgs__rosidl_typesupport_c.so[0m
[ 69%] [32m[1mLinking C shared library libmelfa_msgs__rosidl_typesupport_introspection_c.so[0m
[ 70%] Built target melfa_msgs__rosidl_typesupport_introspection_c
[ 72%] Built target melfa_msgs__rosidl_typesupport_c
[ 73%] [32m[1mLinking CXX shared library libmelfa_msgs__rosidl_typesupport_fastrtps_cpp.so[0m
[ 75%] [32m[1mLinking CXX shared library libmelfa_msgs__rosidl_typesupport_introspection_cpp.so[0m
[ 76%] Built target melfa_msgs__rosidl_typesupport_fastrtps_cpp
[ 77%] [32m[1mLinking CXX shared library libmelfa_msgs__rosidl_typesupport_fastrtps_c.so[0m
[ 79%] Built target melfa_msgs__rosidl_typesupport_introspection_cpp
[ 80%] Built target melfa_msgs__rosidl_typesupport_fastrtps_c
[ 80%] Built target melfa_msgs
[ 81%] Built target melfa_msgs__py
[35m[1mConsolidate compiler generated dependencies of target melfa_msgs__rosidl_generator_py[0m
[ 83%] [32mBuilding C object CMakeFiles/melfa_msgs__rosidl_generator_py.dir/rosidl_generator_py/melfa_msgs/srv/_mode_configure_s.c.o[0m
[ 84%] [32mBuilding C object CMakeFiles/melfa_msgs__rosidl_generator_py.dir/rosidl_generator_py/melfa_msgs/msg/_gpio_state_s.c.o[0m
[ 86%] [32mBuilding C object CMakeFiles/melfa_msgs__rosidl_generator_py.dir/rosidl_generator_py/melfa_msgs/msg/_gpio_command_s.c.o[0m
[ 87%] [32mBuilding C object CMakeFiles/melfa_msgs__rosidl_generator_py.dir/rosidl_generator_py/melfa_msgs/msg/_control_mode_s.c.o[0m
[ 88%] [32mBuilding C object CMakeFiles/melfa_msgs__rosidl_generator_py.dir/rosidl_generator_py/melfa_msgs/msg/_controller_type_s.c.o[0m
[ 90%] [32mBuilding C object CMakeFiles/melfa_msgs__rosidl_generator_py.dir/rosidl_generator_py/melfa_msgs/srv/_gpio_configure_s.c.o[0m
[ 91%] [32m[1mLinking C shared library rosidl_generator_py/melfa_msgs/libmelfa_msgs__rosidl_generator_py.so[0m
[ 91%] Built target melfa_msgs__rosidl_generator_py
[35m[1mConsolidate compiler generated dependencies of target melfa_msgs__rosidl_typesupport_c__pyext[0m
[35m[1mConsolidate compiler generated dependencies of target melfa_msgs__rosidl_typesupport_introspection_c__pyext[0m
[35m[1mConsolidate compiler generated dependencies of target melfa_msgs__rosidl_typesupport_fastrtps_c__pyext[0m
[ 93%] [32mBuilding C object CMakeFiles/melfa_msgs__rosidl_typesupport_c__pyext.dir/rosidl_generator_py/melfa_msgs/_melfa_msgs_s.ep.rosidl_typesupport_c.c.o[0m
[ 94%] [32mBuilding C object CMakeFiles/melfa_msgs__rosidl_typesupport_introspection_c__pyext.dir/rosidl_generator_py/melfa_msgs/_melfa_msgs_s.ep.rosidl_typesupport_introspection_c.c.o[0m
[ 95%] [32mBuilding C object CMakeFiles/melfa_msgs__rosidl_typesupport_fastrtps_c__pyext.dir/rosidl_generator_py/melfa_msgs/_melfa_msgs_s.ep.rosidl_typesupport_fastrtps_c.c.o[0m
[ 97%] [32m[1mLinking C shared library rosidl_generator_py/melfa_msgs/melfa_msgs_s__rosidl_typesupport_fastrtps_c.cpython-310-x86_64-linux-gnu.so[0m
[ 98%] [32m[1mLinking C shared library rosidl_generator_py/melfa_msgs/melfa_msgs_s__rosidl_typesupport_introspection_c.cpython-310-x86_64-linux-gnu.so[0m
[100%] [32m[1mLinking C shared library rosidl_generator_py/melfa_msgs/melfa_msgs_s__rosidl_typesupport_c.cpython-310-x86_64-linux-gnu.so[0m
[100%] Built target melfa_msgs__rosidl_typesupport_fastrtps_c__pyext
[100%] Built target melfa_msgs__rosidl_typesupport_introspection_c__pyext
[100%] Built target melfa_msgs__rosidl_typesupport_c__pyext
-- Install configuration: "Release"
-- Up-to-date: /home/ram/melfa_ros2/install/melfa_msgs/share/ament_index/resource_index/rosidl_interfaces/melfa_msgs
-- Up-to-date: /home/ram/melfa_ros2/install/melfa_msgs/include/melfa_msgs/melfa_msgs
-- Up-to-date: /home/ram/melfa_ros2/install/melfa_msgs/include/melfa_msgs/melfa_msgs/msg
-- Up-to-date: /home/ram/melfa_ros2/install/melfa_msgs/include/melfa_msgs/melfa_msgs/msg/detail
-- Up-to-date: /home/ram/melfa_ros2/install/melfa_msgs/include/melfa_msgs/melfa_msgs/msg/detail/gpio_command__type_support.h
-- Up-to-date: /home/ram/melfa_ros2/install/melfa_msgs/include/melfa_msgs/melfa_msgs/msg/detail/controller_type__type_support.h
-- Up-to-date: /home/ram/melfa_ros2/install/melfa_msgs/include/melfa_msgs/melfa_msgs/msg/detail/gpio_command__struct.h
-- Up-to-date: /home/ram/melfa_ros2/install/melfa_msgs/include/melfa_msgs/melfa_msgs/msg/detail/control_mode__struct.h
-- Up-to-date: /home/ram/melfa_ros2/install/melfa_msgs/include/melfa_msgs/melfa_msgs/msg/detail/gpio_state__struct.h
-- Up-to-date: /home/ram/melfa_ros2/install/melfa_msgs/include/melfa_msgs/melfa_msgs/msg/detail/control_mode__functions.h
-- Up-to-date: /home/ram/melfa_ros2/install/melfa_msgs/include/melfa_msgs/melfa_msgs/msg/detail/control_mode__type_support.h
-- Up-to-date: /home/ram/melfa_ros2/install/melfa_msgs/include/melfa_msgs/melfa_msgs/msg/detail/gpio_state__type_support.h
-- Up-to-date: /home/ram/melfa_ros2/install/melfa_msgs/include/melfa_msgs/melfa_msgs/msg/detail/control_mode__functions.c
-- Up-to-date: /home/ram/melfa_ros2/install/melfa_msgs/include/melfa_msgs/melfa_msgs/msg/detail/controller_type__struct.h
-- Up-to-date: /home/ram/melfa_ros2/install/melfa_msgs/include/melfa_msgs/melfa_msgs/msg/detail/gpio_state__functions.h
-- Up-to-date: /home/ram/melfa_ros2/install/melfa_msgs/include/melfa_msgs/melfa_msgs/msg/detail/gpio_command__functions.h
-- Up-to-date: /home/ram/melfa_ros2/install/melfa_msgs/include/melfa_msgs/melfa_msgs/msg/detail/controller_type__functions.c
-- Up-to-date: /home/ram/melfa_ros2/install/melfa_msgs/include/melfa_msgs/melfa_msgs/msg/detail/controller_type__functions.h
-- Up-to-date: /home/ram/melfa_ros2/install/melfa_msgs/include/melfa_msgs/melfa_msgs/msg/detail/gpio_state__functions.c
-- Up-to-date: /home/ram/melfa_ros2/install/melfa_msgs/include/melfa_msgs/melfa_msgs/msg/detail/gpio_command__functions.c
-- Up-to-date: /home/ram/melfa_ros2/install/melfa_msgs/include/melfa_msgs/melfa_msgs/msg/controller_type.h
-- Up-to-date: /home/ram/melfa_ros2/install/melfa_msgs/include/melfa_msgs/melfa_msgs/msg/gpio_state.h
-- Up-to-date: /home/ram/melfa_ros2/install/melfa_msgs/include/melfa_msgs/melfa_msgs/msg/control_mode.h
-- Up-to-date: /home/ram/melfa_ros2/install/melfa_msgs/include/melfa_msgs/melfa_msgs/msg/gpio_command.h
-- Up-to-date: /home/ram/melfa_ros2/install/melfa_msgs/include/melfa_msgs/melfa_msgs/msg/rosidl_generator_c__visibility_control.h
-- Up-to-date: /home/ram/melfa_ros2/install/melfa_msgs/include/melfa_msgs/melfa_msgs/srv
-- Up-to-date: /home/ram/melfa_ros2/install/melfa_msgs/include/melfa_msgs/melfa_msgs/srv/detail
-- Up-to-date: /home/ram/melfa_ros2/install/melfa_msgs/include/melfa_msgs/melfa_msgs/srv/detail/mode_configure__type_support.h
-- Up-to-date: /home/ram/melfa_ros2/install/melfa_msgs/include/melfa_msgs/melfa_msgs/srv/detail/mode_configure__functions.c
-- Up-to-date: /home/ram/melfa_ros2/install/melfa_msgs/include/melfa_msgs/melfa_msgs/srv/detail/gpio_configure__struct.h
-- Up-to-date: /home/ram/melfa_ros2/install/melfa_msgs/include/melfa_msgs/melfa_msgs/srv/detail/gpio_configure__type_support.h
-- Up-to-date: /home/ram/melfa_ros2/install/melfa_msgs/include/melfa_msgs/melfa_msgs/srv/detail/mode_configure__functions.h
-- Up-to-date: /home/ram/melfa_ros2/install/melfa_msgs/include/melfa_msgs/melfa_msgs/srv/detail/mode_configure__struct.h
-- Up-to-date: /home/ram/melfa_ros2/install/melfa_msgs/include/melfa_msgs/melfa_msgs/srv/detail/gpio_configure__functions.c
-- Up-to-date: /home/ram/melfa_ros2/install/melfa_msgs/include/melfa_msgs/melfa_msgs/srv/detail/gpio_configure__functions.h
-- Up-to-date: /home/ram/melfa_ros2/install/melfa_msgs/include/melfa_msgs/melfa_msgs/srv/mode_configure.h
-- Up-to-date: /home/ram/melfa_ros2/install/melfa_msgs/include/melfa_msgs/melfa_msgs/srv/gpio_configure.h
-- Up-to-date: /home/ram/melfa_ros2/install/melfa_msgs/share/melfa_msgs/environment/library_path.sh
-- Installing: /home/ram/melfa_ros2/install/melfa_msgs/share/melfa_msgs/environment/library_path.dsv
-- Installing: /home/ram/melfa_ros2/install/melfa_msgs/lib/libmelfa_msgs__rosidl_generator_c.so
-- Set runtime path of "/home/ram/melfa_ros2/install/melfa_msgs/lib/libmelfa_msgs__rosidl_generator_c.so" to ""
-- Up-to-date: /home/ram/melfa_ros2/install/melfa_msgs/include/melfa_msgs/melfa_msgs
-- Up-to-date: /home/ram/melfa_ros2/install/melfa_msgs/include/melfa_msgs/melfa_msgs/msg
-- Up-to-date: /home/ram/melfa_ros2/install/melfa_msgs/include/melfa_msgs/melfa_msgs/msg/detail
-- Up-to-date: /home/ram/melfa_ros2/install/melfa_msgs/include/melfa_msgs/melfa_msgs/msg/detail/control_mode__rosidl_typesupport_fastrtps_c.h
-- Up-to-date: /home/ram/melfa_ros2/install/melfa_msgs/include/melfa_msgs/melfa_msgs/msg/detail/gpio_state__rosidl_typesupport_fastrtps_c.h
-- Up-to-date: /home/ram/melfa_ros2/install/melfa_msgs/include/melfa_msgs/melfa_msgs/msg/detail/controller_type__rosidl_typesupport_fastrtps_c.h
-- Up-to-date: /home/ram/melfa_ros2/install/melfa_msgs/include/melfa_msgs/melfa_msgs/msg/detail/gpio_command__rosidl_typesupport_fastrtps_c.h
-- Up-to-date: /home/ram/melfa_ros2/install/melfa_msgs/include/melfa_msgs/melfa_msgs/msg/rosidl_typesupport_fastrtps_c__visibility_control.h
-- Up-to-date: /home/ram/melfa_ros2/install/melfa_msgs/include/melfa_msgs/melfa_msgs/srv
-- Up-to-date: /home/ram/melfa_ros2/install/melfa_msgs/include/melfa_msgs/melfa_msgs/srv/detail
-- Up-to-date: /home/ram/melfa_ros2/install/melfa_msgs/include/melfa_msgs/melfa_msgs/srv/detail/gpio_configure__rosidl_typesupport_fastrtps_c.h
-- Up-to-date: /home/ram/melfa_ros2/install/melfa_msgs/include/melfa_msgs/melfa_msgs/srv/detail/mode_configure__rosidl_typesupport_fastrtps_c.h
-- Installing: /home/ram/melfa_ros2/install/melfa_msgs/lib/libmelfa_msgs__rosidl_typesupport_fastrtps_c.so
-- Set runtime path of "/home/ram/melfa_ros2/install/melfa_msgs/lib/libmelfa_msgs__rosidl_typesupport_fastrtps_c.so" to ""
-- Up-to-date: /home/ram/melfa_ros2/install/melfa_msgs/include/melfa_msgs/melfa_msgs
-- Up-to-date: /home/ram/melfa_ros2/install/melfa_msgs/include/melfa_msgs/melfa_msgs/msg
-- Up-to-date: /home/ram/melfa_ros2/install/melfa_msgs/include/melfa_msgs/melfa_msgs/msg/detail
-- Up-to-date: /home/ram/melfa_ros2/install/melfa_msgs/include/melfa_msgs/melfa_msgs/msg/detail/gpio_command__rosidl_typesupport_introspection_c.h
-- Up-to-date: /home/ram/melfa_ros2/install/melfa_msgs/include/melfa_msgs/melfa_msgs/msg/detail/controller_type__type_support.c
-- Up-to-date: /home/ram/melfa_ros2/install/melfa_msgs/include/melfa_msgs/melfa_msgs/msg/detail/controller_type__rosidl_typesupport_introspection_c.h
-- Up-to-date: /home/ram/melfa_ros2/install/melfa_msgs/include/melfa_msgs/melfa_msgs/msg/detail/gpio_state__rosidl_typesupport_introspection_c.h
-- Up-to-date: /home/ram/melfa_ros2/install/melfa_msgs/include/melfa_msgs/melfa_msgs/msg/detail/gpio_command__type_support.c
-- Up-to-date: /home/ram/melfa_ros2/install/melfa_msgs/include/melfa_msgs/melfa_msgs/msg/detail/control_mode__type_support.c
-- Up-to-date: /home/ram/melfa_ros2/install/melfa_msgs/include/melfa_msgs/melfa_msgs/msg/detail/gpio_state__type_support.c
-- Up-to-date: /home/ram/melfa_ros2/install/melfa_msgs/include/melfa_msgs/melfa_msgs/msg/detail/control_mode__rosidl_typesupport_introspection_c.h
-- Up-to-date: /home/ram/melfa_ros2/install/melfa_msgs/include/melfa_msgs/melfa_msgs/msg/rosidl_typesupport_introspection_c__visibility_control.h
-- Up-to-date: /home/ram/melfa_ros2/install/melfa_msgs/include/melfa_msgs/melfa_msgs/srv
-- Up-to-date: /home/ram/melfa_ros2/install/melfa_msgs/include/melfa_msgs/melfa_msgs/srv/detail
-- Up-to-date: /home/ram/melfa_ros2/install/melfa_msgs/include/melfa_msgs/melfa_msgs/srv/detail/mode_configure__rosidl_typesupport_introspection_c.h
-- Up-to-date: /home/ram/melfa_ros2/install/melfa_msgs/include/melfa_msgs/melfa_msgs/srv/detail/mode_configure__type_support.c
-- Up-to-date: /home/ram/melfa_ros2/install/melfa_msgs/include/melfa_msgs/melfa_msgs/srv/detail/gpio_configure__type_support.c
-- Up-to-date: /home/ram/melfa_ros2/install/melfa_msgs/include/melfa_msgs/melfa_msgs/srv/detail/gpio_configure__rosidl_typesupport_introspection_c.h
-- Installing: /home/ram/melfa_ros2/install/melfa_msgs/lib/libmelfa_msgs__rosidl_typesupport_introspection_c.so
-- Set runtime path of "/home/ram/melfa_ros2/install/melfa_msgs/lib/libmelfa_msgs__rosidl_typesupport_introspection_c.so" to ""
-- Installing: /home/ram/melfa_ros2/install/melfa_msgs/lib/libmelfa_msgs__rosidl_typesupport_c.so
-- Set runtime path of "/home/ram/melfa_ros2/install/melfa_msgs/lib/libmelfa_msgs__rosidl_typesupport_c.so" to ""
-- Up-to-date: /home/ram/melfa_ros2/install/melfa_msgs/include/melfa_msgs/melfa_msgs
-- Up-to-date: /home/ram/melfa_ros2/install/melfa_msgs/include/melfa_msgs/melfa_msgs/msg
-- Up-to-date: /home/ram/melfa_ros2/install/melfa_msgs/include/melfa_msgs/melfa_msgs/msg/controller_type.hpp
-- Up-to-date: /home/ram/melfa_ros2/install/melfa_msgs/include/melfa_msgs/melfa_msgs/msg/detail
-- Up-to-date: /home/ram/melfa_ros2/install/melfa_msgs/include/melfa_msgs/melfa_msgs/msg/detail/control_mode__struct.hpp
-- Up-to-date: /home/ram/melfa_ros2/install/melfa_msgs/include/melfa_msgs/melfa_msgs/msg/detail/gpio_state__struct.hpp
-- Up-to-date: /home/ram/melfa_ros2/install/melfa_msgs/include/melfa_msgs/melfa_msgs/msg/detail/control_mode__traits.hpp
-- Up-to-date: /home/ram/melfa_ros2/install/melfa_msgs/include/melfa_msgs/melfa_msgs/msg/detail/gpio_command__struct.hpp
-- Up-to-date: /home/ram/melfa_ros2/install/melfa_msgs/include/melfa_msgs/melfa_msgs/msg/detail/gpio_command__type_support.hpp
-- Up-to-date: /home/ram/melfa_ros2/install/melfa_msgs/include/melfa_msgs/melfa_msgs/msg/detail/controller_type__struct.hpp
-- Up-to-date: /home/ram/melfa_ros2/install/melfa_msgs/include/melfa_msgs/melfa_msgs/msg/detail/controller_type__builder.hpp
-- Up-to-date: /home/ram/melfa_ros2/install/melfa_msgs/include/melfa_msgs/melfa_msgs/msg/detail/gpio_state__traits.hpp
-- Up-to-date: /home/ram/melfa_ros2/install/melfa_msgs/include/melfa_msgs/melfa_msgs/msg/detail/gpio_command__builder.hpp
-- Up-to-date: /home/ram/melfa_ros2/install/melfa_msgs/include/melfa_msgs/melfa_msgs/msg/detail/control_mode__builder.hpp
-- Up-to-date: /home/ram/melfa_ros2/install/melfa_msgs/include/melfa_msgs/melfa_msgs/msg/detail/control_mode__type_support.hpp
-- Up-to-date: /home/ram/melfa_ros2/install/melfa_msgs/include/melfa_msgs/melfa_msgs/msg/detail/gpio_state__type_support.hpp
-- Up-to-date: /home/ram/melfa_ros2/install/melfa_msgs/include/melfa_msgs/melfa_msgs/msg/detail/controller_type__traits.hpp
-- Up-to-date: /home/ram/melfa_ros2/install/melfa_msgs/include/melfa_msgs/melfa_msgs/msg/detail/gpio_command__traits.hpp
-- Up-to-date: /home/ram/melfa_ros2/install/melfa_msgs/include/melfa_msgs/melfa_msgs/msg/detail/controller_type__type_support.hpp
-- Up-to-date: /home/ram/melfa_ros2/install/melfa_msgs/include/melfa_msgs/melfa_msgs/msg/detail/gpio_state__builder.hpp
-- Up-to-date: /home/ram/melfa_ros2/install/melfa_msgs/include/melfa_msgs/melfa_msgs/msg/gpio_state.hpp
-- Up-to-date: /home/ram/melfa_ros2/install/melfa_msgs/include/melfa_msgs/melfa_msgs/msg/gpio_command.hpp
-- Up-to-date: /home/ram/melfa_ros2/install/melfa_msgs/include/melfa_msgs/melfa_msgs/msg/rosidl_generator_cpp__visibility_control.hpp
-- Up-to-date: /home/ram/melfa_ros2/install/melfa_msgs/include/melfa_msgs/melfa_msgs/msg/control_mode.hpp
-- Up-to-date: /home/ram/melfa_ros2/install/melfa_msgs/include/melfa_msgs/melfa_msgs/srv
-- Up-to-date: /home/ram/melfa_ros2/install/melfa_msgs/include/melfa_msgs/melfa_msgs/srv/mode_configure.hpp
-- Up-to-date: /home/ram/melfa_ros2/install/melfa_msgs/include/melfa_msgs/melfa_msgs/srv/detail
-- Up-to-date: /home/ram/melfa_ros2/install/melfa_msgs/include/melfa_msgs/melfa_msgs/srv/detail/gpio_configure__struct.hpp
-- Up-to-date: /home/ram/melfa_ros2/install/melfa_msgs/include/melfa_msgs/melfa_msgs/srv/detail/gpio_configure__type_support.hpp
-- Up-to-date: /home/ram/melfa_ros2/install/melfa_msgs/include/melfa_msgs/melfa_msgs/srv/detail/mode_configure__builder.hpp
-- Up-to-date: /home/ram/melfa_ros2/install/melfa_msgs/include/melfa_msgs/melfa_msgs/srv/detail/mode_configure__traits.hpp
-- Up-to-date: /home/ram/melfa_ros2/install/melfa_msgs/include/melfa_msgs/melfa_msgs/srv/detail/mode_configure__type_support.hpp
-- Up-to-date: /home/ram/melfa_ros2/install/melfa_msgs/include/melfa_msgs/melfa_msgs/srv/detail/gpio_configure__builder.hpp
-- Up-to-date: /home/ram/melfa_ros2/install/melfa_msgs/include/melfa_msgs/melfa_msgs/srv/detail/mode_configure__struct.hpp
-- Up-to-date: /home/ram/melfa_ros2/install/melfa_msgs/include/melfa_msgs/melfa_msgs/srv/detail/gpio_configure__traits.hpp
-- Up-to-date: /home/ram/melfa_ros2/install/melfa_msgs/include/melfa_msgs/melfa_msgs/srv/gpio_configure.hpp
-- Up-to-date: /home/ram/melfa_ros2/install/melfa_msgs/include/melfa_msgs/melfa_msgs
-- Up-to-date: /home/ram/melfa_ros2/install/melfa_msgs/include/melfa_msgs/melfa_msgs/msg
-- Up-to-date: /home/ram/melfa_ros2/install/melfa_msgs/include/melfa_msgs/melfa_msgs/msg/detail
-- Up-to-date: /home/ram/melfa_ros2/install/melfa_msgs/include/melfa_msgs/melfa_msgs/msg/detail/gpio_state__rosidl_typesupport_fastrtps_cpp.hpp
-- Up-to-date: /home/ram/melfa_ros2/install/melfa_msgs/include/melfa_msgs/melfa_msgs/msg/detail/gpio_command__rosidl_typesupport_fastrtps_cpp.hpp
-- Up-to-date: /home/ram/melfa_ros2/install/melfa_msgs/include/melfa_msgs/melfa_msgs/msg/detail/controller_type__rosidl_typesupport_fastrtps_cpp.hpp
-- Up-to-date: /home/ram/melfa_ros2/install/melfa_msgs/include/melfa_msgs/melfa_msgs/msg/detail/control_mode__rosidl_typesupport_fastrtps_cpp.hpp
-- Up-to-date: /home/ram/melfa_ros2/install/melfa_msgs/include/melfa_msgs/melfa_msgs/msg/detail/dds_fastrtps
-- Up-to-date: /home/ram/melfa_ros2/install/melfa_msgs/include/melfa_msgs/melfa_msgs/msg/rosidl_typesupport_fastrtps_cpp__visibility_control.h
-- Up-to-date: /home/ram/melfa_ros2/install/melfa_msgs/include/melfa_msgs/melfa_msgs/srv
-- Up-to-date: /home/ram/melfa_ros2/install/melfa_msgs/include/melfa_msgs/melfa_msgs/srv/detail
-- Up-to-date: /home/ram/melfa_ros2/install/melfa_msgs/include/melfa_msgs/melfa_msgs/srv/detail/mode_configure__rosidl_typesupport_fastrtps_cpp.hpp
-- Up-to-date: /home/ram/melfa_ros2/install/melfa_msgs/include/melfa_msgs/melfa_msgs/srv/detail/gpio_configure__rosidl_typesupport_fastrtps_cpp.hpp
-- Up-to-date: /home/ram/melfa_ros2/install/melfa_msgs/include/melfa_msgs/melfa_msgs/srv/detail/dds_fastrtps
-- Installing: /home/ram/melfa_ros2/install/melfa_msgs/lib/libmelfa_msgs__rosidl_typesupport_fastrtps_cpp.so
-- Set runtime path of "/home/ram/melfa_ros2/install/melfa_msgs/lib/libmelfa_msgs__rosidl_typesupport_fastrtps_cpp.so" to ""
-- Up-to-date: /home/ram/melfa_ros2/install/melfa_msgs/include/melfa_msgs/melfa_msgs
-- Up-to-date: /home/ram/melfa_ros2/install/melfa_msgs/include/melfa_msgs/melfa_msgs/msg
-- Up-to-date: /home/ram/melfa_ros2/install/melfa_msgs/include/melfa_msgs/melfa_msgs/msg/detail
-- Up-to-date: /home/ram/melfa_ros2/install/melfa_msgs/include/melfa_msgs/melfa_msgs/msg/detail/control_mode__type_support.cpp
-- Up-to-date: /home/ram/melfa_ros2/install/melfa_msgs/include/melfa_msgs/melfa_msgs/msg/detail/gpio_state__type_support.cpp
-- Up-to-date: /home/ram/melfa_ros2/install/melfa_msgs/include/melfa_msgs/melfa_msgs/msg/detail/gpio_state__rosidl_typesupport_introspection_cpp.hpp
-- Up-to-date: /home/ram/melfa_ros2/install/melfa_msgs/include/melfa_msgs/melfa_msgs/msg/detail/gpio_command__type_support.cpp
-- Up-to-date: /home/ram/melfa_ros2/install/melfa_msgs/include/melfa_msgs/melfa_msgs/msg/detail/control_mode__rosidl_typesupport_introspection_cpp.hpp
-- Up-to-date: /home/ram/melfa_ros2/install/melfa_msgs/include/melfa_msgs/melfa_msgs/msg/detail/controller_type__type_support.cpp
-- Up-to-date: /home/ram/melfa_ros2/install/melfa_msgs/include/melfa_msgs/melfa_msgs/msg/detail/controller_type__rosidl_typesupport_introspection_cpp.hpp
-- Up-to-date: /home/ram/melfa_ros2/install/melfa_msgs/include/melfa_msgs/melfa_msgs/msg/detail/gpio_command__rosidl_typesupport_introspection_cpp.hpp
-- Up-to-date: /home/ram/melfa_ros2/install/melfa_msgs/include/melfa_msgs/melfa_msgs/srv
-- Up-to-date: /home/ram/melfa_ros2/install/melfa_msgs/include/melfa_msgs/melfa_msgs/srv/detail
-- Up-to-date: /home/ram/melfa_ros2/install/melfa_msgs/include/melfa_msgs/melfa_msgs/srv/detail/gpio_configure__type_support.cpp
-- Up-to-date: /home/ram/melfa_ros2/install/melfa_msgs/include/melfa_msgs/melfa_msgs/srv/detail/gpio_configure__rosidl_typesupport_introspection_cpp.hpp
-- Up-to-date: /home/ram/melfa_ros2/install/melfa_msgs/include/melfa_msgs/melfa_msgs/srv/detail/mode_configure__rosidl_typesupport_introspection_cpp.hpp
-- Up-to-date: /home/ram/melfa_ros2/install/melfa_msgs/include/melfa_msgs/melfa_msgs/srv/detail/mode_configure__type_support.cpp
-- Installing: /home/ram/melfa_ros2/install/melfa_msgs/lib/libmelfa_msgs__rosidl_typesupport_introspection_cpp.so
-- Set runtime path of "/home/ram/melfa_ros2/install/melfa_msgs/lib/libmelfa_msgs__rosidl_typesupport_introspection_cpp.so" to ""
-- Installing: /home/ram/melfa_ros2/install/melfa_msgs/lib/libmelfa_msgs__rosidl_typesupport_cpp.so
-- Set runtime path of "/home/ram/melfa_ros2/install/melfa_msgs/lib/libmelfa_msgs__rosidl_typesupport_cpp.so" to ""
-- Up-to-date: /home/ram/melfa_ros2/install/melfa_msgs/share/melfa_msgs/environment/pythonpath.sh
-- Installing: /home/ram/melfa_ros2/install/melfa_msgs/share/melfa_msgs/environment/pythonpath.dsv
-- Up-to-date: /home/ram/melfa_ros2/install/melfa_msgs/local/lib/python3.10/dist-packages/melfa_msgs-1.0.0-py3.10.egg-info
-- Installing: /home/ram/melfa_ros2/install/melfa_msgs/local/lib/python3.10/dist-packages/melfa_msgs-1.0.0-py3.10.egg-info/PKG-INFO
-- Installing: /home/ram/melfa_ros2/install/melfa_msgs/local/lib/python3.10/dist-packages/melfa_msgs-1.0.0-py3.10.egg-info/top_level.txt
-- Installing: /home/ram/melfa_ros2/install/melfa_msgs/local/lib/python3.10/dist-packages/melfa_msgs-1.0.0-py3.10.egg-info/SOURCES.txt
-- Installing: /home/ram/melfa_ros2/install/melfa_msgs/local/lib/python3.10/dist-packages/melfa_msgs-1.0.0-py3.10.egg-info/dependency_links.txt
-- Up-to-date: /home/ram/melfa_ros2/install/melfa_msgs/local/lib/python3.10/dist-packages/melfa_msgs
-- Installing: /home/ram/melfa_ros2/install/melfa_msgs/local/lib/python3.10/dist-packages/melfa_msgs/__init__.py
-- Installing: /home/ram/melfa_ros2/install/melfa_msgs/local/lib/python3.10/dist-packages/melfa_msgs/melfa_msgs_s__rosidl_typesupport_introspection_c.cpython-310-x86_64-linux-gnu.so
-- Up-to-date: /home/ram/melfa_ros2/install/melfa_msgs/local/lib/python3.10/dist-packages/melfa_msgs/msg
-- Up-to-date: /home/ram/melfa_ros2/install/melfa_msgs/local/lib/python3.10/dist-packages/melfa_msgs/msg/_gpio_state_s.c
-- Up-to-date: /home/ram/melfa_ros2/install/melfa_msgs/local/lib/python3.10/dist-packages/melfa_msgs/msg/__init__.py
-- Up-to-date: /home/ram/melfa_ros2/install/melfa_msgs/local/lib/python3.10/dist-packages/melfa_msgs/msg/_control_mode.py
-- Up-to-date: /home/ram/melfa_ros2/install/melfa_msgs/local/lib/python3.10/dist-packages/melfa_msgs/msg/_gpio_command.py
-- Up-to-date: /home/ram/melfa_ros2/install/melfa_msgs/local/lib/python3.10/dist-packages/melfa_msgs/msg/_control_mode_s.c
-- Up-to-date: /home/ram/melfa_ros2/install/melfa_msgs/local/lib/python3.10/dist-packages/melfa_msgs/msg/_gpio_state.py
-- Up-to-date: /home/ram/melfa_ros2/install/melfa_msgs/local/lib/python3.10/dist-packages/melfa_msgs/msg/_controller_type_s.c
-- Up-to-date: /home/ram/melfa_ros2/install/melfa_msgs/local/lib/python3.10/dist-packages/melfa_msgs/msg/_gpio_command_s.c
-- Up-to-date: /home/ram/melfa_ros2/install/melfa_msgs/local/lib/python3.10/dist-packages/melfa_msgs/msg/_controller_type.py
-- Installing: /home/ram/melfa_ros2/install/melfa_msgs/local/lib/python3.10/dist-packages/melfa_msgs/libmelfa_msgs__rosidl_generator_py.so
-- Up-to-date: /home/ram/melfa_ros2/install/melfa_msgs/local/lib/python3.10/dist-packages/melfa_msgs/_melfa_msgs_s.ep.rosidl_typesupport_introspection_c.c
-- Installing: /home/ram/melfa_ros2/install/melfa_msgs/local/lib/python3.10/dist-packages/melfa_msgs/melfa_msgs_s__rosidl_typesupport_c.cpython-310-x86_64-linux-gnu.so
-- Up-to-date: /home/ram/melfa_ros2/install/melfa_msgs/local/lib/python3.10/dist-packages/melfa_msgs/srv
-- Up-to-date: /home/ram/melfa_ros2/install/melfa_msgs/local/lib/python3.10/dist-packages/melfa_msgs/srv/__init__.py
-- Up-to-date: /home/ram/melfa_ros2/install/melfa_msgs/local/lib/python3.10/dist-packages/melfa_msgs/srv/_mode_configure.py
-- Up-to-date: /home/ram/melfa_ros2/install/melfa_msgs/local/lib/python3.10/dist-packages/melfa_msgs/srv/_mode_configure_s.c
-- Up-to-date: /home/ram/melfa_ros2/install/melfa_msgs/local/lib/python3.10/dist-packages/melfa_msgs/srv/_gpio_configure_s.c
-- Up-to-date: /home/ram/melfa_ros2/install/melfa_msgs/local/lib/python3.10/dist-packages/melfa_msgs/srv/_gpio_configure.py
-- Up-to-date: /home/ram/melfa_ros2/install/melfa_msgs/local/lib/python3.10/dist-packages/melfa_msgs/_melfa_msgs_s.ep.rosidl_typesupport_fastrtps_c.c
-- Up-to-date: /home/ram/melfa_ros2/install/melfa_msgs/local/lib/python3.10/dist-packages/melfa_msgs/_melfa_msgs_s.ep.rosidl_typesupport_c.c
-- Installing: /home/ram/melfa_ros2/install/melfa_msgs/local/lib/python3.10/dist-packages/melfa_msgs/melfa_msgs_s__rosidl_typesupport_fastrtps_c.cpython-310-x86_64-linux-gnu.so
Listing '/home/ram/melfa_ros2/install/melfa_msgs/local/lib/python3.10/dist-packages/melfa_msgs'...
Compiling '/home/ram/melfa_ros2/install/melfa_msgs/local/lib/python3.10/dist-packages/melfa_msgs/__init__.py'...
Listing '/home/ram/melfa_ros2/install/melfa_msgs/local/lib/python3.10/dist-packages/melfa_msgs/msg'...
Listing '/home/ram/melfa_ros2/install/melfa_msgs/local/lib/python3.10/dist-packages/melfa_msgs/srv'...
-- Installing: /home/ram/melfa_ros2/install/melfa_msgs/local/lib/python3.10/dist-packages/melfa_msgs/melfa_msgs_s__rosidl_typesupport_fastrtps_c.cpython-310-x86_64-linux-gnu.so
-- Set runtime path of "/home/ram/melfa_ros2/install/melfa_msgs/local/lib/python3.10/dist-packages/melfa_msgs/melfa_msgs_s__rosidl_typesupport_fastrtps_c.cpython-310-x86_64-linux-gnu.so" to ""
-- Installing: /home/ram/melfa_ros2/install/melfa_msgs/local/lib/python3.10/dist-packages/melfa_msgs/melfa_msgs_s__rosidl_typesupport_introspection_c.cpython-310-x86_64-linux-gnu.so
-- Set runtime path of "/home/ram/melfa_ros2/install/melfa_msgs/local/lib/python3.10/dist-packages/melfa_msgs/melfa_msgs_s__rosidl_typesupport_introspection_c.cpython-310-x86_64-linux-gnu.so" to ""
-- Installing: /home/ram/melfa_ros2/install/melfa_msgs/local/lib/python3.10/dist-packages/melfa_msgs/melfa_msgs_s__rosidl_typesupport_c.cpython-310-x86_64-linux-gnu.so
-- Set runtime path of "/home/ram/melfa_ros2/install/melfa_msgs/local/lib/python3.10/dist-packages/melfa_msgs/melfa_msgs_s__rosidl_typesupport_c.cpython-310-x86_64-linux-gnu.so" to ""
-- Installing: /home/ram/melfa_ros2/install/melfa_msgs/lib/libmelfa_msgs__rosidl_generator_py.so
-- Set runtime path of "/home/ram/melfa_ros2/install/melfa_msgs/lib/libmelfa_msgs__rosidl_generator_py.so" to ""
-- Up-to-date: /home/ram/melfa_ros2/install/melfa_msgs/share/ament_index/resource_index/rust_packages/melfa_msgs
-- Up-to-date: /home/ram/melfa_ros2/install/melfa_msgs/share/melfa_msgs/rust
-- Up-to-date: /home/ram/melfa_ros2/install/melfa_msgs/share/melfa_msgs/rust/src
-- Up-to-date: /home/ram/melfa_ros2/install/melfa_msgs/share/melfa_msgs/rust/src/msg.rs
-- Up-to-date: /home/ram/melfa_ros2/install/melfa_msgs/share/melfa_msgs/rust/src/msg
-- Up-to-date: /home/ram/melfa_ros2/install/melfa_msgs/share/melfa_msgs/rust/src/msg/rmw.rs
-- Up-to-date: /home/ram/melfa_ros2/install/melfa_msgs/share/melfa_msgs/rust/src/srv
-- Up-to-date: /home/ram/melfa_ros2/install/melfa_msgs/share/melfa_msgs/rust/src/srv/rmw.rs
-- Up-to-date: /home/ram/melfa_ros2/install/melfa_msgs/share/melfa_msgs/rust/src/lib.rs
-- Up-to-date: /home/ram/melfa_ros2/install/melfa_msgs/share/melfa_msgs/rust/src/srv.rs
-- Up-to-date: /home/ram/melfa_ros2/install/melfa_msgs/share/melfa_msgs/rust/Cargo.toml
-- Up-to-date: /home/ram/melfa_ros2/install/melfa_msgs/share/melfa_msgs/rust/build.rs
-- Up-to-date: /home/ram/melfa_ros2/install/melfa_msgs/share/melfa_msgs/srv/GpioConfigure.idl
-- Up-to-date: /home/ram/melfa_ros2/install/melfa_msgs/share/melfa_msgs/srv/ModeConfigure.idl
-- Up-to-date: /home/ram/melfa_ros2/install/melfa_msgs/share/melfa_msgs/msg/GpioState.idl
-- Up-to-date: /home/ram/melfa_ros2/install/melfa_msgs/share/melfa_msgs/msg/GpioCommand.idl
-- Up-to-date: /home/ram/melfa_ros2/install/melfa_msgs/share/melfa_msgs/msg/ControllerType.idl
-- Up-to-date: /home/ram/melfa_ros2/install/melfa_msgs/share/melfa_msgs/msg/ControlMode.idl
-- Up-to-date: /home/ram/melfa_ros2/install/melfa_msgs/share/melfa_msgs/srv/GpioConfigure.srv
-- Up-to-date: /home/ram/melfa_ros2/install/melfa_msgs/share/melfa_msgs/srv/GpioConfigure_Request.msg
-- Up-to-date: /home/ram/melfa_ros2/install/melfa_msgs/share/melfa_msgs/srv/GpioConfigure_Response.msg
-- Up-to-date: /home/ram/melfa_ros2/install/melfa_msgs/share/melfa_msgs/srv/ModeConfigure.srv
-- Up-to-date: /home/ram/melfa_ros2/install/melfa_msgs/share/melfa_msgs/srv/ModeConfigure_Request.msg
-- Up-to-date: /home/ram/melfa_ros2/install/melfa_msgs/share/melfa_msgs/srv/ModeConfigure_Response.msg
-- Up-to-date: /home/ram/melfa_ros2/install/melfa_msgs/share/melfa_msgs/msg/GpioState.msg
-- Up-to-date: /home/ram/melfa_ros2/install/melfa_msgs/share/melfa_msgs/msg/GpioCommand.msg
-- Up-to-date: /home/ram/melfa_ros2/install/melfa_msgs/share/melfa_msgs/msg/ControllerType.msg
-- Up-to-date: /home/ram/melfa_ros2/install/melfa_msgs/share/melfa_msgs/msg/ControlMode.msg
-- Up-to-date: /home/ram/melfa_ros2/install/melfa_msgs/share/ament_index/resource_index/package_run_dependencies/melfa_msgs
-- Up-to-date: /home/ram/melfa_ros2/install/melfa_msgs/share/ament_index/resource_index/parent_prefix_path/melfa_msgs
-- Up-to-date: /home/ram/melfa_ros2/install/melfa_msgs/share/melfa_msgs/environment/ament_prefix_path.sh
-- Installing: /home/ram/melfa_ros2/install/melfa_msgs/share/melfa_msgs/environment/ament_prefix_path.dsv
-- Up-to-date: /home/ram/melfa_ros2/install/melfa_msgs/share/melfa_msgs/environment/path.sh
-- Installing: /home/ram/melfa_ros2/install/melfa_msgs/share/melfa_msgs/environment/path.dsv
-- Up-to-date: /home/ram/melfa_ros2/install/melfa_msgs/share/melfa_msgs/local_setup.bash
-- Up-to-date: /home/ram/melfa_ros2/install/melfa_msgs/share/melfa_msgs/local_setup.sh
-- Up-to-date: /home/ram/melfa_ros2/install/melfa_msgs/share/melfa_msgs/local_setup.zsh
-- Installing: /home/ram/melfa_ros2/install/melfa_msgs/share/melfa_msgs/local_setup.dsv
-- Installing: /home/ram/melfa_ros2/install/melfa_msgs/share/melfa_msgs/package.dsv
-- Up-to-date: /home/ram/melfa_ros2/install/melfa_msgs/share/ament_index/resource_index/packages/melfa_msgs
-- Up-to-date: /home/ram/melfa_ros2/install/melfa_msgs/share/melfa_msgs/cmake/export_melfa_msgs__rosidl_generator_cExport.cmake
-- Installing: /home/ram/melfa_ros2/install/melfa_msgs/share/melfa_msgs/cmake/export_melfa_msgs__rosidl_generator_cExport-release.cmake
-- Up-to-date: /home/ram/melfa_ros2/install/melfa_msgs/share/melfa_msgs/cmake/export_melfa_msgs__rosidl_typesupport_fastrtps_cExport.cmake
-- Installing: /home/ram/melfa_ros2/install/melfa_msgs/share/melfa_msgs/cmake/export_melfa_msgs__rosidl_typesupport_fastrtps_cExport-release.cmake
-- Up-to-date: /home/ram/melfa_ros2/install/melfa_msgs/share/melfa_msgs/cmake/melfa_msgs__rosidl_typesupport_introspection_cExport.cmake
-- Installing: /home/ram/melfa_ros2/install/melfa_msgs/share/melfa_msgs/cmake/melfa_msgs__rosidl_typesupport_introspection_cExport-release.cmake
-- Up-to-date: /home/ram/melfa_ros2/install/melfa_msgs/share/melfa_msgs/cmake/melfa_msgs__rosidl_typesupport_cExport.cmake
-- Installing: /home/ram/melfa_ros2/install/melfa_msgs/share/melfa_msgs/cmake/melfa_msgs__rosidl_typesupport_cExport-release.cmake
-- Up-to-date: /home/ram/melfa_ros2/install/melfa_msgs/share/melfa_msgs/cmake/export_melfa_msgs__rosidl_generator_cppExport.cmake
-- Up-to-date: /home/ram/melfa_ros2/install/melfa_msgs/share/melfa_msgs/cmake/export_melfa_msgs__rosidl_typesupport_fastrtps_cppExport.cmake
-- Installing: /home/ram/melfa_ros2/install/melfa_msgs/share/melfa_msgs/cmake/export_melfa_msgs__rosidl_typesupport_fastrtps_cppExport-release.cmake
-- Up-to-date: /home/ram/melfa_ros2/install/melfa_msgs/share/melfa_msgs/cmake/melfa_msgs__rosidl_typesupport_introspection_cppExport.cmake
-- Installing: /home/ram/melfa_ros2/install/melfa_msgs/share/melfa_msgs/cmake/melfa_msgs__rosidl_typesupport_introspection_cppExport-release.cmake
-- Up-to-date: /home/ram/melfa_ros2/install/melfa_msgs/share/melfa_msgs/cmake/melfa_msgs__rosidl_typesupport_cppExport.cmake
-- Installing: /home/ram/melfa_ros2/install/melfa_msgs/share/melfa_msgs/cmake/melfa_msgs__rosidl_typesupport_cppExport-release.cmake
-- Up-to-date: /home/ram/melfa_ros2/install/melfa_msgs/share/melfa_msgs/cmake/export_melfa_msgs__rosidl_generator_pyExport.cmake
-- Installing: /home/ram/melfa_ros2/install/melfa_msgs/share/melfa_msgs/cmake/export_melfa_msgs__rosidl_generator_pyExport-release.cmake
-- Up-to-date: /home/ram/melfa_ros2/install/melfa_msgs/share/melfa_msgs/cmake/rosidl_cmake-extras.cmake
-- Up-to-date: /home/ram/melfa_ros2/install/melfa_msgs/share/melfa_msgs/cmake/ament_cmake_export_include_directories-extras.cmake
-- Up-to-date: /home/ram/melfa_ros2/install/melfa_msgs/share/melfa_msgs/cmake/ament_cmake_export_libraries-extras.cmake
-- Up-to-date: /home/ram/melfa_ros2/install/melfa_msgs/share/melfa_msgs/cmake/ament_cmake_export_targets-extras.cmake
-- Up-to-date: /home/ram/melfa_ros2/install/melfa_msgs/share/melfa_msgs/cmake/rosidl_cmake_export_typesupport_targets-extras.cmake
-- Up-to-date: /home/ram/melfa_ros2/install/melfa_msgs/share/melfa_msgs/cmake/ament_cmake_export_dependencies-extras.cmake
-- Up-to-date: /home/ram/melfa_ros2/install/melfa_msgs/share/melfa_msgs/cmake/rosidl_cmake_export_typesupport_libraries-extras.cmake
-- Up-to-date: /home/ram/melfa_ros2/install/melfa_msgs/share/melfa_msgs/cmake/rosidl_cmake_aggregate_target-extras.cmake
-- Up-to-date: /home/ram/melfa_ros2/install/melfa_msgs/share/melfa_msgs/cmake/melfa_msgsConfig.cmake
-- Up-to-date: /home/ram/melfa_ros2/install/melfa_msgs/share/melfa_msgs/cmake/melfa_msgsConfig-version.cmake
-- Up-to-date: /home/ram/melfa_ros2/install/melfa_msgs/share/melfa_msgs/package.xml
