[0.022s] Invoking command in '/home/ram/melfa_ros2/build/melfa_msgs': CMAKE_PREFIX_PATH=${CMAKE_PREFIX_PATH}:/home/ram/cognipilot/cranium/install/b3rb_ros_line_follower:/opt/ros/humble /usr/bin/cmake /home/ram/melfa_ros2/src/melfa_ros2_driver/melfa_msgs -DCMAKE_BUILD_TYPE=Release -DCMAKE_INSTALL_PREFIX=/home/ram/melfa_ros2/install/melfa_msgs
[0.043s] -- Found ament_cmake: 1.3.14 (/opt/ros/humble/share/ament_cmake/cmake)
[0.165s] -- Found rosidl_default_generators: 1.2.1 (/opt/ros/humble/share/rosidl_default_generators/cmake)
[0.169s] -- Using all available rosidl_typesupport_c: rosidl_typesupport_fastrtps_c;rosidl_typesupport_introspection_c
[0.172s] -- Found rosidl_adapter: 3.1.9 (/opt/ros/humble/share/rosidl_adapter/cmake)
[0.211s] -- Using all available rosidl_typesupport_cpp: rosidl_typesupport_fastrtps_cpp;rosidl_typesupport_introspection_cpp
[0.494s] -- Found ament_cmake_ros: 0.10.0 (/opt/ros/humble/share/ament_cmake_ros/cmake)
[0.657s] -- Using all available rosidl_typesupport_c: rosidl_typesupport_fastrtps_c;rosidl_typesupport_introspection_c
[0.872s] -- Using all available rosidl_typesupport_cpp: rosidl_typesupport_fastrtps_cpp;rosidl_typesupport_introspection_cpp
[0.895s] -- Found python_cmake_module: 0.10.0 (/opt/ros/humble/share/python_cmake_module/cmake)
[0.927s] -- Using PYTHON_EXECUTABLE: /usr/bin/python3
[0.927s] -- Using PYTHON_INCLUDE_DIRS: /usr/include/python3.10
[0.927s] -- Using PYTHON_LIBRARIES: /usr/lib/x86_64-linux-gnu/libpython3.10.so
[0.988s] -- Found ament_lint_auto: 0.12.15 (/opt/ros/humble/share/ament_lint_auto/cmake)
[1.003s] -- Added test 'lint_cmake' to check CMake code style
[1.004s] -- Added test 'xmllint' to check XML markup files
[1.007s] -- Configuring done
[1.042s] -- Generating done
[1.050s] -- Build files have been written to: /home/ram/melfa_ros2/build/melfa_msgs
[1.055s] Invoked command in '/home/ram/melfa_ros2/build/melfa_msgs' returned '0': CMAKE_PREFIX_PATH=${CMAKE_PREFIX_PATH}:/home/ram/cognipilot/cranium/install/b3rb_ros_line_follower:/opt/ros/humble /usr/bin/cmake /home/ram/melfa_ros2/src/melfa_ros2_driver/melfa_msgs -DCMAKE_BUILD_TYPE=Release -DCMAKE_INSTALL_PREFIX=/home/ram/melfa_ros2/install/melfa_msgs
[1.056s] Invoking command in '/home/ram/melfa_ros2/build/melfa_msgs': CMAKE_PREFIX_PATH=${CMAKE_PREFIX_PATH}:/home/ram/cognipilot/cranium/install/b3rb_ros_line_follower:/opt/ros/humble /usr/bin/cmake --build /home/ram/melfa_ros2/build/melfa_msgs -- -j16 -l16
[1.088s] [35m[1mConsolidate compiler generated dependencies of target melfa_msgs__rosidl_generator_c[0m
[1.094s] [  1%] Built target melfa_msgs__rs
[1.098s] [  2%] Built target melfa_msgs__cpp
[1.102s] [  4%] [32mBuilding C object CMakeFiles/melfa_msgs__rosidl_generator_c.dir/rosidl_generator_c/melfa_msgs/msg/detail/gpio_state__functions.c.o[0m
[1.102s] [  5%] [32mBuilding C object CMakeFiles/melfa_msgs__rosidl_generator_c.dir/rosidl_generator_c/melfa_msgs/srv/detail/gpio_configure__functions.c.o[0m
[1.104s] [  6%] [32mBuilding C object CMakeFiles/melfa_msgs__rosidl_generator_c.dir/rosidl_generator_c/melfa_msgs/msg/detail/control_mode__functions.c.o[0m
[1.105s] [  8%] [32mBuilding C object CMakeFiles/melfa_msgs__rosidl_generator_c.dir/rosidl_generator_c/melfa_msgs/msg/detail/controller_type__functions.c.o[0m
[1.105s] [  9%] [32mBuilding C object CMakeFiles/melfa_msgs__rosidl_generator_c.dir/rosidl_generator_c/melfa_msgs/srv/detail/mode_configure__functions.c.o[0m
[1.105s] [ 11%] [32mBuilding C object CMakeFiles/melfa_msgs__rosidl_generator_c.dir/rosidl_generator_c/melfa_msgs/msg/detail/gpio_command__functions.c.o[0m
[1.106s] [ 11%] Built target ament_cmake_python_copy_melfa_msgs
[1.110s] [35m[1mConsolidate compiler generated dependencies of target melfa_msgs__rosidl_typesupport_fastrtps_cpp[0m
[1.110s] [35m[1mConsolidate compiler generated dependencies of target melfa_msgs__rosidl_typesupport_cpp[0m
[1.110s] [35m[1mConsolidate compiler generated dependencies of target melfa_msgs__rosidl_typesupport_introspection_cpp[0m
[1.131s] [ 15%] [32mBuilding CXX object CMakeFiles/melfa_msgs__rosidl_typesupport_cpp.dir/rosidl_typesupport_cpp/melfa_msgs/msg/gpio_state__type_support.cpp.o[0m
[1.131s] [ 15%] [32mBuilding CXX object CMakeFiles/melfa_msgs__rosidl_typesupport_introspection_cpp.dir/rosidl_typesupport_introspection_cpp/melfa_msgs/srv/detail/mode_configure__type_support.cpp.o[0m
[1.132s] [ 15%] [32mBuilding CXX object CMakeFiles/melfa_msgs__rosidl_typesupport_introspection_cpp.dir/rosidl_typesupport_introspection_cpp/melfa_msgs/msg/detail/gpio_state__type_support.cpp.o[0m
[1.132s] [ 16%] [32mBuilding CXX object CMakeFiles/melfa_msgs__rosidl_typesupport_cpp.dir/rosidl_typesupport_cpp/melfa_msgs/srv/gpio_configure__type_support.cpp.o[0m
[1.132s] [ 18%] [32mBuilding CXX object CMakeFiles/melfa_msgs__rosidl_typesupport_fastrtps_cpp.dir/rosidl_typesupport_fastrtps_cpp/melfa_msgs/srv/detail/dds_fastrtps/gpio_configure__type_support.cpp.o[0m
[1.132s] [ 20%] [32mBuilding CXX object CMakeFiles/melfa_msgs__rosidl_typesupport_introspection_cpp.dir/rosidl_typesupport_introspection_cpp/melfa_msgs/msg/detail/gpio_command__type_support.cpp.o[0m
[1.132s] [ 20%] [32mBuilding CXX object CMakeFiles/melfa_msgs__rosidl_typesupport_cpp.dir/rosidl_typesupport_cpp/melfa_msgs/srv/mode_configure__type_support.cpp.o[0m
[1.133s] [ 22%] [32mBuilding CXX object CMakeFiles/melfa_msgs__rosidl_typesupport_introspection_cpp.dir/rosidl_typesupport_introspection_cpp/melfa_msgs/srv/detail/gpio_configure__type_support.cpp.o[0m
[1.133s] [ 23%] [32mBuilding CXX object CMakeFiles/melfa_msgs__rosidl_typesupport_cpp.dir/rosidl_typesupport_cpp/melfa_msgs/msg/gpio_command__type_support.cpp.o[0m
[1.280s] [ 26%] [32mBuilding CXX object CMakeFiles/melfa_msgs__rosidl_typesupport_fastrtps_cpp.dir/rosidl_typesupport_fastrtps_cpp/melfa_msgs/srv/detail/dds_fastrtps/mode_configure__type_support.cpp.o[0m
[1.280s] [ 26%] [32mBuilding CXX object CMakeFiles/melfa_msgs__rosidl_typesupport_cpp.dir/rosidl_typesupport_cpp/melfa_msgs/msg/controller_type__type_support.cpp.o[0m
[1.281s] [ 27%] [32mBuilding CXX object CMakeFiles/melfa_msgs__rosidl_typesupport_introspection_cpp.dir/rosidl_typesupport_introspection_cpp/melfa_msgs/msg/detail/controller_type__type_support.cpp.o[0m
[1.282s] [ 29%] [32mBuilding CXX object CMakeFiles/melfa_msgs__rosidl_typesupport_fastrtps_cpp.dir/rosidl_typesupport_fastrtps_cpp/melfa_msgs/msg/detail/dds_fastrtps/gpio_state__type_support.cpp.o[0m
[1.312s] [ 30%] [32mBuilding CXX object CMakeFiles/melfa_msgs__rosidl_typesupport_fastrtps_cpp.dir/rosidl_typesupport_fastrtps_cpp/melfa_msgs/msg/detail/dds_fastrtps/gpio_command__type_support.cpp.o[0m
[1.323s] [ 31%] [32m[1mLinking C shared library libmelfa_msgs__rosidl_generator_c.so[0m
[1.336s] running egg_info
[1.361s] writing melfa_msgs.egg-info/PKG-INFO
[1.361s] writing dependency_links to melfa_msgs.egg-info/dependency_links.txt
[1.364s] writing top-level names to melfa_msgs.egg-info/top_level.txt
[1.407s] [ 33%] Built target melfa_msgs__rosidl_generator_c
[1.417s] [ 34%] [32mBuilding CXX object CMakeFiles/melfa_msgs__rosidl_typesupport_cpp.dir/rosidl_typesupport_cpp/melfa_msgs/msg/control_mode__type_support.cpp.o[0m
[1.445s] reading manifest file 'melfa_msgs.egg-info/SOURCES.txt'
[1.447s] writing manifest file 'melfa_msgs.egg-info/SOURCES.txt'
[1.504s] [ 34%] Built target ament_cmake_python_build_melfa_msgs_egg
[1.526s] [ 36%] [32mBuilding CXX object CMakeFiles/melfa_msgs__rosidl_typesupport_fastrtps_cpp.dir/rosidl_typesupport_fastrtps_cpp/melfa_msgs/msg/detail/dds_fastrtps/controller_type__type_support.cpp.o[0m
[1.643s] [ 37%] [32mBuilding CXX object CMakeFiles/melfa_msgs__rosidl_typesupport_introspection_cpp.dir/rosidl_typesupport_introspection_cpp/melfa_msgs/msg/detail/control_mode__type_support.cpp.o[0m
[1.645s] [ 38%] [32mBuilding CXX object CMakeFiles/melfa_msgs__rosidl_typesupport_fastrtps_cpp.dir/rosidl_typesupport_fastrtps_cpp/melfa_msgs/msg/detail/dds_fastrtps/control_mode__type_support.cpp.o[0m
[1.645s] [35m[1mConsolidate compiler generated dependencies of target melfa_msgs__rosidl_typesupport_fastrtps_c[0m
[1.672s] [35m[1mConsolidate compiler generated dependencies of target melfa_msgs__rosidl_typesupport_introspection_c[0m
[1.673s] [ 40%] [32mBuilding CXX object CMakeFiles/melfa_msgs__rosidl_typesupport_fastrtps_c.dir/rosidl_typesupport_fastrtps_c/melfa_msgs/srv/detail/gpio_configure__type_support_c.cpp.o[0m
[1.694s] [ 41%] [32mBuilding C object CMakeFiles/melfa_msgs__rosidl_typesupport_introspection_c.dir/rosidl_typesupport_introspection_c/melfa_msgs/srv/detail/gpio_configure__type_support.c.o[0m
[1.749s] [ 43%] [32mBuilding CXX object CMakeFiles/melfa_msgs__rosidl_typesupport_fastrtps_c.dir/rosidl_typesupport_fastrtps_c/melfa_msgs/srv/detail/mode_configure__type_support_c.cpp.o[0m
[1.762s] [ 44%] [32mBuilding C object CMakeFiles/melfa_msgs__rosidl_typesupport_introspection_c.dir/rosidl_typesupport_introspection_c/melfa_msgs/srv/detail/mode_configure__type_support.c.o[0m
[1.763s] [35m[1mConsolidate compiler generated dependencies of target melfa_msgs__rosidl_typesupport_c[0m
[1.774s] [ 45%] [32mBuilding C object CMakeFiles/melfa_msgs__rosidl_typesupport_introspection_c.dir/rosidl_typesupport_introspection_c/melfa_msgs/msg/detail/gpio_state__type_support.c.o[0m
[1.789s] [ 47%] [32mBuilding CXX object CMakeFiles/melfa_msgs__rosidl_typesupport_c.dir/rosidl_typesupport_c/melfa_msgs/srv/gpio_configure__type_support.cpp.o[0m
[1.806s] [ 48%] [32mBuilding C object CMakeFiles/melfa_msgs__rosidl_typesupport_introspection_c.dir/rosidl_typesupport_introspection_c/melfa_msgs/msg/detail/gpio_command__type_support.c.o[0m
[1.836s] [ 50%] [32mBuilding CXX object CMakeFiles/melfa_msgs__rosidl_typesupport_c.dir/rosidl_typesupport_c/melfa_msgs/srv/mode_configure__type_support.cpp.o[0m
[1.850s] [ 51%] [32mBuilding CXX object CMakeFiles/melfa_msgs__rosidl_typesupport_c.dir/rosidl_typesupport_c/melfa_msgs/msg/gpio_state__type_support.cpp.o[0m
[1.853s] [ 52%] [32m[1mLinking CXX shared library libmelfa_msgs__rosidl_typesupport_cpp.so[0m
[1.874s] [ 54%] [32mBuilding C object CMakeFiles/melfa_msgs__rosidl_typesupport_introspection_c.dir/rosidl_typesupport_introspection_c/melfa_msgs/msg/detail/controller_type__type_support.c.o[0m
[1.875s] [ 55%] [32mBuilding CXX object CMakeFiles/melfa_msgs__rosidl_typesupport_c.dir/rosidl_typesupport_c/melfa_msgs/msg/gpio_command__type_support.cpp.o[0m
[1.877s] [ 56%] [32mBuilding CXX object CMakeFiles/melfa_msgs__rosidl_typesupport_c.dir/rosidl_typesupport_c/melfa_msgs/msg/controller_type__type_support.cpp.o[0m
[1.882s] [ 58%] [32mBuilding C object CMakeFiles/melfa_msgs__rosidl_typesupport_introspection_c.dir/rosidl_typesupport_introspection_c/melfa_msgs/msg/detail/control_mode__type_support.c.o[0m
[1.887s] [ 59%] [32mBuilding CXX object CMakeFiles/melfa_msgs__rosidl_typesupport_fastrtps_c.dir/rosidl_typesupport_fastrtps_c/melfa_msgs/msg/detail/gpio_state__type_support_c.cpp.o[0m
[1.902s] [ 61%] [32mBuilding CXX object CMakeFiles/melfa_msgs__rosidl_typesupport_c.dir/rosidl_typesupport_c/melfa_msgs/msg/control_mode__type_support.cpp.o[0m
[1.904s] [ 62%] [32mBuilding CXX object CMakeFiles/melfa_msgs__rosidl_typesupport_fastrtps_c.dir/rosidl_typesupport_fastrtps_c/melfa_msgs/msg/detail/gpio_command__type_support_c.cpp.o[0m
[1.920s] [ 63%] [32mBuilding CXX object CMakeFiles/melfa_msgs__rosidl_typesupport_fastrtps_c.dir/rosidl_typesupport_fastrtps_c/melfa_msgs/msg/detail/controller_type__type_support_c.cpp.o[0m
[1.928s] [ 65%] Built target melfa_msgs__rosidl_typesupport_cpp
[1.938s] [ 66%] [32mBuilding CXX object CMakeFiles/melfa_msgs__rosidl_typesupport_fastrtps_c.dir/rosidl_typesupport_fastrtps_c/melfa_msgs/msg/detail/control_mode__type_support_c.cpp.o[0m
[1.966s] [ 68%] [32m[1mLinking CXX shared library libmelfa_msgs__rosidl_typesupport_c.so[0m
[1.973s] [ 69%] [32m[1mLinking C shared library libmelfa_msgs__rosidl_typesupport_introspection_c.so[0m
[2.009s] [ 70%] Built target melfa_msgs__rosidl_typesupport_introspection_c
[2.009s] [ 72%] Built target melfa_msgs__rosidl_typesupport_c
[2.227s] [ 73%] [32m[1mLinking CXX shared library libmelfa_msgs__rosidl_typesupport_fastrtps_cpp.so[0m
[2.255s] [ 75%] [32m[1mLinking CXX shared library libmelfa_msgs__rosidl_typesupport_introspection_cpp.so[0m
[2.291s] [ 76%] Built target melfa_msgs__rosidl_typesupport_fastrtps_cpp
[2.301s] [ 77%] [32m[1mLinking CXX shared library libmelfa_msgs__rosidl_typesupport_fastrtps_c.so[0m
[2.308s] [ 79%] Built target melfa_msgs__rosidl_typesupport_introspection_cpp
[2.354s] [ 80%] Built target melfa_msgs__rosidl_typesupport_fastrtps_c
[2.376s] [ 80%] Built target melfa_msgs
[2.395s] [ 81%] Built target melfa_msgs__py
[2.409s] [35m[1mConsolidate compiler generated dependencies of target melfa_msgs__rosidl_generator_py[0m
[2.426s] [ 83%] [32mBuilding C object CMakeFiles/melfa_msgs__rosidl_generator_py.dir/rosidl_generator_py/melfa_msgs/srv/_mode_configure_s.c.o[0m
[2.426s] [ 84%] [32mBuilding C object CMakeFiles/melfa_msgs__rosidl_generator_py.dir/rosidl_generator_py/melfa_msgs/msg/_gpio_state_s.c.o[0m
[2.427s] [ 86%] [32mBuilding C object CMakeFiles/melfa_msgs__rosidl_generator_py.dir/rosidl_generator_py/melfa_msgs/msg/_gpio_command_s.c.o[0m
[2.427s] [ 87%] [32mBuilding C object CMakeFiles/melfa_msgs__rosidl_generator_py.dir/rosidl_generator_py/melfa_msgs/msg/_control_mode_s.c.o[0m
[2.428s] [ 88%] [32mBuilding C object CMakeFiles/melfa_msgs__rosidl_generator_py.dir/rosidl_generator_py/melfa_msgs/msg/_controller_type_s.c.o[0m
[2.428s] [ 90%] [32mBuilding C object CMakeFiles/melfa_msgs__rosidl_generator_py.dir/rosidl_generator_py/melfa_msgs/srv/_gpio_configure_s.c.o[0m
[2.641s] [ 91%] [32m[1mLinking C shared library rosidl_generator_py/melfa_msgs/libmelfa_msgs__rosidl_generator_py.so[0m
[2.679s] [ 91%] Built target melfa_msgs__rosidl_generator_py
[2.688s] [35m[1mConsolidate compiler generated dependencies of target melfa_msgs__rosidl_typesupport_c__pyext[0m
[2.688s] [35m[1mConsolidate compiler generated dependencies of target melfa_msgs__rosidl_typesupport_introspection_c__pyext[0m
[2.690s] [35m[1mConsolidate compiler generated dependencies of target melfa_msgs__rosidl_typesupport_fastrtps_c__pyext[0m
[2.696s] [ 93%] [32mBuilding C object CMakeFiles/melfa_msgs__rosidl_typesupport_c__pyext.dir/rosidl_generator_py/melfa_msgs/_melfa_msgs_s.ep.rosidl_typesupport_c.c.o[0m
[2.697s] [ 94%] [32mBuilding C object CMakeFiles/melfa_msgs__rosidl_typesupport_introspection_c__pyext.dir/rosidl_generator_py/melfa_msgs/_melfa_msgs_s.ep.rosidl_typesupport_introspection_c.c.o[0m
[2.703s] [ 95%] [32mBuilding C object CMakeFiles/melfa_msgs__rosidl_typesupport_fastrtps_c__pyext.dir/rosidl_generator_py/melfa_msgs/_melfa_msgs_s.ep.rosidl_typesupport_fastrtps_c.c.o[0m
[2.879s] [ 97%] [32m[1mLinking C shared library rosidl_generator_py/melfa_msgs/melfa_msgs_s__rosidl_typesupport_fastrtps_c.cpython-310-x86_64-linux-gnu.so[0m
[2.883s] [ 98%] [32m[1mLinking C shared library rosidl_generator_py/melfa_msgs/melfa_msgs_s__rosidl_typesupport_introspection_c.cpython-310-x86_64-linux-gnu.so[0m
[2.895s] [100%] [32m[1mLinking C shared library rosidl_generator_py/melfa_msgs/melfa_msgs_s__rosidl_typesupport_c.cpython-310-x86_64-linux-gnu.so[0m
[2.908s] [100%] Built target melfa_msgs__rosidl_typesupport_fastrtps_c__pyext
[2.914s] [100%] Built target melfa_msgs__rosidl_typesupport_introspection_c__pyext
[2.923s] [100%] Built target melfa_msgs__rosidl_typesupport_c__pyext
[2.936s] Invoked command in '/home/ram/melfa_ros2/build/melfa_msgs' returned '0': CMAKE_PREFIX_PATH=${CMAKE_PREFIX_PATH}:/home/ram/cognipilot/cranium/install/b3rb_ros_line_follower:/opt/ros/humble /usr/bin/cmake --build /home/ram/melfa_ros2/build/melfa_msgs -- -j16 -l16
[2.937s] Invoking command in '/home/ram/melfa_ros2/build/melfa_msgs': CMAKE_PREFIX_PATH=${CMAKE_PREFIX_PATH}:/home/ram/cognipilot/cranium/install/b3rb_ros_line_follower:/opt/ros/humble /usr/bin/cmake --install /home/ram/melfa_ros2/build/melfa_msgs
[2.944s] -- Install configuration: "Release"
[2.944s] -- Up-to-date: /home/ram/melfa_ros2/install/melfa_msgs/share/ament_index/resource_index/rosidl_interfaces/melfa_msgs
[2.944s] -- Up-to-date: /home/ram/melfa_ros2/install/melfa_msgs/include/melfa_msgs/melfa_msgs
[2.944s] -- Up-to-date: /home/ram/melfa_ros2/install/melfa_msgs/include/melfa_msgs/melfa_msgs/msg
[2.944s] -- Up-to-date: /home/ram/melfa_ros2/install/melfa_msgs/include/melfa_msgs/melfa_msgs/msg/detail
[2.945s] -- Up-to-date: /home/ram/melfa_ros2/install/melfa_msgs/include/melfa_msgs/melfa_msgs/msg/detail/gpio_command__type_support.h
[2.945s] -- Up-to-date: /home/ram/melfa_ros2/install/melfa_msgs/include/melfa_msgs/melfa_msgs/msg/detail/controller_type__type_support.h
[2.945s] -- Up-to-date: /home/ram/melfa_ros2/install/melfa_msgs/include/melfa_msgs/melfa_msgs/msg/detail/gpio_command__struct.h
[2.945s] -- Up-to-date: /home/ram/melfa_ros2/install/melfa_msgs/include/melfa_msgs/melfa_msgs/msg/detail/control_mode__struct.h
[2.945s] -- Up-to-date: /home/ram/melfa_ros2/install/melfa_msgs/include/melfa_msgs/melfa_msgs/msg/detail/gpio_state__struct.h
[2.945s] -- Up-to-date: /home/ram/melfa_ros2/install/melfa_msgs/include/melfa_msgs/melfa_msgs/msg/detail/control_mode__functions.h
[2.945s] -- Up-to-date: /home/ram/melfa_ros2/install/melfa_msgs/include/melfa_msgs/melfa_msgs/msg/detail/control_mode__type_support.h
[2.945s] -- Up-to-date: /home/ram/melfa_ros2/install/melfa_msgs/include/melfa_msgs/melfa_msgs/msg/detail/gpio_state__type_support.h
[2.945s] -- Up-to-date: /home/ram/melfa_ros2/install/melfa_msgs/include/melfa_msgs/melfa_msgs/msg/detail/control_mode__functions.c
[2.945s] -- Up-to-date: /home/ram/melfa_ros2/install/melfa_msgs/include/melfa_msgs/melfa_msgs/msg/detail/controller_type__struct.h
[2.945s] -- Up-to-date: /home/ram/melfa_ros2/install/melfa_msgs/include/melfa_msgs/melfa_msgs/msg/detail/gpio_state__functions.h
[2.945s] -- Up-to-date: /home/ram/melfa_ros2/install/melfa_msgs/include/melfa_msgs/melfa_msgs/msg/detail/gpio_command__functions.h
[2.945s] -- Up-to-date: /home/ram/melfa_ros2/install/melfa_msgs/include/melfa_msgs/melfa_msgs/msg/detail/controller_type__functions.c
[2.945s] -- Up-to-date: /home/ram/melfa_ros2/install/melfa_msgs/include/melfa_msgs/melfa_msgs/msg/detail/controller_type__functions.h
[2.945s] -- Up-to-date: /home/ram/melfa_ros2/install/melfa_msgs/include/melfa_msgs/melfa_msgs/msg/detail/gpio_state__functions.c
[2.945s] -- Up-to-date: /home/ram/melfa_ros2/install/melfa_msgs/include/melfa_msgs/melfa_msgs/msg/detail/gpio_command__functions.c
[2.945s] -- Up-to-date: /home/ram/melfa_ros2/install/melfa_msgs/include/melfa_msgs/melfa_msgs/msg/controller_type.h
[2.945s] -- Up-to-date: /home/ram/melfa_ros2/install/melfa_msgs/include/melfa_msgs/melfa_msgs/msg/gpio_state.h
[2.945s] -- Up-to-date: /home/ram/melfa_ros2/install/melfa_msgs/include/melfa_msgs/melfa_msgs/msg/control_mode.h
[2.946s] -- Up-to-date: /home/ram/melfa_ros2/install/melfa_msgs/include/melfa_msgs/melfa_msgs/msg/gpio_command.h
[2.946s] -- Up-to-date: /home/ram/melfa_ros2/install/melfa_msgs/include/melfa_msgs/melfa_msgs/msg/rosidl_generator_c__visibility_control.h
[2.946s] -- Up-to-date: /home/ram/melfa_ros2/install/melfa_msgs/include/melfa_msgs/melfa_msgs/srv
[2.946s] -- Up-to-date: /home/ram/melfa_ros2/install/melfa_msgs/include/melfa_msgs/melfa_msgs/srv/detail
[2.946s] -- Up-to-date: /home/ram/melfa_ros2/install/melfa_msgs/include/melfa_msgs/melfa_msgs/srv/detail/mode_configure__type_support.h
[2.946s] -- Up-to-date: /home/ram/melfa_ros2/install/melfa_msgs/include/melfa_msgs/melfa_msgs/srv/detail/mode_configure__functions.c
[2.946s] -- Up-to-date: /home/ram/melfa_ros2/install/melfa_msgs/include/melfa_msgs/melfa_msgs/srv/detail/gpio_configure__struct.h
[2.946s] -- Up-to-date: /home/ram/melfa_ros2/install/melfa_msgs/include/melfa_msgs/melfa_msgs/srv/detail/gpio_configure__type_support.h
[2.946s] -- Up-to-date: /home/ram/melfa_ros2/install/melfa_msgs/include/melfa_msgs/melfa_msgs/srv/detail/mode_configure__functions.h
[2.946s] -- Up-to-date: /home/ram/melfa_ros2/install/melfa_msgs/include/melfa_msgs/melfa_msgs/srv/detail/mode_configure__struct.h
[2.946s] -- Up-to-date: /home/ram/melfa_ros2/install/melfa_msgs/include/melfa_msgs/melfa_msgs/srv/detail/gpio_configure__functions.c
[2.946s] -- Up-to-date: /home/ram/melfa_ros2/install/melfa_msgs/include/melfa_msgs/melfa_msgs/srv/detail/gpio_configure__functions.h
[2.946s] -- Up-to-date: /home/ram/melfa_ros2/install/melfa_msgs/include/melfa_msgs/melfa_msgs/srv/mode_configure.h
[2.946s] -- Up-to-date: /home/ram/melfa_ros2/install/melfa_msgs/include/melfa_msgs/melfa_msgs/srv/gpio_configure.h
[2.946s] -- Up-to-date: /home/ram/melfa_ros2/install/melfa_msgs/share/melfa_msgs/environment/library_path.sh
[2.946s] -- Installing: /home/ram/melfa_ros2/install/melfa_msgs/share/melfa_msgs/environment/library_path.dsv
[2.946s] -- Installing: /home/ram/melfa_ros2/install/melfa_msgs/lib/libmelfa_msgs__rosidl_generator_c.so
[2.946s] -- Set runtime path of "/home/ram/melfa_ros2/install/melfa_msgs/lib/libmelfa_msgs__rosidl_generator_c.so" to ""
[2.946s] -- Up-to-date: /home/ram/melfa_ros2/install/melfa_msgs/include/melfa_msgs/melfa_msgs
[2.947s] -- Up-to-date: /home/ram/melfa_ros2/install/melfa_msgs/include/melfa_msgs/melfa_msgs/msg
[2.947s] -- Up-to-date: /home/ram/melfa_ros2/install/melfa_msgs/include/melfa_msgs/melfa_msgs/msg/detail
[2.947s] -- Up-to-date: /home/ram/melfa_ros2/install/melfa_msgs/include/melfa_msgs/melfa_msgs/msg/detail/control_mode__rosidl_typesupport_fastrtps_c.h
[2.947s] -- Up-to-date: /home/ram/melfa_ros2/install/melfa_msgs/include/melfa_msgs/melfa_msgs/msg/detail/gpio_state__rosidl_typesupport_fastrtps_c.h
[2.947s] -- Up-to-date: /home/ram/melfa_ros2/install/melfa_msgs/include/melfa_msgs/melfa_msgs/msg/detail/controller_type__rosidl_typesupport_fastrtps_c.h
[2.947s] -- Up-to-date: /home/ram/melfa_ros2/install/melfa_msgs/include/melfa_msgs/melfa_msgs/msg/detail/gpio_command__rosidl_typesupport_fastrtps_c.h
[2.947s] -- Up-to-date: /home/ram/melfa_ros2/install/melfa_msgs/include/melfa_msgs/melfa_msgs/msg/rosidl_typesupport_fastrtps_c__visibility_control.h
[2.947s] -- Up-to-date: /home/ram/melfa_ros2/install/melfa_msgs/include/melfa_msgs/melfa_msgs/srv
[2.947s] -- Up-to-date: /home/ram/melfa_ros2/install/melfa_msgs/include/melfa_msgs/melfa_msgs/srv/detail
[2.947s] -- Up-to-date: /home/ram/melfa_ros2/install/melfa_msgs/include/melfa_msgs/melfa_msgs/srv/detail/gpio_configure__rosidl_typesupport_fastrtps_c.h
[2.947s] -- Up-to-date: /home/ram/melfa_ros2/install/melfa_msgs/include/melfa_msgs/melfa_msgs/srv/detail/mode_configure__rosidl_typesupport_fastrtps_c.h
[2.947s] -- Installing: /home/ram/melfa_ros2/install/melfa_msgs/lib/libmelfa_msgs__rosidl_typesupport_fastrtps_c.so
[2.947s] -- Set runtime path of "/home/ram/melfa_ros2/install/melfa_msgs/lib/libmelfa_msgs__rosidl_typesupport_fastrtps_c.so" to ""
[2.947s] -- Up-to-date: /home/ram/melfa_ros2/install/melfa_msgs/include/melfa_msgs/melfa_msgs
[2.947s] -- Up-to-date: /home/ram/melfa_ros2/install/melfa_msgs/include/melfa_msgs/melfa_msgs/msg
[2.947s] -- Up-to-date: /home/ram/melfa_ros2/install/melfa_msgs/include/melfa_msgs/melfa_msgs/msg/detail
[2.947s] -- Up-to-date: /home/ram/melfa_ros2/install/melfa_msgs/include/melfa_msgs/melfa_msgs/msg/detail/gpio_command__rosidl_typesupport_introspection_c.h
[2.947s] -- Up-to-date: /home/ram/melfa_ros2/install/melfa_msgs/include/melfa_msgs/melfa_msgs/msg/detail/controller_type__type_support.c
[2.948s] -- Up-to-date: /home/ram/melfa_ros2/install/melfa_msgs/include/melfa_msgs/melfa_msgs/msg/detail/controller_type__rosidl_typesupport_introspection_c.h
[2.948s] -- Up-to-date: /home/ram/melfa_ros2/install/melfa_msgs/include/melfa_msgs/melfa_msgs/msg/detail/gpio_state__rosidl_typesupport_introspection_c.h
[2.948s] -- Up-to-date: /home/ram/melfa_ros2/install/melfa_msgs/include/melfa_msgs/melfa_msgs/msg/detail/gpio_command__type_support.c
[2.948s] -- Up-to-date: /home/ram/melfa_ros2/install/melfa_msgs/include/melfa_msgs/melfa_msgs/msg/detail/control_mode__type_support.c
[2.948s] -- Up-to-date: /home/ram/melfa_ros2/install/melfa_msgs/include/melfa_msgs/melfa_msgs/msg/detail/gpio_state__type_support.c
[2.948s] -- Up-to-date: /home/ram/melfa_ros2/install/melfa_msgs/include/melfa_msgs/melfa_msgs/msg/detail/control_mode__rosidl_typesupport_introspection_c.h
[2.948s] -- Up-to-date: /home/ram/melfa_ros2/install/melfa_msgs/include/melfa_msgs/melfa_msgs/msg/rosidl_typesupport_introspection_c__visibility_control.h
[2.948s] -- Up-to-date: /home/ram/melfa_ros2/install/melfa_msgs/include/melfa_msgs/melfa_msgs/srv
[2.948s] -- Up-to-date: /home/ram/melfa_ros2/install/melfa_msgs/include/melfa_msgs/melfa_msgs/srv/detail
[2.948s] -- Up-to-date: /home/ram/melfa_ros2/install/melfa_msgs/include/melfa_msgs/melfa_msgs/srv/detail/mode_configure__rosidl_typesupport_introspection_c.h
[2.948s] -- Up-to-date: /home/ram/melfa_ros2/install/melfa_msgs/include/melfa_msgs/melfa_msgs/srv/detail/mode_configure__type_support.c
[2.948s] -- Up-to-date: /home/ram/melfa_ros2/install/melfa_msgs/include/melfa_msgs/melfa_msgs/srv/detail/gpio_configure__type_support.c
[2.948s] -- Up-to-date: /home/ram/melfa_ros2/install/melfa_msgs/include/melfa_msgs/melfa_msgs/srv/detail/gpio_configure__rosidl_typesupport_introspection_c.h
[2.948s] -- Installing: /home/ram/melfa_ros2/install/melfa_msgs/lib/libmelfa_msgs__rosidl_typesupport_introspection_c.so
[2.948s] -- Set runtime path of "/home/ram/melfa_ros2/install/melfa_msgs/lib/libmelfa_msgs__rosidl_typesupport_introspection_c.so" to ""
[2.948s] -- Installing: /home/ram/melfa_ros2/install/melfa_msgs/lib/libmelfa_msgs__rosidl_typesupport_c.so
[2.948s] -- Set runtime path of "/home/ram/melfa_ros2/install/melfa_msgs/lib/libmelfa_msgs__rosidl_typesupport_c.so" to ""
[2.949s] -- Up-to-date: /home/ram/melfa_ros2/install/melfa_msgs/include/melfa_msgs/melfa_msgs
[2.949s] -- Up-to-date: /home/ram/melfa_ros2/install/melfa_msgs/include/melfa_msgs/melfa_msgs/msg
[2.949s] -- Up-to-date: /home/ram/melfa_ros2/install/melfa_msgs/include/melfa_msgs/melfa_msgs/msg/controller_type.hpp
[2.949s] -- Up-to-date: /home/ram/melfa_ros2/install/melfa_msgs/include/melfa_msgs/melfa_msgs/msg/detail
[2.949s] -- Up-to-date: /home/ram/melfa_ros2/install/melfa_msgs/include/melfa_msgs/melfa_msgs/msg/detail/control_mode__struct.hpp
[2.949s] -- Up-to-date: /home/ram/melfa_ros2/install/melfa_msgs/include/melfa_msgs/melfa_msgs/msg/detail/gpio_state__struct.hpp
[2.949s] -- Up-to-date: /home/ram/melfa_ros2/install/melfa_msgs/include/melfa_msgs/melfa_msgs/msg/detail/control_mode__traits.hpp
[2.949s] -- Up-to-date: /home/ram/melfa_ros2/install/melfa_msgs/include/melfa_msgs/melfa_msgs/msg/detail/gpio_command__struct.hpp
[2.949s] -- Up-to-date: /home/ram/melfa_ros2/install/melfa_msgs/include/melfa_msgs/melfa_msgs/msg/detail/gpio_command__type_support.hpp
[2.949s] -- Up-to-date: /home/ram/melfa_ros2/install/melfa_msgs/include/melfa_msgs/melfa_msgs/msg/detail/controller_type__struct.hpp
[2.949s] -- Up-to-date: /home/ram/melfa_ros2/install/melfa_msgs/include/melfa_msgs/melfa_msgs/msg/detail/controller_type__builder.hpp
[2.949s] -- Up-to-date: /home/ram/melfa_ros2/install/melfa_msgs/include/melfa_msgs/melfa_msgs/msg/detail/gpio_state__traits.hpp
[2.949s] -- Up-to-date: /home/ram/melfa_ros2/install/melfa_msgs/include/melfa_msgs/melfa_msgs/msg/detail/gpio_command__builder.hpp
[2.949s] -- Up-to-date: /home/ram/melfa_ros2/install/melfa_msgs/include/melfa_msgs/melfa_msgs/msg/detail/control_mode__builder.hpp
[2.949s] -- Up-to-date: /home/ram/melfa_ros2/install/melfa_msgs/include/melfa_msgs/melfa_msgs/msg/detail/control_mode__type_support.hpp
[2.949s] -- Up-to-date: /home/ram/melfa_ros2/install/melfa_msgs/include/melfa_msgs/melfa_msgs/msg/detail/gpio_state__type_support.hpp
[2.949s] -- Up-to-date: /home/ram/melfa_ros2/install/melfa_msgs/include/melfa_msgs/melfa_msgs/msg/detail/controller_type__traits.hpp
[2.949s] -- Up-to-date: /home/ram/melfa_ros2/install/melfa_msgs/include/melfa_msgs/melfa_msgs/msg/detail/gpio_command__traits.hpp
[2.950s] -- Up-to-date: /home/ram/melfa_ros2/install/melfa_msgs/include/melfa_msgs/melfa_msgs/msg/detail/controller_type__type_support.hpp
[2.950s] -- Up-to-date: /home/ram/melfa_ros2/install/melfa_msgs/include/melfa_msgs/melfa_msgs/msg/detail/gpio_state__builder.hpp
[2.950s] -- Up-to-date: /home/ram/melfa_ros2/install/melfa_msgs/include/melfa_msgs/melfa_msgs/msg/gpio_state.hpp
[2.950s] -- Up-to-date: /home/ram/melfa_ros2/install/melfa_msgs/include/melfa_msgs/melfa_msgs/msg/gpio_command.hpp
[2.950s] -- Up-to-date: /home/ram/melfa_ros2/install/melfa_msgs/include/melfa_msgs/melfa_msgs/msg/rosidl_generator_cpp__visibility_control.hpp
[2.950s] -- Up-to-date: /home/ram/melfa_ros2/install/melfa_msgs/include/melfa_msgs/melfa_msgs/msg/control_mode.hpp
[2.950s] -- Up-to-date: /home/ram/melfa_ros2/install/melfa_msgs/include/melfa_msgs/melfa_msgs/srv
[2.950s] -- Up-to-date: /home/ram/melfa_ros2/install/melfa_msgs/include/melfa_msgs/melfa_msgs/srv/mode_configure.hpp
[2.950s] -- Up-to-date: /home/ram/melfa_ros2/install/melfa_msgs/include/melfa_msgs/melfa_msgs/srv/detail
[2.950s] -- Up-to-date: /home/ram/melfa_ros2/install/melfa_msgs/include/melfa_msgs/melfa_msgs/srv/detail/gpio_configure__struct.hpp
[2.950s] -- Up-to-date: /home/ram/melfa_ros2/install/melfa_msgs/include/melfa_msgs/melfa_msgs/srv/detail/gpio_configure__type_support.hpp
[2.950s] -- Up-to-date: /home/ram/melfa_ros2/install/melfa_msgs/include/melfa_msgs/melfa_msgs/srv/detail/mode_configure__builder.hpp
[2.950s] -- Up-to-date: /home/ram/melfa_ros2/install/melfa_msgs/include/melfa_msgs/melfa_msgs/srv/detail/mode_configure__traits.hpp
[2.950s] -- Up-to-date: /home/ram/melfa_ros2/install/melfa_msgs/include/melfa_msgs/melfa_msgs/srv/detail/mode_configure__type_support.hpp
[2.950s] -- Up-to-date: /home/ram/melfa_ros2/install/melfa_msgs/include/melfa_msgs/melfa_msgs/srv/detail/gpio_configure__builder.hpp
[2.950s] -- Up-to-date: /home/ram/melfa_ros2/install/melfa_msgs/include/melfa_msgs/melfa_msgs/srv/detail/mode_configure__struct.hpp
[2.950s] -- Up-to-date: /home/ram/melfa_ros2/install/melfa_msgs/include/melfa_msgs/melfa_msgs/srv/detail/gpio_configure__traits.hpp
[2.950s] -- Up-to-date: /home/ram/melfa_ros2/install/melfa_msgs/include/melfa_msgs/melfa_msgs/srv/gpio_configure.hpp
[2.950s] -- Up-to-date: /home/ram/melfa_ros2/install/melfa_msgs/include/melfa_msgs/melfa_msgs
[2.950s] -- Up-to-date: /home/ram/melfa_ros2/install/melfa_msgs/include/melfa_msgs/melfa_msgs/msg
[2.951s] -- Up-to-date: /home/ram/melfa_ros2/install/melfa_msgs/include/melfa_msgs/melfa_msgs/msg/detail
[2.951s] -- Up-to-date: /home/ram/melfa_ros2/install/melfa_msgs/include/melfa_msgs/melfa_msgs/msg/detail/gpio_state__rosidl_typesupport_fastrtps_cpp.hpp
[2.951s] -- Up-to-date: /home/ram/melfa_ros2/install/melfa_msgs/include/melfa_msgs/melfa_msgs/msg/detail/gpio_command__rosidl_typesupport_fastrtps_cpp.hpp
[2.951s] -- Up-to-date: /home/ram/melfa_ros2/install/melfa_msgs/include/melfa_msgs/melfa_msgs/msg/detail/controller_type__rosidl_typesupport_fastrtps_cpp.hpp
[2.951s] -- Up-to-date: /home/ram/melfa_ros2/install/melfa_msgs/include/melfa_msgs/melfa_msgs/msg/detail/control_mode__rosidl_typesupport_fastrtps_cpp.hpp
[2.951s] -- Up-to-date: /home/ram/melfa_ros2/install/melfa_msgs/include/melfa_msgs/melfa_msgs/msg/detail/dds_fastrtps
[2.951s] -- Up-to-date: /home/ram/melfa_ros2/install/melfa_msgs/include/melfa_msgs/melfa_msgs/msg/rosidl_typesupport_fastrtps_cpp__visibility_control.h
[2.951s] -- Up-to-date: /home/ram/melfa_ros2/install/melfa_msgs/include/melfa_msgs/melfa_msgs/srv
[2.951s] -- Up-to-date: /home/ram/melfa_ros2/install/melfa_msgs/include/melfa_msgs/melfa_msgs/srv/detail
[2.951s] -- Up-to-date: /home/ram/melfa_ros2/install/melfa_msgs/include/melfa_msgs/melfa_msgs/srv/detail/mode_configure__rosidl_typesupport_fastrtps_cpp.hpp
[2.951s] -- Up-to-date: /home/ram/melfa_ros2/install/melfa_msgs/include/melfa_msgs/melfa_msgs/srv/detail/gpio_configure__rosidl_typesupport_fastrtps_cpp.hpp
[2.951s] -- Up-to-date: /home/ram/melfa_ros2/install/melfa_msgs/include/melfa_msgs/melfa_msgs/srv/detail/dds_fastrtps
[2.951s] -- Installing: /home/ram/melfa_ros2/install/melfa_msgs/lib/libmelfa_msgs__rosidl_typesupport_fastrtps_cpp.so
[2.951s] -- Set runtime path of "/home/ram/melfa_ros2/install/melfa_msgs/lib/libmelfa_msgs__rosidl_typesupport_fastrtps_cpp.so" to ""
[2.951s] -- Up-to-date: /home/ram/melfa_ros2/install/melfa_msgs/include/melfa_msgs/melfa_msgs
[2.951s] -- Up-to-date: /home/ram/melfa_ros2/install/melfa_msgs/include/melfa_msgs/melfa_msgs/msg
[2.951s] -- Up-to-date: /home/ram/melfa_ros2/install/melfa_msgs/include/melfa_msgs/melfa_msgs/msg/detail
[2.951s] -- Up-to-date: /home/ram/melfa_ros2/install/melfa_msgs/include/melfa_msgs/melfa_msgs/msg/detail/control_mode__type_support.cpp
[2.951s] -- Up-to-date: /home/ram/melfa_ros2/install/melfa_msgs/include/melfa_msgs/melfa_msgs/msg/detail/gpio_state__type_support.cpp
[2.952s] -- Up-to-date: /home/ram/melfa_ros2/install/melfa_msgs/include/melfa_msgs/melfa_msgs/msg/detail/gpio_state__rosidl_typesupport_introspection_cpp.hpp
[2.952s] -- Up-to-date: /home/ram/melfa_ros2/install/melfa_msgs/include/melfa_msgs/melfa_msgs/msg/detail/gpio_command__type_support.cpp
[2.952s] -- Up-to-date: /home/ram/melfa_ros2/install/melfa_msgs/include/melfa_msgs/melfa_msgs/msg/detail/control_mode__rosidl_typesupport_introspection_cpp.hpp
[2.952s] -- Up-to-date: /home/ram/melfa_ros2/install/melfa_msgs/include/melfa_msgs/melfa_msgs/msg/detail/controller_type__type_support.cpp
[2.952s] -- Up-to-date: /home/ram/melfa_ros2/install/melfa_msgs/include/melfa_msgs/melfa_msgs/msg/detail/controller_type__rosidl_typesupport_introspection_cpp.hpp
[2.952s] -- Up-to-date: /home/ram/melfa_ros2/install/melfa_msgs/include/melfa_msgs/melfa_msgs/msg/detail/gpio_command__rosidl_typesupport_introspection_cpp.hpp
[2.952s] -- Up-to-date: /home/ram/melfa_ros2/install/melfa_msgs/include/melfa_msgs/melfa_msgs/srv
[2.952s] -- Up-to-date: /home/ram/melfa_ros2/install/melfa_msgs/include/melfa_msgs/melfa_msgs/srv/detail
[2.952s] -- Up-to-date: /home/ram/melfa_ros2/install/melfa_msgs/include/melfa_msgs/melfa_msgs/srv/detail/gpio_configure__type_support.cpp
[2.952s] -- Up-to-date: /home/ram/melfa_ros2/install/melfa_msgs/include/melfa_msgs/melfa_msgs/srv/detail/gpio_configure__rosidl_typesupport_introspection_cpp.hpp
[2.952s] -- Up-to-date: /home/ram/melfa_ros2/install/melfa_msgs/include/melfa_msgs/melfa_msgs/srv/detail/mode_configure__rosidl_typesupport_introspection_cpp.hpp
[2.952s] -- Up-to-date: /home/ram/melfa_ros2/install/melfa_msgs/include/melfa_msgs/melfa_msgs/srv/detail/mode_configure__type_support.cpp
[2.952s] -- Installing: /home/ram/melfa_ros2/install/melfa_msgs/lib/libmelfa_msgs__rosidl_typesupport_introspection_cpp.so
[2.952s] -- Set runtime path of "/home/ram/melfa_ros2/install/melfa_msgs/lib/libmelfa_msgs__rosidl_typesupport_introspection_cpp.so" to ""
[2.952s] -- Installing: /home/ram/melfa_ros2/install/melfa_msgs/lib/libmelfa_msgs__rosidl_typesupport_cpp.so
[2.952s] -- Set runtime path of "/home/ram/melfa_ros2/install/melfa_msgs/lib/libmelfa_msgs__rosidl_typesupport_cpp.so" to ""
[2.952s] -- Up-to-date: /home/ram/melfa_ros2/install/melfa_msgs/share/melfa_msgs/environment/pythonpath.sh
[2.952s] -- Installing: /home/ram/melfa_ros2/install/melfa_msgs/share/melfa_msgs/environment/pythonpath.dsv
[2.952s] -- Up-to-date: /home/ram/melfa_ros2/install/melfa_msgs/local/lib/python3.10/dist-packages/melfa_msgs-1.0.0-py3.10.egg-info
[2.952s] -- Installing: /home/ram/melfa_ros2/install/melfa_msgs/local/lib/python3.10/dist-packages/melfa_msgs-1.0.0-py3.10.egg-info/PKG-INFO
[2.952s] -- Installing: /home/ram/melfa_ros2/install/melfa_msgs/local/lib/python3.10/dist-packages/melfa_msgs-1.0.0-py3.10.egg-info/top_level.txt
[2.952s] -- Installing: /home/ram/melfa_ros2/install/melfa_msgs/local/lib/python3.10/dist-packages/melfa_msgs-1.0.0-py3.10.egg-info/SOURCES.txt
[2.952s] -- Installing: /home/ram/melfa_ros2/install/melfa_msgs/local/lib/python3.10/dist-packages/melfa_msgs-1.0.0-py3.10.egg-info/dependency_links.txt
[2.952s] -- Up-to-date: /home/ram/melfa_ros2/install/melfa_msgs/local/lib/python3.10/dist-packages/melfa_msgs
[2.952s] -- Installing: /home/ram/melfa_ros2/install/melfa_msgs/local/lib/python3.10/dist-packages/melfa_msgs/__init__.py
[2.952s] -- Installing: /home/ram/melfa_ros2/install/melfa_msgs/local/lib/python3.10/dist-packages/melfa_msgs/melfa_msgs_s__rosidl_typesupport_introspection_c.cpython-310-x86_64-linux-gnu.so
[2.952s] -- Up-to-date: /home/ram/melfa_ros2/install/melfa_msgs/local/lib/python3.10/dist-packages/melfa_msgs/msg
[2.952s] -- Up-to-date: /home/ram/melfa_ros2/install/melfa_msgs/local/lib/python3.10/dist-packages/melfa_msgs/msg/_gpio_state_s.c
[2.952s] -- Up-to-date: /home/ram/melfa_ros2/install/melfa_msgs/local/lib/python3.10/dist-packages/melfa_msgs/msg/__init__.py
[2.952s] -- Up-to-date: /home/ram/melfa_ros2/install/melfa_msgs/local/lib/python3.10/dist-packages/melfa_msgs/msg/_control_mode.py
[2.952s] -- Up-to-date: /home/ram/melfa_ros2/install/melfa_msgs/local/lib/python3.10/dist-packages/melfa_msgs/msg/_gpio_command.py
[2.952s] -- Up-to-date: /home/ram/melfa_ros2/install/melfa_msgs/local/lib/python3.10/dist-packages/melfa_msgs/msg/_control_mode_s.c
[2.952s] -- Up-to-date: /home/ram/melfa_ros2/install/melfa_msgs/local/lib/python3.10/dist-packages/melfa_msgs/msg/_gpio_state.py
[2.952s] -- Up-to-date: /home/ram/melfa_ros2/install/melfa_msgs/local/lib/python3.10/dist-packages/melfa_msgs/msg/_controller_type_s.c
[2.952s] -- Up-to-date: /home/ram/melfa_ros2/install/melfa_msgs/local/lib/python3.10/dist-packages/melfa_msgs/msg/_gpio_command_s.c
[2.952s] -- Up-to-date: /home/ram/melfa_ros2/install/melfa_msgs/local/lib/python3.10/dist-packages/melfa_msgs/msg/_controller_type.py
[2.953s] -- Installing: /home/ram/melfa_ros2/install/melfa_msgs/local/lib/python3.10/dist-packages/melfa_msgs/libmelfa_msgs__rosidl_generator_py.so
[2.953s] -- Up-to-date: /home/ram/melfa_ros2/install/melfa_msgs/local/lib/python3.10/dist-packages/melfa_msgs/_melfa_msgs_s.ep.rosidl_typesupport_introspection_c.c
[2.953s] -- Installing: /home/ram/melfa_ros2/install/melfa_msgs/local/lib/python3.10/dist-packages/melfa_msgs/melfa_msgs_s__rosidl_typesupport_c.cpython-310-x86_64-linux-gnu.so
[2.953s] -- Up-to-date: /home/ram/melfa_ros2/install/melfa_msgs/local/lib/python3.10/dist-packages/melfa_msgs/srv
[2.953s] -- Up-to-date: /home/ram/melfa_ros2/install/melfa_msgs/local/lib/python3.10/dist-packages/melfa_msgs/srv/__init__.py
[2.953s] -- Up-to-date: /home/ram/melfa_ros2/install/melfa_msgs/local/lib/python3.10/dist-packages/melfa_msgs/srv/_mode_configure.py
[2.953s] -- Up-to-date: /home/ram/melfa_ros2/install/melfa_msgs/local/lib/python3.10/dist-packages/melfa_msgs/srv/_mode_configure_s.c
[2.953s] -- Up-to-date: /home/ram/melfa_ros2/install/melfa_msgs/local/lib/python3.10/dist-packages/melfa_msgs/srv/_gpio_configure_s.c
[2.953s] -- Up-to-date: /home/ram/melfa_ros2/install/melfa_msgs/local/lib/python3.10/dist-packages/melfa_msgs/srv/_gpio_configure.py
[2.953s] -- Up-to-date: /home/ram/melfa_ros2/install/melfa_msgs/local/lib/python3.10/dist-packages/melfa_msgs/_melfa_msgs_s.ep.rosidl_typesupport_fastrtps_c.c
[2.953s] -- Up-to-date: /home/ram/melfa_ros2/install/melfa_msgs/local/lib/python3.10/dist-packages/melfa_msgs/_melfa_msgs_s.ep.rosidl_typesupport_c.c
[2.953s] -- Installing: /home/ram/melfa_ros2/install/melfa_msgs/local/lib/python3.10/dist-packages/melfa_msgs/melfa_msgs_s__rosidl_typesupport_fastrtps_c.cpython-310-x86_64-linux-gnu.so
[2.977s] Listing '/home/ram/melfa_ros2/install/melfa_msgs/local/lib/python3.10/dist-packages/melfa_msgs'...
[2.977s] Compiling '/home/ram/melfa_ros2/install/melfa_msgs/local/lib/python3.10/dist-packages/melfa_msgs/__init__.py'...
[2.977s] Listing '/home/ram/melfa_ros2/install/melfa_msgs/local/lib/python3.10/dist-packages/melfa_msgs/msg'...
[2.977s] Listing '/home/ram/melfa_ros2/install/melfa_msgs/local/lib/python3.10/dist-packages/melfa_msgs/srv'...
[2.981s] -- Installing: /home/ram/melfa_ros2/install/melfa_msgs/local/lib/python3.10/dist-packages/melfa_msgs/melfa_msgs_s__rosidl_typesupport_fastrtps_c.cpython-310-x86_64-linux-gnu.so
[2.981s] -- Set runtime path of "/home/ram/melfa_ros2/install/melfa_msgs/local/lib/python3.10/dist-packages/melfa_msgs/melfa_msgs_s__rosidl_typesupport_fastrtps_c.cpython-310-x86_64-linux-gnu.so" to ""
[2.981s] -- Installing: /home/ram/melfa_ros2/install/melfa_msgs/local/lib/python3.10/dist-packages/melfa_msgs/melfa_msgs_s__rosidl_typesupport_introspection_c.cpython-310-x86_64-linux-gnu.so
[2.981s] -- Set runtime path of "/home/ram/melfa_ros2/install/melfa_msgs/local/lib/python3.10/dist-packages/melfa_msgs/melfa_msgs_s__rosidl_typesupport_introspection_c.cpython-310-x86_64-linux-gnu.so" to ""
[2.982s] -- Installing: /home/ram/melfa_ros2/install/melfa_msgs/local/lib/python3.10/dist-packages/melfa_msgs/melfa_msgs_s__rosidl_typesupport_c.cpython-310-x86_64-linux-gnu.so
[2.982s] -- Set runtime path of "/home/ram/melfa_ros2/install/melfa_msgs/local/lib/python3.10/dist-packages/melfa_msgs/melfa_msgs_s__rosidl_typesupport_c.cpython-310-x86_64-linux-gnu.so" to ""
[2.982s] -- Installing: /home/ram/melfa_ros2/install/melfa_msgs/lib/libmelfa_msgs__rosidl_generator_py.so
[2.983s] -- Set runtime path of "/home/ram/melfa_ros2/install/melfa_msgs/lib/libmelfa_msgs__rosidl_generator_py.so" to ""
[2.983s] -- Up-to-date: /home/ram/melfa_ros2/install/melfa_msgs/share/ament_index/resource_index/rust_packages/melfa_msgs
[2.983s] -- Up-to-date: /home/ram/melfa_ros2/install/melfa_msgs/share/melfa_msgs/rust
[2.983s] -- Up-to-date: /home/ram/melfa_ros2/install/melfa_msgs/share/melfa_msgs/rust/src
[2.983s] -- Up-to-date: /home/ram/melfa_ros2/install/melfa_msgs/share/melfa_msgs/rust/src/msg.rs
[2.983s] -- Up-to-date: /home/ram/melfa_ros2/install/melfa_msgs/share/melfa_msgs/rust/src/msg
[2.983s] -- Up-to-date: /home/ram/melfa_ros2/install/melfa_msgs/share/melfa_msgs/rust/src/msg/rmw.rs
[2.983s] -- Up-to-date: /home/ram/melfa_ros2/install/melfa_msgs/share/melfa_msgs/rust/src/srv
[2.983s] -- Up-to-date: /home/ram/melfa_ros2/install/melfa_msgs/share/melfa_msgs/rust/src/srv/rmw.rs
[2.983s] -- Up-to-date: /home/ram/melfa_ros2/install/melfa_msgs/share/melfa_msgs/rust/src/lib.rs
[2.983s] -- Up-to-date: /home/ram/melfa_ros2/install/melfa_msgs/share/melfa_msgs/rust/src/srv.rs
[2.983s] -- Up-to-date: /home/ram/melfa_ros2/install/melfa_msgs/share/melfa_msgs/rust/Cargo.toml
[2.983s] -- Up-to-date: /home/ram/melfa_ros2/install/melfa_msgs/share/melfa_msgs/rust/build.rs
[2.983s] -- Up-to-date: /home/ram/melfa_ros2/install/melfa_msgs/share/melfa_msgs/srv/GpioConfigure.idl
[2.983s] -- Up-to-date: /home/ram/melfa_ros2/install/melfa_msgs/share/melfa_msgs/srv/ModeConfigure.idl
[2.983s] -- Up-to-date: /home/ram/melfa_ros2/install/melfa_msgs/share/melfa_msgs/msg/GpioState.idl
[2.983s] -- Up-to-date: /home/ram/melfa_ros2/install/melfa_msgs/share/melfa_msgs/msg/GpioCommand.idl
[2.983s] -- Up-to-date: /home/ram/melfa_ros2/install/melfa_msgs/share/melfa_msgs/msg/ControllerType.idl
[2.983s] -- Up-to-date: /home/ram/melfa_ros2/install/melfa_msgs/share/melfa_msgs/msg/ControlMode.idl
[2.983s] -- Up-to-date: /home/ram/melfa_ros2/install/melfa_msgs/share/melfa_msgs/srv/GpioConfigure.srv
[2.983s] -- Up-to-date: /home/ram/melfa_ros2/install/melfa_msgs/share/melfa_msgs/srv/GpioConfigure_Request.msg
[2.983s] -- Up-to-date: /home/ram/melfa_ros2/install/melfa_msgs/share/melfa_msgs/srv/GpioConfigure_Response.msg
[2.983s] -- Up-to-date: /home/ram/melfa_ros2/install/melfa_msgs/share/melfa_msgs/srv/ModeConfigure.srv
[2.983s] -- Up-to-date: /home/ram/melfa_ros2/install/melfa_msgs/share/melfa_msgs/srv/ModeConfigure_Request.msg
[2.984s] -- Up-to-date: /home/ram/melfa_ros2/install/melfa_msgs/share/melfa_msgs/srv/ModeConfigure_Response.msg
[2.984s] -- Up-to-date: /home/ram/melfa_ros2/install/melfa_msgs/share/melfa_msgs/msg/GpioState.msg
[2.984s] -- Up-to-date: /home/ram/melfa_ros2/install/melfa_msgs/share/melfa_msgs/msg/GpioCommand.msg
[2.984s] -- Up-to-date: /home/ram/melfa_ros2/install/melfa_msgs/share/melfa_msgs/msg/ControllerType.msg
[2.984s] -- Up-to-date: /home/ram/melfa_ros2/install/melfa_msgs/share/melfa_msgs/msg/ControlMode.msg
[2.984s] -- Up-to-date: /home/ram/melfa_ros2/install/melfa_msgs/share/ament_index/resource_index/package_run_dependencies/melfa_msgs
[2.984s] -- Up-to-date: /home/ram/melfa_ros2/install/melfa_msgs/share/ament_index/resource_index/parent_prefix_path/melfa_msgs
[2.984s] -- Up-to-date: /home/ram/melfa_ros2/install/melfa_msgs/share/melfa_msgs/environment/ament_prefix_path.sh
[2.984s] -- Installing: /home/ram/melfa_ros2/install/melfa_msgs/share/melfa_msgs/environment/ament_prefix_path.dsv
[2.984s] -- Up-to-date: /home/ram/melfa_ros2/install/melfa_msgs/share/melfa_msgs/environment/path.sh
[2.984s] -- Installing: /home/ram/melfa_ros2/install/melfa_msgs/share/melfa_msgs/environment/path.dsv
[2.984s] -- Up-to-date: /home/ram/melfa_ros2/install/melfa_msgs/share/melfa_msgs/local_setup.bash
[2.984s] -- Up-to-date: /home/ram/melfa_ros2/install/melfa_msgs/share/melfa_msgs/local_setup.sh
[2.984s] -- Up-to-date: /home/ram/melfa_ros2/install/melfa_msgs/share/melfa_msgs/local_setup.zsh
[2.984s] -- Installing: /home/ram/melfa_ros2/install/melfa_msgs/share/melfa_msgs/local_setup.dsv
[2.984s] -- Installing: /home/ram/melfa_ros2/install/melfa_msgs/share/melfa_msgs/package.dsv
[2.984s] -- Up-to-date: /home/ram/melfa_ros2/install/melfa_msgs/share/ament_index/resource_index/packages/melfa_msgs
[2.984s] -- Up-to-date: /home/ram/melfa_ros2/install/melfa_msgs/share/melfa_msgs/cmake/export_melfa_msgs__rosidl_generator_cExport.cmake
[2.984s] -- Installing: /home/ram/melfa_ros2/install/melfa_msgs/share/melfa_msgs/cmake/export_melfa_msgs__rosidl_generator_cExport-release.cmake
[2.984s] -- Up-to-date: /home/ram/melfa_ros2/install/melfa_msgs/share/melfa_msgs/cmake/export_melfa_msgs__rosidl_typesupport_fastrtps_cExport.cmake
[2.984s] -- Installing: /home/ram/melfa_ros2/install/melfa_msgs/share/melfa_msgs/cmake/export_melfa_msgs__rosidl_typesupport_fastrtps_cExport-release.cmake
[2.984s] -- Up-to-date: /home/ram/melfa_ros2/install/melfa_msgs/share/melfa_msgs/cmake/melfa_msgs__rosidl_typesupport_introspection_cExport.cmake
[2.984s] -- Installing: /home/ram/melfa_ros2/install/melfa_msgs/share/melfa_msgs/cmake/melfa_msgs__rosidl_typesupport_introspection_cExport-release.cmake
[2.985s] -- Up-to-date: /home/ram/melfa_ros2/install/melfa_msgs/share/melfa_msgs/cmake/melfa_msgs__rosidl_typesupport_cExport.cmake
[2.985s] -- Installing: /home/ram/melfa_ros2/install/melfa_msgs/share/melfa_msgs/cmake/melfa_msgs__rosidl_typesupport_cExport-release.cmake
[2.985s] -- Up-to-date: /home/ram/melfa_ros2/install/melfa_msgs/share/melfa_msgs/cmake/export_melfa_msgs__rosidl_generator_cppExport.cmake
[2.985s] -- Up-to-date: /home/ram/melfa_ros2/install/melfa_msgs/share/melfa_msgs/cmake/export_melfa_msgs__rosidl_typesupport_fastrtps_cppExport.cmake
[2.985s] -- Installing: /home/ram/melfa_ros2/install/melfa_msgs/share/melfa_msgs/cmake/export_melfa_msgs__rosidl_typesupport_fastrtps_cppExport-release.cmake
[2.986s] -- Up-to-date: /home/ram/melfa_ros2/install/melfa_msgs/share/melfa_msgs/cmake/melfa_msgs__rosidl_typesupport_introspection_cppExport.cmake
[2.986s] -- Installing: /home/ram/melfa_ros2/install/melfa_msgs/share/melfa_msgs/cmake/melfa_msgs__rosidl_typesupport_introspection_cppExport-release.cmake
[2.986s] -- Up-to-date: /home/ram/melfa_ros2/install/melfa_msgs/share/melfa_msgs/cmake/melfa_msgs__rosidl_typesupport_cppExport.cmake
[2.986s] -- Installing: /home/ram/melfa_ros2/install/melfa_msgs/share/melfa_msgs/cmake/melfa_msgs__rosidl_typesupport_cppExport-release.cmake
[2.986s] -- Up-to-date: /home/ram/melfa_ros2/install/melfa_msgs/share/melfa_msgs/cmake/export_melfa_msgs__rosidl_generator_pyExport.cmake
[2.986s] -- Installing: /home/ram/melfa_ros2/install/melfa_msgs/share/melfa_msgs/cmake/export_melfa_msgs__rosidl_generator_pyExport-release.cmake
[2.987s] -- Up-to-date: /home/ram/melfa_ros2/install/melfa_msgs/share/melfa_msgs/cmake/rosidl_cmake-extras.cmake
[2.987s] -- Up-to-date: /home/ram/melfa_ros2/install/melfa_msgs/share/melfa_msgs/cmake/ament_cmake_export_include_directories-extras.cmake
[2.987s] -- Up-to-date: /home/ram/melfa_ros2/install/melfa_msgs/share/melfa_msgs/cmake/ament_cmake_export_libraries-extras.cmake
[2.987s] -- Up-to-date: /home/ram/melfa_ros2/install/melfa_msgs/share/melfa_msgs/cmake/ament_cmake_export_targets-extras.cmake
[2.987s] -- Up-to-date: /home/ram/melfa_ros2/install/melfa_msgs/share/melfa_msgs/cmake/rosidl_cmake_export_typesupport_targets-extras.cmake
[2.987s] -- Up-to-date: /home/ram/melfa_ros2/install/melfa_msgs/share/melfa_msgs/cmake/ament_cmake_export_dependencies-extras.cmake
[2.987s] -- Up-to-date: /home/ram/melfa_ros2/install/melfa_msgs/share/melfa_msgs/cmake/rosidl_cmake_export_typesupport_libraries-extras.cmake
[2.987s] -- Up-to-date: /home/ram/melfa_ros2/install/melfa_msgs/share/melfa_msgs/cmake/rosidl_cmake_aggregate_target-extras.cmake
[2.987s] -- Up-to-date: /home/ram/melfa_ros2/install/melfa_msgs/share/melfa_msgs/cmake/melfa_msgsConfig.cmake
[2.987s] -- Up-to-date: /home/ram/melfa_ros2/install/melfa_msgs/share/melfa_msgs/cmake/melfa_msgsConfig-version.cmake
[2.987s] -- Up-to-date: /home/ram/melfa_ros2/install/melfa_msgs/share/melfa_msgs/package.xml
[2.991s] Invoked command in '/home/ram/melfa_ros2/build/melfa_msgs' returned '0': CMAKE_PREFIX_PATH=${CMAKE_PREFIX_PATH}:/home/ram/cognipilot/cranium/install/b3rb_ros_line_follower:/opt/ros/humble /usr/bin/cmake --install /home/ram/melfa_ros2/build/melfa_msgs
