-- Found ament_cmake: 1.3.14 (/opt/ros/humble/share/ament_cmake/cmake)
-- Found ament_lint_auto: 0.12.15 (/opt/ros/humble/share/ament_lint_auto/cmake)
-- Configuring done
-- Generating done
-- Build files have been written to: /home/ram/melfa_ros2/build/xacro
Built target ament_cmake_python_copy_xacro_setup
Built target ament_cmake_python_copy_xacro
running install_scripts
running egg_info
writing xacro.egg-info/PKG-INFO
writing dependency_links to xacro.egg-info/dependency_links.txt
writing entry points to xacro.egg-info/entry_points.txt
writing top-level names to xacro.egg-info/top_level.txt
/home/ram/.local/lib/python3.10/site-packages/setuptools/_distutils/cmd.py:90: SetuptoolsDeprecationWarning: setup.py install is deprecated.
!!

        ********************************************************************************
        Please avoid running ``setup.py`` directly.
        Instead, use pypa/build, pypa/installer or other
        standards-based tools.

        This deprecation is overdue, please update your project and remove deprecated
        calls to avoid build errors in the future.

        See https://blog.ganssle.io/articles/2021/10/setup-py-deprecated.html for details.
        ********************************************************************************

!!
  self.initialize_options()
running egg_info
writing xacro.egg-info/PKG-INFO
writing dependency_links to xacro.egg-info/dependency_links.txt
writing entry points to xacro.egg-info/entry_points.txt
writing top-level names to xacro.egg-info/top_level.txt
reading manifest file 'xacro.egg-info/SOURCES.txt'
writing manifest file 'xacro.egg-info/SOURCES.txt'
reading manifest file 'xacro.egg-info/SOURCES.txt'
Built target ament_cmake_python_build_xacro_egg
writing manifest file 'xacro.egg-info/SOURCES.txt'
Installing xacro script to scripts
Built target ament_cmake_python_build_xacro_scripts
-- Install configuration: "Release"
-- Up-to-date: /home/ram/melfa_ros2/install/xacro/share/xacro/environment/completion.bash
-- Up-to-date: /home/ram/melfa_ros2/install/xacro/share/xacro/environment/pythonpath.sh
-- Installing: /home/ram/melfa_ros2/install/xacro/share/xacro/environment/pythonpath.dsv
-- Up-to-date: /home/ram/melfa_ros2/install/xacro/local/lib/python3.10/dist-packages/xacro-2.1.1-py3.10.egg-info
-- Installing: /home/ram/melfa_ros2/install/xacro/local/lib/python3.10/dist-packages/xacro-2.1.1-py3.10.egg-info/PKG-INFO
-- Installing: /home/ram/melfa_ros2/install/xacro/local/lib/python3.10/dist-packages/xacro-2.1.1-py3.10.egg-info/top_level.txt
-- Installing: /home/ram/melfa_ros2/install/xacro/local/lib/python3.10/dist-packages/xacro-2.1.1-py3.10.egg-info/SOURCES.txt
-- Installing: /home/ram/melfa_ros2/install/xacro/local/lib/python3.10/dist-packages/xacro-2.1.1-py3.10.egg-info/dependency_links.txt
-- Installing: /home/ram/melfa_ros2/install/xacro/local/lib/python3.10/dist-packages/xacro-2.1.1-py3.10.egg-info/entry_points.txt
-- Up-to-date: /home/ram/melfa_ros2/install/xacro/lib/xacro/
-- Installing: /home/ram/melfa_ros2/install/xacro/lib/xacro//xacro
-- Up-to-date: /home/ram/melfa_ros2/install/xacro/local/lib/python3.10/dist-packages/xacro
-- Up-to-date: /home/ram/melfa_ros2/install/xacro/local/lib/python3.10/dist-packages/xacro/__init__.py
-- Up-to-date: /home/ram/melfa_ros2/install/xacro/local/lib/python3.10/dist-packages/xacro/color.py
-- Up-to-date: /home/ram/melfa_ros2/install/xacro/local/lib/python3.10/dist-packages/xacro/cli.py
-- Up-to-date: /home/ram/melfa_ros2/install/xacro/local/lib/python3.10/dist-packages/xacro/substitution_args.py
-- Up-to-date: /home/ram/melfa_ros2/install/xacro/local/lib/python3.10/dist-packages/xacro/xmlutils.py
Listing '/home/ram/melfa_ros2/install/xacro/local/lib/python3.10/dist-packages/xacro'...
-- Up-to-date: /home/ram/melfa_ros2/install/xacro/bin/
-- Installing: /home/ram/melfa_ros2/install/xacro/bin//xacro
-- Up-to-date: /home/ram/melfa_ros2/install/xacro/share/ament_index/resource_index/package_run_dependencies/xacro
-- Up-to-date: /home/ram/melfa_ros2/install/xacro/share/ament_index/resource_index/parent_prefix_path/xacro
-- Up-to-date: /home/ram/melfa_ros2/install/xacro/share/xacro/environment/ament_prefix_path.sh
-- Installing: /home/ram/melfa_ros2/install/xacro/share/xacro/environment/ament_prefix_path.dsv
-- Up-to-date: /home/ram/melfa_ros2/install/xacro/share/xacro/environment/path.sh
-- Installing: /home/ram/melfa_ros2/install/xacro/share/xacro/environment/path.dsv
-- Up-to-date: /home/ram/melfa_ros2/install/xacro/share/xacro/local_setup.bash
-- Up-to-date: /home/ram/melfa_ros2/install/xacro/share/xacro/local_setup.sh
-- Up-to-date: /home/ram/melfa_ros2/install/xacro/share/xacro/local_setup.zsh
-- Installing: /home/ram/melfa_ros2/install/xacro/share/xacro/local_setup.dsv
-- Installing: /home/ram/melfa_ros2/install/xacro/share/xacro/package.dsv
-- Up-to-date: /home/ram/melfa_ros2/install/xacro/share/ament_index/resource_index/packages/xacro
-- Up-to-date: /home/ram/melfa_ros2/install/xacro/share/xacro/cmake/xacro-extras.cmake
-- Up-to-date: /home/ram/melfa_ros2/install/xacro/share/xacro/cmake/xacroConfig.cmake
-- Up-to-date: /home/ram/melfa_ros2/install/xacro/share/xacro/cmake/xacroConfig-version.cmake
-- Up-to-date: /home/ram/melfa_ros2/install/xacro/share/xacro/package.xml
