[0.067s] Invoking command in '/home/ram/melfa_ros2/build/melfa_rv7frl_moveit_config': AMENT_PREFIX_PATH=/home/ram/melfa_ros2/install/melfa_description:/home/ram/melfa_ros2/install/xacro:${AMENT_PREFIX_PATH} CMAKE_PREFIX_PATH=/home/ram/melfa_ros2/install/melfa_description:/home/ram/melfa_ros2/install/xacro:/home/ram/cognipilot/cranium/install/synapse_ros:/home/ram/cognipilot/cranium/install/synapse_gz:/home/ram/cognipilot/cranium/install/synapse_tinyframe:/home/ram/cognipilot/cranium/install/synapse_protobuf:/home/ram/cognipilot/cranium/install/corti:/home/ram/cognipilot/cranium/install/synapse_msgs:/home/ram/cognipilot/cranium/install/dream_world:/home/ram/cognipilot/cranium/install/cerebri_bringup:/home/ram/cognipilot/cranium/install/b3rb_simulator:/home/ram/cognipilot/cranium/install/b3rb_desktop:/home/ram/cognipilot/cranium/install/b3rb_rviz:/home/ram/cognipilot/cranium/install/b3rb_nav2:/home/ram/cognipilot/cranium/install/b3rb_gz_resource:/home/ram/cognipilot/cranium/install/b3rb_gz_bringup:/home/ram/cognipilot/cranium/install/b3rb_description:/home/ram/cognipilot/electrode/install/electrode:/home/ram/cognipilot/cranium/install/b3rb_ros_line_follower:/opt/ros/humble PATH=/home/ram/melfa_ros2/install/xacro/bin:${PATH} PYTHONPATH=/home/ram/melfa_ros2/install/xacro/local/lib/python3.10/dist-packages:${PYTHONPATH} /usr/bin/cmake /home/ram/melfa_ros2/src/melfa_ros2_driver/melfa_moveit_config/melfa_rv7frl_moveit_config -DCMAKE_INSTALL_PREFIX=/home/ram/melfa_ros2/install/melfa_rv7frl_moveit_config
[0.156s] -- The C compiler identification is GNU 11.4.0
[0.288s] -- The CXX compiler identification is GNU 11.4.0
[0.309s] -- Detecting C compiler ABI info
[0.463s] -- Detecting C compiler ABI info - done
[0.479s] -- Check for working C compiler: /usr/lib/ccache/cc - skipped
[0.480s] -- Detecting C compile features
[0.486s] -- Detecting C compile features - done
[0.488s] -- Detecting CXX compiler ABI info
[0.638s] -- Detecting CXX compiler ABI info - done
[0.651s] -- Check for working CXX compiler: /usr/lib/ccache/c++ - skipped
[0.653s] -- Detecting CXX compile features
[0.654s] -- Detecting CXX compile features - done
[0.659s] -- Found ament_cmake: 1.3.14 (/opt/ros/humble/share/ament_cmake/cmake)
[1.326s] -- Found Python3: /usr/bin/python3 (found version "3.10.12") found components: Interpreter 
[1.498s] -- Found control_msgs: 4.9.0 (/opt/ros/humble/share/control_msgs/cmake)
[1.570s] -- Found rosidl_generator_c: 3.1.9 (/opt/ros/humble/share/rosidl_generator_c/cmake)
[1.580s] -- Found rosidl_adapter: 3.1.9 (/opt/ros/humble/share/rosidl_adapter/cmake)
[1.595s] -- Found rosidl_generator_cpp: 3.1.9 (/opt/ros/humble/share/rosidl_generator_cpp/cmake)
[1.616s] -- Using all available rosidl_typesupport_c: rosidl_typesupport_fastrtps_c;rosidl_typesupport_introspection_c
[1.643s] -- Using all available rosidl_typesupport_cpp: rosidl_typesupport_fastrtps_cpp;rosidl_typesupport_introspection_cpp
[1.818s] -- Found rclcpp: 16.0.19 (/opt/ros/humble/share/rclcpp/cmake)
[1.884s] -- Found rmw_implementation_cmake: 6.1.2 (/opt/ros/humble/share/rmw_implementation_cmake/cmake)
[1.896s] -- Found rmw_cyclonedds_cpp: 1.3.4 (/opt/ros/humble/share/rmw_cyclonedds_cpp/cmake)
[1.930s] -- Using RMW implementation 'rmw_cyclonedds_cpp' as default
[1.948s] -- Looking for pthread.h
[2.029s] -- Looking for pthread.h - found
[2.029s] -- Performing Test CMAKE_HAVE_LIBC_PTHREAD
[2.103s] -- Performing Test CMAKE_HAVE_LIBC_PTHREAD - Success
[2.104s] -- Found Threads: TRUE  
[2.153s] -- Found rclcpp_action: 16.0.19 (/opt/ros/humble/share/rclcpp_action/cmake)
[2.165s] -- Found tf2_geometry_msgs: 0.25.20 (/opt/ros/humble/share/tf2_geometry_msgs/cmake)
[2.182s] -- Found eigen3_cmake_module: 0.1.1 (/opt/ros/humble/share/eigen3_cmake_module/cmake)
[2.183s] -- Found Eigen3: TRUE (found version "3.4.0") 
[2.183s] -- Ensuring Eigen3 include directory is part of orocos-kdl CMake target
[2.337s] -- Configuring done
[2.346s] -- Generating done
[2.351s] -- Build files have been written to: /home/ram/melfa_ros2/build/melfa_rv7frl_moveit_config
[2.363s] Invoked command in '/home/ram/melfa_ros2/build/melfa_rv7frl_moveit_config' returned '0': AMENT_PREFIX_PATH=/home/ram/melfa_ros2/install/melfa_description:/home/ram/melfa_ros2/install/xacro:${AMENT_PREFIX_PATH} CMAKE_PREFIX_PATH=/home/ram/melfa_ros2/install/melfa_description:/home/ram/melfa_ros2/install/xacro:/home/ram/cognipilot/cranium/install/synapse_ros:/home/ram/cognipilot/cranium/install/synapse_gz:/home/ram/cognipilot/cranium/install/synapse_tinyframe:/home/ram/cognipilot/cranium/install/synapse_protobuf:/home/ram/cognipilot/cranium/install/corti:/home/ram/cognipilot/cranium/install/synapse_msgs:/home/ram/cognipilot/cranium/install/dream_world:/home/ram/cognipilot/cranium/install/cerebri_bringup:/home/ram/cognipilot/cranium/install/b3rb_simulator:/home/ram/cognipilot/cranium/install/b3rb_desktop:/home/ram/cognipilot/cranium/install/b3rb_rviz:/home/ram/cognipilot/cranium/install/b3rb_nav2:/home/ram/cognipilot/cranium/install/b3rb_gz_resource:/home/ram/cognipilot/cranium/install/b3rb_gz_bringup:/home/ram/cognipilot/cranium/install/b3rb_description:/home/ram/cognipilot/electrode/install/electrode:/home/ram/cognipilot/cranium/install/b3rb_ros_line_follower:/opt/ros/humble PATH=/home/ram/melfa_ros2/install/xacro/bin:${PATH} PYTHONPATH=/home/ram/melfa_ros2/install/xacro/local/lib/python3.10/dist-packages:${PYTHONPATH} /usr/bin/cmake /home/ram/melfa_ros2/src/melfa_ros2_driver/melfa_moveit_config/melfa_rv7frl_moveit_config -DCMAKE_INSTALL_PREFIX=/home/ram/melfa_ros2/install/melfa_rv7frl_moveit_config
[2.364s] Invoking command in '/home/ram/melfa_ros2/build/melfa_rv7frl_moveit_config': AMENT_PREFIX_PATH=/home/ram/melfa_ros2/install/melfa_description:/home/ram/melfa_ros2/install/xacro:${AMENT_PREFIX_PATH} CMAKE_PREFIX_PATH=/home/ram/melfa_ros2/install/melfa_description:/home/ram/melfa_ros2/install/xacro:/home/ram/cognipilot/cranium/install/synapse_ros:/home/ram/cognipilot/cranium/install/synapse_gz:/home/ram/cognipilot/cranium/install/synapse_tinyframe:/home/ram/cognipilot/cranium/install/synapse_protobuf:/home/ram/cognipilot/cranium/install/corti:/home/ram/cognipilot/cranium/install/synapse_msgs:/home/ram/cognipilot/cranium/install/dream_world:/home/ram/cognipilot/cranium/install/cerebri_bringup:/home/ram/cognipilot/cranium/install/b3rb_simulator:/home/ram/cognipilot/cranium/install/b3rb_desktop:/home/ram/cognipilot/cranium/install/b3rb_rviz:/home/ram/cognipilot/cranium/install/b3rb_nav2:/home/ram/cognipilot/cranium/install/b3rb_gz_resource:/home/ram/cognipilot/cranium/install/b3rb_gz_bringup:/home/ram/cognipilot/cranium/install/b3rb_description:/home/ram/cognipilot/electrode/install/electrode:/home/ram/cognipilot/cranium/install/b3rb_ros_line_follower:/opt/ros/humble PATH=/home/ram/melfa_ros2/install/xacro/bin:${PATH} PYTHONPATH=/home/ram/melfa_ros2/install/xacro/local/lib/python3.10/dist-packages:${PYTHONPATH} /usr/bin/cmake --build /home/ram/melfa_ros2/build/melfa_rv7frl_moveit_config -- -j16 -l16
[2.398s] [ 50%] [32mBuilding CXX object CMakeFiles/servo_keyboard_input.dir/src/servo_keyboard_input.cpp.o[0m
[7.836s] [100%] [32m[1mLinking CXX executable servo_keyboard_input[0m
[8.044s] [100%] Built target servo_keyboard_input
[8.054s] Invoked command in '/home/ram/melfa_ros2/build/melfa_rv7frl_moveit_config' returned '0': AMENT_PREFIX_PATH=/home/ram/melfa_ros2/install/melfa_description:/home/ram/melfa_ros2/install/xacro:${AMENT_PREFIX_PATH} CMAKE_PREFIX_PATH=/home/ram/melfa_ros2/install/melfa_description:/home/ram/melfa_ros2/install/xacro:/home/ram/cognipilot/cranium/install/synapse_ros:/home/ram/cognipilot/cranium/install/synapse_gz:/home/ram/cognipilot/cranium/install/synapse_tinyframe:/home/ram/cognipilot/cranium/install/synapse_protobuf:/home/ram/cognipilot/cranium/install/corti:/home/ram/cognipilot/cranium/install/synapse_msgs:/home/ram/cognipilot/cranium/install/dream_world:/home/ram/cognipilot/cranium/install/cerebri_bringup:/home/ram/cognipilot/cranium/install/b3rb_simulator:/home/ram/cognipilot/cranium/install/b3rb_desktop:/home/ram/cognipilot/cranium/install/b3rb_rviz:/home/ram/cognipilot/cranium/install/b3rb_nav2:/home/ram/cognipilot/cranium/install/b3rb_gz_resource:/home/ram/cognipilot/cranium/install/b3rb_gz_bringup:/home/ram/cognipilot/cranium/install/b3rb_description:/home/ram/cognipilot/electrode/install/electrode:/home/ram/cognipilot/cranium/install/b3rb_ros_line_follower:/opt/ros/humble PATH=/home/ram/melfa_ros2/install/xacro/bin:${PATH} PYTHONPATH=/home/ram/melfa_ros2/install/xacro/local/lib/python3.10/dist-packages:${PYTHONPATH} /usr/bin/cmake --build /home/ram/melfa_ros2/build/melfa_rv7frl_moveit_config -- -j16 -l16
[8.055s] Invoking command in '/home/ram/melfa_ros2/build/melfa_rv7frl_moveit_config': AMENT_PREFIX_PATH=/home/ram/melfa_ros2/install/melfa_description:/home/ram/melfa_ros2/install/xacro:${AMENT_PREFIX_PATH} CMAKE_PREFIX_PATH=/home/ram/melfa_ros2/install/melfa_description:/home/ram/melfa_ros2/install/xacro:/home/ram/cognipilot/cranium/install/synapse_ros:/home/ram/cognipilot/cranium/install/synapse_gz:/home/ram/cognipilot/cranium/install/synapse_tinyframe:/home/ram/cognipilot/cranium/install/synapse_protobuf:/home/ram/cognipilot/cranium/install/corti:/home/ram/cognipilot/cranium/install/synapse_msgs:/home/ram/cognipilot/cranium/install/dream_world:/home/ram/cognipilot/cranium/install/cerebri_bringup:/home/ram/cognipilot/cranium/install/b3rb_simulator:/home/ram/cognipilot/cranium/install/b3rb_desktop:/home/ram/cognipilot/cranium/install/b3rb_rviz:/home/ram/cognipilot/cranium/install/b3rb_nav2:/home/ram/cognipilot/cranium/install/b3rb_gz_resource:/home/ram/cognipilot/cranium/install/b3rb_gz_bringup:/home/ram/cognipilot/cranium/install/b3rb_description:/home/ram/cognipilot/electrode/install/electrode:/home/ram/cognipilot/cranium/install/b3rb_ros_line_follower:/opt/ros/humble PATH=/home/ram/melfa_ros2/install/xacro/bin:${PATH} PYTHONPATH=/home/ram/melfa_ros2/install/xacro/local/lib/python3.10/dist-packages:${PYTHONPATH} /usr/bin/cmake --install /home/ram/melfa_ros2/build/melfa_rv7frl_moveit_config
[8.061s] -- Install configuration: ""
[8.061s] -- Installing: /home/ram/melfa_ros2/install/melfa_rv7frl_moveit_config/share/ament_index/resource_index/package_run_dependencies/melfa_rv7frl_moveit_config
[8.061s] -- Installing: /home/ram/melfa_ros2/install/melfa_rv7frl_moveit_config/share/ament_index/resource_index/parent_prefix_path/melfa_rv7frl_moveit_config
[8.061s] -- Installing: /home/ram/melfa_ros2/install/melfa_rv7frl_moveit_config/share/melfa_rv7frl_moveit_config/environment/ament_prefix_path.sh
[8.061s] -- Installing: /home/ram/melfa_ros2/install/melfa_rv7frl_moveit_config/share/melfa_rv7frl_moveit_config/environment/ament_prefix_path.dsv
[8.061s] -- Installing: /home/ram/melfa_ros2/install/melfa_rv7frl_moveit_config/share/melfa_rv7frl_moveit_config/environment/path.sh
[8.061s] -- Installing: /home/ram/melfa_ros2/install/melfa_rv7frl_moveit_config/share/melfa_rv7frl_moveit_config/environment/path.dsv
[8.061s] -- Installing: /home/ram/melfa_ros2/install/melfa_rv7frl_moveit_config/share/melfa_rv7frl_moveit_config/local_setup.bash
[8.061s] -- Installing: /home/ram/melfa_ros2/install/melfa_rv7frl_moveit_config/share/melfa_rv7frl_moveit_config/local_setup.sh
[8.061s] -- Installing: /home/ram/melfa_ros2/install/melfa_rv7frl_moveit_config/share/melfa_rv7frl_moveit_config/local_setup.zsh
[8.061s] -- Installing: /home/ram/melfa_ros2/install/melfa_rv7frl_moveit_config/share/melfa_rv7frl_moveit_config/local_setup.dsv
[8.061s] -- Installing: /home/ram/melfa_ros2/install/melfa_rv7frl_moveit_config/share/melfa_rv7frl_moveit_config/package.dsv
[8.061s] -- Installing: /home/ram/melfa_ros2/install/melfa_rv7frl_moveit_config/share/ament_index/resource_index/packages/melfa_rv7frl_moveit_config
[8.062s] -- Installing: /home/ram/melfa_ros2/install/melfa_rv7frl_moveit_config/share/melfa_rv7frl_moveit_config/cmake/melfa_rv7frl_moveit_configConfig.cmake
[8.062s] -- Installing: /home/ram/melfa_ros2/install/melfa_rv7frl_moveit_config/share/melfa_rv7frl_moveit_config/cmake/melfa_rv7frl_moveit_configConfig-version.cmake
[8.062s] -- Installing: /home/ram/melfa_ros2/install/melfa_rv7frl_moveit_config/share/melfa_rv7frl_moveit_config/package.xml
[8.062s] -- Installing: /home/ram/melfa_ros2/install/melfa_rv7frl_moveit_config/share/melfa_rv7frl_moveit_config/launch
[8.062s] -- Installing: /home/ram/melfa_ros2/install/melfa_rv7frl_moveit_config/share/melfa_rv7frl_moveit_config/launch/moveit_rviz.launch.py
[8.062s] -- Installing: /home/ram/melfa_ros2/install/melfa_rv7frl_moveit_config/share/melfa_rv7frl_moveit_config/launch/rv7frl_moveit.launch.py
[8.062s] -- Installing: /home/ram/melfa_ros2/install/melfa_rv7frl_moveit_config/share/melfa_rv7frl_moveit_config/launch/spawn_controllers.launch.py
[8.063s] -- Installing: /home/ram/melfa_ros2/install/melfa_rv7frl_moveit_config/share/melfa_rv7frl_moveit_config/launch/setup_assistant.launch.py
[8.063s] -- Installing: /home/ram/melfa_ros2/install/melfa_rv7frl_moveit_config/share/melfa_rv7frl_moveit_config/launch/static_virtual_joint_tfs.launch.py
[8.063s] -- Installing: /home/ram/melfa_ros2/install/melfa_rv7frl_moveit_config/share/melfa_rv7frl_moveit_config/launch/demo.launch.py
[8.063s] -- Installing: /home/ram/melfa_ros2/install/melfa_rv7frl_moveit_config/share/melfa_rv7frl_moveit_config/launch/warehouse_db.launch.py
[8.063s] -- Installing: /home/ram/melfa_ros2/install/melfa_rv7frl_moveit_config/share/melfa_rv7frl_moveit_config/launch/move_group.launch.py
[8.064s] -- Installing: /home/ram/melfa_ros2/install/melfa_rv7frl_moveit_config/share/melfa_rv7frl_moveit_config/launch/rsp.launch.py
[8.064s] -- Installing: /home/ram/melfa_ros2/install/melfa_rv7frl_moveit_config/share/melfa_rv7frl_moveit_config/config
[8.064s] -- Installing: /home/ram/melfa_ros2/install/melfa_rv7frl_moveit_config/share/melfa_rv7frl_moveit_config/config/rv7frl.ros2_control.xacro
[8.064s] -- Installing: /home/ram/melfa_ros2/install/melfa_rv7frl_moveit_config/share/melfa_rv7frl_moveit_config/config/rv7frl.urdf.xacro
[8.064s] -- Installing: /home/ram/melfa_ros2/install/melfa_rv7frl_moveit_config/share/melfa_rv7frl_moveit_config/config/rv7frl.srdf
[8.064s] -- Installing: /home/ram/melfa_ros2/install/melfa_rv7frl_moveit_config/share/melfa_rv7frl_moveit_config/config/rv7frl_servo.yaml
[8.064s] -- Installing: /home/ram/melfa_ros2/install/melfa_rv7frl_moveit_config/share/melfa_rv7frl_moveit_config/config/ompl_planning.yaml
[8.064s] -- Installing: /home/ram/melfa_ros2/install/melfa_rv7frl_moveit_config/share/melfa_rv7frl_moveit_config/config/moveit_controllers.yaml
[8.064s] -- Installing: /home/ram/melfa_ros2/install/melfa_rv7frl_moveit_config/share/melfa_rv7frl_moveit_config/config/initial_positions.yaml
[8.064s] -- Installing: /home/ram/melfa_ros2/install/melfa_rv7frl_moveit_config/share/melfa_rv7frl_moveit_config/config/moveit.rviz
[8.064s] -- Installing: /home/ram/melfa_ros2/install/melfa_rv7frl_moveit_config/share/melfa_rv7frl_moveit_config/config/stomp_planning.yaml
[8.064s] -- Installing: /home/ram/melfa_ros2/install/melfa_rv7frl_moveit_config/share/melfa_rv7frl_moveit_config/config/kinematics.yaml
[8.064s] -- Installing: /home/ram/melfa_ros2/install/melfa_rv7frl_moveit_config/share/melfa_rv7frl_moveit_config/config/pilz_cartesian_limits.yaml
[8.064s] -- Installing: /home/ram/melfa_ros2/install/melfa_rv7frl_moveit_config/share/melfa_rv7frl_moveit_config/config/rv7frl_macro.srdf.xacro
[8.064s] -- Installing: /home/ram/melfa_ros2/install/melfa_rv7frl_moveit_config/share/melfa_rv7frl_moveit_config/config/joint_limits.yaml
[8.064s] -- Installing: /home/ram/melfa_ros2/install/melfa_rv7frl_moveit_config/share/melfa_rv7frl_moveit_config/config/pilz_industrial_motion_planner_planning.yaml
[8.065s] -- Installing: /home/ram/melfa_ros2/install/melfa_rv7frl_moveit_config/share/melfa_rv7frl_moveit_config/config/chomp_planning.yaml
[8.065s] -- Installing: /home/ram/melfa_ros2/install/melfa_rv7frl_moveit_config/share/melfa_rv7frl_moveit_config/config/rv7frl.srdf.xacro
[8.065s] -- Installing: /home/ram/melfa_ros2/install/melfa_rv7frl_moveit_config/share/melfa_rv7frl_moveit_config/rviz
[8.065s] -- Installing: /home/ram/melfa_ros2/install/melfa_rv7frl_moveit_config/share/melfa_rv7frl_moveit_config/rviz/rv7frl_moveit.rviz
[8.065s] -- Installing: /home/ram/melfa_ros2/install/melfa_rv7frl_moveit_config/share/melfa_rv7frl_moveit_config/.setup_assistant
[8.065s] -- Installing: /home/ram/melfa_ros2/install/melfa_rv7frl_moveit_config/lib/melfa_rv7frl_moveit_config/servo_keyboard_input
[8.065s] -- Set runtime path of "/home/ram/melfa_ros2/install/melfa_rv7frl_moveit_config/lib/melfa_rv7frl_moveit_config/servo_keyboard_input" to ""
[8.066s] Invoked command in '/home/ram/melfa_ros2/build/melfa_rv7frl_moveit_config' returned '0': AMENT_PREFIX_PATH=/home/ram/melfa_ros2/install/melfa_description:/home/ram/melfa_ros2/install/xacro:${AMENT_PREFIX_PATH} CMAKE_PREFIX_PATH=/home/ram/melfa_ros2/install/melfa_description:/home/ram/melfa_ros2/install/xacro:/home/ram/cognipilot/cranium/install/synapse_ros:/home/ram/cognipilot/cranium/install/synapse_gz:/home/ram/cognipilot/cranium/install/synapse_tinyframe:/home/ram/cognipilot/cranium/install/synapse_protobuf:/home/ram/cognipilot/cranium/install/corti:/home/ram/cognipilot/cranium/install/synapse_msgs:/home/ram/cognipilot/cranium/install/dream_world:/home/ram/cognipilot/cranium/install/cerebri_bringup:/home/ram/cognipilot/cranium/install/b3rb_simulator:/home/ram/cognipilot/cranium/install/b3rb_desktop:/home/ram/cognipilot/cranium/install/b3rb_rviz:/home/ram/cognipilot/cranium/install/b3rb_nav2:/home/ram/cognipilot/cranium/install/b3rb_gz_resource:/home/ram/cognipilot/cranium/install/b3rb_gz_bringup:/home/ram/cognipilot/cranium/install/b3rb_description:/home/ram/cognipilot/electrode/install/electrode:/home/ram/cognipilot/cranium/install/b3rb_ros_line_follower:/opt/ros/humble PATH=/home/ram/melfa_ros2/install/xacro/bin:${PATH} PYTHONPATH=/home/ram/melfa_ros2/install/xacro/local/lib/python3.10/dist-packages:${PYTHONPATH} /usr/bin/cmake --install /home/ram/melfa_ros2/build/melfa_rv7frl_moveit_config
