-- The C compiler identification is GNU 11.4.0
-- The CXX compiler identification is GNU 11.4.0
-- Detecting C compiler ABI info
-- Detecting C compiler ABI info - done
-- Check for working C compiler: /usr/lib/ccache/cc - skipped
-- Detecting C compile features
-- Detecting C compile features - done
-- Detecting CXX compiler ABI info
-- Detecting CXX compiler ABI info - done
-- Check for working CXX compiler: /usr/lib/ccache/c++ - skipped
-- Detecting CXX compile features
-- Detecting CXX compile features - done
-- Found ament_cmake: 1.3.14 (/opt/ros/humble/share/ament_cmake/cmake)
-- Found Python3: /usr/bin/python3 (found version "3.10.12") found components: Interpreter 
-- Found controller_interface: 2.54.0 (/opt/ros/humble/share/controller_interface/cmake)
-- Found rosidl_generator_c: 3.1.9 (/opt/ros/humble/share/rosidl_generator_c/cmake)
-- Found rosidl_adapter: 3.1.9 (/opt/ros/humble/share/rosidl_adapter/cmake)
-- Found rosidl_generator_cpp: 3.1.9 (/opt/ros/humble/share/rosidl_generator_cpp/cmake)
-- Using all available rosidl_typesupport_c: rosidl_typesupport_fastrtps_c;rosidl_typesupport_introspection_c
-- Using all available rosidl_typesupport_cpp: rosidl_typesupport_fastrtps_cpp;rosidl_typesupport_introspection_cpp
-- Found rmw_implementation_cmake: 6.1.2 (/opt/ros/humble/share/rmw_implementation_cmake/cmake)
-- Found rmw_cyclonedds_cpp: 1.3.4 (/opt/ros/humble/share/rmw_cyclonedds_cpp/cmake)
-- Using RMW implementation 'rmw_cyclonedds_cpp' as default
-- Looking for pthread.h
-- Looking for pthread.h - found
-- Performing Test CMAKE_HAVE_LIBC_PTHREAD
-- Performing Test CMAKE_HAVE_LIBC_PTHREAD - Success
-- Found Threads: TRUE  
-- Found melfa_msgs: 1.0.0 (/home/ram/melfa_ros2/install/melfa_msgs/share/melfa_msgs/cmake)
-- Found ament_lint_auto: 0.12.15 (/opt/ros/humble/share/ament_lint_auto/cmake)
-- Added test 'cppcheck' to perform static code analysis on C / C++ code
-- Configured cppcheck include dirs: /home/ram/melfa_ros2/src/melfa_ros2_driver/melfa_io_controllers/include
-- Configured cppcheck exclude dirs and/or files: 
-- Added test 'lint_cmake' to check CMake code style
-- Added test 'uncrustify' to check C / C++ code style
-- Configured uncrustify additional arguments: 
-- Added test 'xmllint' to check XML markup files
-- Configuring done
-- Generating done
-- Build files have been written to: /home/ram/melfa_ros2/build/melfa_io_controllers
[ 50%] [32mBuilding CXX object CMakeFiles/melfa_io_controllers.dir/src/melfa_io_controllers.cpp.o[0m
[100%] [32m[1mLinking CXX shared library libmelfa_io_controllers.so[0m
[100%] Built target melfa_io_controllers
-- Install configuration: ""
-- Installing: /home/ram/melfa_ros2/install/melfa_io_controllers/share/melfa_io_controllers/melfa_io_controllers.xml
-- Installing: /home/ram/melfa_ros2/install/melfa_io_controllers/lib/libmelfa_io_controllers.so
-- Set runtime path of "/home/ram/melfa_ros2/install/melfa_io_controllers/lib/libmelfa_io_controllers.so" to ""
-- Installing: /home/ram/melfa_ros2/install/melfa_io_controllers/include
-- Installing: /home/ram/melfa_ros2/install/melfa_io_controllers/include/melfa_io_controllers
-- Installing: /home/ram/melfa_ros2/install/melfa_io_controllers/include/melfa_io_controllers/melfa_io_controllers.hpp
-- Installing: /home/ram/melfa_ros2/install/melfa_io_controllers/include/melfa_io_controllers/visibility_control.h
-- Installing: /home/ram/melfa_ros2/install/melfa_io_controllers/share/melfa_io_controllers/config
-- Installing: /home/ram/melfa_ros2/install/melfa_io_controllers/share/melfa_io_controllers/config/io_limits.yaml
-- Up-to-date: /home/ram/melfa_ros2/install/melfa_io_controllers/lib/libmelfa_io_controllers.so
-- Installing: /home/ram/melfa_ros2/install/melfa_io_controllers/share/melfa_io_controllers/environment/library_path.sh
-- Installing: /home/ram/melfa_ros2/install/melfa_io_controllers/share/melfa_io_controllers/environment/library_path.dsv
-- Installing: /home/ram/melfa_ros2/install/melfa_io_controllers/share/ament_index/resource_index/package_run_dependencies/melfa_io_controllers
-- Installing: /home/ram/melfa_ros2/install/melfa_io_controllers/share/ament_index/resource_index/parent_prefix_path/melfa_io_controllers
-- Installing: /home/ram/melfa_ros2/install/melfa_io_controllers/share/melfa_io_controllers/environment/ament_prefix_path.sh
-- Installing: /home/ram/melfa_ros2/install/melfa_io_controllers/share/melfa_io_controllers/environment/ament_prefix_path.dsv
-- Installing: /home/ram/melfa_ros2/install/melfa_io_controllers/share/melfa_io_controllers/environment/path.sh
-- Installing: /home/ram/melfa_ros2/install/melfa_io_controllers/share/melfa_io_controllers/environment/path.dsv
-- Installing: /home/ram/melfa_ros2/install/melfa_io_controllers/share/melfa_io_controllers/local_setup.bash
-- Installing: /home/ram/melfa_ros2/install/melfa_io_controllers/share/melfa_io_controllers/local_setup.sh
-- Installing: /home/ram/melfa_ros2/install/melfa_io_controllers/share/melfa_io_controllers/local_setup.zsh
-- Installing: /home/ram/melfa_ros2/install/melfa_io_controllers/share/melfa_io_controllers/local_setup.dsv
-- Installing: /home/ram/melfa_ros2/install/melfa_io_controllers/share/melfa_io_controllers/package.dsv
-- Installing: /home/ram/melfa_ros2/install/melfa_io_controllers/share/ament_index/resource_index/packages/melfa_io_controllers
-- Installing: /home/ram/melfa_ros2/install/melfa_io_controllers/share/ament_index/resource_index/controller_interface__pluginlib__plugin/melfa_io_controllers
-- Installing: /home/ram/melfa_ros2/install/melfa_io_controllers/share/melfa_io_controllers/cmake/ament_cmake_export_include_directories-extras.cmake
-- Installing: /home/ram/melfa_ros2/install/melfa_io_controllers/share/melfa_io_controllers/cmake/ament_cmake_export_libraries-extras.cmake
-- Installing: /home/ram/melfa_ros2/install/melfa_io_controllers/share/melfa_io_controllers/cmake/ament_cmake_export_dependencies-extras.cmake
-- Installing: /home/ram/melfa_ros2/install/melfa_io_controllers/share/melfa_io_controllers/cmake/melfa_io_controllersConfig.cmake
-- Installing: /home/ram/melfa_ros2/install/melfa_io_controllers/share/melfa_io_controllers/cmake/melfa_io_controllersConfig-version.cmake
-- Installing: /home/ram/melfa_ros2/install/melfa_io_controllers/share/melfa_io_controllers/package.xml
