[0.009s] Invoking command in '/home/ram/melfa_ros2/build/melfa_description': AMENT_PREFIX_PATH=/home/ram/melfa_ros2/install/xacro:${AMENT_PREFIX_PATH} CMAKE_PREFIX_PATH=/home/ram/melfa_ros2/install/xacro:/home/ram/cognipilot/cranium/install/synapse_ros:/home/ram/cognipilot/cranium/install/synapse_gz:/home/ram/cognipilot/cranium/install/synapse_tinyframe:/home/ram/cognipilot/cranium/install/synapse_protobuf:/home/ram/cognipilot/cranium/install/corti:/home/ram/cognipilot/cranium/install/synapse_msgs:/home/ram/cognipilot/cranium/install/dream_world:/home/ram/cognipilot/cranium/install/cerebri_bringup:/home/ram/cognipilot/cranium/install/b3rb_simulator:/home/ram/cognipilot/cranium/install/b3rb_desktop:/home/ram/cognipilot/cranium/install/b3rb_rviz:/home/ram/cognipilot/cranium/install/b3rb_nav2:/home/ram/cognipilot/cranium/install/b3rb_gz_resource:/home/ram/cognipilot/cranium/install/b3rb_gz_bringup:/home/ram/cognipilot/cranium/install/b3rb_description:/home/ram/cognipilot/electrode/install/electrode:/home/ram/cognipilot/cranium/install/b3rb_ros_line_follower:/opt/ros/humble PATH=/home/ram/melfa_ros2/install/xacro/bin:${PATH} PYTHONPATH=/home/ram/melfa_ros2/install/xacro/local/lib/python3.10/dist-packages:${PYTHONPATH} /usr/bin/cmake /home/ram/melfa_ros2/src/melfa_ros2_driver/melfa_description -DCMAKE_INSTALL_PREFIX=/home/ram/melfa_ros2/install/melfa_description
[0.064s] -- The C compiler identification is GNU 11.4.0
[0.110s] -- The CXX compiler identification is GNU 11.4.0
[0.118s] -- Detecting C compiler ABI info
[0.166s] -- Detecting C compiler ABI info - done
[0.174s] -- Check for working C compiler: /usr/lib/ccache/cc - skipped
[0.175s] -- Detecting C compile features
[0.175s] -- Detecting C compile features - done
[0.177s] -- Detecting CXX compiler ABI info
[0.233s] -- Detecting CXX compiler ABI info - done
[0.238s] -- Check for working CXX compiler: /usr/lib/ccache/c++ - skipped
[0.238s] -- Detecting CXX compile features
[0.239s] -- Detecting CXX compile features - done
[0.242s] -- Found ament_cmake: 1.3.14 (/opt/ros/humble/share/ament_cmake/cmake)
[0.556s] -- Found Python3: /usr/bin/python3 (found version "3.10.12") found components: Interpreter 
[0.645s] -- Found rclcpp: 16.0.19 (/opt/ros/humble/share/rclcpp/cmake)
[0.690s] -- Found rosidl_generator_c: 3.1.9 (/opt/ros/humble/share/rosidl_generator_c/cmake)
[0.695s] -- Found rosidl_adapter: 3.1.9 (/opt/ros/humble/share/rosidl_adapter/cmake)
[0.703s] -- Found rosidl_generator_cpp: 3.1.9 (/opt/ros/humble/share/rosidl_generator_cpp/cmake)
[0.713s] -- Using all available rosidl_typesupport_c: rosidl_typesupport_fastrtps_c;rosidl_typesupport_introspection_c
[0.726s] -- Using all available rosidl_typesupport_cpp: rosidl_typesupport_fastrtps_cpp;rosidl_typesupport_introspection_cpp
[0.781s] -- Found rmw_implementation_cmake: 6.1.2 (/opt/ros/humble/share/rmw_implementation_cmake/cmake)
[0.785s] -- Found rmw_cyclonedds_cpp: 1.3.4 (/opt/ros/humble/share/rmw_cyclonedds_cpp/cmake)
[0.812s] -- Using RMW implementation 'rmw_cyclonedds_cpp' as default
[0.826s] -- Looking for pthread.h
[0.928s] -- Looking for pthread.h - found
[0.928s] -- Performing Test CMAKE_HAVE_LIBC_PTHREAD
[0.991s] -- Performing Test CMAKE_HAVE_LIBC_PTHREAD - Success
[0.991s] -- Found Threads: TRUE  
[1.046s] -- Found rclpy: 3.3.21 (/opt/ros/humble/share/rclpy/cmake)
[1.049s] -- Found sensor_msgs: 4.9.1 (/opt/ros/humble/share/sensor_msgs/cmake)
[1.081s] -- Found visualization_msgs: 4.9.1 (/opt/ros/humble/share/visualization_msgs/cmake)
[1.106s] -- Found ament_lint_auto: 0.12.15 (/opt/ros/humble/share/ament_lint_auto/cmake)
[1.213s] -- Added test 'flake8' to check Python code syntax and style conventions
[1.215s] -- Added test 'lint_cmake' to check CMake code style
[1.216s] -- Added test 'pep257' to check Python code against some of the docstring style conventions in PEP 257
[1.223s] -- Added test 'xmllint' to check XML markup files
[1.225s] -- Configuring done
[1.229s] -- Generating done
[1.232s] -- Build files have been written to: /home/ram/melfa_ros2/build/melfa_description
[1.241s] Invoked command in '/home/ram/melfa_ros2/build/melfa_description' returned '0': AMENT_PREFIX_PATH=/home/ram/melfa_ros2/install/xacro:${AMENT_PREFIX_PATH} CMAKE_PREFIX_PATH=/home/ram/melfa_ros2/install/xacro:/home/ram/cognipilot/cranium/install/synapse_ros:/home/ram/cognipilot/cranium/install/synapse_gz:/home/ram/cognipilot/cranium/install/synapse_tinyframe:/home/ram/cognipilot/cranium/install/synapse_protobuf:/home/ram/cognipilot/cranium/install/corti:/home/ram/cognipilot/cranium/install/synapse_msgs:/home/ram/cognipilot/cranium/install/dream_world:/home/ram/cognipilot/cranium/install/cerebri_bringup:/home/ram/cognipilot/cranium/install/b3rb_simulator:/home/ram/cognipilot/cranium/install/b3rb_desktop:/home/ram/cognipilot/cranium/install/b3rb_rviz:/home/ram/cognipilot/cranium/install/b3rb_nav2:/home/ram/cognipilot/cranium/install/b3rb_gz_resource:/home/ram/cognipilot/cranium/install/b3rb_gz_bringup:/home/ram/cognipilot/cranium/install/b3rb_description:/home/ram/cognipilot/electrode/install/electrode:/home/ram/cognipilot/cranium/install/b3rb_ros_line_follower:/opt/ros/humble PATH=/home/ram/melfa_ros2/install/xacro/bin:${PATH} PYTHONPATH=/home/ram/melfa_ros2/install/xacro/local/lib/python3.10/dist-packages:${PYTHONPATH} /usr/bin/cmake /home/ram/melfa_ros2/src/melfa_ros2_driver/melfa_description -DCMAKE_INSTALL_PREFIX=/home/ram/melfa_ros2/install/melfa_description
[1.242s] Invoking command in '/home/ram/melfa_ros2/build/melfa_description': AMENT_PREFIX_PATH=/home/ram/melfa_ros2/install/xacro:${AMENT_PREFIX_PATH} CMAKE_PREFIX_PATH=/home/ram/melfa_ros2/install/xacro:/home/ram/cognipilot/cranium/install/synapse_ros:/home/ram/cognipilot/cranium/install/synapse_gz:/home/ram/cognipilot/cranium/install/synapse_tinyframe:/home/ram/cognipilot/cranium/install/synapse_protobuf:/home/ram/cognipilot/cranium/install/corti:/home/ram/cognipilot/cranium/install/synapse_msgs:/home/ram/cognipilot/cranium/install/dream_world:/home/ram/cognipilot/cranium/install/cerebri_bringup:/home/ram/cognipilot/cranium/install/b3rb_simulator:/home/ram/cognipilot/cranium/install/b3rb_desktop:/home/ram/cognipilot/cranium/install/b3rb_rviz:/home/ram/cognipilot/cranium/install/b3rb_nav2:/home/ram/cognipilot/cranium/install/b3rb_gz_resource:/home/ram/cognipilot/cranium/install/b3rb_gz_bringup:/home/ram/cognipilot/cranium/install/b3rb_description:/home/ram/cognipilot/electrode/install/electrode:/home/ram/cognipilot/cranium/install/b3rb_ros_line_follower:/opt/ros/humble PATH=/home/ram/melfa_ros2/install/xacro/bin:${PATH} PYTHONPATH=/home/ram/melfa_ros2/install/xacro/local/lib/python3.10/dist-packages:${PYTHONPATH} /usr/bin/cmake --build /home/ram/melfa_ros2/build/melfa_description -- -j16 -l16
[1.269s] Invoked command in '/home/ram/melfa_ros2/build/melfa_description' returned '0': AMENT_PREFIX_PATH=/home/ram/melfa_ros2/install/xacro:${AMENT_PREFIX_PATH} CMAKE_PREFIX_PATH=/home/ram/melfa_ros2/install/xacro:/home/ram/cognipilot/cranium/install/synapse_ros:/home/ram/cognipilot/cranium/install/synapse_gz:/home/ram/cognipilot/cranium/install/synapse_tinyframe:/home/ram/cognipilot/cranium/install/synapse_protobuf:/home/ram/cognipilot/cranium/install/corti:/home/ram/cognipilot/cranium/install/synapse_msgs:/home/ram/cognipilot/cranium/install/dream_world:/home/ram/cognipilot/cranium/install/cerebri_bringup:/home/ram/cognipilot/cranium/install/b3rb_simulator:/home/ram/cognipilot/cranium/install/b3rb_desktop:/home/ram/cognipilot/cranium/install/b3rb_rviz:/home/ram/cognipilot/cranium/install/b3rb_nav2:/home/ram/cognipilot/cranium/install/b3rb_gz_resource:/home/ram/cognipilot/cranium/install/b3rb_gz_bringup:/home/ram/cognipilot/cranium/install/b3rb_description:/home/ram/cognipilot/electrode/install/electrode:/home/ram/cognipilot/cranium/install/b3rb_ros_line_follower:/opt/ros/humble PATH=/home/ram/melfa_ros2/install/xacro/bin:${PATH} PYTHONPATH=/home/ram/melfa_ros2/install/xacro/local/lib/python3.10/dist-packages:${PYTHONPATH} /usr/bin/cmake --build /home/ram/melfa_ros2/build/melfa_description -- -j16 -l16
[1.270s] Invoking command in '/home/ram/melfa_ros2/build/melfa_description': AMENT_PREFIX_PATH=/home/ram/melfa_ros2/install/xacro:${AMENT_PREFIX_PATH} CMAKE_PREFIX_PATH=/home/ram/melfa_ros2/install/xacro:/home/ram/cognipilot/cranium/install/synapse_ros:/home/ram/cognipilot/cranium/install/synapse_gz:/home/ram/cognipilot/cranium/install/synapse_tinyframe:/home/ram/cognipilot/cranium/install/synapse_protobuf:/home/ram/cognipilot/cranium/install/corti:/home/ram/cognipilot/cranium/install/synapse_msgs:/home/ram/cognipilot/cranium/install/dream_world:/home/ram/cognipilot/cranium/install/cerebri_bringup:/home/ram/cognipilot/cranium/install/b3rb_simulator:/home/ram/cognipilot/cranium/install/b3rb_desktop:/home/ram/cognipilot/cranium/install/b3rb_rviz:/home/ram/cognipilot/cranium/install/b3rb_nav2:/home/ram/cognipilot/cranium/install/b3rb_gz_resource:/home/ram/cognipilot/cranium/install/b3rb_gz_bringup:/home/ram/cognipilot/cranium/install/b3rb_description:/home/ram/cognipilot/electrode/install/electrode:/home/ram/cognipilot/cranium/install/b3rb_ros_line_follower:/opt/ros/humble PATH=/home/ram/melfa_ros2/install/xacro/bin:${PATH} PYTHONPATH=/home/ram/melfa_ros2/install/xacro/local/lib/python3.10/dist-packages:${PYTHONPATH} /usr/bin/cmake --install /home/ram/melfa_ros2/build/melfa_description
[1.279s] -- Install configuration: ""
[1.279s] -- Installing: /home/ram/melfa_ros2/install/melfa_description/share/melfa_description/urdf
[1.279s] -- Installing: /home/ram/melfa_ros2/install/melfa_description/share/melfa_description/urdf/rv4frl
[1.279s] -- Installing: /home/ram/melfa_ros2/install/melfa_description/share/melfa_description/urdf/rv4frl/rv4frl_macro.xacro
[1.279s] -- Installing: /home/ram/melfa_ros2/install/melfa_description/share/melfa_description/urdf/rv4frl/rv4frl.urdf
[1.279s] -- Installing: /home/ram/melfa_ros2/install/melfa_description/share/melfa_description/urdf/rv4frl/rv4frl.urdf.xacro
[1.279s] -- Installing: /home/ram/melfa_ros2/install/melfa_description/share/melfa_description/urdf/rv13frl
[1.279s] -- Installing: /home/ram/melfa_ros2/install/melfa_description/share/melfa_description/urdf/rv13frl/rv13frl.urdf.xacro
[1.279s] -- Installing: /home/ram/melfa_ros2/install/melfa_description/share/melfa_description/urdf/rv13frl/rv13frl.urdf
[1.279s] -- Installing: /home/ram/melfa_ros2/install/melfa_description/share/melfa_description/urdf/rv13frl/rv13frl_macro.xacro
[1.280s] -- Installing: /home/ram/melfa_ros2/install/melfa_description/share/melfa_description/urdf/rv5as
[1.280s] -- Installing: /home/ram/melfa_ros2/install/melfa_description/share/melfa_description/urdf/rv5as/rv5as_macro.xacro
[1.280s] -- Installing: /home/ram/melfa_ros2/install/melfa_description/share/melfa_description/urdf/rv5as/rv5as.urdf
[1.280s] -- Installing: /home/ram/melfa_ros2/install/melfa_description/share/melfa_description/urdf/rv5as/rv5as.urdf.xacro
[1.280s] -- Installing: /home/ram/melfa_ros2/install/melfa_description/share/melfa_description/urdf/rv80fr
[1.280s] -- Installing: /home/ram/melfa_ros2/install/melfa_description/share/melfa_description/urdf/rv80fr/rv80fr_macro.xacro
[1.280s] -- Installing: /home/ram/melfa_ros2/install/melfa_description/share/melfa_description/urdf/rv80fr/rv80fr.urdf.xacro
[1.280s] -- Installing: /home/ram/melfa_ros2/install/melfa_description/share/melfa_description/urdf/rv80fr/rv80fr.urdf
[1.281s] -- Installing: /home/ram/melfa_ros2/install/melfa_description/share/melfa_description/urdf/rh6frh5520
[1.281s] -- Installing: /home/ram/melfa_ros2/install/melfa_description/share/melfa_description/urdf/rh6frh5520/rh6frh5520_macro.xacro
[1.281s] -- Installing: /home/ram/melfa_ros2/install/melfa_description/share/melfa_description/urdf/rh6frh5520/rh6frh5520.urdf.xacro
[1.281s] -- Installing: /home/ram/melfa_ros2/install/melfa_description/share/melfa_description/urdf/rh6frh5520/rh6frh5520.urdf
[1.281s] -- Installing: /home/ram/melfa_ros2/install/melfa_description/share/melfa_description/urdf/rh6crh6020
[1.281s] -- Installing: /home/ram/melfa_ros2/install/melfa_description/share/melfa_description/urdf/rh6crh6020/rh6crh6020.urdf
[1.281s] -- Installing: /home/ram/melfa_ros2/install/melfa_description/share/melfa_description/urdf/rh6crh6020/rh6crh6020_macro.xacro
[1.281s] -- Installing: /home/ram/melfa_ros2/install/melfa_description/share/melfa_description/urdf/rh6crh6020/rh6crh6020.urdf.xacro
[1.281s] -- Installing: /home/ram/melfa_ros2/install/melfa_description/share/melfa_description/urdf/rv2fr
[1.281s] -- Installing: /home/ram/melfa_ros2/install/melfa_description/share/melfa_description/urdf/rv2fr/rv2fr.urdf.xacro
[1.281s] -- Installing: /home/ram/melfa_ros2/install/melfa_description/share/melfa_description/urdf/rv2fr/rv2fr.urdf
[1.282s] -- Installing: /home/ram/melfa_ros2/install/melfa_description/share/melfa_description/urdf/rv2fr/rv2fr_macro.xacro
[1.282s] -- Installing: /home/ram/melfa_ros2/install/melfa_description/share/melfa_description/urdf/rv4fr
[1.282s] -- Installing: /home/ram/melfa_ros2/install/melfa_description/share/melfa_description/urdf/rv4fr/rv4fr_macro.xacro
[1.282s] -- Installing: /home/ram/melfa_ros2/install/melfa_description/share/melfa_description/urdf/rv4fr/rv4fr.urdf
[1.282s] -- Installing: /home/ram/melfa_ros2/install/melfa_description/share/melfa_description/urdf/rv4fr/rv4fr.urdf.xacro
[1.282s] -- Installing: /home/ram/melfa_ros2/install/melfa_description/share/melfa_description/urdf/rv7frl
[1.282s] -- Installing: /home/ram/melfa_ros2/install/melfa_description/share/melfa_description/urdf/rv7frl/rv7frl_macro.xacro
[1.282s] -- Installing: /home/ram/melfa_ros2/install/melfa_description/share/melfa_description/urdf/rv7frl/rv7frl.urdf
[1.282s] -- Installing: /home/ram/melfa_ros2/install/melfa_description/share/melfa_description/urdf/rv7frl/rv7frl.urdf.xacro
[1.282s] -- Installing: /home/ram/melfa_ros2/install/melfa_description/share/melfa_description/urdf/rv8crl
[1.282s] -- Installing: /home/ram/melfa_ros2/install/melfa_description/share/melfa_description/urdf/rv8crl/rv8crl_macro.xacro
[1.283s] -- Installing: /home/ram/melfa_ros2/install/melfa_description/share/melfa_description/urdf/rv8crl/rv8crl.urdf.xacro
[1.283s] -- Installing: /home/ram/melfa_ros2/install/melfa_description/share/melfa_description/urdf/rv8crl/rv8crl.urdf
[1.283s] -- Installing: /home/ram/melfa_ros2/install/melfa_description/share/melfa_description/launch
[1.283s] -- Installing: /home/ram/melfa_ros2/install/melfa_description/share/melfa_description/launch/view_rv13frl.launch.py
[1.283s] -- Installing: /home/ram/melfa_ros2/install/melfa_description/share/melfa_description/launch/view_rh6crh6020.launch.py
[1.283s] -- Installing: /home/ram/melfa_ros2/install/melfa_description/share/melfa_description/launch/view_rv8crl.launch.py
[1.283s] -- Installing: /home/ram/melfa_ros2/install/melfa_description/share/melfa_description/launch/view_rv5as.launch.py
[1.283s] -- Installing: /home/ram/melfa_ros2/install/melfa_description/share/melfa_description/launch/view_rv80fr.launch.py
[1.283s] -- Installing: /home/ram/melfa_ros2/install/melfa_description/share/melfa_description/launch/view_rv2fr.launch.py
[1.283s] -- Installing: /home/ram/melfa_ros2/install/melfa_description/share/melfa_description/launch/view_rh6frh5520.launch.py
[1.284s] -- Installing: /home/ram/melfa_ros2/install/melfa_description/share/melfa_description/launch/view_rv7frl.launch.py
[1.284s] -- Installing: /home/ram/melfa_ros2/install/melfa_description/share/melfa_description/launch/view_rv4frl.launch.py
[1.284s] -- Installing: /home/ram/melfa_ros2/install/melfa_description/share/melfa_description/launch/view_rv4fr.launch.py
[1.284s] -- Installing: /home/ram/melfa_ros2/install/melfa_description/share/melfa_description/config
[1.284s] -- Installing: /home/ram/melfa_ros2/install/melfa_description/share/melfa_description/config/rv7frl_controllers.yaml
[1.284s] -- Installing: /home/ram/melfa_ros2/install/melfa_description/share/melfa_description/config/rv13frl_controllers.yaml
[1.284s] -- Installing: /home/ram/melfa_ros2/install/melfa_description/share/melfa_description/config/rv4fr_controllers.yaml
[1.284s] -- Installing: /home/ram/melfa_ros2/install/melfa_description/share/melfa_description/config/rv80fr_controllers.yaml
[1.284s] -- Installing: /home/ram/melfa_ros2/install/melfa_description/share/melfa_description/config/rh6crh6020_controllers.yaml
[1.284s] -- Installing: /home/ram/melfa_ros2/install/melfa_description/share/melfa_description/config/rh6frh5520_controllers.yaml
[1.285s] -- Installing: /home/ram/melfa_ros2/install/melfa_description/share/melfa_description/config/custom_io_params.yaml
[1.285s] -- Installing: /home/ram/melfa_ros2/install/melfa_description/share/melfa_description/config/rv8crl_controllers.yaml
[1.285s] -- Installing: /home/ram/melfa_ros2/install/melfa_description/share/melfa_description/config/rv5as_controllers.yaml
[1.285s] -- Installing: /home/ram/melfa_ros2/install/melfa_description/share/melfa_description/config/initial_positions_rv.yaml
[1.285s] -- Installing: /home/ram/melfa_ros2/install/melfa_description/share/melfa_description/config/initial_positions_rh6crh.yaml
[1.285s] -- Installing: /home/ram/melfa_ros2/install/melfa_description/share/melfa_description/config/initial_positions_rh6frh.yaml
[1.285s] -- Installing: /home/ram/melfa_ros2/install/melfa_description/share/melfa_description/config/rv2fr_controllers.yaml
[1.285s] -- Installing: /home/ram/melfa_ros2/install/melfa_description/share/melfa_description/config/rv4frl_controllers.yaml
[1.285s] -- Installing: /home/ram/melfa_ros2/install/melfa_description/share/melfa_description/ros2_control
[1.285s] -- Installing: /home/ram/melfa_ros2/install/melfa_description/share/melfa_description/ros2_control/rv4fr.hardware.xacro
[1.285s] -- Installing: /home/ram/melfa_ros2/install/melfa_description/share/melfa_description/ros2_control/rv2fr.hardware.xacro
[1.286s] -- Installing: /home/ram/melfa_ros2/install/melfa_description/share/melfa_description/ros2_control/rh6frh5520.hardware.xacro
[1.286s] -- Installing: /home/ram/melfa_ros2/install/melfa_description/share/melfa_description/ros2_control/rv4frl.hardware.xacro
[1.286s] -- Installing: /home/ram/melfa_ros2/install/melfa_description/share/melfa_description/ros2_control/rv5as.hardware.xacro
[1.286s] -- Installing: /home/ram/melfa_ros2/install/melfa_description/share/melfa_description/ros2_control/rv80fr.hardware.xacro
[1.286s] -- Installing: /home/ram/melfa_ros2/install/melfa_description/share/melfa_description/ros2_control/rv13frl.hardware.xacro
[1.286s] -- Installing: /home/ram/melfa_ros2/install/melfa_description/share/melfa_description/ros2_control/rv7frl.hardware.xacro
[1.286s] -- Installing: /home/ram/melfa_ros2/install/melfa_description/share/melfa_description/ros2_control/rv8crl.hardware.xacro
[1.286s] -- Installing: /home/ram/melfa_ros2/install/melfa_description/share/melfa_description/ros2_control/rh6crh6020.hardware.xacro
[1.286s] -- Installing: /home/ram/melfa_ros2/install/melfa_description/share/melfa_description/rviz
[1.286s] -- Installing: /home/ram/melfa_ros2/install/melfa_description/share/melfa_description/rviz/rv80fr.rviz
[1.287s] -- Installing: /home/ram/melfa_ros2/install/melfa_description/share/melfa_description/rviz/rv13frl.rviz
[1.287s] -- Installing: /home/ram/melfa_ros2/install/melfa_description/share/melfa_description/rviz/rv2fr.rviz
[1.287s] -- Installing: /home/ram/melfa_ros2/install/melfa_description/share/melfa_description/rviz/rv4fr.rviz
[1.287s] -- Installing: /home/ram/melfa_ros2/install/melfa_description/share/melfa_description/rviz/rv5as.rviz
[1.287s] -- Installing: /home/ram/melfa_ros2/install/melfa_description/share/melfa_description/rviz/rv7frl.rviz
[1.287s] -- Installing: /home/ram/melfa_ros2/install/melfa_description/share/melfa_description/rviz/rv4frl.rviz
[1.287s] -- Installing: /home/ram/melfa_ros2/install/melfa_description/share/melfa_description/rviz/rh6frh5520.rviz
[1.287s] -- Installing: /home/ram/melfa_ros2/install/melfa_description/share/melfa_description/rviz/rv8crl.rviz
[1.287s] -- Installing: /home/ram/melfa_ros2/install/melfa_description/share/melfa_description/rviz/rh6crh6020.rviz
[1.288s] -- Installing: /home/ram/melfa_ros2/install/melfa_description/share/melfa_description/meshes
[1.288s] -- Installing: /home/ram/melfa_ros2/install/melfa_description/share/melfa_description/meshes/rv4frl
[1.288s] -- Installing: /home/ram/melfa_ros2/install/melfa_description/share/melfa_description/meshes/rv4frl/hand_flange.STL
[1.288s] -- Installing: /home/ram/melfa_ros2/install/melfa_description/share/melfa_description/meshes/rv4frl/upper_arm.STL
[1.290s] -- Installing: /home/ram/melfa_ros2/install/melfa_description/share/melfa_description/meshes/rv4frl/forearm.STL
[1.291s] -- Installing: /home/ram/melfa_ros2/install/melfa_description/share/melfa_description/meshes/rv4frl/wrist.STL
[1.291s] -- Installing: /home/ram/melfa_ros2/install/melfa_description/share/melfa_description/meshes/rv4frl/elbow.STL
[1.292s] -- Installing: /home/ram/melfa_ros2/install/melfa_description/share/melfa_description/meshes/rv4frl/shoulder.STL
[1.293s] -- Installing: /home/ram/melfa_ros2/install/melfa_description/share/melfa_description/meshes/rv4frl/base.STL
[1.299s] -- Installing: /home/ram/melfa_ros2/install/melfa_description/share/melfa_description/meshes/rv13frl
[1.300s] -- Installing: /home/ram/melfa_ros2/install/melfa_description/share/melfa_description/meshes/rv13frl/hand_flange.STL
[1.300s] -- Installing: /home/ram/melfa_ros2/install/melfa_description/share/melfa_description/meshes/rv13frl/upper_arm.STL
[1.300s] -- Installing: /home/ram/melfa_ros2/install/melfa_description/share/melfa_description/meshes/rv13frl/forearm.STL
[1.301s] -- Installing: /home/ram/melfa_ros2/install/melfa_description/share/melfa_description/meshes/rv13frl/wrist.STL
[1.301s] -- Installing: /home/ram/melfa_ros2/install/melfa_description/share/melfa_description/meshes/rv13frl/elbow.STL
[1.302s] -- Installing: /home/ram/melfa_ros2/install/melfa_description/share/melfa_description/meshes/rv13frl/shoulder.STL
[1.302s] -- Installing: /home/ram/melfa_ros2/install/melfa_description/share/melfa_description/meshes/rv13frl/base.STL
[1.305s] -- Installing: /home/ram/melfa_ros2/install/melfa_description/share/melfa_description/meshes/rv5as
[1.305s] -- Installing: /home/ram/melfa_ros2/install/melfa_description/share/melfa_description/meshes/rv5as/hand_flange.STL
[1.305s] -- Installing: /home/ram/melfa_ros2/install/melfa_description/share/melfa_description/meshes/rv5as/upper_arm.STL
[1.305s] -- Installing: /home/ram/melfa_ros2/install/melfa_description/share/melfa_description/meshes/rv5as/forearm.STL
[1.311s] -- Installing: /home/ram/melfa_ros2/install/melfa_description/share/melfa_description/meshes/rv5as/wrist.STL
[1.312s] -- Installing: /home/ram/melfa_ros2/install/melfa_description/share/melfa_description/meshes/rv5as/elbow.STL
[1.313s] -- Installing: /home/ram/melfa_ros2/install/melfa_description/share/melfa_description/meshes/rv5as/shoulder.STL
[1.314s] -- Installing: /home/ram/melfa_ros2/install/melfa_description/share/melfa_description/meshes/rv5as/base.STL
[1.317s] -- Installing: /home/ram/melfa_ros2/install/melfa_description/share/melfa_description/meshes/rh6frh5520
[1.317s] -- Installing: /home/ram/melfa_ros2/install/melfa_description/share/melfa_description/meshes/rh6frh5520/no2arm.STL
[1.317s] -- Installing: /home/ram/melfa_ros2/install/melfa_description/share/melfa_description/meshes/rh6frh5520/shaft.STL
[1.317s] -- Installing: /home/ram/melfa_ros2/install/melfa_description/share/melfa_description/meshes/rh6frh5520/no1arm.STL
[1.317s] -- Installing: /home/ram/melfa_ros2/install/melfa_description/share/melfa_description/meshes/rh6frh5520/base.STL
[1.322s] -- Installing: /home/ram/melfa_ros2/install/melfa_description/share/melfa_description/meshes/rh6crh6020
[1.322s] -- Installing: /home/ram/melfa_ros2/install/melfa_description/share/melfa_description/meshes/rh6crh6020/no2arm.STL
[1.323s] -- Installing: /home/ram/melfa_ros2/install/melfa_description/share/melfa_description/meshes/rh6crh6020/shaft.STL
[1.323s] -- Installing: /home/ram/melfa_ros2/install/melfa_description/share/melfa_description/meshes/rh6crh6020/no1arm.STL
[1.323s] -- Installing: /home/ram/melfa_ros2/install/melfa_description/share/melfa_description/meshes/rh6crh6020/base.STL
[1.324s] -- Installing: /home/ram/melfa_ros2/install/melfa_description/share/melfa_description/meshes/rv2fr
[1.324s] -- Installing: /home/ram/melfa_ros2/install/melfa_description/share/melfa_description/meshes/rv2fr/hand_flange.STL
[1.324s] -- Installing: /home/ram/melfa_ros2/install/melfa_description/share/melfa_description/meshes/rv2fr/upper_arm.STL
[1.324s] -- Installing: /home/ram/melfa_ros2/install/melfa_description/share/melfa_description/meshes/rv2fr/forearm.STL
[1.324s] -- Installing: /home/ram/melfa_ros2/install/melfa_description/share/melfa_description/meshes/rv2fr/wrist.STL
[1.325s] -- Installing: /home/ram/melfa_ros2/install/melfa_description/share/melfa_description/meshes/rv2fr/elbow.STL
[1.326s] -- Installing: /home/ram/melfa_ros2/install/melfa_description/share/melfa_description/meshes/rv2fr/shoulder.STL
[1.327s] -- Installing: /home/ram/melfa_ros2/install/melfa_description/share/melfa_description/meshes/rv2fr/base.STL
[1.329s] -- Installing: /home/ram/melfa_ros2/install/melfa_description/share/melfa_description/meshes/rv4fr
[1.329s] -- Installing: /home/ram/melfa_ros2/install/melfa_description/share/melfa_description/meshes/rv4fr/hand_flange.STL
[1.329s] -- Installing: /home/ram/melfa_ros2/install/melfa_description/share/melfa_description/meshes/rv4fr/upper_arm.STL
[1.329s] -- Installing: /home/ram/melfa_ros2/install/melfa_description/share/melfa_description/meshes/rv4fr/forearm.STL
[1.330s] -- Installing: /home/ram/melfa_ros2/install/melfa_description/share/melfa_description/meshes/rv4fr/wrist.STL
[1.330s] -- Installing: /home/ram/melfa_ros2/install/melfa_description/share/melfa_description/meshes/rv4fr/elbow.STL
[1.330s] -- Installing: /home/ram/melfa_ros2/install/melfa_description/share/melfa_description/meshes/rv4fr/shoulder.STL
[1.331s] -- Installing: /home/ram/melfa_ros2/install/melfa_description/share/melfa_description/meshes/rv4fr/base.STL
[1.334s] -- Installing: /home/ram/melfa_ros2/install/melfa_description/share/melfa_description/meshes/rv7frl
[1.334s] -- Installing: /home/ram/melfa_ros2/install/melfa_description/share/melfa_description/meshes/rv7frl/hand_flange.STL
[1.334s] -- Installing: /home/ram/melfa_ros2/install/melfa_description/share/melfa_description/meshes/rv7frl/upper_arm.STL
[1.335s] -- Installing: /home/ram/melfa_ros2/install/melfa_description/share/melfa_description/meshes/rv7frl/forearm.STL
[1.335s] -- Installing: /home/ram/melfa_ros2/install/melfa_description/share/melfa_description/meshes/rv7frl/wrist.STL
[1.335s] -- Installing: /home/ram/melfa_ros2/install/melfa_description/share/melfa_description/meshes/rv7frl/elbow.STL
[1.336s] -- Installing: /home/ram/melfa_ros2/install/melfa_description/share/melfa_description/meshes/rv7frl/shoulder.STL
[1.336s] -- Installing: /home/ram/melfa_ros2/install/melfa_description/share/melfa_description/meshes/rv7frl/base.STL
[1.340s] -- Installing: /home/ram/melfa_ros2/install/melfa_description/share/melfa_description/meshes/rv355080fr
[1.340s] -- Installing: /home/ram/melfa_ros2/install/melfa_description/share/melfa_description/meshes/rv355080fr/hand_flange.STL
[1.340s] -- Installing: /home/ram/melfa_ros2/install/melfa_description/share/melfa_description/meshes/rv355080fr/upper_arm.STL
[1.342s] -- Installing: /home/ram/melfa_ros2/install/melfa_description/share/melfa_description/meshes/rv355080fr/forearm.STL
[1.347s] -- Installing: /home/ram/melfa_ros2/install/melfa_description/share/melfa_description/meshes/rv355080fr/wrist.STL
[1.348s] -- Installing: /home/ram/melfa_ros2/install/melfa_description/share/melfa_description/meshes/rv355080fr/elbow.STL
[1.353s] -- Installing: /home/ram/melfa_ros2/install/melfa_description/share/melfa_description/meshes/rv355080fr/shoulder.STL
[1.358s] -- Installing: /home/ram/melfa_ros2/install/melfa_description/share/melfa_description/meshes/rv355080fr/base.STL
[1.363s] -- Installing: /home/ram/melfa_ros2/install/melfa_description/share/melfa_description/meshes/rv8crl
[1.363s] -- Installing: /home/ram/melfa_ros2/install/melfa_description/share/melfa_description/meshes/rv8crl/hand_flange.STL
[1.363s] -- Installing: /home/ram/melfa_ros2/install/melfa_description/share/melfa_description/meshes/rv8crl/upper_arm.STL
[1.365s] -- Installing: /home/ram/melfa_ros2/install/melfa_description/share/melfa_description/meshes/rv8crl/forearm.STL
[1.369s] -- Installing: /home/ram/melfa_ros2/install/melfa_description/share/melfa_description/meshes/rv8crl/wrist.STL
[1.370s] -- Installing: /home/ram/melfa_ros2/install/melfa_description/share/melfa_description/meshes/rv8crl/elbow.STL
[1.372s] -- Installing: /home/ram/melfa_ros2/install/melfa_description/share/melfa_description/meshes/rv8crl/shoulder.STL
[1.373s] -- Installing: /home/ram/melfa_ros2/install/melfa_description/share/melfa_description/meshes/rv8crl/base.STL
[1.375s] -- Installing: /home/ram/melfa_ros2/install/melfa_description/share/melfa_description/environment/melfa_description.dsv
[1.375s] -- Installing: /home/ram/melfa_ros2/install/melfa_description/share/ament_index/resource_index/package_run_dependencies/melfa_description
[1.375s] -- Installing: /home/ram/melfa_ros2/install/melfa_description/share/ament_index/resource_index/parent_prefix_path/melfa_description
[1.375s] -- Installing: /home/ram/melfa_ros2/install/melfa_description/share/melfa_description/environment/ament_prefix_path.sh
[1.375s] -- Installing: /home/ram/melfa_ros2/install/melfa_description/share/melfa_description/environment/ament_prefix_path.dsv
[1.375s] -- Installing: /home/ram/melfa_ros2/install/melfa_description/share/melfa_description/environment/path.sh
[1.375s] -- Installing: /home/ram/melfa_ros2/install/melfa_description/share/melfa_description/environment/path.dsv
[1.375s] -- Installing: /home/ram/melfa_ros2/install/melfa_description/share/melfa_description/local_setup.bash
[1.375s] -- Installing: /home/ram/melfa_ros2/install/melfa_description/share/melfa_description/local_setup.sh
[1.376s] -- Installing: /home/ram/melfa_ros2/install/melfa_description/share/melfa_description/local_setup.zsh
[1.376s] -- Installing: /home/ram/melfa_ros2/install/melfa_description/share/melfa_description/local_setup.dsv
[1.376s] -- Installing: /home/ram/melfa_ros2/install/melfa_description/share/melfa_description/package.dsv
[1.376s] -- Installing: /home/ram/melfa_ros2/install/melfa_description/share/ament_index/resource_index/packages/melfa_description
[1.376s] -- Installing: /home/ram/melfa_ros2/install/melfa_description/share/melfa_description/cmake/melfa_descriptionConfig.cmake
[1.376s] -- Installing: /home/ram/melfa_ros2/install/melfa_description/share/melfa_description/cmake/melfa_descriptionConfig-version.cmake
[1.376s] -- Installing: /home/ram/melfa_ros2/install/melfa_description/share/melfa_description/package.xml
[1.377s] Invoked command in '/home/ram/melfa_ros2/build/melfa_description' returned '0': AMENT_PREFIX_PATH=/home/ram/melfa_ros2/install/xacro:${AMENT_PREFIX_PATH} CMAKE_PREFIX_PATH=/home/ram/melfa_ros2/install/xacro:/home/ram/cognipilot/cranium/install/synapse_ros:/home/ram/cognipilot/cranium/install/synapse_gz:/home/ram/cognipilot/cranium/install/synapse_tinyframe:/home/ram/cognipilot/cranium/install/synapse_protobuf:/home/ram/cognipilot/cranium/install/corti:/home/ram/cognipilot/cranium/install/synapse_msgs:/home/ram/cognipilot/cranium/install/dream_world:/home/ram/cognipilot/cranium/install/cerebri_bringup:/home/ram/cognipilot/cranium/install/b3rb_simulator:/home/ram/cognipilot/cranium/install/b3rb_desktop:/home/ram/cognipilot/cranium/install/b3rb_rviz:/home/ram/cognipilot/cranium/install/b3rb_nav2:/home/ram/cognipilot/cranium/install/b3rb_gz_resource:/home/ram/cognipilot/cranium/install/b3rb_gz_bringup:/home/ram/cognipilot/cranium/install/b3rb_description:/home/ram/cognipilot/electrode/install/electrode:/home/ram/cognipilot/cranium/install/b3rb_ros_line_follower:/opt/ros/humble PATH=/home/ram/melfa_ros2/install/xacro/bin:${PATH} PYTHONPATH=/home/ram/melfa_ros2/install/xacro/local/lib/python3.10/dist-packages:${PYTHONPATH} /usr/bin/cmake --install /home/ram/melfa_ros2/build/melfa_description
