[0.014s] Invoking command in '/home/ram/melfa_ros2/build/melfa_io_controllers': AMENT_PREFIX_PATH=/home/ram/melfa_ros2/install/melfa_msgs:${AMENT_PREFIX_PATH} CMAKE_PREFIX_PATH=/home/ram/melfa_ros2/install/melfa_msgs:/home/ram/cognipilot/cranium/install/synapse_ros:/home/ram/cognipilot/cranium/install/synapse_gz:/home/ram/cognipilot/cranium/install/synapse_tinyframe:/home/ram/cognipilot/cranium/install/synapse_protobuf:/home/ram/cognipilot/cranium/install/corti:/home/ram/cognipilot/cranium/install/synapse_msgs:/home/ram/cognipilot/cranium/install/dream_world:/home/ram/cognipilot/cranium/install/cerebri_bringup:/home/ram/cognipilot/cranium/install/b3rb_simulator:/home/ram/cognipilot/cranium/install/b3rb_desktop:/home/ram/cognipilot/cranium/install/b3rb_rviz:/home/ram/cognipilot/cranium/install/b3rb_nav2:/home/ram/cognipilot/cranium/install/b3rb_gz_resource:/home/ram/cognipilot/cranium/install/b3rb_gz_bringup:/home/ram/cognipilot/cranium/install/b3rb_description:/home/ram/cognipilot/electrode/install/electrode:/home/ram/cognipilot/cranium/install/b3rb_ros_line_follower:/opt/ros/humble LD_LIBRARY_PATH=/home/ram/melfa_ros2/install/melfa_msgs/lib:${LD_LIBRARY_PATH} PYTHONPATH=/home/ram/melfa_ros2/install/melfa_msgs/local/lib/python3.10/dist-packages:${PYTHONPATH} /usr/bin/cmake /home/ram/melfa_ros2/src/melfa_ros2_driver/melfa_io_controllers -DCMAKE_BUILD_TYPE=Release -DCMAKE_INSTALL_PREFIX=/home/ram/melfa_ros2/install/melfa_io_controllers
[0.027s] -- Found ament_cmake: 1.3.14 (/opt/ros/humble/share/ament_cmake/cmake)
[0.135s] -- Found controller_interface: 2.54.0 (/opt/ros/humble/share/controller_interface/cmake)
[0.162s] -- Found rosidl_generator_c: 3.1.9 (/opt/ros/humble/share/rosidl_generator_c/cmake)
[0.163s] -- Found rosidl_adapter: 3.1.9 (/opt/ros/humble/share/rosidl_adapter/cmake)
[0.168s] -- Found rosidl_generator_cpp: 3.1.9 (/opt/ros/humble/share/rosidl_generator_cpp/cmake)
[0.175s] -- Using all available rosidl_typesupport_c: rosidl_typesupport_fastrtps_c;rosidl_typesupport_introspection_c
[0.184s] -- Using all available rosidl_typesupport_cpp: rosidl_typesupport_fastrtps_cpp;rosidl_typesupport_introspection_cpp
[0.308s] -- Found rmw_implementation_cmake: 6.1.2 (/opt/ros/humble/share/rmw_implementation_cmake/cmake)
[0.310s] -- Found rmw_cyclonedds_cpp: 1.3.4 (/opt/ros/humble/share/rmw_cyclonedds_cpp/cmake)
[0.323s] -- Using RMW implementation 'rmw_cyclonedds_cpp' as default
[0.359s] -- Found melfa_msgs: 1.0.0 (/home/ram/melfa_ros2/install/melfa_msgs/share/melfa_msgs/cmake)
[0.372s] -- Found ament_lint_auto: 0.12.15 (/opt/ros/humble/share/ament_lint_auto/cmake)
[0.455s] -- Added test 'cppcheck' to perform static code analysis on C / C++ code
[0.455s] -- Configured cppcheck include dirs: /home/ram/melfa_ros2/src/melfa_ros2_driver/melfa_io_controllers/include
[0.455s] -- Configured cppcheck exclude dirs and/or files: 
[0.455s] -- Added test 'lint_cmake' to check CMake code style
[0.456s] -- Added test 'uncrustify' to check C / C++ code style
[0.456s] -- Configured uncrustify additional arguments: 
[0.456s] -- Added test 'xmllint' to check XML markup files
[0.458s] -- Configuring done
[0.471s] -- Generating done
[0.474s] -- Build files have been written to: /home/ram/melfa_ros2/build/melfa_io_controllers
[0.483s] Invoked command in '/home/ram/melfa_ros2/build/melfa_io_controllers' returned '0': AMENT_PREFIX_PATH=/home/ram/melfa_ros2/install/melfa_msgs:${AMENT_PREFIX_PATH} CMAKE_PREFIX_PATH=/home/ram/melfa_ros2/install/melfa_msgs:/home/ram/cognipilot/cranium/install/synapse_ros:/home/ram/cognipilot/cranium/install/synapse_gz:/home/ram/cognipilot/cranium/install/synapse_tinyframe:/home/ram/cognipilot/cranium/install/synapse_protobuf:/home/ram/cognipilot/cranium/install/corti:/home/ram/cognipilot/cranium/install/synapse_msgs:/home/ram/cognipilot/cranium/install/dream_world:/home/ram/cognipilot/cranium/install/cerebri_bringup:/home/ram/cognipilot/cranium/install/b3rb_simulator:/home/ram/cognipilot/cranium/install/b3rb_desktop:/home/ram/cognipilot/cranium/install/b3rb_rviz:/home/ram/cognipilot/cranium/install/b3rb_nav2:/home/ram/cognipilot/cranium/install/b3rb_gz_resource:/home/ram/cognipilot/cranium/install/b3rb_gz_bringup:/home/ram/cognipilot/cranium/install/b3rb_description:/home/ram/cognipilot/electrode/install/electrode:/home/ram/cognipilot/cranium/install/b3rb_ros_line_follower:/opt/ros/humble LD_LIBRARY_PATH=/home/ram/melfa_ros2/install/melfa_msgs/lib:${LD_LIBRARY_PATH} PYTHONPATH=/home/ram/melfa_ros2/install/melfa_msgs/local/lib/python3.10/dist-packages:${PYTHONPATH} /usr/bin/cmake /home/ram/melfa_ros2/src/melfa_ros2_driver/melfa_io_controllers -DCMAKE_BUILD_TYPE=Release -DCMAKE_INSTALL_PREFIX=/home/ram/melfa_ros2/install/melfa_io_controllers
[0.483s] Invoking command in '/home/ram/melfa_ros2/build/melfa_io_controllers': AMENT_PREFIX_PATH=/home/ram/melfa_ros2/install/melfa_msgs:${AMENT_PREFIX_PATH} CMAKE_PREFIX_PATH=/home/ram/melfa_ros2/install/melfa_msgs:/home/ram/cognipilot/cranium/install/synapse_ros:/home/ram/cognipilot/cranium/install/synapse_gz:/home/ram/cognipilot/cranium/install/synapse_tinyframe:/home/ram/cognipilot/cranium/install/synapse_protobuf:/home/ram/cognipilot/cranium/install/corti:/home/ram/cognipilot/cranium/install/synapse_msgs:/home/ram/cognipilot/cranium/install/dream_world:/home/ram/cognipilot/cranium/install/cerebri_bringup:/home/ram/cognipilot/cranium/install/b3rb_simulator:/home/ram/cognipilot/cranium/install/b3rb_desktop:/home/ram/cognipilot/cranium/install/b3rb_rviz:/home/ram/cognipilot/cranium/install/b3rb_nav2:/home/ram/cognipilot/cranium/install/b3rb_gz_resource:/home/ram/cognipilot/cranium/install/b3rb_gz_bringup:/home/ram/cognipilot/cranium/install/b3rb_description:/home/ram/cognipilot/electrode/install/electrode:/home/ram/cognipilot/cranium/install/b3rb_ros_line_follower:/opt/ros/humble LD_LIBRARY_PATH=/home/ram/melfa_ros2/install/melfa_msgs/lib:${LD_LIBRARY_PATH} PYTHONPATH=/home/ram/melfa_ros2/install/melfa_msgs/local/lib/python3.10/dist-packages:${PYTHONPATH} /usr/bin/cmake --build /home/ram/melfa_ros2/build/melfa_io_controllers -- -j16 -l16
[0.526s] [35m[1mConsolidate compiler generated dependencies of target melfa_io_controllers[0m
[0.544s] [ 50%] [32mBuilding CXX object CMakeFiles/melfa_io_controllers.dir/src/melfa_io_controllers.cpp.o[0m
[11.851s] [100%] [32m[1mLinking CXX shared library libmelfa_io_controllers.so[0m
[11.997s] [100%] Built target melfa_io_controllers
[12.006s] Invoked command in '/home/ram/melfa_ros2/build/melfa_io_controllers' returned '0': AMENT_PREFIX_PATH=/home/ram/melfa_ros2/install/melfa_msgs:${AMENT_PREFIX_PATH} CMAKE_PREFIX_PATH=/home/ram/melfa_ros2/install/melfa_msgs:/home/ram/cognipilot/cranium/install/synapse_ros:/home/ram/cognipilot/cranium/install/synapse_gz:/home/ram/cognipilot/cranium/install/synapse_tinyframe:/home/ram/cognipilot/cranium/install/synapse_protobuf:/home/ram/cognipilot/cranium/install/corti:/home/ram/cognipilot/cranium/install/synapse_msgs:/home/ram/cognipilot/cranium/install/dream_world:/home/ram/cognipilot/cranium/install/cerebri_bringup:/home/ram/cognipilot/cranium/install/b3rb_simulator:/home/ram/cognipilot/cranium/install/b3rb_desktop:/home/ram/cognipilot/cranium/install/b3rb_rviz:/home/ram/cognipilot/cranium/install/b3rb_nav2:/home/ram/cognipilot/cranium/install/b3rb_gz_resource:/home/ram/cognipilot/cranium/install/b3rb_gz_bringup:/home/ram/cognipilot/cranium/install/b3rb_description:/home/ram/cognipilot/electrode/install/electrode:/home/ram/cognipilot/cranium/install/b3rb_ros_line_follower:/opt/ros/humble LD_LIBRARY_PATH=/home/ram/melfa_ros2/install/melfa_msgs/lib:${LD_LIBRARY_PATH} PYTHONPATH=/home/ram/melfa_ros2/install/melfa_msgs/local/lib/python3.10/dist-packages:${PYTHONPATH} /usr/bin/cmake --build /home/ram/melfa_ros2/build/melfa_io_controllers -- -j16 -l16
[12.008s] Invoking command in '/home/ram/melfa_ros2/build/melfa_io_controllers': AMENT_PREFIX_PATH=/home/ram/melfa_ros2/install/melfa_msgs:${AMENT_PREFIX_PATH} CMAKE_PREFIX_PATH=/home/ram/melfa_ros2/install/melfa_msgs:/home/ram/cognipilot/cranium/install/synapse_ros:/home/ram/cognipilot/cranium/install/synapse_gz:/home/ram/cognipilot/cranium/install/synapse_tinyframe:/home/ram/cognipilot/cranium/install/synapse_protobuf:/home/ram/cognipilot/cranium/install/corti:/home/ram/cognipilot/cranium/install/synapse_msgs:/home/ram/cognipilot/cranium/install/dream_world:/home/ram/cognipilot/cranium/install/cerebri_bringup:/home/ram/cognipilot/cranium/install/b3rb_simulator:/home/ram/cognipilot/cranium/install/b3rb_desktop:/home/ram/cognipilot/cranium/install/b3rb_rviz:/home/ram/cognipilot/cranium/install/b3rb_nav2:/home/ram/cognipilot/cranium/install/b3rb_gz_resource:/home/ram/cognipilot/cranium/install/b3rb_gz_bringup:/home/ram/cognipilot/cranium/install/b3rb_description:/home/ram/cognipilot/electrode/install/electrode:/home/ram/cognipilot/cranium/install/b3rb_ros_line_follower:/opt/ros/humble LD_LIBRARY_PATH=/home/ram/melfa_ros2/install/melfa_msgs/lib:${LD_LIBRARY_PATH} PYTHONPATH=/home/ram/melfa_ros2/install/melfa_msgs/local/lib/python3.10/dist-packages:${PYTHONPATH} /usr/bin/cmake --install /home/ram/melfa_ros2/build/melfa_io_controllers
[12.017s] -- Install configuration: "Release"
[12.017s] -- Up-to-date: /home/ram/melfa_ros2/install/melfa_io_controllers/share/melfa_io_controllers/melfa_io_controllers.xml
[12.019s] -- Installing: /home/ram/melfa_ros2/install/melfa_io_controllers/lib/libmelfa_io_controllers.so
[12.020s] -- Set runtime path of "/home/ram/melfa_ros2/install/melfa_io_controllers/lib/libmelfa_io_controllers.so" to ""
[12.020s] -- Up-to-date: /home/ram/melfa_ros2/install/melfa_io_controllers/include
[12.020s] -- Up-to-date: /home/ram/melfa_ros2/install/melfa_io_controllers/include/melfa_io_controllers
[12.020s] -- Up-to-date: /home/ram/melfa_ros2/install/melfa_io_controllers/include/melfa_io_controllers/melfa_io_controllers.hpp
[12.020s] -- Up-to-date: /home/ram/melfa_ros2/install/melfa_io_controllers/include/melfa_io_controllers/visibility_control.h
[12.020s] -- Up-to-date: /home/ram/melfa_ros2/install/melfa_io_controllers/share/melfa_io_controllers/config
[12.020s] -- Up-to-date: /home/ram/melfa_ros2/install/melfa_io_controllers/share/melfa_io_controllers/config/io_limits.yaml
[12.020s] -- Up-to-date: /home/ram/melfa_ros2/install/melfa_io_controllers/lib/libmelfa_io_controllers.so
[12.020s] -- Up-to-date: /home/ram/melfa_ros2/install/melfa_io_controllers/share/melfa_io_controllers/environment/library_path.sh
[12.020s] -- Installing: /home/ram/melfa_ros2/install/melfa_io_controllers/share/melfa_io_controllers/environment/library_path.dsv
[12.020s] -- Up-to-date: /home/ram/melfa_ros2/install/melfa_io_controllers/share/ament_index/resource_index/package_run_dependencies/melfa_io_controllers
[12.020s] -- Up-to-date: /home/ram/melfa_ros2/install/melfa_io_controllers/share/ament_index/resource_index/parent_prefix_path/melfa_io_controllers
[12.020s] -- Up-to-date: /home/ram/melfa_ros2/install/melfa_io_controllers/share/melfa_io_controllers/environment/ament_prefix_path.sh
[12.020s] -- Installing: /home/ram/melfa_ros2/install/melfa_io_controllers/share/melfa_io_controllers/environment/ament_prefix_path.dsv
[12.020s] -- Up-to-date: /home/ram/melfa_ros2/install/melfa_io_controllers/share/melfa_io_controllers/environment/path.sh
[12.021s] -- Installing: /home/ram/melfa_ros2/install/melfa_io_controllers/share/melfa_io_controllers/environment/path.dsv
[12.021s] -- Up-to-date: /home/ram/melfa_ros2/install/melfa_io_controllers/share/melfa_io_controllers/local_setup.bash
[12.021s] -- Up-to-date: /home/ram/melfa_ros2/install/melfa_io_controllers/share/melfa_io_controllers/local_setup.sh
[12.021s] -- Up-to-date: /home/ram/melfa_ros2/install/melfa_io_controllers/share/melfa_io_controllers/local_setup.zsh
[12.021s] -- Installing: /home/ram/melfa_ros2/install/melfa_io_controllers/share/melfa_io_controllers/local_setup.dsv
[12.021s] -- Installing: /home/ram/melfa_ros2/install/melfa_io_controllers/share/melfa_io_controllers/package.dsv
[12.021s] -- Up-to-date: /home/ram/melfa_ros2/install/melfa_io_controllers/share/ament_index/resource_index/packages/melfa_io_controllers
[12.021s] -- Up-to-date: /home/ram/melfa_ros2/install/melfa_io_controllers/share/ament_index/resource_index/controller_interface__pluginlib__plugin/melfa_io_controllers
[12.021s] -- Up-to-date: /home/ram/melfa_ros2/install/melfa_io_controllers/share/melfa_io_controllers/cmake/ament_cmake_export_include_directories-extras.cmake
[12.021s] -- Up-to-date: /home/ram/melfa_ros2/install/melfa_io_controllers/share/melfa_io_controllers/cmake/ament_cmake_export_libraries-extras.cmake
[12.021s] -- Up-to-date: /home/ram/melfa_ros2/install/melfa_io_controllers/share/melfa_io_controllers/cmake/ament_cmake_export_dependencies-extras.cmake
[12.021s] -- Up-to-date: /home/ram/melfa_ros2/install/melfa_io_controllers/share/melfa_io_controllers/cmake/melfa_io_controllersConfig.cmake
[12.021s] -- Up-to-date: /home/ram/melfa_ros2/install/melfa_io_controllers/share/melfa_io_controllers/cmake/melfa_io_controllersConfig-version.cmake
[12.021s] -- Up-to-date: /home/ram/melfa_ros2/install/melfa_io_controllers/share/melfa_io_controllers/package.xml
[12.023s] Invoked command in '/home/ram/melfa_ros2/build/melfa_io_controllers' returned '0': AMENT_PREFIX_PATH=/home/ram/melfa_ros2/install/melfa_msgs:${AMENT_PREFIX_PATH} CMAKE_PREFIX_PATH=/home/ram/melfa_ros2/install/melfa_msgs:/home/ram/cognipilot/cranium/install/synapse_ros:/home/ram/cognipilot/cranium/install/synapse_gz:/home/ram/cognipilot/cranium/install/synapse_tinyframe:/home/ram/cognipilot/cranium/install/synapse_protobuf:/home/ram/cognipilot/cranium/install/corti:/home/ram/cognipilot/cranium/install/synapse_msgs:/home/ram/cognipilot/cranium/install/dream_world:/home/ram/cognipilot/cranium/install/cerebri_bringup:/home/ram/cognipilot/cranium/install/b3rb_simulator:/home/ram/cognipilot/cranium/install/b3rb_desktop:/home/ram/cognipilot/cranium/install/b3rb_rviz:/home/ram/cognipilot/cranium/install/b3rb_nav2:/home/ram/cognipilot/cranium/install/b3rb_gz_resource:/home/ram/cognipilot/cranium/install/b3rb_gz_bringup:/home/ram/cognipilot/cranium/install/b3rb_description:/home/ram/cognipilot/electrode/install/electrode:/home/ram/cognipilot/cranium/install/b3rb_ros_line_follower:/opt/ros/humble LD_LIBRARY_PATH=/home/ram/melfa_ros2/install/melfa_msgs/lib:${LD_LIBRARY_PATH} PYTHONPATH=/home/ram/melfa_ros2/install/melfa_msgs/local/lib/python3.10/dist-packages:${PYTHONPATH} /usr/bin/cmake --install /home/ram/melfa_ros2/build/melfa_io_controllers
