[0.798s] Invoking command in '/home/ram/melfa_ros2/src/milf_on_top': PYTHONPATH=/home/ram/melfa_ros2/build/milf_on_top/prefix_override:/usr/lib/python3/dist-packages/colcon_core/task/python/colcon_distutils_commands:/home/ram/melfa_ros2/install/milf_on_top/lib/python3.10/site-packages:${PYTHONPATH} /usr/bin/python3 -W ignore:setup.py install is deprecated -W ignore:easy_install command is deprecated setup.py egg_info --egg-base ../../build/milf_on_top build --build-base /home/ram/melfa_ros2/build/milf_on_top/build install --record /home/ram/melfa_ros2/build/milf_on_top/install.log --install-scripts $base/lib/milf_on_top --single-version-externally-managed install_data
[0.996s] running egg_info
[1.009s] writing ../../build/milf_on_top/milf_on_top.egg-info/PKG-INFO
[1.009s] writing dependency_links to ../../build/milf_on_top/milf_on_top.egg-info/dependency_links.txt
[1.009s] writing entry points to ../../build/milf_on_top/milf_on_top.egg-info/entry_points.txt
[1.010s] writing requirements to ../../build/milf_on_top/milf_on_top.egg-info/requires.txt
[1.010s] writing top-level names to ../../build/milf_on_top/milf_on_top.egg-info/top_level.txt
[1.036s] reading manifest file '../../build/milf_on_top/milf_on_top.egg-info/SOURCES.txt'
[1.037s] writing manifest file '../../build/milf_on_top/milf_on_top.egg-info/SOURCES.txt'
[1.037s] running build
[1.037s] running build_py
[1.038s] running install
[1.040s] running install_lib
[1.053s] running install_data
[1.054s] running install_egg_info
[1.067s] removing '/home/ram/melfa_ros2/install/milf_on_top/lib/python3.10/site-packages/milf_on_top-0.0.0-py3.10.egg-info' (and everything under it)
[1.068s] Copying ../../build/milf_on_top/milf_on_top.egg-info to /home/ram/melfa_ros2/install/milf_on_top/lib/python3.10/site-packages/milf_on_top-0.0.0-py3.10.egg-info
[1.069s] running install_scripts
[1.098s] Installing joint_publisher script to /home/ram/melfa_ros2/install/milf_on_top/lib/milf_on_top
[1.098s] writing list of installed files to '/home/ram/melfa_ros2/build/milf_on_top/install.log'
[1.127s] Invoked command in '/home/ram/melfa_ros2/src/milf_on_top' returned '0': PYTHONPATH=/home/ram/melfa_ros2/build/milf_on_top/prefix_override:/usr/lib/python3/dist-packages/colcon_core/task/python/colcon_distutils_commands:/home/ram/melfa_ros2/install/milf_on_top/lib/python3.10/site-packages:${PYTHONPATH} /usr/bin/python3 -W ignore:setup.py install is deprecated -W ignore:easy_install command is deprecated setup.py egg_info --egg-base ../../build/milf_on_top build --build-base /home/ram/melfa_ros2/build/milf_on_top/build install --record /home/ram/melfa_ros2/build/milf_on_top/install.log --install-scripts $base/lib/milf_on_top --single-version-externally-managed install_data
