[0.010s] Invoking command in '/home/ram/melfa_ros2/build/melfa_bringup': AMENT_PREFIX_PATH=/home/ram/melfa_ros2/install/xacro:${AMENT_PREFIX_PATH} CMAKE_PREFIX_PATH=/home/ram/melfa_ros2/install/xacro:/home/ram/cognipilot/cranium/install/synapse_ros:/home/ram/cognipilot/cranium/install/synapse_gz:/home/ram/cognipilot/cranium/install/synapse_tinyframe:/home/ram/cognipilot/cranium/install/synapse_protobuf:/home/ram/cognipilot/cranium/install/corti:/home/ram/cognipilot/cranium/install/synapse_msgs:/home/ram/cognipilot/cranium/install/dream_world:/home/ram/cognipilot/cranium/install/cerebri_bringup:/home/ram/cognipilot/cranium/install/b3rb_simulator:/home/ram/cognipilot/cranium/install/b3rb_desktop:/home/ram/cognipilot/cranium/install/b3rb_rviz:/home/ram/cognipilot/cranium/install/b3rb_nav2:/home/ram/cognipilot/cranium/install/b3rb_gz_resource:/home/ram/cognipilot/cranium/install/b3rb_gz_bringup:/home/ram/cognipilot/cranium/install/b3rb_description:/home/ram/cognipilot/electrode/install/electrode:/home/ram/cognipilot/cranium/install/b3rb_ros_line_follower:/opt/ros/humble PATH=/home/ram/melfa_ros2/install/xacro/bin:${PATH} PYTHONPATH=/home/ram/melfa_ros2/install/xacro/local/lib/python3.10/dist-packages:${PYTHONPATH} /usr/bin/cmake /home/ram/melfa_ros2/src/melfa_ros2_driver/melfa_bringup -DCMAKE_BUILD_TYPE=Release -DCMAKE_INSTALL_PREFIX=/home/ram/melfa_ros2/install/melfa_bringup
[0.020s] -- Found ament_cmake: 1.3.14 (/opt/ros/humble/share/ament_cmake/cmake)
[0.193s] -- Configuring done
[0.197s] -- Generating done
[0.198s] -- Build files have been written to: /home/ram/melfa_ros2/build/melfa_bringup
[0.200s] Invoked command in '/home/ram/melfa_ros2/build/melfa_bringup' returned '0': AMENT_PREFIX_PATH=/home/ram/melfa_ros2/install/xacro:${AMENT_PREFIX_PATH} CMAKE_PREFIX_PATH=/home/ram/melfa_ros2/install/xacro:/home/ram/cognipilot/cranium/install/synapse_ros:/home/ram/cognipilot/cranium/install/synapse_gz:/home/ram/cognipilot/cranium/install/synapse_tinyframe:/home/ram/cognipilot/cranium/install/synapse_protobuf:/home/ram/cognipilot/cranium/install/corti:/home/ram/cognipilot/cranium/install/synapse_msgs:/home/ram/cognipilot/cranium/install/dream_world:/home/ram/cognipilot/cranium/install/cerebri_bringup:/home/ram/cognipilot/cranium/install/b3rb_simulator:/home/ram/cognipilot/cranium/install/b3rb_desktop:/home/ram/cognipilot/cranium/install/b3rb_rviz:/home/ram/cognipilot/cranium/install/b3rb_nav2:/home/ram/cognipilot/cranium/install/b3rb_gz_resource:/home/ram/cognipilot/cranium/install/b3rb_gz_bringup:/home/ram/cognipilot/cranium/install/b3rb_description:/home/ram/cognipilot/electrode/install/electrode:/home/ram/cognipilot/cranium/install/b3rb_ros_line_follower:/opt/ros/humble PATH=/home/ram/melfa_ros2/install/xacro/bin:${PATH} PYTHONPATH=/home/ram/melfa_ros2/install/xacro/local/lib/python3.10/dist-packages:${PYTHONPATH} /usr/bin/cmake /home/ram/melfa_ros2/src/melfa_ros2_driver/melfa_bringup -DCMAKE_BUILD_TYPE=Release -DCMAKE_INSTALL_PREFIX=/home/ram/melfa_ros2/install/melfa_bringup
[0.201s] Invoking command in '/home/ram/melfa_ros2/build/melfa_bringup': AMENT_PREFIX_PATH=/home/ram/melfa_ros2/install/xacro:${AMENT_PREFIX_PATH} CMAKE_PREFIX_PATH=/home/ram/melfa_ros2/install/xacro:/home/ram/cognipilot/cranium/install/synapse_ros:/home/ram/cognipilot/cranium/install/synapse_gz:/home/ram/cognipilot/cranium/install/synapse_tinyframe:/home/ram/cognipilot/cranium/install/synapse_protobuf:/home/ram/cognipilot/cranium/install/corti:/home/ram/cognipilot/cranium/install/synapse_msgs:/home/ram/cognipilot/cranium/install/dream_world:/home/ram/cognipilot/cranium/install/cerebri_bringup:/home/ram/cognipilot/cranium/install/b3rb_simulator:/home/ram/cognipilot/cranium/install/b3rb_desktop:/home/ram/cognipilot/cranium/install/b3rb_rviz:/home/ram/cognipilot/cranium/install/b3rb_nav2:/home/ram/cognipilot/cranium/install/b3rb_gz_resource:/home/ram/cognipilot/cranium/install/b3rb_gz_bringup:/home/ram/cognipilot/cranium/install/b3rb_description:/home/ram/cognipilot/electrode/install/electrode:/home/ram/cognipilot/cranium/install/b3rb_ros_line_follower:/opt/ros/humble PATH=/home/ram/melfa_ros2/install/xacro/bin:${PATH} PYTHONPATH=/home/ram/melfa_ros2/install/xacro/local/lib/python3.10/dist-packages:${PYTHONPATH} /usr/bin/cmake --build /home/ram/melfa_ros2/build/melfa_bringup -- -j16 -l16
[0.232s] Invoked command in '/home/ram/melfa_ros2/build/melfa_bringup' returned '0': AMENT_PREFIX_PATH=/home/ram/melfa_ros2/install/xacro:${AMENT_PREFIX_PATH} CMAKE_PREFIX_PATH=/home/ram/melfa_ros2/install/xacro:/home/ram/cognipilot/cranium/install/synapse_ros:/home/ram/cognipilot/cranium/install/synapse_gz:/home/ram/cognipilot/cranium/install/synapse_tinyframe:/home/ram/cognipilot/cranium/install/synapse_protobuf:/home/ram/cognipilot/cranium/install/corti:/home/ram/cognipilot/cranium/install/synapse_msgs:/home/ram/cognipilot/cranium/install/dream_world:/home/ram/cognipilot/cranium/install/cerebri_bringup:/home/ram/cognipilot/cranium/install/b3rb_simulator:/home/ram/cognipilot/cranium/install/b3rb_desktop:/home/ram/cognipilot/cranium/install/b3rb_rviz:/home/ram/cognipilot/cranium/install/b3rb_nav2:/home/ram/cognipilot/cranium/install/b3rb_gz_resource:/home/ram/cognipilot/cranium/install/b3rb_gz_bringup:/home/ram/cognipilot/cranium/install/b3rb_description:/home/ram/cognipilot/electrode/install/electrode:/home/ram/cognipilot/cranium/install/b3rb_ros_line_follower:/opt/ros/humble PATH=/home/ram/melfa_ros2/install/xacro/bin:${PATH} PYTHONPATH=/home/ram/melfa_ros2/install/xacro/local/lib/python3.10/dist-packages:${PYTHONPATH} /usr/bin/cmake --build /home/ram/melfa_ros2/build/melfa_bringup -- -j16 -l16
[0.234s] Invoking command in '/home/ram/melfa_ros2/build/melfa_bringup': AMENT_PREFIX_PATH=/home/ram/melfa_ros2/install/xacro:${AMENT_PREFIX_PATH} CMAKE_PREFIX_PATH=/home/ram/melfa_ros2/install/xacro:/home/ram/cognipilot/cranium/install/synapse_ros:/home/ram/cognipilot/cranium/install/synapse_gz:/home/ram/cognipilot/cranium/install/synapse_tinyframe:/home/ram/cognipilot/cranium/install/synapse_protobuf:/home/ram/cognipilot/cranium/install/corti:/home/ram/cognipilot/cranium/install/synapse_msgs:/home/ram/cognipilot/cranium/install/dream_world:/home/ram/cognipilot/cranium/install/cerebri_bringup:/home/ram/cognipilot/cranium/install/b3rb_simulator:/home/ram/cognipilot/cranium/install/b3rb_desktop:/home/ram/cognipilot/cranium/install/b3rb_rviz:/home/ram/cognipilot/cranium/install/b3rb_nav2:/home/ram/cognipilot/cranium/install/b3rb_gz_resource:/home/ram/cognipilot/cranium/install/b3rb_gz_bringup:/home/ram/cognipilot/cranium/install/b3rb_description:/home/ram/cognipilot/electrode/install/electrode:/home/ram/cognipilot/cranium/install/b3rb_ros_line_follower:/opt/ros/humble PATH=/home/ram/melfa_ros2/install/xacro/bin:${PATH} PYTHONPATH=/home/ram/melfa_ros2/install/xacro/local/lib/python3.10/dist-packages:${PYTHONPATH} /usr/bin/cmake --install /home/ram/melfa_ros2/build/melfa_bringup
[0.238s] -- Install configuration: "Release"
[0.239s] -- Up-to-date: /home/ram/melfa_ros2/install/melfa_bringup/share/melfa_bringup/launch
[0.239s] -- Up-to-date: /home/ram/melfa_ros2/install/melfa_bringup/share/melfa_bringup/launch/rh6frh5520_control.launch.py
[0.239s] -- Up-to-date: /home/ram/melfa_ros2/install/melfa_bringup/share/melfa_bringup/launch/rv4frl_control.launch.py
[0.239s] -- Up-to-date: /home/ram/melfa_ros2/install/melfa_bringup/share/melfa_bringup/launch/rv80fr_control.launch.py
[0.239s] -- Up-to-date: /home/ram/melfa_ros2/install/melfa_bringup/share/melfa_bringup/launch/rv13frl_control.launch.py
[0.239s] -- Up-to-date: /home/ram/melfa_ros2/install/melfa_bringup/share/melfa_bringup/launch/rv4fr_control.launch.py
[0.239s] -- Up-to-date: /home/ram/melfa_ros2/install/melfa_bringup/share/melfa_bringup/launch/rv5as_control.launch.py
[0.239s] -- Up-to-date: /home/ram/melfa_ros2/install/melfa_bringup/share/melfa_bringup/launch/test_joint_trajectory_controller.launch.py
[0.239s] -- Up-to-date: /home/ram/melfa_ros2/install/melfa_bringup/share/melfa_bringup/launch/rv2fr_control.launch.py
[0.239s] -- Up-to-date: /home/ram/melfa_ros2/install/melfa_bringup/share/melfa_bringup/launch/rv8crl_control.launch.py
[0.239s] -- Up-to-date: /home/ram/melfa_ros2/install/melfa_bringup/share/melfa_bringup/launch/rv7frl_control.launch.py
[0.239s] -- Up-to-date: /home/ram/melfa_ros2/install/melfa_bringup/share/melfa_bringup/launch/rh6crh6020_control.launch.py
[0.239s] -- Up-to-date: /home/ram/melfa_ros2/install/melfa_bringup/share/melfa_bringup/config
[0.240s] -- Up-to-date: /home/ram/melfa_ros2/install/melfa_bringup/share/melfa_bringup/config/ros_gz_bridge.yaml
[0.240s] -- Up-to-date: /home/ram/melfa_ros2/install/melfa_bringup/share/melfa_bringup/config/test_goal_publishers_config.yaml
[0.240s] -- Up-to-date: /home/ram/melfa_ros2/install/melfa_bringup/share/ament_index/resource_index/package_run_dependencies/melfa_bringup
[0.240s] -- Up-to-date: /home/ram/melfa_ros2/install/melfa_bringup/share/ament_index/resource_index/parent_prefix_path/melfa_bringup
[0.240s] -- Up-to-date: /home/ram/melfa_ros2/install/melfa_bringup/share/melfa_bringup/environment/ament_prefix_path.sh
[0.240s] -- Installing: /home/ram/melfa_ros2/install/melfa_bringup/share/melfa_bringup/environment/ament_prefix_path.dsv
[0.240s] -- Up-to-date: /home/ram/melfa_ros2/install/melfa_bringup/share/melfa_bringup/environment/path.sh
[0.240s] -- Installing: /home/ram/melfa_ros2/install/melfa_bringup/share/melfa_bringup/environment/path.dsv
[0.240s] -- Up-to-date: /home/ram/melfa_ros2/install/melfa_bringup/share/melfa_bringup/local_setup.bash
[0.240s] -- Up-to-date: /home/ram/melfa_ros2/install/melfa_bringup/share/melfa_bringup/local_setup.sh
[0.240s] -- Up-to-date: /home/ram/melfa_ros2/install/melfa_bringup/share/melfa_bringup/local_setup.zsh
[0.240s] -- Installing: /home/ram/melfa_ros2/install/melfa_bringup/share/melfa_bringup/local_setup.dsv
[0.240s] -- Installing: /home/ram/melfa_ros2/install/melfa_bringup/share/melfa_bringup/package.dsv
[0.240s] -- Up-to-date: /home/ram/melfa_ros2/install/melfa_bringup/share/ament_index/resource_index/packages/melfa_bringup
[0.240s] -- Up-to-date: /home/ram/melfa_ros2/install/melfa_bringup/share/melfa_bringup/cmake/melfa_bringupConfig.cmake
[0.240s] -- Up-to-date: /home/ram/melfa_ros2/install/melfa_bringup/share/melfa_bringup/cmake/melfa_bringupConfig-version.cmake
[0.241s] -- Up-to-date: /home/ram/melfa_ros2/install/melfa_bringup/share/melfa_bringup/package.xml
[0.241s] Invoked command in '/home/ram/melfa_ros2/build/melfa_bringup' returned '0': AMENT_PREFIX_PATH=/home/ram/melfa_ros2/install/xacro:${AMENT_PREFIX_PATH} CMAKE_PREFIX_PATH=/home/ram/melfa_ros2/install/xacro:/home/ram/cognipilot/cranium/install/synapse_ros:/home/ram/cognipilot/cranium/install/synapse_gz:/home/ram/cognipilot/cranium/install/synapse_tinyframe:/home/ram/cognipilot/cranium/install/synapse_protobuf:/home/ram/cognipilot/cranium/install/corti:/home/ram/cognipilot/cranium/install/synapse_msgs:/home/ram/cognipilot/cranium/install/dream_world:/home/ram/cognipilot/cranium/install/cerebri_bringup:/home/ram/cognipilot/cranium/install/b3rb_simulator:/home/ram/cognipilot/cranium/install/b3rb_desktop:/home/ram/cognipilot/cranium/install/b3rb_rviz:/home/ram/cognipilot/cranium/install/b3rb_nav2:/home/ram/cognipilot/cranium/install/b3rb_gz_resource:/home/ram/cognipilot/cranium/install/b3rb_gz_bringup:/home/ram/cognipilot/cranium/install/b3rb_description:/home/ram/cognipilot/electrode/install/electrode:/home/ram/cognipilot/cranium/install/b3rb_ros_line_follower:/opt/ros/humble PATH=/home/ram/melfa_ros2/install/xacro/bin:${PATH} PYTHONPATH=/home/ram/melfa_ros2/install/xacro/local/lib/python3.10/dist-packages:${PYTHONPATH} /usr/bin/cmake --install /home/ram/melfa_ros2/build/melfa_bringup
