-- Found ament_cmake: 1.3.14 (/opt/ros/humble/share/ament_cmake/cmake)
-- Found control_msgs: 4.9.0 (/opt/ros/humble/share/control_msgs/cmake)
-- Found rosidl_generator_c: 3.1.9 (/opt/ros/humble/share/rosidl_generator_c/cmake)
-- Found rosidl_adapter: 3.1.9 (/opt/ros/humble/share/rosidl_adapter/cmake)
-- Found rosidl_generator_cpp: 3.1.9 (/opt/ros/humble/share/rosidl_generator_cpp/cmake)
-- Using all available rosidl_typesupport_c: rosidl_typesupport_fastrtps_c;rosidl_typesupport_introspection_c
-- Using all available rosidl_typesupport_cpp: rosidl_typesupport_fastrtps_cpp;rosidl_typesupport_introspection_cpp
-- Found rclcpp: 16.0.19 (/opt/ros/humble/share/rclcpp/cmake)
-- Found rmw_implementation_cmake: 6.1.2 (/opt/ros/humble/share/rmw_implementation_cmake/cmake)
-- Found rmw_cyclonedds_cpp: 1.3.4 (/opt/ros/humble/share/rmw_cyclonedds_cpp/cmake)
-- Using RMW implementation 'rmw_cyclonedds_cpp' as default
-- Found rclcpp_action: 16.0.19 (/opt/ros/humble/share/rclcpp_action/cmake)
-- Found tf2_geometry_msgs: 0.25.20 (/opt/ros/humble/share/tf2_geometry_msgs/cmake)
-- Found eigen3_cmake_module: 0.1.1 (/opt/ros/humble/share/eigen3_cmake_module/cmake)
-- Ensuring Eigen3 include directory is part of orocos-kdl CMake target
-- Configuring done
-- Generating done
-- Build files have been written to: /home/ram/melfa_ros2/build/melfa_rv4frl_moveit_config
[35m[1mConsolidate compiler generated dependencies of target servo_keyboard_input[0m
[ 50%] [32mBuilding CXX object CMakeFiles/servo_keyboard_input.dir/src/servo_keyboard_input.cpp.o[0m
[100%] [32m[1mLinking CXX executable servo_keyboard_input[0m
[100%] Built target servo_keyboard_input
-- Install configuration: "Release"
-- Up-to-date: /home/ram/melfa_ros2/install/melfa_rv4frl_moveit_config/share/ament_index/resource_index/package_run_dependencies/melfa_rv4frl_moveit_config
-- Up-to-date: /home/ram/melfa_ros2/install/melfa_rv4frl_moveit_config/share/ament_index/resource_index/parent_prefix_path/melfa_rv4frl_moveit_config
-- Up-to-date: /home/ram/melfa_ros2/install/melfa_rv4frl_moveit_config/share/melfa_rv4frl_moveit_config/environment/ament_prefix_path.sh
-- Installing: /home/ram/melfa_ros2/install/melfa_rv4frl_moveit_config/share/melfa_rv4frl_moveit_config/environment/ament_prefix_path.dsv
-- Up-to-date: /home/ram/melfa_ros2/install/melfa_rv4frl_moveit_config/share/melfa_rv4frl_moveit_config/environment/path.sh
-- Installing: /home/ram/melfa_ros2/install/melfa_rv4frl_moveit_config/share/melfa_rv4frl_moveit_config/environment/path.dsv
-- Up-to-date: /home/ram/melfa_ros2/install/melfa_rv4frl_moveit_config/share/melfa_rv4frl_moveit_config/local_setup.bash
-- Up-to-date: /home/ram/melfa_ros2/install/melfa_rv4frl_moveit_config/share/melfa_rv4frl_moveit_config/local_setup.sh
-- Up-to-date: /home/ram/melfa_ros2/install/melfa_rv4frl_moveit_config/share/melfa_rv4frl_moveit_config/local_setup.zsh
-- Installing: /home/ram/melfa_ros2/install/melfa_rv4frl_moveit_config/share/melfa_rv4frl_moveit_config/local_setup.dsv
-- Installing: /home/ram/melfa_ros2/install/melfa_rv4frl_moveit_config/share/melfa_rv4frl_moveit_config/package.dsv
-- Up-to-date: /home/ram/melfa_ros2/install/melfa_rv4frl_moveit_config/share/ament_index/resource_index/packages/melfa_rv4frl_moveit_config
-- Up-to-date: /home/ram/melfa_ros2/install/melfa_rv4frl_moveit_config/share/melfa_rv4frl_moveit_config/cmake/melfa_rv4frl_moveit_configConfig.cmake
-- Up-to-date: /home/ram/melfa_ros2/install/melfa_rv4frl_moveit_config/share/melfa_rv4frl_moveit_config/cmake/melfa_rv4frl_moveit_configConfig-version.cmake
-- Up-to-date: /home/ram/melfa_ros2/install/melfa_rv4frl_moveit_config/share/melfa_rv4frl_moveit_config/package.xml
-- Up-to-date: /home/ram/melfa_ros2/install/melfa_rv4frl_moveit_config/share/melfa_rv4frl_moveit_config/launch
-- Up-to-date: /home/ram/melfa_ros2/install/melfa_rv4frl_moveit_config/share/melfa_rv4frl_moveit_config/launch/moveit_rviz.launch.py
-- Up-to-date: /home/ram/melfa_ros2/install/melfa_rv4frl_moveit_config/share/melfa_rv4frl_moveit_config/launch/spawn_controllers.launch.py
-- Up-to-date: /home/ram/melfa_ros2/install/melfa_rv4frl_moveit_config/share/melfa_rv4frl_moveit_config/launch/setup_assistant.launch.py
-- Up-to-date: /home/ram/melfa_ros2/install/melfa_rv4frl_moveit_config/share/melfa_rv4frl_moveit_config/launch/static_virtual_joint_tfs.launch.py
-- Up-to-date: /home/ram/melfa_ros2/install/melfa_rv4frl_moveit_config/share/melfa_rv4frl_moveit_config/launch/demo.launch.py
-- Up-to-date: /home/ram/melfa_ros2/install/melfa_rv4frl_moveit_config/share/melfa_rv4frl_moveit_config/launch/warehouse_db.launch.py
-- Up-to-date: /home/ram/melfa_ros2/install/melfa_rv4frl_moveit_config/share/melfa_rv4frl_moveit_config/launch/move_group.launch.py
-- Up-to-date: /home/ram/melfa_ros2/install/melfa_rv4frl_moveit_config/share/melfa_rv4frl_moveit_config/launch/rv4frl_moveit.launch.py
-- Up-to-date: /home/ram/melfa_ros2/install/melfa_rv4frl_moveit_config/share/melfa_rv4frl_moveit_config/launch/rsp.launch.py
-- Up-to-date: /home/ram/melfa_ros2/install/melfa_rv4frl_moveit_config/share/melfa_rv4frl_moveit_config/config
-- Up-to-date: /home/ram/melfa_ros2/install/melfa_rv4frl_moveit_config/share/melfa_rv4frl_moveit_config/config/rv4frl.ros2_control.xacro
-- Up-to-date: /home/ram/melfa_ros2/install/melfa_rv4frl_moveit_config/share/melfa_rv4frl_moveit_config/config/ompl_planning.yaml
-- Up-to-date: /home/ram/melfa_ros2/install/melfa_rv4frl_moveit_config/share/melfa_rv4frl_moveit_config/config/moveit_controllers.yaml
-- Up-to-date: /home/ram/melfa_ros2/install/melfa_rv4frl_moveit_config/share/melfa_rv4frl_moveit_config/config/rv4frl.srdf
-- Up-to-date: /home/ram/melfa_ros2/install/melfa_rv4frl_moveit_config/share/melfa_rv4frl_moveit_config/config/initial_positions.yaml
-- Up-to-date: /home/ram/melfa_ros2/install/melfa_rv4frl_moveit_config/share/melfa_rv4frl_moveit_config/config/rv4frl.urdf.xacro
-- Up-to-date: /home/ram/melfa_ros2/install/melfa_rv4frl_moveit_config/share/melfa_rv4frl_moveit_config/config/rv4frl_servo.yaml
-- Up-to-date: /home/ram/melfa_ros2/install/melfa_rv4frl_moveit_config/share/melfa_rv4frl_moveit_config/config/moveit.rviz
-- Up-to-date: /home/ram/melfa_ros2/install/melfa_rv4frl_moveit_config/share/melfa_rv4frl_moveit_config/config/stomp_planning.yaml
-- Up-to-date: /home/ram/melfa_ros2/install/melfa_rv4frl_moveit_config/share/melfa_rv4frl_moveit_config/config/kinematics.yaml
-- Up-to-date: /home/ram/melfa_ros2/install/melfa_rv4frl_moveit_config/share/melfa_rv4frl_moveit_config/config/rv4frl_macro.srdf.xacro
-- Up-to-date: /home/ram/melfa_ros2/install/melfa_rv4frl_moveit_config/share/melfa_rv4frl_moveit_config/config/pilz_cartesian_limits.yaml
-- Up-to-date: /home/ram/melfa_ros2/install/melfa_rv4frl_moveit_config/share/melfa_rv4frl_moveit_config/config/rv4frl.srdf.xacro
-- Up-to-date: /home/ram/melfa_ros2/install/melfa_rv4frl_moveit_config/share/melfa_rv4frl_moveit_config/config/joint_limits.yaml
-- Up-to-date: /home/ram/melfa_ros2/install/melfa_rv4frl_moveit_config/share/melfa_rv4frl_moveit_config/config/pilz_industrial_motion_planner_planning.yaml
-- Up-to-date: /home/ram/melfa_ros2/install/melfa_rv4frl_moveit_config/share/melfa_rv4frl_moveit_config/config/chomp_planning.yaml
-- Up-to-date: /home/ram/melfa_ros2/install/melfa_rv4frl_moveit_config/share/melfa_rv4frl_moveit_config/rviz
-- Up-to-date: /home/ram/melfa_ros2/install/melfa_rv4frl_moveit_config/share/melfa_rv4frl_moveit_config/rviz/rv4frl_moveit.rviz
-- Up-to-date: /home/ram/melfa_ros2/install/melfa_rv4frl_moveit_config/share/melfa_rv4frl_moveit_config/.setup_assistant
-- Installing: /home/ram/melfa_ros2/install/melfa_rv4frl_moveit_config/lib/melfa_rv4frl_moveit_config/servo_keyboard_input
-- Set runtime path of "/home/ram/melfa_ros2/install/melfa_rv4frl_moveit_config/lib/melfa_rv4frl_moveit_config/servo_keyboard_input" to ""
