[0.074s] Invoking command in '/home/ram/melfa_ros2/build/melfa_rv5as_moveit_config': AMENT_PREFIX_PATH=/home/ram/melfa_ros2/install/melfa_description:/home/ram/melfa_ros2/install/xacro:${AMENT_PREFIX_PATH} CMAKE_PREFIX_PATH=/home/ram/melfa_ros2/install/melfa_description:/home/ram/melfa_ros2/install/xacro:/home/ram/cognipilot/cranium/install/synapse_ros:/home/ram/cognipilot/cranium/install/synapse_gz:/home/ram/cognipilot/cranium/install/synapse_tinyframe:/home/ram/cognipilot/cranium/install/synapse_protobuf:/home/ram/cognipilot/cranium/install/corti:/home/ram/cognipilot/cranium/install/synapse_msgs:/home/ram/cognipilot/cranium/install/dream_world:/home/ram/cognipilot/cranium/install/cerebri_bringup:/home/ram/cognipilot/cranium/install/b3rb_simulator:/home/ram/cognipilot/cranium/install/b3rb_desktop:/home/ram/cognipilot/cranium/install/b3rb_rviz:/home/ram/cognipilot/cranium/install/b3rb_nav2:/home/ram/cognipilot/cranium/install/b3rb_gz_resource:/home/ram/cognipilot/cranium/install/b3rb_gz_bringup:/home/ram/cognipilot/cranium/install/b3rb_description:/home/ram/cognipilot/electrode/install/electrode:/home/ram/cognipilot/cranium/install/b3rb_ros_line_follower:/opt/ros/humble PATH=/home/ram/melfa_ros2/install/xacro/bin:${PATH} PYTHONPATH=/home/ram/melfa_ros2/install/xacro/local/lib/python3.10/dist-packages:${PYTHONPATH} /usr/bin/cmake /home/ram/melfa_ros2/src/melfa_ros2_driver/melfa_moveit_config/melfa_rv5as_moveit_config -DCMAKE_INSTALL_PREFIX=/home/ram/melfa_ros2/install/melfa_rv5as_moveit_config
[0.197s] -- The C compiler identification is GNU 11.4.0
[0.337s] -- The CXX compiler identification is GNU 11.4.0
[0.367s] -- Detecting C compiler ABI info
[0.508s] -- Detecting C compiler ABI info - done
[0.525s] -- Check for working C compiler: /usr/lib/ccache/cc - skipped
[0.526s] -- Detecting C compile features
[0.526s] -- Detecting C compile features - done
[0.530s] -- Detecting CXX compiler ABI info
[0.703s] -- Detecting CXX compiler ABI info - done
[0.722s] -- Check for working CXX compiler: /usr/lib/ccache/c++ - skipped
[0.722s] -- Detecting CXX compile features
[0.724s] -- Detecting CXX compile features - done
[0.736s] -- Found ament_cmake: 1.3.14 (/opt/ros/humble/share/ament_cmake/cmake)
[1.416s] -- Found Python3: /usr/bin/python3 (found version "3.10.12") found components: Interpreter 
[1.572s] -- Found control_msgs: 4.9.0 (/opt/ros/humble/share/control_msgs/cmake)
[1.627s] -- Found rosidl_generator_c: 3.1.9 (/opt/ros/humble/share/rosidl_generator_c/cmake)
[1.636s] -- Found rosidl_adapter: 3.1.9 (/opt/ros/humble/share/rosidl_adapter/cmake)
[1.649s] -- Found rosidl_generator_cpp: 3.1.9 (/opt/ros/humble/share/rosidl_generator_cpp/cmake)
[1.667s] -- Using all available rosidl_typesupport_c: rosidl_typesupport_fastrtps_c;rosidl_typesupport_introspection_c
[1.691s] -- Using all available rosidl_typesupport_cpp: rosidl_typesupport_fastrtps_cpp;rosidl_typesupport_introspection_cpp
[1.867s] -- Found rclcpp: 16.0.19 (/opt/ros/humble/share/rclcpp/cmake)
[1.933s] -- Found rmw_implementation_cmake: 6.1.2 (/opt/ros/humble/share/rmw_implementation_cmake/cmake)
[1.939s] -- Found rmw_cyclonedds_cpp: 1.3.4 (/opt/ros/humble/share/rmw_cyclonedds_cpp/cmake)
[1.978s] -- Using RMW implementation 'rmw_cyclonedds_cpp' as default
[1.996s] -- Looking for pthread.h
[2.079s] -- Looking for pthread.h - found
[2.079s] -- Performing Test CMAKE_HAVE_LIBC_PTHREAD
[2.155s] -- Performing Test CMAKE_HAVE_LIBC_PTHREAD - Success
[2.156s] -- Found Threads: TRUE  
[2.205s] -- Found rclcpp_action: 16.0.19 (/opt/ros/humble/share/rclcpp_action/cmake)
[2.222s] -- Found tf2_geometry_msgs: 0.25.20 (/opt/ros/humble/share/tf2_geometry_msgs/cmake)
[2.255s] -- Found eigen3_cmake_module: 0.1.1 (/opt/ros/humble/share/eigen3_cmake_module/cmake)
[2.257s] -- Found Eigen3: TRUE (found version "3.4.0") 
[2.257s] -- Ensuring Eigen3 include directory is part of orocos-kdl CMake target
[2.476s] -- Configuring done
[2.489s] -- Generating done
[2.492s] -- Build files have been written to: /home/ram/melfa_ros2/build/melfa_rv5as_moveit_config
[2.501s] Invoked command in '/home/ram/melfa_ros2/build/melfa_rv5as_moveit_config' returned '0': AMENT_PREFIX_PATH=/home/ram/melfa_ros2/install/melfa_description:/home/ram/melfa_ros2/install/xacro:${AMENT_PREFIX_PATH} CMAKE_PREFIX_PATH=/home/ram/melfa_ros2/install/melfa_description:/home/ram/melfa_ros2/install/xacro:/home/ram/cognipilot/cranium/install/synapse_ros:/home/ram/cognipilot/cranium/install/synapse_gz:/home/ram/cognipilot/cranium/install/synapse_tinyframe:/home/ram/cognipilot/cranium/install/synapse_protobuf:/home/ram/cognipilot/cranium/install/corti:/home/ram/cognipilot/cranium/install/synapse_msgs:/home/ram/cognipilot/cranium/install/dream_world:/home/ram/cognipilot/cranium/install/cerebri_bringup:/home/ram/cognipilot/cranium/install/b3rb_simulator:/home/ram/cognipilot/cranium/install/b3rb_desktop:/home/ram/cognipilot/cranium/install/b3rb_rviz:/home/ram/cognipilot/cranium/install/b3rb_nav2:/home/ram/cognipilot/cranium/install/b3rb_gz_resource:/home/ram/cognipilot/cranium/install/b3rb_gz_bringup:/home/ram/cognipilot/cranium/install/b3rb_description:/home/ram/cognipilot/electrode/install/electrode:/home/ram/cognipilot/cranium/install/b3rb_ros_line_follower:/opt/ros/humble PATH=/home/ram/melfa_ros2/install/xacro/bin:${PATH} PYTHONPATH=/home/ram/melfa_ros2/install/xacro/local/lib/python3.10/dist-packages:${PYTHONPATH} /usr/bin/cmake /home/ram/melfa_ros2/src/melfa_ros2_driver/melfa_moveit_config/melfa_rv5as_moveit_config -DCMAKE_INSTALL_PREFIX=/home/ram/melfa_ros2/install/melfa_rv5as_moveit_config
[2.502s] Invoking command in '/home/ram/melfa_ros2/build/melfa_rv5as_moveit_config': AMENT_PREFIX_PATH=/home/ram/melfa_ros2/install/melfa_description:/home/ram/melfa_ros2/install/xacro:${AMENT_PREFIX_PATH} CMAKE_PREFIX_PATH=/home/ram/melfa_ros2/install/melfa_description:/home/ram/melfa_ros2/install/xacro:/home/ram/cognipilot/cranium/install/synapse_ros:/home/ram/cognipilot/cranium/install/synapse_gz:/home/ram/cognipilot/cranium/install/synapse_tinyframe:/home/ram/cognipilot/cranium/install/synapse_protobuf:/home/ram/cognipilot/cranium/install/corti:/home/ram/cognipilot/cranium/install/synapse_msgs:/home/ram/cognipilot/cranium/install/dream_world:/home/ram/cognipilot/cranium/install/cerebri_bringup:/home/ram/cognipilot/cranium/install/b3rb_simulator:/home/ram/cognipilot/cranium/install/b3rb_desktop:/home/ram/cognipilot/cranium/install/b3rb_rviz:/home/ram/cognipilot/cranium/install/b3rb_nav2:/home/ram/cognipilot/cranium/install/b3rb_gz_resource:/home/ram/cognipilot/cranium/install/b3rb_gz_bringup:/home/ram/cognipilot/cranium/install/b3rb_description:/home/ram/cognipilot/electrode/install/electrode:/home/ram/cognipilot/cranium/install/b3rb_ros_line_follower:/opt/ros/humble PATH=/home/ram/melfa_ros2/install/xacro/bin:${PATH} PYTHONPATH=/home/ram/melfa_ros2/install/xacro/local/lib/python3.10/dist-packages:${PYTHONPATH} /usr/bin/cmake --build /home/ram/melfa_ros2/build/melfa_rv5as_moveit_config -- -j16 -l16
[4.174s] [ 50%] [32mBuilding CXX object CMakeFiles/servo_keyboard_input.dir/src/servo_keyboard_input.cpp.o[0m
[6.794s] [100%] [32m[1mLinking CXX executable servo_keyboard_input[0m
[7.073s] [100%] Built target servo_keyboard_input
[7.092s] Invoked command in '/home/ram/melfa_ros2/build/melfa_rv5as_moveit_config' returned '0': AMENT_PREFIX_PATH=/home/ram/melfa_ros2/install/melfa_description:/home/ram/melfa_ros2/install/xacro:${AMENT_PREFIX_PATH} CMAKE_PREFIX_PATH=/home/ram/melfa_ros2/install/melfa_description:/home/ram/melfa_ros2/install/xacro:/home/ram/cognipilot/cranium/install/synapse_ros:/home/ram/cognipilot/cranium/install/synapse_gz:/home/ram/cognipilot/cranium/install/synapse_tinyframe:/home/ram/cognipilot/cranium/install/synapse_protobuf:/home/ram/cognipilot/cranium/install/corti:/home/ram/cognipilot/cranium/install/synapse_msgs:/home/ram/cognipilot/cranium/install/dream_world:/home/ram/cognipilot/cranium/install/cerebri_bringup:/home/ram/cognipilot/cranium/install/b3rb_simulator:/home/ram/cognipilot/cranium/install/b3rb_desktop:/home/ram/cognipilot/cranium/install/b3rb_rviz:/home/ram/cognipilot/cranium/install/b3rb_nav2:/home/ram/cognipilot/cranium/install/b3rb_gz_resource:/home/ram/cognipilot/cranium/install/b3rb_gz_bringup:/home/ram/cognipilot/cranium/install/b3rb_description:/home/ram/cognipilot/electrode/install/electrode:/home/ram/cognipilot/cranium/install/b3rb_ros_line_follower:/opt/ros/humble PATH=/home/ram/melfa_ros2/install/xacro/bin:${PATH} PYTHONPATH=/home/ram/melfa_ros2/install/xacro/local/lib/python3.10/dist-packages:${PYTHONPATH} /usr/bin/cmake --build /home/ram/melfa_ros2/build/melfa_rv5as_moveit_config -- -j16 -l16
[7.109s] Invoking command in '/home/ram/melfa_ros2/build/melfa_rv5as_moveit_config': AMENT_PREFIX_PATH=/home/ram/melfa_ros2/install/melfa_description:/home/ram/melfa_ros2/install/xacro:${AMENT_PREFIX_PATH} CMAKE_PREFIX_PATH=/home/ram/melfa_ros2/install/melfa_description:/home/ram/melfa_ros2/install/xacro:/home/ram/cognipilot/cranium/install/synapse_ros:/home/ram/cognipilot/cranium/install/synapse_gz:/home/ram/cognipilot/cranium/install/synapse_tinyframe:/home/ram/cognipilot/cranium/install/synapse_protobuf:/home/ram/cognipilot/cranium/install/corti:/home/ram/cognipilot/cranium/install/synapse_msgs:/home/ram/cognipilot/cranium/install/dream_world:/home/ram/cognipilot/cranium/install/cerebri_bringup:/home/ram/cognipilot/cranium/install/b3rb_simulator:/home/ram/cognipilot/cranium/install/b3rb_desktop:/home/ram/cognipilot/cranium/install/b3rb_rviz:/home/ram/cognipilot/cranium/install/b3rb_nav2:/home/ram/cognipilot/cranium/install/b3rb_gz_resource:/home/ram/cognipilot/cranium/install/b3rb_gz_bringup:/home/ram/cognipilot/cranium/install/b3rb_description:/home/ram/cognipilot/electrode/install/electrode:/home/ram/cognipilot/cranium/install/b3rb_ros_line_follower:/opt/ros/humble PATH=/home/ram/melfa_ros2/install/xacro/bin:${PATH} PYTHONPATH=/home/ram/melfa_ros2/install/xacro/local/lib/python3.10/dist-packages:${PYTHONPATH} /usr/bin/cmake --install /home/ram/melfa_ros2/build/melfa_rv5as_moveit_config
[7.114s] -- Install configuration: ""
[7.115s] -- Installing: /home/ram/melfa_ros2/install/melfa_rv5as_moveit_config/share/ament_index/resource_index/package_run_dependencies/melfa_rv5as_moveit_config
[7.115s] -- Installing: /home/ram/melfa_ros2/install/melfa_rv5as_moveit_config/share/ament_index/resource_index/parent_prefix_path/melfa_rv5as_moveit_config
[7.115s] -- Installing: /home/ram/melfa_ros2/install/melfa_rv5as_moveit_config/share/melfa_rv5as_moveit_config/environment/ament_prefix_path.sh
[7.115s] -- Installing: /home/ram/melfa_ros2/install/melfa_rv5as_moveit_config/share/melfa_rv5as_moveit_config/environment/ament_prefix_path.dsv
[7.115s] -- Installing: /home/ram/melfa_ros2/install/melfa_rv5as_moveit_config/share/melfa_rv5as_moveit_config/environment/path.sh
[7.115s] -- Installing: /home/ram/melfa_ros2/install/melfa_rv5as_moveit_config/share/melfa_rv5as_moveit_config/environment/path.dsv
[7.115s] -- Installing: /home/ram/melfa_ros2/install/melfa_rv5as_moveit_config/share/melfa_rv5as_moveit_config/local_setup.bash
[7.115s] -- Installing: /home/ram/melfa_ros2/install/melfa_rv5as_moveit_config/share/melfa_rv5as_moveit_config/local_setup.sh
[7.115s] -- Installing: /home/ram/melfa_ros2/install/melfa_rv5as_moveit_config/share/melfa_rv5as_moveit_config/local_setup.zsh
[7.115s] -- Installing: /home/ram/melfa_ros2/install/melfa_rv5as_moveit_config/share/melfa_rv5as_moveit_config/local_setup.dsv
[7.115s] -- Installing: /home/ram/melfa_ros2/install/melfa_rv5as_moveit_config/share/melfa_rv5as_moveit_config/package.dsv
[7.115s] -- Installing: /home/ram/melfa_ros2/install/melfa_rv5as_moveit_config/share/ament_index/resource_index/packages/melfa_rv5as_moveit_config
[7.115s] -- Installing: /home/ram/melfa_ros2/install/melfa_rv5as_moveit_config/share/melfa_rv5as_moveit_config/cmake/melfa_rv5as_moveit_configConfig.cmake
[7.115s] -- Installing: /home/ram/melfa_ros2/install/melfa_rv5as_moveit_config/share/melfa_rv5as_moveit_config/cmake/melfa_rv5as_moveit_configConfig-version.cmake
[7.115s] -- Installing: /home/ram/melfa_ros2/install/melfa_rv5as_moveit_config/share/melfa_rv5as_moveit_config/package.xml
[7.115s] -- Installing: /home/ram/melfa_ros2/install/melfa_rv5as_moveit_config/share/melfa_rv5as_moveit_config/launch
[7.115s] -- Installing: /home/ram/melfa_ros2/install/melfa_rv5as_moveit_config/share/melfa_rv5as_moveit_config/launch/moveit_rviz.launch.py
[7.115s] -- Installing: /home/ram/melfa_ros2/install/melfa_rv5as_moveit_config/share/melfa_rv5as_moveit_config/launch/spawn_controllers.launch.py
[7.115s] -- Installing: /home/ram/melfa_ros2/install/melfa_rv5as_moveit_config/share/melfa_rv5as_moveit_config/launch/setup_assistant.launch.py
[7.115s] -- Installing: /home/ram/melfa_ros2/install/melfa_rv5as_moveit_config/share/melfa_rv5as_moveit_config/launch/static_virtual_joint_tfs.launch.py
[7.115s] -- Installing: /home/ram/melfa_ros2/install/melfa_rv5as_moveit_config/share/melfa_rv5as_moveit_config/launch/rv5as_moveit.launch.py
[7.115s] -- Installing: /home/ram/melfa_ros2/install/melfa_rv5as_moveit_config/share/melfa_rv5as_moveit_config/launch/demo.launch.py
[7.115s] -- Installing: /home/ram/melfa_ros2/install/melfa_rv5as_moveit_config/share/melfa_rv5as_moveit_config/launch/warehouse_db.launch.py
[7.115s] -- Installing: /home/ram/melfa_ros2/install/melfa_rv5as_moveit_config/share/melfa_rv5as_moveit_config/launch/move_group.launch.py
[7.115s] -- Installing: /home/ram/melfa_ros2/install/melfa_rv5as_moveit_config/share/melfa_rv5as_moveit_config/launch/rsp.launch.py
[7.115s] -- Installing: /home/ram/melfa_ros2/install/melfa_rv5as_moveit_config/share/melfa_rv5as_moveit_config/config
[7.116s] -- Installing: /home/ram/melfa_ros2/install/melfa_rv5as_moveit_config/share/melfa_rv5as_moveit_config/config/rv5as.ros2_control.xacro
[7.116s] -- Installing: /home/ram/melfa_ros2/install/melfa_rv5as_moveit_config/share/melfa_rv5as_moveit_config/config/ompl_planning.yaml
[7.116s] -- Installing: /home/ram/melfa_ros2/install/melfa_rv5as_moveit_config/share/melfa_rv5as_moveit_config/config/moveit_controllers.yaml
[7.116s] -- Installing: /home/ram/melfa_ros2/install/melfa_rv5as_moveit_config/share/melfa_rv5as_moveit_config/config/rv5as.urdf.xacro
[7.116s] -- Installing: /home/ram/melfa_ros2/install/melfa_rv5as_moveit_config/share/melfa_rv5as_moveit_config/config/initial_positions.yaml
[7.116s] -- Installing: /home/ram/melfa_ros2/install/melfa_rv5as_moveit_config/share/melfa_rv5as_moveit_config/config/rv5as.srdf.xacro
[7.116s] -- Installing: /home/ram/melfa_ros2/install/melfa_rv5as_moveit_config/share/melfa_rv5as_moveit_config/config/moveit.rviz
[7.116s] -- Installing: /home/ram/melfa_ros2/install/melfa_rv5as_moveit_config/share/melfa_rv5as_moveit_config/config/stomp_planning.yaml
[7.116s] -- Installing: /home/ram/melfa_ros2/install/melfa_rv5as_moveit_config/share/melfa_rv5as_moveit_config/config/kinematics.yaml
[7.116s] -- Installing: /home/ram/melfa_ros2/install/melfa_rv5as_moveit_config/share/melfa_rv5as_moveit_config/config/rv5as.srdf
[7.116s] -- Installing: /home/ram/melfa_ros2/install/melfa_rv5as_moveit_config/share/melfa_rv5as_moveit_config/config/pilz_cartesian_limits.yaml
[7.116s] -- Installing: /home/ram/melfa_ros2/install/melfa_rv5as_moveit_config/share/melfa_rv5as_moveit_config/config/joint_limits.yaml
[7.116s] -- Installing: /home/ram/melfa_ros2/install/melfa_rv5as_moveit_config/share/melfa_rv5as_moveit_config/config/pilz_industrial_motion_planner_planning.yaml
[7.116s] -- Installing: /home/ram/melfa_ros2/install/melfa_rv5as_moveit_config/share/melfa_rv5as_moveit_config/config/chomp_planning.yaml
[7.116s] -- Installing: /home/ram/melfa_ros2/install/melfa_rv5as_moveit_config/share/melfa_rv5as_moveit_config/config/rv5as_servo.yaml
[7.116s] -- Installing: /home/ram/melfa_ros2/install/melfa_rv5as_moveit_config/share/melfa_rv5as_moveit_config/config/rv5as_macro.srdf.xacro
[7.116s] -- Installing: /home/ram/melfa_ros2/install/melfa_rv5as_moveit_config/share/melfa_rv5as_moveit_config/rviz
[7.116s] -- Installing: /home/ram/melfa_ros2/install/melfa_rv5as_moveit_config/share/melfa_rv5as_moveit_config/rviz/rv5as_moveit.rviz
[7.116s] -- Installing: /home/ram/melfa_ros2/install/melfa_rv5as_moveit_config/share/melfa_rv5as_moveit_config/.setup_assistant
[7.116s] -- Installing: /home/ram/melfa_ros2/install/melfa_rv5as_moveit_config/lib/melfa_rv5as_moveit_config/servo_keyboard_input
[7.116s] -- Set runtime path of "/home/ram/melfa_ros2/install/melfa_rv5as_moveit_config/lib/melfa_rv5as_moveit_config/servo_keyboard_input" to ""
[7.137s] Invoked command in '/home/ram/melfa_ros2/build/melfa_rv5as_moveit_config' returned '0': AMENT_PREFIX_PATH=/home/ram/melfa_ros2/install/melfa_description:/home/ram/melfa_ros2/install/xacro:${AMENT_PREFIX_PATH} CMAKE_PREFIX_PATH=/home/ram/melfa_ros2/install/melfa_description:/home/ram/melfa_ros2/install/xacro:/home/ram/cognipilot/cranium/install/synapse_ros:/home/ram/cognipilot/cranium/install/synapse_gz:/home/ram/cognipilot/cranium/install/synapse_tinyframe:/home/ram/cognipilot/cranium/install/synapse_protobuf:/home/ram/cognipilot/cranium/install/corti:/home/ram/cognipilot/cranium/install/synapse_msgs:/home/ram/cognipilot/cranium/install/dream_world:/home/ram/cognipilot/cranium/install/cerebri_bringup:/home/ram/cognipilot/cranium/install/b3rb_simulator:/home/ram/cognipilot/cranium/install/b3rb_desktop:/home/ram/cognipilot/cranium/install/b3rb_rviz:/home/ram/cognipilot/cranium/install/b3rb_nav2:/home/ram/cognipilot/cranium/install/b3rb_gz_resource:/home/ram/cognipilot/cranium/install/b3rb_gz_bringup:/home/ram/cognipilot/cranium/install/b3rb_description:/home/ram/cognipilot/electrode/install/electrode:/home/ram/cognipilot/cranium/install/b3rb_ros_line_follower:/opt/ros/humble PATH=/home/ram/melfa_ros2/install/xacro/bin:${PATH} PYTHONPATH=/home/ram/melfa_ros2/install/xacro/local/lib/python3.10/dist-packages:${PYTHONPATH} /usr/bin/cmake --install /home/ram/melfa_ros2/build/melfa_rv5as_moveit_config
