[0.012s] Invoking command in '/home/ram/melfa_ros2/build/melfa_msgs': CMAKE_PREFIX_PATH=${CMAKE_PREFIX_PATH}:/home/ram/cognipilot/cranium/install/b3rb_ros_line_follower:/opt/ros/humble /usr/bin/cmake /home/ram/melfa_ros2/src/melfa_ros2_driver/melfa_msgs -DCMAKE_INSTALL_PREFIX=/home/ram/melfa_ros2/install/melfa_msgs
[0.107s] -- The C compiler identification is GNU 11.4.0
[0.164s] -- The CXX compiler identification is GNU 11.4.0
[0.177s] -- Detecting C compiler ABI info
[0.230s] -- Detecting C compiler ABI info - done
[0.239s] -- Check for working C compiler: /usr/lib/ccache/cc - skipped
[0.252s] -- Detecting C compile features
[0.253s] -- Detecting C compile features - done
[0.255s] -- Detecting CXX compiler ABI info
[0.319s] -- Detecting CXX compiler ABI info - done
[0.324s] -- Check for working CXX compiler: /usr/lib/ccache/c++ - skipped
[0.325s] -- Detecting CXX compile features
[0.325s] -- Detecting CXX compile features - done
[0.336s] -- Found ament_cmake: 1.3.14 (/opt/ros/humble/share/ament_cmake/cmake)
[0.634s] -- Found Python3: /usr/bin/python3 (found version "3.10.12") found components: Interpreter 
[0.730s] -- Found rosidl_default_generators: 1.2.1 (/opt/ros/humble/share/rosidl_default_generators/cmake)
[0.736s] -- Using all available rosidl_typesupport_c: rosidl_typesupport_fastrtps_c;rosidl_typesupport_introspection_c
[0.746s] -- Found rosidl_adapter: 3.1.9 (/opt/ros/humble/share/rosidl_adapter/cmake)
[0.800s] -- Using all available rosidl_typesupport_cpp: rosidl_typesupport_fastrtps_cpp;rosidl_typesupport_introspection_cpp
[1.097s] -- Found ament_cmake_ros: 0.10.0 (/opt/ros/humble/share/ament_cmake_ros/cmake)
[1.279s] -- Using all available rosidl_typesupport_c: rosidl_typesupport_fastrtps_c;rosidl_typesupport_introspection_c
[1.507s] -- Using all available rosidl_typesupport_cpp: rosidl_typesupport_fastrtps_cpp;rosidl_typesupport_introspection_cpp
[1.531s] -- Found PythonInterp: /usr/bin/python3 (found suitable version "3.10.12", minimum required is "3.6") 
[1.534s] -- Found python_cmake_module: 0.10.0 (/opt/ros/humble/share/python_cmake_module/cmake)
[1.572s] -- Found PythonLibs: /usr/lib/x86_64-linux-gnu/libpython3.10.so (found suitable version "3.10.12", minimum required is "3.5") 
[1.572s] -- Using PYTHON_EXECUTABLE: /usr/bin/python3
[1.572s] -- Using PYTHON_INCLUDE_DIRS: /usr/include/python3.10
[1.572s] -- Using PYTHON_LIBRARIES: /usr/lib/x86_64-linux-gnu/libpython3.10.so
[1.591s] -- Found PythonExtra: .so  
[1.679s] -- Found ament_lint_auto: 0.12.15 (/opt/ros/humble/share/ament_lint_auto/cmake)
[1.706s] -- Added test 'lint_cmake' to check CMake code style
[1.707s] -- Added test 'xmllint' to check XML markup files
[1.709s] -- Configuring done
[1.731s] -- Generating done
[1.739s] -- Build files have been written to: /home/ram/melfa_ros2/build/melfa_msgs
[1.746s] Invoked command in '/home/ram/melfa_ros2/build/melfa_msgs' returned '0': CMAKE_PREFIX_PATH=${CMAKE_PREFIX_PATH}:/home/ram/cognipilot/cranium/install/b3rb_ros_line_follower:/opt/ros/humble /usr/bin/cmake /home/ram/melfa_ros2/src/melfa_ros2_driver/melfa_msgs -DCMAKE_INSTALL_PREFIX=/home/ram/melfa_ros2/install/melfa_msgs
[1.747s] Invoking command in '/home/ram/melfa_ros2/build/melfa_msgs': CMAKE_PREFIX_PATH=${CMAKE_PREFIX_PATH}:/home/ram/cognipilot/cranium/install/b3rb_ros_line_follower:/opt/ros/humble /usr/bin/cmake --build /home/ram/melfa_ros2/build/melfa_msgs -- -j16 -l16
[1.784s] [  1%] [34m[1mGenerating C code for ROS interfaces[0m
[1.797s] [  2%] [34m[1mGenerating C++ code for ROS interfaces[0m
[1.804s] [  4%] [34m[1mGenerating Rust code for ROS interfaces[0m
[1.807s] [  4%] Built target ament_cmake_python_copy_melfa_msgs
[1.986s] running egg_info
[1.998s] creating melfa_msgs.egg-info
[1.998s] writing melfa_msgs.egg-info/PKG-INFO
[1.998s] writing dependency_links to melfa_msgs.egg-info/dependency_links.txt
[1.998s] writing top-level names to melfa_msgs.egg-info/top_level.txt
[1.998s] writing manifest file 'melfa_msgs.egg-info/SOURCES.txt'
[2.037s] reading manifest file 'melfa_msgs.egg-info/SOURCES.txt'
[2.038s] writing manifest file 'melfa_msgs.egg-info/SOURCES.txt'
[2.058s] [  4%] Built target ament_cmake_python_build_melfa_msgs_egg
[2.255s] [  4%] Built target melfa_msgs__rs
[2.376s] [  4%] Built target melfa_msgs__cpp
[2.382s] [  5%] [34m[1mGenerating C++ introspection for ROS interfaces[0m
[2.382s] [  6%] [34m[1mGenerating C++ type support dispatch for ROS interfaces[0m
[2.385s] [  8%] [34m[1mGenerating C++ type support for eProsima Fast-RTPS[0m
[2.395s] [ 12%] [32mBuilding C object CMakeFiles/melfa_msgs__rosidl_generator_c.dir/rosidl_generator_c/melfa_msgs/srv/detail/gpio_configure__functions.c.o[0m
[2.395s] [ 12%] [32mBuilding C object CMakeFiles/melfa_msgs__rosidl_generator_c.dir/rosidl_generator_c/melfa_msgs/msg/detail/gpio_state__functions.c.o[0m
[2.395s] [ 12%] [32mBuilding C object CMakeFiles/melfa_msgs__rosidl_generator_c.dir/rosidl_generator_c/melfa_msgs/msg/detail/controller_type__functions.c.o[0m
[2.395s] [ 13%] [32mBuilding C object CMakeFiles/melfa_msgs__rosidl_generator_c.dir/rosidl_generator_c/melfa_msgs/srv/detail/mode_configure__functions.c.o[0m
[2.396s] [ 15%] [32mBuilding C object CMakeFiles/melfa_msgs__rosidl_generator_c.dir/rosidl_generator_c/melfa_msgs/msg/detail/control_mode__functions.c.o[0m
[2.398s] [ 16%] [32mBuilding C object CMakeFiles/melfa_msgs__rosidl_generator_c.dir/rosidl_generator_c/melfa_msgs/msg/detail/gpio_command__functions.c.o[0m
[2.466s] [ 18%] [32m[1mLinking C shared library libmelfa_msgs__rosidl_generator_c.so[0m
[2.508s] [ 18%] Built target melfa_msgs__rosidl_generator_c
[2.515s] [ 19%] [34m[1mGenerating C type support for eProsima Fast-RTPS[0m
[2.515s] [ 20%] [34m[1mGenerating C introspection for ROS interfaces[0m
[2.518s] [ 22%] [34m[1mGenerating C type support dispatch for ROS interfaces[0m
[2.919s] [ 23%] [32mBuilding CXX object CMakeFiles/melfa_msgs__rosidl_typesupport_fastrtps_cpp.dir/rosidl_typesupport_fastrtps_cpp/melfa_msgs/msg/detail/dds_fastrtps/gpio_state__type_support.cpp.o[0m
[2.919s] [ 25%] [32mBuilding CXX object CMakeFiles/melfa_msgs__rosidl_typesupport_fastrtps_cpp.dir/rosidl_typesupport_fastrtps_cpp/melfa_msgs/srv/detail/dds_fastrtps/mode_configure__type_support.cpp.o[0m
[2.919s] [ 26%] [32mBuilding CXX object CMakeFiles/melfa_msgs__rosidl_typesupport_fastrtps_cpp.dir/rosidl_typesupport_fastrtps_cpp/melfa_msgs/srv/detail/dds_fastrtps/gpio_configure__type_support.cpp.o[0m
[2.919s] [ 27%] [32mBuilding CXX object CMakeFiles/melfa_msgs__rosidl_typesupport_introspection_cpp.dir/rosidl_typesupport_introspection_cpp/melfa_msgs/srv/detail/gpio_configure__type_support.cpp.o[0m
[2.919s] [ 29%] [32mBuilding CXX object CMakeFiles/melfa_msgs__rosidl_typesupport_fastrtps_cpp.dir/rosidl_typesupport_fastrtps_cpp/melfa_msgs/msg/detail/dds_fastrtps/controller_type__type_support.cpp.o[0m
[2.920s] [ 30%] [32mBuilding CXX object CMakeFiles/melfa_msgs__rosidl_typesupport_fastrtps_cpp.dir/rosidl_typesupport_fastrtps_cpp/melfa_msgs/msg/detail/dds_fastrtps/gpio_command__type_support.cpp.o[0m
[2.921s] [ 31%] [32mBuilding CXX object CMakeFiles/melfa_msgs__rosidl_typesupport_introspection_cpp.dir/rosidl_typesupport_introspection_cpp/melfa_msgs/srv/detail/mode_configure__type_support.cpp.o[0m
[2.921s] [ 33%] [32mBuilding CXX object CMakeFiles/melfa_msgs__rosidl_typesupport_introspection_cpp.dir/rosidl_typesupport_introspection_cpp/melfa_msgs/msg/detail/gpio_command__type_support.cpp.o[0m
[2.921s] [ 34%] [32mBuilding CXX object CMakeFiles/melfa_msgs__rosidl_typesupport_introspection_cpp.dir/rosidl_typesupport_introspection_cpp/melfa_msgs/msg/detail/gpio_state__type_support.cpp.o[0m
[2.921s] [ 36%] [32mBuilding CXX object CMakeFiles/melfa_msgs__rosidl_typesupport_fastrtps_cpp.dir/rosidl_typesupport_fastrtps_cpp/melfa_msgs/msg/detail/dds_fastrtps/control_mode__type_support.cpp.o[0m
[2.924s] [ 37%] [32mBuilding CXX object CMakeFiles/melfa_msgs__rosidl_typesupport_introspection_cpp.dir/rosidl_typesupport_introspection_cpp/melfa_msgs/msg/detail/controller_type__type_support.cpp.o[0m
[2.926s] [ 38%] [32mBuilding CXX object CMakeFiles/melfa_msgs__rosidl_typesupport_introspection_cpp.dir/rosidl_typesupport_introspection_cpp/melfa_msgs/msg/detail/control_mode__type_support.cpp.o[0m
[2.938s] [ 40%] [32mBuilding CXX object CMakeFiles/melfa_msgs__rosidl_typesupport_cpp.dir/rosidl_typesupport_cpp/melfa_msgs/srv/gpio_configure__type_support.cpp.o[0m
[3.091s] [ 41%] [32mBuilding CXX object CMakeFiles/melfa_msgs__rosidl_typesupport_c.dir/rosidl_typesupport_c/melfa_msgs/srv/gpio_configure__type_support.cpp.o[0m
[3.214s] [ 43%] [32mBuilding CXX object CMakeFiles/melfa_msgs__rosidl_typesupport_c.dir/rosidl_typesupport_c/melfa_msgs/srv/mode_configure__type_support.cpp.o[0m
[3.330s] [ 44%] [32mBuilding CXX object CMakeFiles/melfa_msgs__rosidl_typesupport_c.dir/rosidl_typesupport_c/melfa_msgs/msg/gpio_state__type_support.cpp.o[0m
[3.407s] [ 45%] [32mBuilding C object CMakeFiles/melfa_msgs__rosidl_typesupport_introspection_c.dir/rosidl_typesupport_introspection_c/melfa_msgs/srv/detail/gpio_configure__type_support.c.o[0m
[3.459s] [ 47%] [32mBuilding CXX object CMakeFiles/melfa_msgs__rosidl_typesupport_c.dir/rosidl_typesupport_c/melfa_msgs/msg/gpio_command__type_support.cpp.o[0m
[3.466s] [ 48%] [32mBuilding CXX object CMakeFiles/melfa_msgs__rosidl_typesupport_cpp.dir/rosidl_typesupport_cpp/melfa_msgs/srv/mode_configure__type_support.cpp.o[0m
[3.477s] [ 50%] [32mBuilding CXX object CMakeFiles/melfa_msgs__rosidl_typesupport_fastrtps_c.dir/rosidl_typesupport_fastrtps_c/melfa_msgs/srv/detail/gpio_configure__type_support_c.cpp.o[0m
[3.536s] [ 51%] [32mBuilding C object CMakeFiles/melfa_msgs__rosidl_typesupport_introspection_c.dir/rosidl_typesupport_introspection_c/melfa_msgs/srv/detail/mode_configure__type_support.c.o[0m
[3.570s] [ 52%] [32mBuilding CXX object CMakeFiles/melfa_msgs__rosidl_typesupport_c.dir/rosidl_typesupport_c/melfa_msgs/msg/controller_type__type_support.cpp.o[0m
[3.627s] [ 54%] [32mBuilding C object CMakeFiles/melfa_msgs__rosidl_typesupport_introspection_c.dir/rosidl_typesupport_introspection_c/melfa_msgs/msg/detail/gpio_state__type_support.c.o[0m
[3.632s] [ 55%] [32mBuilding CXX object CMakeFiles/melfa_msgs__rosidl_typesupport_fastrtps_c.dir/rosidl_typesupport_fastrtps_c/melfa_msgs/srv/detail/mode_configure__type_support_c.cpp.o[0m
[3.674s] [ 56%] [32mBuilding C object CMakeFiles/melfa_msgs__rosidl_typesupport_introspection_c.dir/rosidl_typesupport_introspection_c/melfa_msgs/msg/detail/gpio_command__type_support.c.o[0m
[3.683s] [ 58%] [32mBuilding C object CMakeFiles/melfa_msgs__rosidl_typesupport_introspection_c.dir/rosidl_typesupport_introspection_c/melfa_msgs/msg/detail/controller_type__type_support.c.o[0m
[3.701s] [ 59%] [32mBuilding CXX object CMakeFiles/melfa_msgs__rosidl_typesupport_c.dir/rosidl_typesupport_c/melfa_msgs/msg/control_mode__type_support.cpp.o[0m
[3.734s] [ 61%] [32mBuilding C object CMakeFiles/melfa_msgs__rosidl_typesupport_introspection_c.dir/rosidl_typesupport_introspection_c/melfa_msgs/msg/detail/control_mode__type_support.c.o[0m
[3.756s] [ 62%] [32mBuilding CXX object CMakeFiles/melfa_msgs__rosidl_typesupport_cpp.dir/rosidl_typesupport_cpp/melfa_msgs/msg/gpio_state__type_support.cpp.o[0m
[3.763s] [ 63%] [32mBuilding CXX object CMakeFiles/melfa_msgs__rosidl_typesupport_fastrtps_c.dir/rosidl_typesupport_fastrtps_c/melfa_msgs/msg/detail/gpio_state__type_support_c.cpp.o[0m
[3.784s] [ 65%] [32mBuilding CXX object CMakeFiles/melfa_msgs__rosidl_typesupport_fastrtps_c.dir/rosidl_typesupport_fastrtps_c/melfa_msgs/msg/detail/gpio_command__type_support_c.cpp.o[0m
[3.791s] [ 66%] [32mBuilding CXX object CMakeFiles/melfa_msgs__rosidl_typesupport_cpp.dir/rosidl_typesupport_cpp/melfa_msgs/msg/gpio_command__type_support.cpp.o[0m
[3.800s] [ 68%] [32mBuilding CXX object CMakeFiles/melfa_msgs__rosidl_typesupport_cpp.dir/rosidl_typesupport_cpp/melfa_msgs/msg/controller_type__type_support.cpp.o[0m
[3.811s] [ 69%] [32mBuilding CXX object CMakeFiles/melfa_msgs__rosidl_typesupport_fastrtps_c.dir/rosidl_typesupport_fastrtps_c/melfa_msgs/msg/detail/controller_type__type_support_c.cpp.o[0m
[3.814s] [ 70%] [32mBuilding CXX object CMakeFiles/melfa_msgs__rosidl_typesupport_cpp.dir/rosidl_typesupport_cpp/melfa_msgs/msg/control_mode__type_support.cpp.o[0m
[3.820s] [ 72%] [32m[1mLinking CXX shared library libmelfa_msgs__rosidl_typesupport_c.so[0m
[3.832s] [ 73%] [32mBuilding CXX object CMakeFiles/melfa_msgs__rosidl_typesupport_fastrtps_c.dir/rosidl_typesupport_fastrtps_c/melfa_msgs/msg/detail/control_mode__type_support_c.cpp.o[0m
[3.841s] [ 75%] [32m[1mLinking C shared library libmelfa_msgs__rosidl_typesupport_introspection_c.so[0m
[3.872s] [ 76%] [32m[1mLinking CXX shared library libmelfa_msgs__rosidl_typesupport_introspection_cpp.so[0m
[3.908s] [ 77%] [32m[1mLinking CXX shared library libmelfa_msgs__rosidl_typesupport_fastrtps_cpp.so[0m
[3.916s] [ 77%] Built target melfa_msgs__rosidl_typesupport_introspection_c
[3.929s] [ 77%] Built target melfa_msgs__rosidl_typesupport_c
[4.008s] [ 77%] Built target melfa_msgs__rosidl_typesupport_fastrtps_cpp
[4.015s] [ 77%] Built target melfa_msgs__rosidl_typesupport_introspection_cpp
[4.398s] [ 79%] [32m[1mLinking CXX shared library libmelfa_msgs__rosidl_typesupport_cpp.so[0m
[4.455s] [ 79%] Built target melfa_msgs__rosidl_typesupport_cpp
[4.533s] [ 80%] [32m[1mLinking CXX shared library libmelfa_msgs__rosidl_typesupport_fastrtps_c.so[0m
[4.614s] [ 80%] Built target melfa_msgs__rosidl_typesupport_fastrtps_c
[4.633s] [ 80%] Built target melfa_msgs
[4.653s] [ 81%] [34m[1mGenerating Python code for ROS interfaces[0m
[6.310s] [ 81%] Built target melfa_msgs__py
[6.334s] [ 86%] [32mBuilding C object CMakeFiles/melfa_msgs__rosidl_generator_py.dir/rosidl_generator_py/melfa_msgs/msg/_gpio_state_s.c.o[0m
[6.334s] [ 86%] [32mBuilding C object CMakeFiles/melfa_msgs__rosidl_generator_py.dir/rosidl_generator_py/melfa_msgs/srv/_mode_configure_s.c.o[0m
[6.334s] [ 86%] [32mBuilding C object CMakeFiles/melfa_msgs__rosidl_generator_py.dir/rosidl_generator_py/melfa_msgs/srv/_gpio_configure_s.c.o[0m
[6.342s] [ 87%] [32mBuilding C object CMakeFiles/melfa_msgs__rosidl_generator_py.dir/rosidl_generator_py/melfa_msgs/msg/_control_mode_s.c.o[0m
[6.343s] [ 88%] [32mBuilding C object CMakeFiles/melfa_msgs__rosidl_generator_py.dir/rosidl_generator_py/melfa_msgs/msg/_gpio_command_s.c.o[0m
[6.344s] [ 90%] [32mBuilding C object CMakeFiles/melfa_msgs__rosidl_generator_py.dir/rosidl_generator_py/melfa_msgs/msg/_controller_type_s.c.o[0m
[6.697s] [ 91%] [32m[1mLinking C shared library rosidl_generator_py/melfa_msgs/libmelfa_msgs__rosidl_generator_py.so[0m
[6.748s] [ 91%] Built target melfa_msgs__rosidl_generator_py
[6.783s] [ 95%] [32mBuilding C object CMakeFiles/melfa_msgs__rosidl_typesupport_fastrtps_c__pyext.dir/rosidl_generator_py/melfa_msgs/_melfa_msgs_s.ep.rosidl_typesupport_fastrtps_c.c.o[0m
[6.783s] [ 95%] [32mBuilding C object CMakeFiles/melfa_msgs__rosidl_typesupport_introspection_c__pyext.dir/rosidl_generator_py/melfa_msgs/_melfa_msgs_s.ep.rosidl_typesupport_introspection_c.c.o[0m
[6.784s] [ 95%] [32mBuilding C object CMakeFiles/melfa_msgs__rosidl_typesupport_c__pyext.dir/rosidl_generator_py/melfa_msgs/_melfa_msgs_s.ep.rosidl_typesupport_c.c.o[0m
[6.997s] [ 97%] [32m[1mLinking C shared library rosidl_generator_py/melfa_msgs/melfa_msgs_s__rosidl_typesupport_introspection_c.cpython-310-x86_64-linux-gnu.so[0m
[7.006s] [ 98%] [32m[1mLinking C shared library rosidl_generator_py/melfa_msgs/melfa_msgs_s__rosidl_typesupport_fastrtps_c.cpython-310-x86_64-linux-gnu.so[0m
[7.011s] [100%] [32m[1mLinking C shared library rosidl_generator_py/melfa_msgs/melfa_msgs_s__rosidl_typesupport_c.cpython-310-x86_64-linux-gnu.so[0m
[7.043s] [100%] Built target melfa_msgs__rosidl_typesupport_introspection_c__pyext
[7.045s] [100%] Built target melfa_msgs__rosidl_typesupport_fastrtps_c__pyext
[7.053s] [100%] Built target melfa_msgs__rosidl_typesupport_c__pyext
[7.083s] Invoked command in '/home/ram/melfa_ros2/build/melfa_msgs' returned '0': CMAKE_PREFIX_PATH=${CMAKE_PREFIX_PATH}:/home/ram/cognipilot/cranium/install/b3rb_ros_line_follower:/opt/ros/humble /usr/bin/cmake --build /home/ram/melfa_ros2/build/melfa_msgs -- -j16 -l16
[7.087s] Invoking command in '/home/ram/melfa_ros2/build/melfa_msgs': CMAKE_PREFIX_PATH=${CMAKE_PREFIX_PATH}:/home/ram/cognipilot/cranium/install/b3rb_ros_line_follower:/opt/ros/humble /usr/bin/cmake --install /home/ram/melfa_ros2/build/melfa_msgs
[10.002s] -- Install configuration: ""
[10.003s] -- Installing: /home/ram/melfa_ros2/install/melfa_msgs/share/ament_index/resource_index/rosidl_interfaces/melfa_msgs
[10.003s] -- Installing: /home/ram/melfa_ros2/install/melfa_msgs/include/melfa_msgs/melfa_msgs
[10.003s] -- Installing: /home/ram/melfa_ros2/install/melfa_msgs/include/melfa_msgs/melfa_msgs/msg
[10.003s] -- Installing: /home/ram/melfa_ros2/install/melfa_msgs/include/melfa_msgs/melfa_msgs/msg/detail
[10.005s] -- Installing: /home/ram/melfa_ros2/install/melfa_msgs/include/melfa_msgs/melfa_msgs/msg/detail/gpio_command__type_support.h
[10.005s] -- Installing: /home/ram/melfa_ros2/install/melfa_msgs/include/melfa_msgs/melfa_msgs/msg/detail/controller_type__type_support.h
[10.006s] -- Installing: /home/ram/melfa_ros2/install/melfa_msgs/include/melfa_msgs/melfa_msgs/msg/detail/gpio_command__struct.h
[10.006s] -- Installing: /home/ram/melfa_ros2/install/melfa_msgs/include/melfa_msgs/melfa_msgs/msg/detail/control_mode__struct.h
[10.006s] -- Installing: /home/ram/melfa_ros2/install/melfa_msgs/include/melfa_msgs/melfa_msgs/msg/detail/gpio_state__struct.h
[10.006s] -- Installing: /home/ram/melfa_ros2/install/melfa_msgs/include/melfa_msgs/melfa_msgs/msg/detail/control_mode__functions.h
[10.006s] -- Installing: /home/ram/melfa_ros2/install/melfa_msgs/include/melfa_msgs/melfa_msgs/msg/detail/control_mode__type_support.h
[10.006s] -- Installing: /home/ram/melfa_ros2/install/melfa_msgs/include/melfa_msgs/melfa_msgs/msg/detail/gpio_state__type_support.h
[10.006s] -- Installing: /home/ram/melfa_ros2/install/melfa_msgs/include/melfa_msgs/melfa_msgs/msg/detail/control_mode__functions.c
[10.006s] -- Installing: /home/ram/melfa_ros2/install/melfa_msgs/include/melfa_msgs/melfa_msgs/msg/detail/controller_type__struct.h
[10.006s] -- Installing: /home/ram/melfa_ros2/install/melfa_msgs/include/melfa_msgs/melfa_msgs/msg/detail/gpio_state__functions.h
[10.006s] -- Installing: /home/ram/melfa_ros2/install/melfa_msgs/include/melfa_msgs/melfa_msgs/msg/detail/gpio_command__functions.h
[10.006s] -- Installing: /home/ram/melfa_ros2/install/melfa_msgs/include/melfa_msgs/melfa_msgs/msg/detail/controller_type__functions.c
[10.006s] -- Installing: /home/ram/melfa_ros2/install/melfa_msgs/include/melfa_msgs/melfa_msgs/msg/detail/controller_type__functions.h
[10.006s] -- Installing: /home/ram/melfa_ros2/install/melfa_msgs/include/melfa_msgs/melfa_msgs/msg/detail/gpio_state__functions.c
[10.007s] -- Installing: /home/ram/melfa_ros2/install/melfa_msgs/include/melfa_msgs/melfa_msgs/msg/detail/gpio_command__functions.c
[10.007s] -- Installing: /home/ram/melfa_ros2/install/melfa_msgs/include/melfa_msgs/melfa_msgs/msg/controller_type.h
[10.007s] -- Installing: /home/ram/melfa_ros2/install/melfa_msgs/include/melfa_msgs/melfa_msgs/msg/gpio_state.h
[10.007s] -- Installing: /home/ram/melfa_ros2/install/melfa_msgs/include/melfa_msgs/melfa_msgs/msg/control_mode.h
[10.007s] -- Installing: /home/ram/melfa_ros2/install/melfa_msgs/include/melfa_msgs/melfa_msgs/msg/gpio_command.h
[10.007s] -- Installing: /home/ram/melfa_ros2/install/melfa_msgs/include/melfa_msgs/melfa_msgs/msg/rosidl_generator_c__visibility_control.h
[10.007s] -- Installing: /home/ram/melfa_ros2/install/melfa_msgs/include/melfa_msgs/melfa_msgs/srv
[10.007s] -- Installing: /home/ram/melfa_ros2/install/melfa_msgs/include/melfa_msgs/melfa_msgs/srv/detail
[10.007s] -- Installing: /home/ram/melfa_ros2/install/melfa_msgs/include/melfa_msgs/melfa_msgs/srv/detail/mode_configure__type_support.h
[10.007s] -- Installing: /home/ram/melfa_ros2/install/melfa_msgs/include/melfa_msgs/melfa_msgs/srv/detail/mode_configure__functions.c
[10.007s] -- Installing: /home/ram/melfa_ros2/install/melfa_msgs/include/melfa_msgs/melfa_msgs/srv/detail/gpio_configure__struct.h
[10.008s] -- Installing: /home/ram/melfa_ros2/install/melfa_msgs/include/melfa_msgs/melfa_msgs/srv/detail/gpio_configure__type_support.h
[10.008s] -- Installing: /home/ram/melfa_ros2/install/melfa_msgs/include/melfa_msgs/melfa_msgs/srv/detail/mode_configure__functions.h
[10.008s] -- Installing: /home/ram/melfa_ros2/install/melfa_msgs/include/melfa_msgs/melfa_msgs/srv/detail/mode_configure__struct.h
[10.008s] -- Installing: /home/ram/melfa_ros2/install/melfa_msgs/include/melfa_msgs/melfa_msgs/srv/detail/gpio_configure__functions.c
[10.008s] -- Installing: /home/ram/melfa_ros2/install/melfa_msgs/include/melfa_msgs/melfa_msgs/srv/detail/gpio_configure__functions.h
[10.008s] -- Installing: /home/ram/melfa_ros2/install/melfa_msgs/include/melfa_msgs/melfa_msgs/srv/mode_configure.h
[10.008s] -- Installing: /home/ram/melfa_ros2/install/melfa_msgs/include/melfa_msgs/melfa_msgs/srv/gpio_configure.h
[10.008s] -- Installing: /home/ram/melfa_ros2/install/melfa_msgs/share/melfa_msgs/environment/library_path.sh
[10.008s] -- Installing: /home/ram/melfa_ros2/install/melfa_msgs/share/melfa_msgs/environment/library_path.dsv
[10.008s] -- Installing: /home/ram/melfa_ros2/install/melfa_msgs/lib/libmelfa_msgs__rosidl_generator_c.so
[10.008s] -- Set runtime path of "/home/ram/melfa_ros2/install/melfa_msgs/lib/libmelfa_msgs__rosidl_generator_c.so" to ""
[10.008s] -- Up-to-date: /home/ram/melfa_ros2/install/melfa_msgs/include/melfa_msgs/melfa_msgs
[10.008s] -- Up-to-date: /home/ram/melfa_ros2/install/melfa_msgs/include/melfa_msgs/melfa_msgs/msg
[10.009s] -- Up-to-date: /home/ram/melfa_ros2/install/melfa_msgs/include/melfa_msgs/melfa_msgs/msg/detail
[10.009s] -- Installing: /home/ram/melfa_ros2/install/melfa_msgs/include/melfa_msgs/melfa_msgs/msg/detail/control_mode__rosidl_typesupport_fastrtps_c.h
[10.009s] -- Installing: /home/ram/melfa_ros2/install/melfa_msgs/include/melfa_msgs/melfa_msgs/msg/detail/gpio_state__rosidl_typesupport_fastrtps_c.h
[10.009s] -- Installing: /home/ram/melfa_ros2/install/melfa_msgs/include/melfa_msgs/melfa_msgs/msg/detail/controller_type__rosidl_typesupport_fastrtps_c.h
[10.009s] -- Installing: /home/ram/melfa_ros2/install/melfa_msgs/include/melfa_msgs/melfa_msgs/msg/detail/gpio_command__rosidl_typesupport_fastrtps_c.h
[10.009s] -- Installing: /home/ram/melfa_ros2/install/melfa_msgs/include/melfa_msgs/melfa_msgs/msg/rosidl_typesupport_fastrtps_c__visibility_control.h
[10.009s] -- Up-to-date: /home/ram/melfa_ros2/install/melfa_msgs/include/melfa_msgs/melfa_msgs/srv
[10.009s] -- Up-to-date: /home/ram/melfa_ros2/install/melfa_msgs/include/melfa_msgs/melfa_msgs/srv/detail
[10.009s] -- Installing: /home/ram/melfa_ros2/install/melfa_msgs/include/melfa_msgs/melfa_msgs/srv/detail/gpio_configure__rosidl_typesupport_fastrtps_c.h
[10.009s] -- Installing: /home/ram/melfa_ros2/install/melfa_msgs/include/melfa_msgs/melfa_msgs/srv/detail/mode_configure__rosidl_typesupport_fastrtps_c.h
[10.009s] -- Installing: /home/ram/melfa_ros2/install/melfa_msgs/lib/libmelfa_msgs__rosidl_typesupport_fastrtps_c.so
[10.009s] -- Set runtime path of "/home/ram/melfa_ros2/install/melfa_msgs/lib/libmelfa_msgs__rosidl_typesupport_fastrtps_c.so" to ""
[10.010s] -- Up-to-date: /home/ram/melfa_ros2/install/melfa_msgs/include/melfa_msgs/melfa_msgs
[10.010s] -- Up-to-date: /home/ram/melfa_ros2/install/melfa_msgs/include/melfa_msgs/melfa_msgs/msg
[10.010s] -- Up-to-date: /home/ram/melfa_ros2/install/melfa_msgs/include/melfa_msgs/melfa_msgs/msg/detail
[10.010s] -- Installing: /home/ram/melfa_ros2/install/melfa_msgs/include/melfa_msgs/melfa_msgs/msg/detail/gpio_command__rosidl_typesupport_introspection_c.h
[10.010s] -- Installing: /home/ram/melfa_ros2/install/melfa_msgs/include/melfa_msgs/melfa_msgs/msg/detail/controller_type__type_support.c
[10.010s] -- Installing: /home/ram/melfa_ros2/install/melfa_msgs/include/melfa_msgs/melfa_msgs/msg/detail/controller_type__rosidl_typesupport_introspection_c.h
[10.010s] -- Installing: /home/ram/melfa_ros2/install/melfa_msgs/include/melfa_msgs/melfa_msgs/msg/detail/gpio_state__rosidl_typesupport_introspection_c.h
[10.010s] -- Installing: /home/ram/melfa_ros2/install/melfa_msgs/include/melfa_msgs/melfa_msgs/msg/detail/gpio_command__type_support.c
[10.010s] -- Installing: /home/ram/melfa_ros2/install/melfa_msgs/include/melfa_msgs/melfa_msgs/msg/detail/control_mode__type_support.c
[10.010s] -- Installing: /home/ram/melfa_ros2/install/melfa_msgs/include/melfa_msgs/melfa_msgs/msg/detail/gpio_state__type_support.c
[10.010s] -- Installing: /home/ram/melfa_ros2/install/melfa_msgs/include/melfa_msgs/melfa_msgs/msg/detail/control_mode__rosidl_typesupport_introspection_c.h
[10.010s] -- Installing: /home/ram/melfa_ros2/install/melfa_msgs/include/melfa_msgs/melfa_msgs/msg/rosidl_typesupport_introspection_c__visibility_control.h
[10.011s] -- Up-to-date: /home/ram/melfa_ros2/install/melfa_msgs/include/melfa_msgs/melfa_msgs/srv
[10.011s] -- Up-to-date: /home/ram/melfa_ros2/install/melfa_msgs/include/melfa_msgs/melfa_msgs/srv/detail
[10.011s] -- Installing: /home/ram/melfa_ros2/install/melfa_msgs/include/melfa_msgs/melfa_msgs/srv/detail/mode_configure__rosidl_typesupport_introspection_c.h
[10.011s] -- Installing: /home/ram/melfa_ros2/install/melfa_msgs/include/melfa_msgs/melfa_msgs/srv/detail/mode_configure__type_support.c
[10.011s] -- Installing: /home/ram/melfa_ros2/install/melfa_msgs/include/melfa_msgs/melfa_msgs/srv/detail/gpio_configure__type_support.c
[10.011s] -- Installing: /home/ram/melfa_ros2/install/melfa_msgs/include/melfa_msgs/melfa_msgs/srv/detail/gpio_configure__rosidl_typesupport_introspection_c.h
[10.011s] -- Installing: /home/ram/melfa_ros2/install/melfa_msgs/lib/libmelfa_msgs__rosidl_typesupport_introspection_c.so
[10.011s] -- Set runtime path of "/home/ram/melfa_ros2/install/melfa_msgs/lib/libmelfa_msgs__rosidl_typesupport_introspection_c.so" to ""
[10.011s] -- Installing: /home/ram/melfa_ros2/install/melfa_msgs/lib/libmelfa_msgs__rosidl_typesupport_c.so
[10.011s] -- Set runtime path of "/home/ram/melfa_ros2/install/melfa_msgs/lib/libmelfa_msgs__rosidl_typesupport_c.so" to ""
[10.011s] -- Up-to-date: /home/ram/melfa_ros2/install/melfa_msgs/include/melfa_msgs/melfa_msgs
[10.012s] -- Up-to-date: /home/ram/melfa_ros2/install/melfa_msgs/include/melfa_msgs/melfa_msgs/msg
[10.012s] -- Installing: /home/ram/melfa_ros2/install/melfa_msgs/include/melfa_msgs/melfa_msgs/msg/controller_type.hpp
[10.012s] -- Up-to-date: /home/ram/melfa_ros2/install/melfa_msgs/include/melfa_msgs/melfa_msgs/msg/detail
[10.012s] -- Installing: /home/ram/melfa_ros2/install/melfa_msgs/include/melfa_msgs/melfa_msgs/msg/detail/control_mode__struct.hpp
[10.012s] -- Installing: /home/ram/melfa_ros2/install/melfa_msgs/include/melfa_msgs/melfa_msgs/msg/detail/gpio_state__struct.hpp
[10.012s] -- Installing: /home/ram/melfa_ros2/install/melfa_msgs/include/melfa_msgs/melfa_msgs/msg/detail/control_mode__traits.hpp
[10.012s] -- Installing: /home/ram/melfa_ros2/install/melfa_msgs/include/melfa_msgs/melfa_msgs/msg/detail/gpio_command__struct.hpp
[10.012s] -- Installing: /home/ram/melfa_ros2/install/melfa_msgs/include/melfa_msgs/melfa_msgs/msg/detail/gpio_command__type_support.hpp
[10.013s] -- Installing: /home/ram/melfa_ros2/install/melfa_msgs/include/melfa_msgs/melfa_msgs/msg/detail/controller_type__struct.hpp
[10.013s] -- Installing: /home/ram/melfa_ros2/install/melfa_msgs/include/melfa_msgs/melfa_msgs/msg/detail/controller_type__builder.hpp
[10.013s] -- Installing: /home/ram/melfa_ros2/install/melfa_msgs/include/melfa_msgs/melfa_msgs/msg/detail/gpio_state__traits.hpp
[10.013s] -- Installing: /home/ram/melfa_ros2/install/melfa_msgs/include/melfa_msgs/melfa_msgs/msg/detail/gpio_command__builder.hpp
[10.013s] -- Installing: /home/ram/melfa_ros2/install/melfa_msgs/include/melfa_msgs/melfa_msgs/msg/detail/control_mode__builder.hpp
[10.013s] -- Installing: /home/ram/melfa_ros2/install/melfa_msgs/include/melfa_msgs/melfa_msgs/msg/detail/control_mode__type_support.hpp
[10.013s] -- Installing: /home/ram/melfa_ros2/install/melfa_msgs/include/melfa_msgs/melfa_msgs/msg/detail/gpio_state__type_support.hpp
[10.013s] -- Installing: /home/ram/melfa_ros2/install/melfa_msgs/include/melfa_msgs/melfa_msgs/msg/detail/controller_type__traits.hpp
[10.013s] -- Installing: /home/ram/melfa_ros2/install/melfa_msgs/include/melfa_msgs/melfa_msgs/msg/detail/gpio_command__traits.hpp
[10.013s] -- Installing: /home/ram/melfa_ros2/install/melfa_msgs/include/melfa_msgs/melfa_msgs/msg/detail/controller_type__type_support.hpp
[10.014s] -- Installing: /home/ram/melfa_ros2/install/melfa_msgs/include/melfa_msgs/melfa_msgs/msg/detail/gpio_state__builder.hpp
[10.014s] -- Installing: /home/ram/melfa_ros2/install/melfa_msgs/include/melfa_msgs/melfa_msgs/msg/gpio_state.hpp
[10.014s] -- Installing: /home/ram/melfa_ros2/install/melfa_msgs/include/melfa_msgs/melfa_msgs/msg/gpio_command.hpp
[10.014s] -- Installing: /home/ram/melfa_ros2/install/melfa_msgs/include/melfa_msgs/melfa_msgs/msg/rosidl_generator_cpp__visibility_control.hpp
[10.014s] -- Installing: /home/ram/melfa_ros2/install/melfa_msgs/include/melfa_msgs/melfa_msgs/msg/control_mode.hpp
[10.014s] -- Up-to-date: /home/ram/melfa_ros2/install/melfa_msgs/include/melfa_msgs/melfa_msgs/srv
[10.014s] -- Installing: /home/ram/melfa_ros2/install/melfa_msgs/include/melfa_msgs/melfa_msgs/srv/mode_configure.hpp
[10.014s] -- Up-to-date: /home/ram/melfa_ros2/install/melfa_msgs/include/melfa_msgs/melfa_msgs/srv/detail
[10.014s] -- Installing: /home/ram/melfa_ros2/install/melfa_msgs/include/melfa_msgs/melfa_msgs/srv/detail/gpio_configure__struct.hpp
[10.014s] -- Installing: /home/ram/melfa_ros2/install/melfa_msgs/include/melfa_msgs/melfa_msgs/srv/detail/gpio_configure__type_support.hpp
[10.014s] -- Installing: /home/ram/melfa_ros2/install/melfa_msgs/include/melfa_msgs/melfa_msgs/srv/detail/mode_configure__builder.hpp
[10.014s] -- Installing: /home/ram/melfa_ros2/install/melfa_msgs/include/melfa_msgs/melfa_msgs/srv/detail/mode_configure__traits.hpp
[10.014s] -- Installing: /home/ram/melfa_ros2/install/melfa_msgs/include/melfa_msgs/melfa_msgs/srv/detail/mode_configure__type_support.hpp
[10.014s] -- Installing: /home/ram/melfa_ros2/install/melfa_msgs/include/melfa_msgs/melfa_msgs/srv/detail/gpio_configure__builder.hpp
[10.015s] -- Installing: /home/ram/melfa_ros2/install/melfa_msgs/include/melfa_msgs/melfa_msgs/srv/detail/mode_configure__struct.hpp
[10.015s] -- Installing: /home/ram/melfa_ros2/install/melfa_msgs/include/melfa_msgs/melfa_msgs/srv/detail/gpio_configure__traits.hpp
[10.015s] -- Installing: /home/ram/melfa_ros2/install/melfa_msgs/include/melfa_msgs/melfa_msgs/srv/gpio_configure.hpp
[10.015s] -- Up-to-date: /home/ram/melfa_ros2/install/melfa_msgs/include/melfa_msgs/melfa_msgs
[10.015s] -- Up-to-date: /home/ram/melfa_ros2/install/melfa_msgs/include/melfa_msgs/melfa_msgs/msg
[10.015s] -- Up-to-date: /home/ram/melfa_ros2/install/melfa_msgs/include/melfa_msgs/melfa_msgs/msg/detail
[10.015s] -- Installing: /home/ram/melfa_ros2/install/melfa_msgs/include/melfa_msgs/melfa_msgs/msg/detail/gpio_state__rosidl_typesupport_fastrtps_cpp.hpp
[10.015s] -- Installing: /home/ram/melfa_ros2/install/melfa_msgs/include/melfa_msgs/melfa_msgs/msg/detail/gpio_command__rosidl_typesupport_fastrtps_cpp.hpp
[10.015s] -- Installing: /home/ram/melfa_ros2/install/melfa_msgs/include/melfa_msgs/melfa_msgs/msg/detail/controller_type__rosidl_typesupport_fastrtps_cpp.hpp
[10.015s] -- Installing: /home/ram/melfa_ros2/install/melfa_msgs/include/melfa_msgs/melfa_msgs/msg/detail/control_mode__rosidl_typesupport_fastrtps_cpp.hpp
[10.015s] -- Installing: /home/ram/melfa_ros2/install/melfa_msgs/include/melfa_msgs/melfa_msgs/msg/detail/dds_fastrtps
[10.015s] -- Installing: /home/ram/melfa_ros2/install/melfa_msgs/include/melfa_msgs/melfa_msgs/msg/rosidl_typesupport_fastrtps_cpp__visibility_control.h
[10.015s] -- Up-to-date: /home/ram/melfa_ros2/install/melfa_msgs/include/melfa_msgs/melfa_msgs/srv
[10.015s] -- Up-to-date: /home/ram/melfa_ros2/install/melfa_msgs/include/melfa_msgs/melfa_msgs/srv/detail
[10.016s] -- Installing: /home/ram/melfa_ros2/install/melfa_msgs/include/melfa_msgs/melfa_msgs/srv/detail/mode_configure__rosidl_typesupport_fastrtps_cpp.hpp
[10.016s] -- Installing: /home/ram/melfa_ros2/install/melfa_msgs/include/melfa_msgs/melfa_msgs/srv/detail/gpio_configure__rosidl_typesupport_fastrtps_cpp.hpp
[10.016s] -- Installing: /home/ram/melfa_ros2/install/melfa_msgs/include/melfa_msgs/melfa_msgs/srv/detail/dds_fastrtps
[10.016s] -- Installing: /home/ram/melfa_ros2/install/melfa_msgs/lib/libmelfa_msgs__rosidl_typesupport_fastrtps_cpp.so
[10.016s] -- Set runtime path of "/home/ram/melfa_ros2/install/melfa_msgs/lib/libmelfa_msgs__rosidl_typesupport_fastrtps_cpp.so" to ""
[10.016s] -- Up-to-date: /home/ram/melfa_ros2/install/melfa_msgs/include/melfa_msgs/melfa_msgs
[10.016s] -- Up-to-date: /home/ram/melfa_ros2/install/melfa_msgs/include/melfa_msgs/melfa_msgs/msg
[10.016s] -- Up-to-date: /home/ram/melfa_ros2/install/melfa_msgs/include/melfa_msgs/melfa_msgs/msg/detail
[10.016s] -- Installing: /home/ram/melfa_ros2/install/melfa_msgs/include/melfa_msgs/melfa_msgs/msg/detail/control_mode__type_support.cpp
[10.016s] -- Installing: /home/ram/melfa_ros2/install/melfa_msgs/include/melfa_msgs/melfa_msgs/msg/detail/gpio_state__type_support.cpp
[10.016s] -- Installing: /home/ram/melfa_ros2/install/melfa_msgs/include/melfa_msgs/melfa_msgs/msg/detail/gpio_state__rosidl_typesupport_introspection_cpp.hpp
[10.016s] -- Installing: /home/ram/melfa_ros2/install/melfa_msgs/include/melfa_msgs/melfa_msgs/msg/detail/gpio_command__type_support.cpp
[10.016s] -- Installing: /home/ram/melfa_ros2/install/melfa_msgs/include/melfa_msgs/melfa_msgs/msg/detail/control_mode__rosidl_typesupport_introspection_cpp.hpp
[10.016s] -- Installing: /home/ram/melfa_ros2/install/melfa_msgs/include/melfa_msgs/melfa_msgs/msg/detail/controller_type__type_support.cpp
[10.017s] -- Installing: /home/ram/melfa_ros2/install/melfa_msgs/include/melfa_msgs/melfa_msgs/msg/detail/controller_type__rosidl_typesupport_introspection_cpp.hpp
[10.017s] -- Installing: /home/ram/melfa_ros2/install/melfa_msgs/include/melfa_msgs/melfa_msgs/msg/detail/gpio_command__rosidl_typesupport_introspection_cpp.hpp
[10.017s] -- Up-to-date: /home/ram/melfa_ros2/install/melfa_msgs/include/melfa_msgs/melfa_msgs/srv
[10.017s] -- Up-to-date: /home/ram/melfa_ros2/install/melfa_msgs/include/melfa_msgs/melfa_msgs/srv/detail
[10.017s] -- Installing: /home/ram/melfa_ros2/install/melfa_msgs/include/melfa_msgs/melfa_msgs/srv/detail/gpio_configure__type_support.cpp
[10.017s] -- Installing: /home/ram/melfa_ros2/install/melfa_msgs/include/melfa_msgs/melfa_msgs/srv/detail/gpio_configure__rosidl_typesupport_introspection_cpp.hpp
[10.017s] -- Installing: /home/ram/melfa_ros2/install/melfa_msgs/include/melfa_msgs/melfa_msgs/srv/detail/mode_configure__rosidl_typesupport_introspection_cpp.hpp
[10.017s] -- Installing: /home/ram/melfa_ros2/install/melfa_msgs/include/melfa_msgs/melfa_msgs/srv/detail/mode_configure__type_support.cpp
[10.017s] -- Installing: /home/ram/melfa_ros2/install/melfa_msgs/lib/libmelfa_msgs__rosidl_typesupport_introspection_cpp.so
[10.017s] -- Set runtime path of "/home/ram/melfa_ros2/install/melfa_msgs/lib/libmelfa_msgs__rosidl_typesupport_introspection_cpp.so" to ""
[10.017s] -- Installing: /home/ram/melfa_ros2/install/melfa_msgs/lib/libmelfa_msgs__rosidl_typesupport_cpp.so
[10.017s] -- Set runtime path of "/home/ram/melfa_ros2/install/melfa_msgs/lib/libmelfa_msgs__rosidl_typesupport_cpp.so" to ""
[10.017s] -- Installing: /home/ram/melfa_ros2/install/melfa_msgs/share/melfa_msgs/environment/pythonpath.sh
[10.017s] -- Installing: /home/ram/melfa_ros2/install/melfa_msgs/share/melfa_msgs/environment/pythonpath.dsv
[10.018s] -- Installing: /home/ram/melfa_ros2/install/melfa_msgs/local/lib/python3.10/dist-packages/melfa_msgs-1.0.0-py3.10.egg-info
[10.018s] -- Installing: /home/ram/melfa_ros2/install/melfa_msgs/local/lib/python3.10/dist-packages/melfa_msgs-1.0.0-py3.10.egg-info/PKG-INFO
[10.018s] -- Installing: /home/ram/melfa_ros2/install/melfa_msgs/local/lib/python3.10/dist-packages/melfa_msgs-1.0.0-py3.10.egg-info/top_level.txt
[10.019s] -- Installing: /home/ram/melfa_ros2/install/melfa_msgs/local/lib/python3.10/dist-packages/melfa_msgs-1.0.0-py3.10.egg-info/SOURCES.txt
[10.019s] -- Installing: /home/ram/melfa_ros2/install/melfa_msgs/local/lib/python3.10/dist-packages/melfa_msgs-1.0.0-py3.10.egg-info/dependency_links.txt
[10.019s] -- Installing: /home/ram/melfa_ros2/install/melfa_msgs/local/lib/python3.10/dist-packages/melfa_msgs
[10.019s] -- Installing: /home/ram/melfa_ros2/install/melfa_msgs/local/lib/python3.10/dist-packages/melfa_msgs/__init__.py
[10.019s] -- Installing: /home/ram/melfa_ros2/install/melfa_msgs/local/lib/python3.10/dist-packages/melfa_msgs/melfa_msgs_s__rosidl_typesupport_introspection_c.cpython-310-x86_64-linux-gnu.so
[10.019s] -- Installing: /home/ram/melfa_ros2/install/melfa_msgs/local/lib/python3.10/dist-packages/melfa_msgs/msg
[10.019s] -- Installing: /home/ram/melfa_ros2/install/melfa_msgs/local/lib/python3.10/dist-packages/melfa_msgs/msg/_gpio_state_s.c
[10.019s] -- Installing: /home/ram/melfa_ros2/install/melfa_msgs/local/lib/python3.10/dist-packages/melfa_msgs/msg/__init__.py
[10.019s] -- Installing: /home/ram/melfa_ros2/install/melfa_msgs/local/lib/python3.10/dist-packages/melfa_msgs/msg/_control_mode.py
[10.019s] -- Installing: /home/ram/melfa_ros2/install/melfa_msgs/local/lib/python3.10/dist-packages/melfa_msgs/msg/_gpio_command.py
[10.019s] -- Installing: /home/ram/melfa_ros2/install/melfa_msgs/local/lib/python3.10/dist-packages/melfa_msgs/msg/_control_mode_s.c
[10.019s] -- Installing: /home/ram/melfa_ros2/install/melfa_msgs/local/lib/python3.10/dist-packages/melfa_msgs/msg/_gpio_state.py
[10.020s] -- Installing: /home/ram/melfa_ros2/install/melfa_msgs/local/lib/python3.10/dist-packages/melfa_msgs/msg/_controller_type_s.c
[10.020s] -- Installing: /home/ram/melfa_ros2/install/melfa_msgs/local/lib/python3.10/dist-packages/melfa_msgs/msg/_gpio_command_s.c
[10.020s] -- Installing: /home/ram/melfa_ros2/install/melfa_msgs/local/lib/python3.10/dist-packages/melfa_msgs/msg/_controller_type.py
[10.020s] -- Installing: /home/ram/melfa_ros2/install/melfa_msgs/local/lib/python3.10/dist-packages/melfa_msgs/libmelfa_msgs__rosidl_generator_py.so
[10.020s] -- Installing: /home/ram/melfa_ros2/install/melfa_msgs/local/lib/python3.10/dist-packages/melfa_msgs/_melfa_msgs_s.ep.rosidl_typesupport_introspection_c.c
[10.020s] -- Installing: /home/ram/melfa_ros2/install/melfa_msgs/local/lib/python3.10/dist-packages/melfa_msgs/melfa_msgs_s__rosidl_typesupport_c.cpython-310-x86_64-linux-gnu.so
[10.020s] -- Installing: /home/ram/melfa_ros2/install/melfa_msgs/local/lib/python3.10/dist-packages/melfa_msgs/srv
[10.020s] -- Installing: /home/ram/melfa_ros2/install/melfa_msgs/local/lib/python3.10/dist-packages/melfa_msgs/srv/__init__.py
[10.020s] -- Installing: /home/ram/melfa_ros2/install/melfa_msgs/local/lib/python3.10/dist-packages/melfa_msgs/srv/_mode_configure.py
[10.020s] -- Installing: /home/ram/melfa_ros2/install/melfa_msgs/local/lib/python3.10/dist-packages/melfa_msgs/srv/_mode_configure_s.c
[10.020s] -- Installing: /home/ram/melfa_ros2/install/melfa_msgs/local/lib/python3.10/dist-packages/melfa_msgs/srv/_gpio_configure_s.c
[10.021s] -- Installing: /home/ram/melfa_ros2/install/melfa_msgs/local/lib/python3.10/dist-packages/melfa_msgs/srv/_gpio_configure.py
[10.021s] -- Installing: /home/ram/melfa_ros2/install/melfa_msgs/local/lib/python3.10/dist-packages/melfa_msgs/_melfa_msgs_s.ep.rosidl_typesupport_fastrtps_c.c
[10.021s] -- Installing: /home/ram/melfa_ros2/install/melfa_msgs/local/lib/python3.10/dist-packages/melfa_msgs/_melfa_msgs_s.ep.rosidl_typesupport_c.c
[10.021s] -- Installing: /home/ram/melfa_ros2/install/melfa_msgs/local/lib/python3.10/dist-packages/melfa_msgs/melfa_msgs_s__rosidl_typesupport_fastrtps_c.cpython-310-x86_64-linux-gnu.so
[10.077s] Listing '/home/ram/melfa_ros2/install/melfa_msgs/local/lib/python3.10/dist-packages/melfa_msgs'...
[10.077s] Compiling '/home/ram/melfa_ros2/install/melfa_msgs/local/lib/python3.10/dist-packages/melfa_msgs/__init__.py'...
[10.077s] Listing '/home/ram/melfa_ros2/install/melfa_msgs/local/lib/python3.10/dist-packages/melfa_msgs/msg'...
[10.078s] Compiling '/home/ram/melfa_ros2/install/melfa_msgs/local/lib/python3.10/dist-packages/melfa_msgs/msg/__init__.py'...
[10.078s] Compiling '/home/ram/melfa_ros2/install/melfa_msgs/local/lib/python3.10/dist-packages/melfa_msgs/msg/_control_mode.py'...
[10.078s] Compiling '/home/ram/melfa_ros2/install/melfa_msgs/local/lib/python3.10/dist-packages/melfa_msgs/msg/_controller_type.py'...
[10.078s] Compiling '/home/ram/melfa_ros2/install/melfa_msgs/local/lib/python3.10/dist-packages/melfa_msgs/msg/_gpio_command.py'...
[10.078s] Compiling '/home/ram/melfa_ros2/install/melfa_msgs/local/lib/python3.10/dist-packages/melfa_msgs/msg/_gpio_state.py'...
[10.078s] Listing '/home/ram/melfa_ros2/install/melfa_msgs/local/lib/python3.10/dist-packages/melfa_msgs/srv'...
[10.079s] Compiling '/home/ram/melfa_ros2/install/melfa_msgs/local/lib/python3.10/dist-packages/melfa_msgs/srv/__init__.py'...
[10.079s] Compiling '/home/ram/melfa_ros2/install/melfa_msgs/local/lib/python3.10/dist-packages/melfa_msgs/srv/_gpio_configure.py'...
[10.079s] Compiling '/home/ram/melfa_ros2/install/melfa_msgs/local/lib/python3.10/dist-packages/melfa_msgs/srv/_mode_configure.py'...
[10.083s] -- Installing: /home/ram/melfa_ros2/install/melfa_msgs/local/lib/python3.10/dist-packages/melfa_msgs/melfa_msgs_s__rosidl_typesupport_fastrtps_c.cpython-310-x86_64-linux-gnu.so
[10.083s] -- Set runtime path of "/home/ram/melfa_ros2/install/melfa_msgs/local/lib/python3.10/dist-packages/melfa_msgs/melfa_msgs_s__rosidl_typesupport_fastrtps_c.cpython-310-x86_64-linux-gnu.so" to ""
[10.084s] -- Installing: /home/ram/melfa_ros2/install/melfa_msgs/local/lib/python3.10/dist-packages/melfa_msgs/melfa_msgs_s__rosidl_typesupport_introspection_c.cpython-310-x86_64-linux-gnu.so
[10.084s] -- Set runtime path of "/home/ram/melfa_ros2/install/melfa_msgs/local/lib/python3.10/dist-packages/melfa_msgs/melfa_msgs_s__rosidl_typesupport_introspection_c.cpython-310-x86_64-linux-gnu.so" to ""
[10.084s] -- Installing: /home/ram/melfa_ros2/install/melfa_msgs/local/lib/python3.10/dist-packages/melfa_msgs/melfa_msgs_s__rosidl_typesupport_c.cpython-310-x86_64-linux-gnu.so
[10.085s] -- Set runtime path of "/home/ram/melfa_ros2/install/melfa_msgs/local/lib/python3.10/dist-packages/melfa_msgs/melfa_msgs_s__rosidl_typesupport_c.cpython-310-x86_64-linux-gnu.so" to ""
[10.085s] -- Installing: /home/ram/melfa_ros2/install/melfa_msgs/lib/libmelfa_msgs__rosidl_generator_py.so
[10.085s] -- Set runtime path of "/home/ram/melfa_ros2/install/melfa_msgs/lib/libmelfa_msgs__rosidl_generator_py.so" to ""
[10.085s] -- Installing: /home/ram/melfa_ros2/install/melfa_msgs/share/ament_index/resource_index/rust_packages/melfa_msgs
[10.086s] -- Installing: /home/ram/melfa_ros2/install/melfa_msgs/share/melfa_msgs/rust
[10.086s] -- Installing: /home/ram/melfa_ros2/install/melfa_msgs/share/melfa_msgs/rust/src
[10.086s] -- Installing: /home/ram/melfa_ros2/install/melfa_msgs/share/melfa_msgs/rust/src/msg.rs
[10.086s] -- Installing: /home/ram/melfa_ros2/install/melfa_msgs/share/melfa_msgs/rust/src/msg
[10.086s] -- Installing: /home/ram/melfa_ros2/install/melfa_msgs/share/melfa_msgs/rust/src/msg/rmw.rs
[10.087s] -- Installing: /home/ram/melfa_ros2/install/melfa_msgs/share/melfa_msgs/rust/src/srv
[10.087s] -- Installing: /home/ram/melfa_ros2/install/melfa_msgs/share/melfa_msgs/rust/src/srv/rmw.rs
[10.087s] -- Installing: /home/ram/melfa_ros2/install/melfa_msgs/share/melfa_msgs/rust/src/lib.rs
[10.087s] -- Installing: /home/ram/melfa_ros2/install/melfa_msgs/share/melfa_msgs/rust/src/srv.rs
[10.087s] -- Installing: /home/ram/melfa_ros2/install/melfa_msgs/share/melfa_msgs/rust/Cargo.toml
[10.088s] -- Installing: /home/ram/melfa_ros2/install/melfa_msgs/share/melfa_msgs/rust/build.rs
[10.088s] -- Installing: /home/ram/melfa_ros2/install/melfa_msgs/share/melfa_msgs/srv/GpioConfigure.idl
[10.088s] -- Installing: /home/ram/melfa_ros2/install/melfa_msgs/share/melfa_msgs/srv/ModeConfigure.idl
[10.088s] -- Installing: /home/ram/melfa_ros2/install/melfa_msgs/share/melfa_msgs/msg/GpioState.idl
[10.088s] -- Installing: /home/ram/melfa_ros2/install/melfa_msgs/share/melfa_msgs/msg/GpioCommand.idl
[10.088s] -- Installing: /home/ram/melfa_ros2/install/melfa_msgs/share/melfa_msgs/msg/ControllerType.idl
[10.089s] -- Installing: /home/ram/melfa_ros2/install/melfa_msgs/share/melfa_msgs/msg/ControlMode.idl
[10.089s] -- Installing: /home/ram/melfa_ros2/install/melfa_msgs/share/melfa_msgs/srv/GpioConfigure.srv
[10.089s] -- Installing: /home/ram/melfa_ros2/install/melfa_msgs/share/melfa_msgs/srv/GpioConfigure_Request.msg
[10.089s] -- Installing: /home/ram/melfa_ros2/install/melfa_msgs/share/melfa_msgs/srv/GpioConfigure_Response.msg
[10.089s] -- Installing: /home/ram/melfa_ros2/install/melfa_msgs/share/melfa_msgs/srv/ModeConfigure.srv
[10.089s] -- Installing: /home/ram/melfa_ros2/install/melfa_msgs/share/melfa_msgs/srv/ModeConfigure_Request.msg
[10.090s] -- Installing: /home/ram/melfa_ros2/install/melfa_msgs/share/melfa_msgs/srv/ModeConfigure_Response.msg
[10.090s] -- Installing: /home/ram/melfa_ros2/install/melfa_msgs/share/melfa_msgs/msg/GpioState.msg
[10.090s] -- Installing: /home/ram/melfa_ros2/install/melfa_msgs/share/melfa_msgs/msg/GpioCommand.msg
[10.090s] -- Installing: /home/ram/melfa_ros2/install/melfa_msgs/share/melfa_msgs/msg/ControllerType.msg
[10.090s] -- Installing: /home/ram/melfa_ros2/install/melfa_msgs/share/melfa_msgs/msg/ControlMode.msg
[10.090s] -- Installing: /home/ram/melfa_ros2/install/melfa_msgs/share/ament_index/resource_index/package_run_dependencies/melfa_msgs
[10.091s] -- Installing: /home/ram/melfa_ros2/install/melfa_msgs/share/ament_index/resource_index/parent_prefix_path/melfa_msgs
[10.091s] -- Installing: /home/ram/melfa_ros2/install/melfa_msgs/share/melfa_msgs/environment/ament_prefix_path.sh
[10.091s] -- Installing: /home/ram/melfa_ros2/install/melfa_msgs/share/melfa_msgs/environment/ament_prefix_path.dsv
[10.091s] -- Installing: /home/ram/melfa_ros2/install/melfa_msgs/share/melfa_msgs/environment/path.sh
[10.092s] -- Installing: /home/ram/melfa_ros2/install/melfa_msgs/share/melfa_msgs/environment/path.dsv
[10.092s] -- Installing: /home/ram/melfa_ros2/install/melfa_msgs/share/melfa_msgs/local_setup.bash
[10.092s] -- Installing: /home/ram/melfa_ros2/install/melfa_msgs/share/melfa_msgs/local_setup.sh
[10.092s] -- Installing: /home/ram/melfa_ros2/install/melfa_msgs/share/melfa_msgs/local_setup.zsh
[10.092s] -- Installing: /home/ram/melfa_ros2/install/melfa_msgs/share/melfa_msgs/local_setup.dsv
[10.092s] -- Installing: /home/ram/melfa_ros2/install/melfa_msgs/share/melfa_msgs/package.dsv
[10.093s] -- Installing: /home/ram/melfa_ros2/install/melfa_msgs/share/ament_index/resource_index/packages/melfa_msgs
[10.093s] -- Installing: /home/ram/melfa_ros2/install/melfa_msgs/share/melfa_msgs/cmake/export_melfa_msgs__rosidl_generator_cExport.cmake
[10.093s] -- Installing: /home/ram/melfa_ros2/install/melfa_msgs/share/melfa_msgs/cmake/export_melfa_msgs__rosidl_generator_cExport-noconfig.cmake
[10.093s] -- Installing: /home/ram/melfa_ros2/install/melfa_msgs/share/melfa_msgs/cmake/export_melfa_msgs__rosidl_typesupport_fastrtps_cExport.cmake
[10.093s] -- Installing: /home/ram/melfa_ros2/install/melfa_msgs/share/melfa_msgs/cmake/export_melfa_msgs__rosidl_typesupport_fastrtps_cExport-noconfig.cmake
[10.094s] -- Installing: /home/ram/melfa_ros2/install/melfa_msgs/share/melfa_msgs/cmake/melfa_msgs__rosidl_typesupport_introspection_cExport.cmake
[10.094s] -- Installing: /home/ram/melfa_ros2/install/melfa_msgs/share/melfa_msgs/cmake/melfa_msgs__rosidl_typesupport_introspection_cExport-noconfig.cmake
[10.094s] -- Installing: /home/ram/melfa_ros2/install/melfa_msgs/share/melfa_msgs/cmake/melfa_msgs__rosidl_typesupport_cExport.cmake
[10.094s] -- Installing: /home/ram/melfa_ros2/install/melfa_msgs/share/melfa_msgs/cmake/melfa_msgs__rosidl_typesupport_cExport-noconfig.cmake
[10.094s] -- Installing: /home/ram/melfa_ros2/install/melfa_msgs/share/melfa_msgs/cmake/export_melfa_msgs__rosidl_generator_cppExport.cmake
[10.094s] -- Installing: /home/ram/melfa_ros2/install/melfa_msgs/share/melfa_msgs/cmake/export_melfa_msgs__rosidl_typesupport_fastrtps_cppExport.cmake
[10.095s] -- Installing: /home/ram/melfa_ros2/install/melfa_msgs/share/melfa_msgs/cmake/export_melfa_msgs__rosidl_typesupport_fastrtps_cppExport-noconfig.cmake
[10.095s] -- Installing: /home/ram/melfa_ros2/install/melfa_msgs/share/melfa_msgs/cmake/melfa_msgs__rosidl_typesupport_introspection_cppExport.cmake
[10.095s] -- Installing: /home/ram/melfa_ros2/install/melfa_msgs/share/melfa_msgs/cmake/melfa_msgs__rosidl_typesupport_introspection_cppExport-noconfig.cmake
[10.095s] -- Installing: /home/ram/melfa_ros2/install/melfa_msgs/share/melfa_msgs/cmake/melfa_msgs__rosidl_typesupport_cppExport.cmake
[10.095s] -- Installing: /home/ram/melfa_ros2/install/melfa_msgs/share/melfa_msgs/cmake/melfa_msgs__rosidl_typesupport_cppExport-noconfig.cmake
[10.095s] -- Installing: /home/ram/melfa_ros2/install/melfa_msgs/share/melfa_msgs/cmake/export_melfa_msgs__rosidl_generator_pyExport.cmake
[10.096s] -- Installing: /home/ram/melfa_ros2/install/melfa_msgs/share/melfa_msgs/cmake/export_melfa_msgs__rosidl_generator_pyExport-noconfig.cmake
[10.096s] -- Installing: /home/ram/melfa_ros2/install/melfa_msgs/share/melfa_msgs/cmake/rosidl_cmake-extras.cmake
[10.096s] -- Installing: /home/ram/melfa_ros2/install/melfa_msgs/share/melfa_msgs/cmake/ament_cmake_export_include_directories-extras.cmake
[10.096s] -- Installing: /home/ram/melfa_ros2/install/melfa_msgs/share/melfa_msgs/cmake/ament_cmake_export_libraries-extras.cmake
[10.096s] -- Installing: /home/ram/melfa_ros2/install/melfa_msgs/share/melfa_msgs/cmake/ament_cmake_export_targets-extras.cmake
[10.096s] -- Installing: /home/ram/melfa_ros2/install/melfa_msgs/share/melfa_msgs/cmake/rosidl_cmake_export_typesupport_targets-extras.cmake
[10.097s] -- Installing: /home/ram/melfa_ros2/install/melfa_msgs/share/melfa_msgs/cmake/ament_cmake_export_dependencies-extras.cmake
[10.097s] -- Installing: /home/ram/melfa_ros2/install/melfa_msgs/share/melfa_msgs/cmake/rosidl_cmake_export_typesupport_libraries-extras.cmake
[10.097s] -- Installing: /home/ram/melfa_ros2/install/melfa_msgs/share/melfa_msgs/cmake/rosidl_cmake_aggregate_target-extras.cmake
[10.097s] -- Installing: /home/ram/melfa_ros2/install/melfa_msgs/share/melfa_msgs/cmake/melfa_msgsConfig.cmake
[10.097s] -- Installing: /home/ram/melfa_ros2/install/melfa_msgs/share/melfa_msgs/cmake/melfa_msgsConfig-version.cmake
[10.097s] -- Installing: /home/ram/melfa_ros2/install/melfa_msgs/share/melfa_msgs/package.xml
[10.102s] Invoked command in '/home/ram/melfa_ros2/build/melfa_msgs' returned '0': CMAKE_PREFIX_PATH=${CMAKE_PREFIX_PATH}:/home/ram/cognipilot/cranium/install/b3rb_ros_line_follower:/opt/ros/humble /usr/bin/cmake --install /home/ram/melfa_ros2/build/melfa_msgs
