[0.087s] Invoking command in '/home/ram/melfa_ros2/build/melfa_rh6crh6020_moveit_config': AMENT_PREFIX_PATH=/home/ram/melfa_ros2/install/melfa_description:/home/ram/melfa_ros2/install/xacro:${AMENT_PREFIX_PATH} CMAKE_PREFIX_PATH=/home/ram/melfa_ros2/install/melfa_description:/home/ram/melfa_ros2/install/xacro:/home/ram/cognipilot/cranium/install/synapse_ros:/home/ram/cognipilot/cranium/install/synapse_gz:/home/ram/cognipilot/cranium/install/synapse_tinyframe:/home/ram/cognipilot/cranium/install/synapse_protobuf:/home/ram/cognipilot/cranium/install/corti:/home/ram/cognipilot/cranium/install/synapse_msgs:/home/ram/cognipilot/cranium/install/dream_world:/home/ram/cognipilot/cranium/install/cerebri_bringup:/home/ram/cognipilot/cranium/install/b3rb_simulator:/home/ram/cognipilot/cranium/install/b3rb_desktop:/home/ram/cognipilot/cranium/install/b3rb_rviz:/home/ram/cognipilot/cranium/install/b3rb_nav2:/home/ram/cognipilot/cranium/install/b3rb_gz_resource:/home/ram/cognipilot/cranium/install/b3rb_gz_bringup:/home/ram/cognipilot/cranium/install/b3rb_description:/home/ram/cognipilot/electrode/install/electrode:/home/ram/cognipilot/cranium/install/b3rb_ros_line_follower:/opt/ros/humble PATH=/home/ram/melfa_ros2/install/xacro/bin:${PATH} PYTHONPATH=/home/ram/melfa_ros2/install/xacro/local/lib/python3.10/dist-packages:${PYTHONPATH} /usr/bin/cmake /home/ram/melfa_ros2/src/melfa_ros2_driver/melfa_moveit_config/melfa_rh6crh6020_moveit_config -DCMAKE_INSTALL_PREFIX=/home/ram/melfa_ros2/install/melfa_rh6crh6020_moveit_config
[0.170s] -- The C compiler identification is GNU 11.4.0
[0.323s] -- The CXX compiler identification is GNU 11.4.0
[0.347s] -- Detecting C compiler ABI info
[0.494s] -- Detecting C compiler ABI info - done
[0.513s] -- Check for working C compiler: /usr/lib/ccache/cc - skipped
[0.513s] -- Detecting C compile features
[0.513s] -- Detecting C compile features - done
[0.520s] -- Detecting CXX compiler ABI info
[0.730s] -- Detecting CXX compiler ABI info - done
[0.755s] -- Check for working CXX compiler: /usr/lib/ccache/c++ - skipped
[0.755s] -- Detecting CXX compile features
[0.756s] -- Detecting CXX compile features - done
[0.768s] -- Found ament_cmake: 1.3.14 (/opt/ros/humble/share/ament_cmake/cmake)
[1.637s] -- Found Python3: /usr/bin/python3 (found version "3.10.12") found components: Interpreter 
[1.761s] -- Found control_msgs: 4.9.0 (/opt/ros/humble/share/control_msgs/cmake)
[1.810s] -- Found rosidl_generator_c: 3.1.9 (/opt/ros/humble/share/rosidl_generator_c/cmake)
[1.816s] -- Found rosidl_adapter: 3.1.9 (/opt/ros/humble/share/rosidl_adapter/cmake)
[1.824s] -- Found rosidl_generator_cpp: 3.1.9 (/opt/ros/humble/share/rosidl_generator_cpp/cmake)
[1.835s] -- Using all available rosidl_typesupport_c: rosidl_typesupport_fastrtps_c;rosidl_typesupport_introspection_c
[1.849s] -- Using all available rosidl_typesupport_cpp: rosidl_typesupport_fastrtps_cpp;rosidl_typesupport_introspection_cpp
[1.952s] -- Found rclcpp: 16.0.19 (/opt/ros/humble/share/rclcpp/cmake)
[1.998s] -- Found rmw_implementation_cmake: 6.1.2 (/opt/ros/humble/share/rmw_implementation_cmake/cmake)
[2.002s] -- Found rmw_cyclonedds_cpp: 1.3.4 (/opt/ros/humble/share/rmw_cyclonedds_cpp/cmake)
[2.032s] -- Using RMW implementation 'rmw_cyclonedds_cpp' as default
[2.044s] -- Looking for pthread.h
[2.115s] -- Looking for pthread.h - found
[2.115s] -- Performing Test CMAKE_HAVE_LIBC_PTHREAD
[2.194s] -- Performing Test CMAKE_HAVE_LIBC_PTHREAD - Success
[2.194s] -- Found Threads: TRUE  
[2.251s] -- Found rclcpp_action: 16.0.19 (/opt/ros/humble/share/rclcpp_action/cmake)
[2.267s] -- Found tf2_geometry_msgs: 0.25.20 (/opt/ros/humble/share/tf2_geometry_msgs/cmake)
[2.293s] -- Found eigen3_cmake_module: 0.1.1 (/opt/ros/humble/share/eigen3_cmake_module/cmake)
[2.294s] -- Found Eigen3: TRUE (found version "3.4.0") 
[2.295s] -- Ensuring Eigen3 include directory is part of orocos-kdl CMake target
[2.514s] -- Configuring done
[2.524s] -- Generating done
[2.526s] -- Build files have been written to: /home/ram/melfa_ros2/build/melfa_rh6crh6020_moveit_config
[2.534s] Invoked command in '/home/ram/melfa_ros2/build/melfa_rh6crh6020_moveit_config' returned '0': AMENT_PREFIX_PATH=/home/ram/melfa_ros2/install/melfa_description:/home/ram/melfa_ros2/install/xacro:${AMENT_PREFIX_PATH} CMAKE_PREFIX_PATH=/home/ram/melfa_ros2/install/melfa_description:/home/ram/melfa_ros2/install/xacro:/home/ram/cognipilot/cranium/install/synapse_ros:/home/ram/cognipilot/cranium/install/synapse_gz:/home/ram/cognipilot/cranium/install/synapse_tinyframe:/home/ram/cognipilot/cranium/install/synapse_protobuf:/home/ram/cognipilot/cranium/install/corti:/home/ram/cognipilot/cranium/install/synapse_msgs:/home/ram/cognipilot/cranium/install/dream_world:/home/ram/cognipilot/cranium/install/cerebri_bringup:/home/ram/cognipilot/cranium/install/b3rb_simulator:/home/ram/cognipilot/cranium/install/b3rb_desktop:/home/ram/cognipilot/cranium/install/b3rb_rviz:/home/ram/cognipilot/cranium/install/b3rb_nav2:/home/ram/cognipilot/cranium/install/b3rb_gz_resource:/home/ram/cognipilot/cranium/install/b3rb_gz_bringup:/home/ram/cognipilot/cranium/install/b3rb_description:/home/ram/cognipilot/electrode/install/electrode:/home/ram/cognipilot/cranium/install/b3rb_ros_line_follower:/opt/ros/humble PATH=/home/ram/melfa_ros2/install/xacro/bin:${PATH} PYTHONPATH=/home/ram/melfa_ros2/install/xacro/local/lib/python3.10/dist-packages:${PYTHONPATH} /usr/bin/cmake /home/ram/melfa_ros2/src/melfa_ros2_driver/melfa_moveit_config/melfa_rh6crh6020_moveit_config -DCMAKE_INSTALL_PREFIX=/home/ram/melfa_ros2/install/melfa_rh6crh6020_moveit_config
[2.536s] Invoking command in '/home/ram/melfa_ros2/build/melfa_rh6crh6020_moveit_config': AMENT_PREFIX_PATH=/home/ram/melfa_ros2/install/melfa_description:/home/ram/melfa_ros2/install/xacro:${AMENT_PREFIX_PATH} CMAKE_PREFIX_PATH=/home/ram/melfa_ros2/install/melfa_description:/home/ram/melfa_ros2/install/xacro:/home/ram/cognipilot/cranium/install/synapse_ros:/home/ram/cognipilot/cranium/install/synapse_gz:/home/ram/cognipilot/cranium/install/synapse_tinyframe:/home/ram/cognipilot/cranium/install/synapse_protobuf:/home/ram/cognipilot/cranium/install/corti:/home/ram/cognipilot/cranium/install/synapse_msgs:/home/ram/cognipilot/cranium/install/dream_world:/home/ram/cognipilot/cranium/install/cerebri_bringup:/home/ram/cognipilot/cranium/install/b3rb_simulator:/home/ram/cognipilot/cranium/install/b3rb_desktop:/home/ram/cognipilot/cranium/install/b3rb_rviz:/home/ram/cognipilot/cranium/install/b3rb_nav2:/home/ram/cognipilot/cranium/install/b3rb_gz_resource:/home/ram/cognipilot/cranium/install/b3rb_gz_bringup:/home/ram/cognipilot/cranium/install/b3rb_description:/home/ram/cognipilot/electrode/install/electrode:/home/ram/cognipilot/cranium/install/b3rb_ros_line_follower:/opt/ros/humble PATH=/home/ram/melfa_ros2/install/xacro/bin:${PATH} PYTHONPATH=/home/ram/melfa_ros2/install/xacro/local/lib/python3.10/dist-packages:${PYTHONPATH} /usr/bin/cmake --build /home/ram/melfa_ros2/build/melfa_rh6crh6020_moveit_config -- -j16 -l16
[2.592s] [ 50%] [32mBuilding CXX object CMakeFiles/servo_keyboard_input.dir/src/servo_keyboard_input.cpp.o[0m
[7.729s] [100%] [32m[1mLinking CXX executable servo_keyboard_input[0m
[7.945s] [100%] Built target servo_keyboard_input
[7.956s] Invoked command in '/home/ram/melfa_ros2/build/melfa_rh6crh6020_moveit_config' returned '0': AMENT_PREFIX_PATH=/home/ram/melfa_ros2/install/melfa_description:/home/ram/melfa_ros2/install/xacro:${AMENT_PREFIX_PATH} CMAKE_PREFIX_PATH=/home/ram/melfa_ros2/install/melfa_description:/home/ram/melfa_ros2/install/xacro:/home/ram/cognipilot/cranium/install/synapse_ros:/home/ram/cognipilot/cranium/install/synapse_gz:/home/ram/cognipilot/cranium/install/synapse_tinyframe:/home/ram/cognipilot/cranium/install/synapse_protobuf:/home/ram/cognipilot/cranium/install/corti:/home/ram/cognipilot/cranium/install/synapse_msgs:/home/ram/cognipilot/cranium/install/dream_world:/home/ram/cognipilot/cranium/install/cerebri_bringup:/home/ram/cognipilot/cranium/install/b3rb_simulator:/home/ram/cognipilot/cranium/install/b3rb_desktop:/home/ram/cognipilot/cranium/install/b3rb_rviz:/home/ram/cognipilot/cranium/install/b3rb_nav2:/home/ram/cognipilot/cranium/install/b3rb_gz_resource:/home/ram/cognipilot/cranium/install/b3rb_gz_bringup:/home/ram/cognipilot/cranium/install/b3rb_description:/home/ram/cognipilot/electrode/install/electrode:/home/ram/cognipilot/cranium/install/b3rb_ros_line_follower:/opt/ros/humble PATH=/home/ram/melfa_ros2/install/xacro/bin:${PATH} PYTHONPATH=/home/ram/melfa_ros2/install/xacro/local/lib/python3.10/dist-packages:${PYTHONPATH} /usr/bin/cmake --build /home/ram/melfa_ros2/build/melfa_rh6crh6020_moveit_config -- -j16 -l16
[7.958s] Invoking command in '/home/ram/melfa_ros2/build/melfa_rh6crh6020_moveit_config': AMENT_PREFIX_PATH=/home/ram/melfa_ros2/install/melfa_description:/home/ram/melfa_ros2/install/xacro:${AMENT_PREFIX_PATH} CMAKE_PREFIX_PATH=/home/ram/melfa_ros2/install/melfa_description:/home/ram/melfa_ros2/install/xacro:/home/ram/cognipilot/cranium/install/synapse_ros:/home/ram/cognipilot/cranium/install/synapse_gz:/home/ram/cognipilot/cranium/install/synapse_tinyframe:/home/ram/cognipilot/cranium/install/synapse_protobuf:/home/ram/cognipilot/cranium/install/corti:/home/ram/cognipilot/cranium/install/synapse_msgs:/home/ram/cognipilot/cranium/install/dream_world:/home/ram/cognipilot/cranium/install/cerebri_bringup:/home/ram/cognipilot/cranium/install/b3rb_simulator:/home/ram/cognipilot/cranium/install/b3rb_desktop:/home/ram/cognipilot/cranium/install/b3rb_rviz:/home/ram/cognipilot/cranium/install/b3rb_nav2:/home/ram/cognipilot/cranium/install/b3rb_gz_resource:/home/ram/cognipilot/cranium/install/b3rb_gz_bringup:/home/ram/cognipilot/cranium/install/b3rb_description:/home/ram/cognipilot/electrode/install/electrode:/home/ram/cognipilot/cranium/install/b3rb_ros_line_follower:/opt/ros/humble PATH=/home/ram/melfa_ros2/install/xacro/bin:${PATH} PYTHONPATH=/home/ram/melfa_ros2/install/xacro/local/lib/python3.10/dist-packages:${PYTHONPATH} /usr/bin/cmake --install /home/ram/melfa_ros2/build/melfa_rh6crh6020_moveit_config
[7.968s] -- Install configuration: ""
[7.968s] -- Installing: /home/ram/melfa_ros2/install/melfa_rh6crh6020_moveit_config/share/ament_index/resource_index/package_run_dependencies/melfa_rh6crh6020_moveit_config
[7.968s] -- Installing: /home/ram/melfa_ros2/install/melfa_rh6crh6020_moveit_config/share/ament_index/resource_index/parent_prefix_path/melfa_rh6crh6020_moveit_config
[7.968s] -- Installing: /home/ram/melfa_ros2/install/melfa_rh6crh6020_moveit_config/share/melfa_rh6crh6020_moveit_config/environment/ament_prefix_path.sh
[7.969s] -- Installing: /home/ram/melfa_ros2/install/melfa_rh6crh6020_moveit_config/share/melfa_rh6crh6020_moveit_config/environment/ament_prefix_path.dsv
[7.969s] -- Installing: /home/ram/melfa_ros2/install/melfa_rh6crh6020_moveit_config/share/melfa_rh6crh6020_moveit_config/environment/path.sh
[7.969s] -- Installing: /home/ram/melfa_ros2/install/melfa_rh6crh6020_moveit_config/share/melfa_rh6crh6020_moveit_config/environment/path.dsv
[7.969s] -- Installing: /home/ram/melfa_ros2/install/melfa_rh6crh6020_moveit_config/share/melfa_rh6crh6020_moveit_config/local_setup.bash
[7.969s] -- Installing: /home/ram/melfa_ros2/install/melfa_rh6crh6020_moveit_config/share/melfa_rh6crh6020_moveit_config/local_setup.sh
[7.969s] -- Installing: /home/ram/melfa_ros2/install/melfa_rh6crh6020_moveit_config/share/melfa_rh6crh6020_moveit_config/local_setup.zsh
[7.969s] -- Installing: /home/ram/melfa_ros2/install/melfa_rh6crh6020_moveit_config/share/melfa_rh6crh6020_moveit_config/local_setup.dsv
[7.970s] -- Installing: /home/ram/melfa_ros2/install/melfa_rh6crh6020_moveit_config/share/melfa_rh6crh6020_moveit_config/package.dsv
[7.970s] -- Installing: /home/ram/melfa_ros2/install/melfa_rh6crh6020_moveit_config/share/ament_index/resource_index/packages/melfa_rh6crh6020_moveit_config
[7.970s] -- Installing: /home/ram/melfa_ros2/install/melfa_rh6crh6020_moveit_config/share/melfa_rh6crh6020_moveit_config/cmake/melfa_rh6crh6020_moveit_configConfig.cmake
[7.970s] -- Installing: /home/ram/melfa_ros2/install/melfa_rh6crh6020_moveit_config/share/melfa_rh6crh6020_moveit_config/cmake/melfa_rh6crh6020_moveit_configConfig-version.cmake
[7.970s] -- Installing: /home/ram/melfa_ros2/install/melfa_rh6crh6020_moveit_config/share/melfa_rh6crh6020_moveit_config/package.xml
[7.971s] -- Installing: /home/ram/melfa_ros2/install/melfa_rh6crh6020_moveit_config/share/melfa_rh6crh6020_moveit_config/launch
[7.971s] -- Installing: /home/ram/melfa_ros2/install/melfa_rh6crh6020_moveit_config/share/melfa_rh6crh6020_moveit_config/launch/rh6crh6020_moveit.launch.py
[7.971s] -- Installing: /home/ram/melfa_ros2/install/melfa_rh6crh6020_moveit_config/share/melfa_rh6crh6020_moveit_config/launch/moveit_rviz.launch.py
[7.971s] -- Installing: /home/ram/melfa_ros2/install/melfa_rh6crh6020_moveit_config/share/melfa_rh6crh6020_moveit_config/launch/spawn_controllers.launch.py
[7.971s] -- Installing: /home/ram/melfa_ros2/install/melfa_rh6crh6020_moveit_config/share/melfa_rh6crh6020_moveit_config/launch/setup_assistant.launch.py
[7.971s] -- Installing: /home/ram/melfa_ros2/install/melfa_rh6crh6020_moveit_config/share/melfa_rh6crh6020_moveit_config/launch/static_virtual_joint_tfs.launch.py
[7.971s] -- Installing: /home/ram/melfa_ros2/install/melfa_rh6crh6020_moveit_config/share/melfa_rh6crh6020_moveit_config/launch/demo.launch.py
[7.971s] -- Installing: /home/ram/melfa_ros2/install/melfa_rh6crh6020_moveit_config/share/melfa_rh6crh6020_moveit_config/launch/warehouse_db.launch.py
[7.971s] -- Installing: /home/ram/melfa_ros2/install/melfa_rh6crh6020_moveit_config/share/melfa_rh6crh6020_moveit_config/launch/move_group.launch.py
[7.972s] -- Installing: /home/ram/melfa_ros2/install/melfa_rh6crh6020_moveit_config/share/melfa_rh6crh6020_moveit_config/launch/rsp.launch.py
[7.972s] -- Installing: /home/ram/melfa_ros2/install/melfa_rh6crh6020_moveit_config/share/melfa_rh6crh6020_moveit_config/config
[7.972s] -- Installing: /home/ram/melfa_ros2/install/melfa_rh6crh6020_moveit_config/share/melfa_rh6crh6020_moveit_config/config/rh6crh6020_servo.yaml
[7.972s] -- Installing: /home/ram/melfa_ros2/install/melfa_rh6crh6020_moveit_config/share/melfa_rh6crh6020_moveit_config/config/rh6crh6020.ros2_control.xacro
[7.972s] -- Installing: /home/ram/melfa_ros2/install/melfa_rh6crh6020_moveit_config/share/melfa_rh6crh6020_moveit_config/config/rh6crh6020.srdf
[7.972s] -- Installing: /home/ram/melfa_ros2/install/melfa_rh6crh6020_moveit_config/share/melfa_rh6crh6020_moveit_config/config/ompl_planning.yaml
[7.972s] -- Installing: /home/ram/melfa_ros2/install/melfa_rh6crh6020_moveit_config/share/melfa_rh6crh6020_moveit_config/config/moveit_controllers.yaml
[7.972s] -- Installing: /home/ram/melfa_ros2/install/melfa_rh6crh6020_moveit_config/share/melfa_rh6crh6020_moveit_config/config/rh6crh6020.srdf.xacro
[7.972s] -- Installing: /home/ram/melfa_ros2/install/melfa_rh6crh6020_moveit_config/share/melfa_rh6crh6020_moveit_config/config/initial_positions.yaml
[7.973s] -- Installing: /home/ram/melfa_ros2/install/melfa_rh6crh6020_moveit_config/share/melfa_rh6crh6020_moveit_config/config/moveit.rviz
[7.973s] -- Installing: /home/ram/melfa_ros2/install/melfa_rh6crh6020_moveit_config/share/melfa_rh6crh6020_moveit_config/config/stomp_planning.yaml
[7.973s] -- Installing: /home/ram/melfa_ros2/install/melfa_rh6crh6020_moveit_config/share/melfa_rh6crh6020_moveit_config/config/kinematics.yaml
[7.973s] -- Installing: /home/ram/melfa_ros2/install/melfa_rh6crh6020_moveit_config/share/melfa_rh6crh6020_moveit_config/config/pilz_cartesian_limits.yaml
[7.973s] -- Installing: /home/ram/melfa_ros2/install/melfa_rh6crh6020_moveit_config/share/melfa_rh6crh6020_moveit_config/config/rh6crh6020_macro.srdf.xacro
[7.973s] -- Installing: /home/ram/melfa_ros2/install/melfa_rh6crh6020_moveit_config/share/melfa_rh6crh6020_moveit_config/config/joint_limits.yaml
[7.973s] -- Installing: /home/ram/melfa_ros2/install/melfa_rh6crh6020_moveit_config/share/melfa_rh6crh6020_moveit_config/config/pilz_industrial_motion_planner_planning.yaml
[7.973s] -- Installing: /home/ram/melfa_ros2/install/melfa_rh6crh6020_moveit_config/share/melfa_rh6crh6020_moveit_config/config/chomp_planning.yaml
[7.973s] -- Installing: /home/ram/melfa_ros2/install/melfa_rh6crh6020_moveit_config/share/melfa_rh6crh6020_moveit_config/config/rh6crh6020.urdf.xacro
[7.974s] -- Installing: /home/ram/melfa_ros2/install/melfa_rh6crh6020_moveit_config/share/melfa_rh6crh6020_moveit_config/rviz
[7.974s] -- Installing: /home/ram/melfa_ros2/install/melfa_rh6crh6020_moveit_config/share/melfa_rh6crh6020_moveit_config/rviz/rh6crh6020_moveit.rviz
[7.974s] -- Installing: /home/ram/melfa_ros2/install/melfa_rh6crh6020_moveit_config/share/melfa_rh6crh6020_moveit_config/.setup_assistant
[7.974s] -- Installing: /home/ram/melfa_ros2/install/melfa_rh6crh6020_moveit_config/lib/melfa_rh6crh6020_moveit_config/servo_keyboard_input
[7.976s] -- Set runtime path of "/home/ram/melfa_ros2/install/melfa_rh6crh6020_moveit_config/lib/melfa_rh6crh6020_moveit_config/servo_keyboard_input" to ""
[7.979s] Invoked command in '/home/ram/melfa_ros2/build/melfa_rh6crh6020_moveit_config' returned '0': AMENT_PREFIX_PATH=/home/ram/melfa_ros2/install/melfa_description:/home/ram/melfa_ros2/install/xacro:${AMENT_PREFIX_PATH} CMAKE_PREFIX_PATH=/home/ram/melfa_ros2/install/melfa_description:/home/ram/melfa_ros2/install/xacro:/home/ram/cognipilot/cranium/install/synapse_ros:/home/ram/cognipilot/cranium/install/synapse_gz:/home/ram/cognipilot/cranium/install/synapse_tinyframe:/home/ram/cognipilot/cranium/install/synapse_protobuf:/home/ram/cognipilot/cranium/install/corti:/home/ram/cognipilot/cranium/install/synapse_msgs:/home/ram/cognipilot/cranium/install/dream_world:/home/ram/cognipilot/cranium/install/cerebri_bringup:/home/ram/cognipilot/cranium/install/b3rb_simulator:/home/ram/cognipilot/cranium/install/b3rb_desktop:/home/ram/cognipilot/cranium/install/b3rb_rviz:/home/ram/cognipilot/cranium/install/b3rb_nav2:/home/ram/cognipilot/cranium/install/b3rb_gz_resource:/home/ram/cognipilot/cranium/install/b3rb_gz_bringup:/home/ram/cognipilot/cranium/install/b3rb_description:/home/ram/cognipilot/electrode/install/electrode:/home/ram/cognipilot/cranium/install/b3rb_ros_line_follower:/opt/ros/humble PATH=/home/ram/melfa_ros2/install/xacro/bin:${PATH} PYTHONPATH=/home/ram/melfa_ros2/install/xacro/local/lib/python3.10/dist-packages:${PYTHONPATH} /usr/bin/cmake --install /home/ram/melfa_ros2/build/melfa_rh6crh6020_moveit_config
