-- The C compiler identification is GNU 11.4.0
-- The CXX compiler identification is GNU 11.4.0
-- Detecting C compiler ABI info
-- Detecting C compiler ABI info - done
-- Check for working C compiler: /usr/lib/ccache/cc - skipped
-- Detecting C compile features
-- Detecting C compile features - done
-- Detecting CXX compiler ABI info
-- Detecting CXX compiler ABI info - done
-- Check for working CXX compiler: /usr/lib/ccache/c++ - skipped
-- Detecting CXX compile features
-- Detecting CXX compile features - done
-- Found ament_cmake: 1.3.14 (/opt/ros/humble/share/ament_cmake/cmake)
-- Found Python3: /usr/bin/python3 (found version "3.10.12") found components: Interpreter 
-- Configuring done
-- Generating done
-- Build files have been written to: /home/ram/melfa_ros2/build/melfa_bringup
-- Install configuration: ""
-- Installing: /home/ram/melfa_ros2/install/melfa_bringup/share/melfa_bringup/launch
-- Installing: /home/ram/melfa_ros2/install/melfa_bringup/share/melfa_bringup/launch/rh6frh5520_control.launch.py
-- Installing: /home/ram/melfa_ros2/install/melfa_bringup/share/melfa_bringup/launch/rv4frl_control.launch.py
-- Installing: /home/ram/melfa_ros2/install/melfa_bringup/share/melfa_bringup/launch/rv80fr_control.launch.py
-- Installing: /home/ram/melfa_ros2/install/melfa_bringup/share/melfa_bringup/launch/rv13frl_control.launch.py
-- Installing: /home/ram/melfa_ros2/install/melfa_bringup/share/melfa_bringup/launch/rv4fr_control.launch.py
-- Installing: /home/ram/melfa_ros2/install/melfa_bringup/share/melfa_bringup/launch/rv5as_control.launch.py
-- Installing: /home/ram/melfa_ros2/install/melfa_bringup/share/melfa_bringup/launch/test_joint_trajectory_controller.launch.py
-- Installing: /home/ram/melfa_ros2/install/melfa_bringup/share/melfa_bringup/launch/rv2fr_control.launch.py
-- Installing: /home/ram/melfa_ros2/install/melfa_bringup/share/melfa_bringup/launch/rv8crl_control.launch.py
-- Installing: /home/ram/melfa_ros2/install/melfa_bringup/share/melfa_bringup/launch/rv7frl_control.launch.py
-- Installing: /home/ram/melfa_ros2/install/melfa_bringup/share/melfa_bringup/launch/rh6crh6020_control.launch.py
-- Installing: /home/ram/melfa_ros2/install/melfa_bringup/share/melfa_bringup/config
-- Installing: /home/ram/melfa_ros2/install/melfa_bringup/share/melfa_bringup/config/ros_gz_bridge.yaml
-- Installing: /home/ram/melfa_ros2/install/melfa_bringup/share/melfa_bringup/config/test_goal_publishers_config.yaml
-- Installing: /home/ram/melfa_ros2/install/melfa_bringup/share/ament_index/resource_index/package_run_dependencies/melfa_bringup
-- Installing: /home/ram/melfa_ros2/install/melfa_bringup/share/ament_index/resource_index/parent_prefix_path/melfa_bringup
-- Installing: /home/ram/melfa_ros2/install/melfa_bringup/share/melfa_bringup/environment/ament_prefix_path.sh
-- Installing: /home/ram/melfa_ros2/install/melfa_bringup/share/melfa_bringup/environment/ament_prefix_path.dsv
-- Installing: /home/ram/melfa_ros2/install/melfa_bringup/share/melfa_bringup/environment/path.sh
-- Installing: /home/ram/melfa_ros2/install/melfa_bringup/share/melfa_bringup/environment/path.dsv
-- Installing: /home/ram/melfa_ros2/install/melfa_bringup/share/melfa_bringup/local_setup.bash
-- Installing: /home/ram/melfa_ros2/install/melfa_bringup/share/melfa_bringup/local_setup.sh
-- Installing: /home/ram/melfa_ros2/install/melfa_bringup/share/melfa_bringup/local_setup.zsh
-- Installing: /home/ram/melfa_ros2/install/melfa_bringup/share/melfa_bringup/local_setup.dsv
-- Installing: /home/ram/melfa_ros2/install/melfa_bringup/share/melfa_bringup/package.dsv
-- Installing: /home/ram/melfa_ros2/install/melfa_bringup/share/ament_index/resource_index/packages/melfa_bringup
-- Installing: /home/ram/melfa_ros2/install/melfa_bringup/share/melfa_bringup/cmake/melfa_bringupConfig.cmake
-- Installing: /home/ram/melfa_ros2/install/melfa_bringup/share/melfa_bringup/cmake/melfa_bringupConfig-version.cmake
-- Installing: /home/ram/melfa_ros2/install/melfa_bringup/share/melfa_bringup/package.xml
