[0.009s] Invoking command in '/home/ram/melfa_ros2/build/melfa_bringup': AMENT_PREFIX_PATH=/home/ram/melfa_ros2/install/xacro:${AMENT_PREFIX_PATH} CMAKE_PREFIX_PATH=/home/ram/melfa_ros2/install/xacro:/home/ram/cognipilot/cranium/install/synapse_ros:/home/ram/cognipilot/cranium/install/synapse_gz:/home/ram/cognipilot/cranium/install/synapse_tinyframe:/home/ram/cognipilot/cranium/install/synapse_protobuf:/home/ram/cognipilot/cranium/install/corti:/home/ram/cognipilot/cranium/install/synapse_msgs:/home/ram/cognipilot/cranium/install/dream_world:/home/ram/cognipilot/cranium/install/cerebri_bringup:/home/ram/cognipilot/cranium/install/b3rb_simulator:/home/ram/cognipilot/cranium/install/b3rb_desktop:/home/ram/cognipilot/cranium/install/b3rb_rviz:/home/ram/cognipilot/cranium/install/b3rb_nav2:/home/ram/cognipilot/cranium/install/b3rb_gz_resource:/home/ram/cognipilot/cranium/install/b3rb_gz_bringup:/home/ram/cognipilot/cranium/install/b3rb_description:/home/ram/cognipilot/electrode/install/electrode:/home/ram/cognipilot/cranium/install/b3rb_ros_line_follower:/opt/ros/humble PATH=/home/ram/melfa_ros2/install/xacro/bin:${PATH} PYTHONPATH=/home/ram/melfa_ros2/install/xacro/local/lib/python3.10/dist-packages:${PYTHONPATH} /usr/bin/cmake /home/ram/melfa_ros2/src/melfa_ros2_driver/melfa_bringup -DCMAKE_INSTALL_PREFIX=/home/ram/melfa_ros2/install/melfa_bringup
[0.061s] -- The C compiler identification is GNU 11.4.0
[0.102s] -- The CXX compiler identification is GNU 11.4.0
[0.110s] -- Detecting C compiler ABI info
[0.162s] -- Detecting C compiler ABI info - done
[0.167s] -- Check for working C compiler: /usr/lib/ccache/cc - skipped
[0.168s] -- Detecting C compile features
[0.169s] -- Detecting C compile features - done
[0.172s] -- Detecting CXX compiler ABI info
[0.232s] -- Detecting CXX compiler ABI info - done
[0.242s] -- Check for working CXX compiler: /usr/lib/ccache/c++ - skipped
[0.242s] -- Detecting CXX compile features
[0.242s] -- Detecting CXX compile features - done
[0.245s] -- Found ament_cmake: 1.3.14 (/opt/ros/humble/share/ament_cmake/cmake)
[0.560s] -- Found Python3: /usr/bin/python3 (found version "3.10.12") found components: Interpreter 
[0.700s] -- Configuring done
[0.701s] -- Generating done
[0.702s] -- Build files have been written to: /home/ram/melfa_ros2/build/melfa_bringup
[0.705s] Invoked command in '/home/ram/melfa_ros2/build/melfa_bringup' returned '0': AMENT_PREFIX_PATH=/home/ram/melfa_ros2/install/xacro:${AMENT_PREFIX_PATH} CMAKE_PREFIX_PATH=/home/ram/melfa_ros2/install/xacro:/home/ram/cognipilot/cranium/install/synapse_ros:/home/ram/cognipilot/cranium/install/synapse_gz:/home/ram/cognipilot/cranium/install/synapse_tinyframe:/home/ram/cognipilot/cranium/install/synapse_protobuf:/home/ram/cognipilot/cranium/install/corti:/home/ram/cognipilot/cranium/install/synapse_msgs:/home/ram/cognipilot/cranium/install/dream_world:/home/ram/cognipilot/cranium/install/cerebri_bringup:/home/ram/cognipilot/cranium/install/b3rb_simulator:/home/ram/cognipilot/cranium/install/b3rb_desktop:/home/ram/cognipilot/cranium/install/b3rb_rviz:/home/ram/cognipilot/cranium/install/b3rb_nav2:/home/ram/cognipilot/cranium/install/b3rb_gz_resource:/home/ram/cognipilot/cranium/install/b3rb_gz_bringup:/home/ram/cognipilot/cranium/install/b3rb_description:/home/ram/cognipilot/electrode/install/electrode:/home/ram/cognipilot/cranium/install/b3rb_ros_line_follower:/opt/ros/humble PATH=/home/ram/melfa_ros2/install/xacro/bin:${PATH} PYTHONPATH=/home/ram/melfa_ros2/install/xacro/local/lib/python3.10/dist-packages:${PYTHONPATH} /usr/bin/cmake /home/ram/melfa_ros2/src/melfa_ros2_driver/melfa_bringup -DCMAKE_INSTALL_PREFIX=/home/ram/melfa_ros2/install/melfa_bringup
[0.706s] Invoking command in '/home/ram/melfa_ros2/build/melfa_bringup': AMENT_PREFIX_PATH=/home/ram/melfa_ros2/install/xacro:${AMENT_PREFIX_PATH} CMAKE_PREFIX_PATH=/home/ram/melfa_ros2/install/xacro:/home/ram/cognipilot/cranium/install/synapse_ros:/home/ram/cognipilot/cranium/install/synapse_gz:/home/ram/cognipilot/cranium/install/synapse_tinyframe:/home/ram/cognipilot/cranium/install/synapse_protobuf:/home/ram/cognipilot/cranium/install/corti:/home/ram/cognipilot/cranium/install/synapse_msgs:/home/ram/cognipilot/cranium/install/dream_world:/home/ram/cognipilot/cranium/install/cerebri_bringup:/home/ram/cognipilot/cranium/install/b3rb_simulator:/home/ram/cognipilot/cranium/install/b3rb_desktop:/home/ram/cognipilot/cranium/install/b3rb_rviz:/home/ram/cognipilot/cranium/install/b3rb_nav2:/home/ram/cognipilot/cranium/install/b3rb_gz_resource:/home/ram/cognipilot/cranium/install/b3rb_gz_bringup:/home/ram/cognipilot/cranium/install/b3rb_description:/home/ram/cognipilot/electrode/install/electrode:/home/ram/cognipilot/cranium/install/b3rb_ros_line_follower:/opt/ros/humble PATH=/home/ram/melfa_ros2/install/xacro/bin:${PATH} PYTHONPATH=/home/ram/melfa_ros2/install/xacro/local/lib/python3.10/dist-packages:${PYTHONPATH} /usr/bin/cmake --build /home/ram/melfa_ros2/build/melfa_bringup -- -j16 -l16
[0.741s] Invoked command in '/home/ram/melfa_ros2/build/melfa_bringup' returned '0': AMENT_PREFIX_PATH=/home/ram/melfa_ros2/install/xacro:${AMENT_PREFIX_PATH} CMAKE_PREFIX_PATH=/home/ram/melfa_ros2/install/xacro:/home/ram/cognipilot/cranium/install/synapse_ros:/home/ram/cognipilot/cranium/install/synapse_gz:/home/ram/cognipilot/cranium/install/synapse_tinyframe:/home/ram/cognipilot/cranium/install/synapse_protobuf:/home/ram/cognipilot/cranium/install/corti:/home/ram/cognipilot/cranium/install/synapse_msgs:/home/ram/cognipilot/cranium/install/dream_world:/home/ram/cognipilot/cranium/install/cerebri_bringup:/home/ram/cognipilot/cranium/install/b3rb_simulator:/home/ram/cognipilot/cranium/install/b3rb_desktop:/home/ram/cognipilot/cranium/install/b3rb_rviz:/home/ram/cognipilot/cranium/install/b3rb_nav2:/home/ram/cognipilot/cranium/install/b3rb_gz_resource:/home/ram/cognipilot/cranium/install/b3rb_gz_bringup:/home/ram/cognipilot/cranium/install/b3rb_description:/home/ram/cognipilot/electrode/install/electrode:/home/ram/cognipilot/cranium/install/b3rb_ros_line_follower:/opt/ros/humble PATH=/home/ram/melfa_ros2/install/xacro/bin:${PATH} PYTHONPATH=/home/ram/melfa_ros2/install/xacro/local/lib/python3.10/dist-packages:${PYTHONPATH} /usr/bin/cmake --build /home/ram/melfa_ros2/build/melfa_bringup -- -j16 -l16
[0.742s] Invoking command in '/home/ram/melfa_ros2/build/melfa_bringup': AMENT_PREFIX_PATH=/home/ram/melfa_ros2/install/xacro:${AMENT_PREFIX_PATH} CMAKE_PREFIX_PATH=/home/ram/melfa_ros2/install/xacro:/home/ram/cognipilot/cranium/install/synapse_ros:/home/ram/cognipilot/cranium/install/synapse_gz:/home/ram/cognipilot/cranium/install/synapse_tinyframe:/home/ram/cognipilot/cranium/install/synapse_protobuf:/home/ram/cognipilot/cranium/install/corti:/home/ram/cognipilot/cranium/install/synapse_msgs:/home/ram/cognipilot/cranium/install/dream_world:/home/ram/cognipilot/cranium/install/cerebri_bringup:/home/ram/cognipilot/cranium/install/b3rb_simulator:/home/ram/cognipilot/cranium/install/b3rb_desktop:/home/ram/cognipilot/cranium/install/b3rb_rviz:/home/ram/cognipilot/cranium/install/b3rb_nav2:/home/ram/cognipilot/cranium/install/b3rb_gz_resource:/home/ram/cognipilot/cranium/install/b3rb_gz_bringup:/home/ram/cognipilot/cranium/install/b3rb_description:/home/ram/cognipilot/electrode/install/electrode:/home/ram/cognipilot/cranium/install/b3rb_ros_line_follower:/opt/ros/humble PATH=/home/ram/melfa_ros2/install/xacro/bin:${PATH} PYTHONPATH=/home/ram/melfa_ros2/install/xacro/local/lib/python3.10/dist-packages:${PYTHONPATH} /usr/bin/cmake --install /home/ram/melfa_ros2/build/melfa_bringup
[0.749s] -- Install configuration: ""
[0.750s] -- Installing: /home/ram/melfa_ros2/install/melfa_bringup/share/melfa_bringup/launch
[0.750s] -- Installing: /home/ram/melfa_ros2/install/melfa_bringup/share/melfa_bringup/launch/rh6frh5520_control.launch.py
[0.750s] -- Installing: /home/ram/melfa_ros2/install/melfa_bringup/share/melfa_bringup/launch/rv4frl_control.launch.py
[0.750s] -- Installing: /home/ram/melfa_ros2/install/melfa_bringup/share/melfa_bringup/launch/rv80fr_control.launch.py
[0.750s] -- Installing: /home/ram/melfa_ros2/install/melfa_bringup/share/melfa_bringup/launch/rv13frl_control.launch.py
[0.750s] -- Installing: /home/ram/melfa_ros2/install/melfa_bringup/share/melfa_bringup/launch/rv4fr_control.launch.py
[0.750s] -- Installing: /home/ram/melfa_ros2/install/melfa_bringup/share/melfa_bringup/launch/rv5as_control.launch.py
[0.750s] -- Installing: /home/ram/melfa_ros2/install/melfa_bringup/share/melfa_bringup/launch/test_joint_trajectory_controller.launch.py
[0.750s] -- Installing: /home/ram/melfa_ros2/install/melfa_bringup/share/melfa_bringup/launch/rv2fr_control.launch.py
[0.751s] -- Installing: /home/ram/melfa_ros2/install/melfa_bringup/share/melfa_bringup/launch/rv8crl_control.launch.py
[0.751s] -- Installing: /home/ram/melfa_ros2/install/melfa_bringup/share/melfa_bringup/launch/rv7frl_control.launch.py
[0.753s] -- Installing: /home/ram/melfa_ros2/install/melfa_bringup/share/melfa_bringup/launch/rh6crh6020_control.launch.py
[0.753s] -- Installing: /home/ram/melfa_ros2/install/melfa_bringup/share/melfa_bringup/config
[0.753s] -- Installing: /home/ram/melfa_ros2/install/melfa_bringup/share/melfa_bringup/config/ros_gz_bridge.yaml
[0.753s] -- Installing: /home/ram/melfa_ros2/install/melfa_bringup/share/melfa_bringup/config/test_goal_publishers_config.yaml
[0.753s] -- Installing: /home/ram/melfa_ros2/install/melfa_bringup/share/ament_index/resource_index/package_run_dependencies/melfa_bringup
[0.753s] -- Installing: /home/ram/melfa_ros2/install/melfa_bringup/share/ament_index/resource_index/parent_prefix_path/melfa_bringup
[0.753s] -- Installing: /home/ram/melfa_ros2/install/melfa_bringup/share/melfa_bringup/environment/ament_prefix_path.sh
[0.754s] -- Installing: /home/ram/melfa_ros2/install/melfa_bringup/share/melfa_bringup/environment/ament_prefix_path.dsv
[0.754s] -- Installing: /home/ram/melfa_ros2/install/melfa_bringup/share/melfa_bringup/environment/path.sh
[0.754s] -- Installing: /home/ram/melfa_ros2/install/melfa_bringup/share/melfa_bringup/environment/path.dsv
[0.754s] -- Installing: /home/ram/melfa_ros2/install/melfa_bringup/share/melfa_bringup/local_setup.bash
[0.754s] -- Installing: /home/ram/melfa_ros2/install/melfa_bringup/share/melfa_bringup/local_setup.sh
[0.754s] -- Installing: /home/ram/melfa_ros2/install/melfa_bringup/share/melfa_bringup/local_setup.zsh
[0.754s] -- Installing: /home/ram/melfa_ros2/install/melfa_bringup/share/melfa_bringup/local_setup.dsv
[0.754s] -- Installing: /home/ram/melfa_ros2/install/melfa_bringup/share/melfa_bringup/package.dsv
[0.754s] -- Installing: /home/ram/melfa_ros2/install/melfa_bringup/share/ament_index/resource_index/packages/melfa_bringup
[0.754s] -- Installing: /home/ram/melfa_ros2/install/melfa_bringup/share/melfa_bringup/cmake/melfa_bringupConfig.cmake
[0.754s] -- Installing: /home/ram/melfa_ros2/install/melfa_bringup/share/melfa_bringup/cmake/melfa_bringupConfig-version.cmake
[0.754s] -- Installing: /home/ram/melfa_ros2/install/melfa_bringup/share/melfa_bringup/package.xml
[0.756s] Invoked command in '/home/ram/melfa_ros2/build/melfa_bringup' returned '0': AMENT_PREFIX_PATH=/home/ram/melfa_ros2/install/xacro:${AMENT_PREFIX_PATH} CMAKE_PREFIX_PATH=/home/ram/melfa_ros2/install/xacro:/home/ram/cognipilot/cranium/install/synapse_ros:/home/ram/cognipilot/cranium/install/synapse_gz:/home/ram/cognipilot/cranium/install/synapse_tinyframe:/home/ram/cognipilot/cranium/install/synapse_protobuf:/home/ram/cognipilot/cranium/install/corti:/home/ram/cognipilot/cranium/install/synapse_msgs:/home/ram/cognipilot/cranium/install/dream_world:/home/ram/cognipilot/cranium/install/cerebri_bringup:/home/ram/cognipilot/cranium/install/b3rb_simulator:/home/ram/cognipilot/cranium/install/b3rb_desktop:/home/ram/cognipilot/cranium/install/b3rb_rviz:/home/ram/cognipilot/cranium/install/b3rb_nav2:/home/ram/cognipilot/cranium/install/b3rb_gz_resource:/home/ram/cognipilot/cranium/install/b3rb_gz_bringup:/home/ram/cognipilot/cranium/install/b3rb_description:/home/ram/cognipilot/electrode/install/electrode:/home/ram/cognipilot/cranium/install/b3rb_ros_line_follower:/opt/ros/humble PATH=/home/ram/melfa_ros2/install/xacro/bin:${PATH} PYTHONPATH=/home/ram/melfa_ros2/install/xacro/local/lib/python3.10/dist-packages:${PYTHONPATH} /usr/bin/cmake --install /home/ram/melfa_ros2/build/melfa_bringup
