[0.026s] Invoking command in '/home/ram/melfa_ros2/build/xacro': CMAKE_PREFIX_PATH=${CMAKE_PREFIX_PATH}:/home/ram/cognipilot/cranium/install/b3rb_ros_line_follower:/opt/ros/humble /usr/bin/cmake /home/ram/melfa_ros2/src/xacro -DCMAKE_INSTALL_PREFIX=/home/ram/melfa_ros2/install/xacro
[0.124s] -- The C compiler identification is GNU 11.4.0
[0.182s] -- The CXX compiler identification is GNU 11.4.0
[0.193s] -- Detecting C compiler ABI info
[0.247s] -- Detecting C compiler ABI info - done
[0.256s] -- Check for working C compiler: /usr/lib/ccache/cc - skipped
[0.268s] -- Detecting C compile features
[0.269s] -- Detecting C compile features - done
[0.272s] -- Detecting CXX compiler ABI info
[0.331s] -- Detecting CXX compiler ABI info - done
[0.340s] -- Check for working CXX compiler: /usr/lib/ccache/c++ - skipped
[0.340s] -- Detecting CXX compile features
[0.341s] -- Detecting CXX compile features - done
[0.353s] -- Found ament_cmake: 1.3.14 (/opt/ros/humble/share/ament_cmake/cmake)
[0.652s] -- Found Python3: /usr/bin/python3 (found version "3.10.12") found components: Interpreter 
[0.833s] -- Found ament_lint_auto: 0.12.15 (/opt/ros/humble/share/ament_lint_auto/cmake)
[1.042s] -- Configuring done
[1.045s] -- Generating done
[1.046s] -- Build files have been written to: /home/ram/melfa_ros2/build/xacro
[1.050s] Invoked command in '/home/ram/melfa_ros2/build/xacro' returned '0': CMAKE_PREFIX_PATH=${CMAKE_PREFIX_PATH}:/home/ram/cognipilot/cranium/install/b3rb_ros_line_follower:/opt/ros/humble /usr/bin/cmake /home/ram/melfa_ros2/src/xacro -DCMAKE_INSTALL_PREFIX=/home/ram/melfa_ros2/install/xacro
[1.051s] Invoking command in '/home/ram/melfa_ros2/build/xacro': CMAKE_PREFIX_PATH=${CMAKE_PREFIX_PATH}:/home/ram/cognipilot/cranium/install/b3rb_ros_line_follower:/opt/ros/humble /usr/bin/cmake --build /home/ram/melfa_ros2/build/xacro -- -j16 -l16
[1.098s] Built target ament_cmake_python_copy_xacro_setup
[1.100s] Built target ament_cmake_python_copy_xacro
[1.259s] running install_scripts
[1.261s] running egg_info
[1.273s] creating xacro.egg-info
[1.273s] writing xacro.egg-info/PKG-INFO
[1.273s] writing dependency_links to xacro.egg-info/dependency_links.txt
[1.273s] writing entry points to xacro.egg-info/entry_points.txt
[1.274s] writing top-level names to xacro.egg-info/top_level.txt
[1.274s] writing manifest file 'xacro.egg-info/SOURCES.txt'
[1.294s] /home/ram/.local/lib/python3.10/site-packages/setuptools/_distutils/cmd.py:90: SetuptoolsDeprecationWarning: setup.py install is deprecated.
[1.294s] !!
[1.294s] 
[1.294s]         ********************************************************************************
[1.294s]         Please avoid running ``setup.py`` directly.
[1.294s]         Instead, use pypa/build, pypa/installer or other
[1.294s]         standards-based tools.
[1.294s] 
[1.294s]         This deprecation is overdue, please update your project and remove deprecated
[1.294s]         calls to avoid build errors in the future.
[1.294s] 
[1.294s]         See https://blog.ganssle.io/articles/2021/10/setup-py-deprecated.html for details.
[1.295s]         ********************************************************************************
[1.295s] 
[1.295s] !!
[1.295s]   self.initialize_options()
[1.296s] running egg_info
[1.312s] reading manifest file 'xacro.egg-info/SOURCES.txt'
[1.312s] writing manifest file 'xacro.egg-info/SOURCES.txt'
[1.322s] writing xacro.egg-info/PKG-INFO
[1.322s] writing dependency_links to xacro.egg-info/dependency_links.txt
[1.323s] writing entry points to xacro.egg-info/entry_points.txt
[1.323s] writing top-level names to xacro.egg-info/top_level.txt
[1.333s] Built target ament_cmake_python_build_xacro_egg
[1.348s] reading manifest file 'xacro.egg-info/SOURCES.txt'
[1.349s] writing manifest file 'xacro.egg-info/SOURCES.txt'
[1.363s] Installing xacro script to scripts
[1.384s] Built target ament_cmake_python_build_xacro_scripts
[1.394s] Invoked command in '/home/ram/melfa_ros2/build/xacro' returned '0': CMAKE_PREFIX_PATH=${CMAKE_PREFIX_PATH}:/home/ram/cognipilot/cranium/install/b3rb_ros_line_follower:/opt/ros/humble /usr/bin/cmake --build /home/ram/melfa_ros2/build/xacro -- -j16 -l16
[1.404s] Invoking command in '/home/ram/melfa_ros2/build/xacro': CMAKE_PREFIX_PATH=${CMAKE_PREFIX_PATH}:/home/ram/cognipilot/cranium/install/b3rb_ros_line_follower:/opt/ros/humble /usr/bin/cmake --install /home/ram/melfa_ros2/build/xacro
[1.412s] -- Install configuration: ""
[1.412s] -- Installing: /home/ram/melfa_ros2/install/xacro/share/xacro/environment/completion.bash
[1.413s] -- Installing: /home/ram/melfa_ros2/install/xacro/share/xacro/environment/pythonpath.sh
[1.413s] -- Installing: /home/ram/melfa_ros2/install/xacro/share/xacro/environment/pythonpath.dsv
[1.413s] -- Installing: /home/ram/melfa_ros2/install/xacro/local/lib/python3.10/dist-packages/xacro-2.1.1-py3.10.egg-info
[1.413s] -- Installing: /home/ram/melfa_ros2/install/xacro/local/lib/python3.10/dist-packages/xacro-2.1.1-py3.10.egg-info/PKG-INFO
[1.413s] -- Installing: /home/ram/melfa_ros2/install/xacro/local/lib/python3.10/dist-packages/xacro-2.1.1-py3.10.egg-info/top_level.txt
[1.413s] -- Installing: /home/ram/melfa_ros2/install/xacro/local/lib/python3.10/dist-packages/xacro-2.1.1-py3.10.egg-info/SOURCES.txt
[1.413s] -- Installing: /home/ram/melfa_ros2/install/xacro/local/lib/python3.10/dist-packages/xacro-2.1.1-py3.10.egg-info/dependency_links.txt
[1.413s] -- Installing: /home/ram/melfa_ros2/install/xacro/local/lib/python3.10/dist-packages/xacro-2.1.1-py3.10.egg-info/entry_points.txt
[1.413s] -- Installing: /home/ram/melfa_ros2/install/xacro/lib/xacro/
[1.414s] -- Installing: /home/ram/melfa_ros2/install/xacro/lib/xacro//xacro
[1.414s] -- Installing: /home/ram/melfa_ros2/install/xacro/local/lib/python3.10/dist-packages/xacro
[1.414s] -- Installing: /home/ram/melfa_ros2/install/xacro/local/lib/python3.10/dist-packages/xacro/__init__.py
[1.414s] -- Installing: /home/ram/melfa_ros2/install/xacro/local/lib/python3.10/dist-packages/xacro/color.py
[1.414s] -- Installing: /home/ram/melfa_ros2/install/xacro/local/lib/python3.10/dist-packages/xacro/cli.py
[1.414s] -- Installing: /home/ram/melfa_ros2/install/xacro/local/lib/python3.10/dist-packages/xacro/substitution_args.py
[1.414s] -- Installing: /home/ram/melfa_ros2/install/xacro/local/lib/python3.10/dist-packages/xacro/xmlutils.py
[1.453s] Listing '/home/ram/melfa_ros2/install/xacro/local/lib/python3.10/dist-packages/xacro'...
[1.453s] Compiling '/home/ram/melfa_ros2/install/xacro/local/lib/python3.10/dist-packages/xacro/__init__.py'...
[1.453s] Compiling '/home/ram/melfa_ros2/install/xacro/local/lib/python3.10/dist-packages/xacro/cli.py'...
[1.453s] Compiling '/home/ram/melfa_ros2/install/xacro/local/lib/python3.10/dist-packages/xacro/color.py'...
[1.453s] Compiling '/home/ram/melfa_ros2/install/xacro/local/lib/python3.10/dist-packages/xacro/substitution_args.py'...
[1.453s] Compiling '/home/ram/melfa_ros2/install/xacro/local/lib/python3.10/dist-packages/xacro/xmlutils.py'...
[1.456s] -- Installing: /home/ram/melfa_ros2/install/xacro/bin/
[1.456s] -- Installing: /home/ram/melfa_ros2/install/xacro/bin//xacro
[1.456s] -- Installing: /home/ram/melfa_ros2/install/xacro/share/ament_index/resource_index/package_run_dependencies/xacro
[1.456s] -- Installing: /home/ram/melfa_ros2/install/xacro/share/ament_index/resource_index/parent_prefix_path/xacro
[1.456s] -- Installing: /home/ram/melfa_ros2/install/xacro/share/xacro/environment/ament_prefix_path.sh
[1.456s] -- Installing: /home/ram/melfa_ros2/install/xacro/share/xacro/environment/ament_prefix_path.dsv
[1.457s] -- Installing: /home/ram/melfa_ros2/install/xacro/share/xacro/environment/path.sh
[1.457s] -- Installing: /home/ram/melfa_ros2/install/xacro/share/xacro/environment/path.dsv
[1.457s] -- Installing: /home/ram/melfa_ros2/install/xacro/share/xacro/local_setup.bash
[1.457s] -- Installing: /home/ram/melfa_ros2/install/xacro/share/xacro/local_setup.sh
[1.457s] -- Installing: /home/ram/melfa_ros2/install/xacro/share/xacro/local_setup.zsh
[1.457s] -- Installing: /home/ram/melfa_ros2/install/xacro/share/xacro/local_setup.dsv
[1.457s] -- Installing: /home/ram/melfa_ros2/install/xacro/share/xacro/package.dsv
[1.457s] -- Installing: /home/ram/melfa_ros2/install/xacro/share/ament_index/resource_index/packages/xacro
[1.457s] -- Installing: /home/ram/melfa_ros2/install/xacro/share/xacro/cmake/xacro-extras.cmake
[1.457s] -- Installing: /home/ram/melfa_ros2/install/xacro/share/xacro/cmake/xacroConfig.cmake
[1.457s] -- Installing: /home/ram/melfa_ros2/install/xacro/share/xacro/cmake/xacroConfig-version.cmake
[1.457s] -- Installing: /home/ram/melfa_ros2/install/xacro/share/xacro/package.xml
[1.458s] Invoked command in '/home/ram/melfa_ros2/build/xacro' returned '0': CMAKE_PREFIX_PATH=${CMAKE_PREFIX_PATH}:/home/ram/cognipilot/cranium/install/b3rb_ros_line_follower:/opt/ros/humble /usr/bin/cmake --install /home/ram/melfa_ros2/build/xacro
